Archive member included because of file (symbol)

/Users/lwy08/Downloads/devkitpro/libnds/lib/libmm9.a(mm_comms.o)
                              template.o (mmStart)
/Users/lwy08/Downloads/devkitpro/libnds/lib/libmm9.a(mm_main9.o)
                              /Users/lwy08/Downloads/devkitpro/libnds/lib/libmm9.a(mm_comms.o) (mmCallback)
/Users/lwy08/Downloads/devkitpro/libnds/lib/libmm9.a(mm_memory.o)
                              template.o (mmLoad)
/Users/lwy08/Downloads/devkitpro/libnds/lib/libmm9.a(mm_soundbank.o)
                              /Users/lwy08/Downloads/devkitpro/libnds/lib/libmm9.a(mm_main9.o) (mmSoundBankInMemory)
/Users/lwy08/Downloads/devkitpro/libnds/lib/libmm9.a(mm_flusher.o)
                              /Users/lwy08/Downloads/devkitpro/libnds/lib/libmm9.a(mm_memory.o) (mmFlushBank)
/Users/lwy08/Downloads/devkitpro/libnds/lib/libnds9.a(sprite.o)
                              template.o (oamInit)
/Users/lwy08/Downloads/devkitpro/libnds/lib/libnds9.a(sprite_alloc.o)
                              /Users/lwy08/Downloads/devkitpro/libnds/lib/libnds9.a(sprite.o) (oamAllocReset)
/Users/lwy08/Downloads/devkitpro/libnds/lib/libnds9.a(trig.o)
                              /Users/lwy08/Downloads/devkitpro/libnds/lib/libnds9.a(sprite.o) (sinLerp)
/Users/lwy08/Downloads/devkitpro/libnds/lib/libnds9.a(initSystem.o)
                              /Users/lwy08/Downloads/devkitpro/devkitARM/bin/../lib/gcc/arm-eabi/4.6.1/../../../../arm-eabi/lib/thumb/ds_arm9_crt0.o (initSystem)
/Users/lwy08/Downloads/devkitpro/libnds/lib/libnds9.a(fifosystem.o)
                              /Users/lwy08/Downloads/devkitpro/libnds/lib/libmm9.a(mm_comms.o) (fifoSendValue32)
/Users/lwy08/Downloads/devkitpro/libnds/lib/libnds9.a(interrupts.o)
                              /Users/lwy08/Downloads/devkitpro/libnds/lib/libnds9.a(fifosystem.o) (irqSet)
/Users/lwy08/Downloads/devkitpro/libnds/lib/libnds9.a(libnds_exit.o)
                              /Users/lwy08/Downloads/devkitpro/devkitARM/bin/../lib/gcc/arm-eabi/4.6.1/../../../../arm-eabi/lib/thumb/ds_arm9_crt0.o (__libnds_exit)
/Users/lwy08/Downloads/devkitpro/libnds/lib/libnds9.a(dcache.o)
                              /Users/lwy08/Downloads/devkitpro/libnds/lib/libnds9.a(sprite.o) (DC_FlushRange)
/Users/lwy08/Downloads/devkitpro/libnds/lib/libnds9.a(mpu_setup.o)
                              /Users/lwy08/Downloads/devkitpro/devkitARM/bin/../lib/gcc/arm-eabi/4.6.1/../../../../arm-eabi/lib/thumb/ds_arm9_crt0.o (__libnds_mpu_setup)
/Users/lwy08/Downloads/devkitpro/libnds/lib/libnds9.a(biosCalls.o)
                              /Users/lwy08/Downloads/devkitpro/libnds/lib/libnds9.a(fifosystem.o) (swiIntrWait)
/Users/lwy08/Downloads/devkitpro/libnds/lib/libnds9.a(interruptDispatcher.o)
                              /Users/lwy08/Downloads/devkitpro/libnds/lib/libnds9.a(interrupts.o) (IntrMain)
/Users/lwy08/Downloads/devkitpro/libnds/lib/libnds9.a(swiSoftReset.o)
                              /Users/lwy08/Downloads/devkitpro/libnds/lib/libnds9.a(fifosystem.o) (swiSoftReset)
/Users/lwy08/Downloads/devkitpro/libnds/lib/libnds9.a(system.o)
                              /Users/lwy08/Downloads/devkitpro/libnds/lib/libnds9.a(initSystem.o) (systemMsgHandler)
/Users/lwy08/Downloads/devkitpro/libnds/lib/libnds9.a(video.o)
                              /Users/lwy08/Downloads/devkitpro/libnds/lib/libnds9.a(initSystem.o) (vramDefault)
/Users/lwy08/Downloads/devkitpro/devkitARM/bin/../lib/gcc/arm-eabi/4.6.1/../../../../arm-eabi/lib/thumb/libg.a(lib_a-bsearch.o)
                              /Users/lwy08/Downloads/devkitpro/libnds/lib/libnds9.a(trig.o) (bsearch)
/Users/lwy08/Downloads/devkitpro/devkitARM/bin/../lib/gcc/arm-eabi/4.6.1/../../../../arm-eabi/lib/thumb/libg.a(lib_a-fclose.o)
                              /Users/lwy08/Downloads/devkitpro/libnds/lib/libmm9.a(mm_main9.o) (fclose)
/Users/lwy08/Downloads/devkitpro/devkitARM/bin/../lib/gcc/arm-eabi/4.6.1/../../../../arm-eabi/lib/thumb/libg.a(lib_a-fflush.o)
                              /Users/lwy08/Downloads/devkitpro/devkitARM/bin/../lib/gcc/arm-eabi/4.6.1/../../../../arm-eabi/lib/thumb/libg.a(lib_a-fclose.o) (_fflush_r)
/Users/lwy08/Downloads/devkitpro/devkitARM/bin/../lib/gcc/arm-eabi/4.6.1/../../../../arm-eabi/lib/thumb/libg.a(lib_a-findfp.o)
                              /Users/lwy08/Downloads/devkitpro/devkitARM/bin/../lib/gcc/arm-eabi/4.6.1/../../../../arm-eabi/lib/thumb/libg.a(lib_a-fclose.o) (__sinit)
/Users/lwy08/Downloads/devkitpro/devkitARM/bin/../lib/gcc/arm-eabi/4.6.1/../../../../arm-eabi/lib/thumb/libg.a(lib_a-fopen.o)
                              /Users/lwy08/Downloads/devkitpro/libnds/lib/libmm9.a(mm_main9.o) (fopen)
/Users/lwy08/Downloads/devkitpro/devkitARM/bin/../lib/gcc/arm-eabi/4.6.1/../../../../arm-eabi/lib/thumb/libg.a(lib_a-fread.o)
                              /Users/lwy08/Downloads/devkitpro/libnds/lib/libmm9.a(mm_main9.o) (fread)
[...]
Memory Configuration

Name             Origin             Length             Attributes
rom              0x08000000         0x02000000
ewram            0x02000000         0x003ff000
dtcm             0x0b000000         0x00004000
vectors          0x01000000         0x00000100
itcm             0x01000100         0x00007f00
*default*        0x00000000         0xffffffff

Linker script and memory map

                0x01000000                __vectors_start = ORIGIN (vectors)
                0x01000100                __itcm_start = ORIGIN (itcm)
                0x023ff000                __ewram_end = (ORIGIN (ewram) + 0x3ff000)
                0x023ff000                __eheap_end = (ORIGIN (ewram) + 0x3ff000)
                0x0b000000                __dtcm_start = ORIGIN (dtcm)
                0x0b004000                __dtcm_top = (ORIGIN (dtcm) + 0x4000)
                0x0b003ff8                __irq_flags = (__dtcm_top - 0x8)
                0x0b003ffc                __irq_vector = (__dtcm_top - 0x4)
                0x0b003f00                __sp_svc = (__dtcm_top - 0x100)
                0x0b003e00                __sp_irq = (__sp_svc - 0x100)
                0x0b003d00                __sp_usr = (__sp_irq - 0x100)

.init           0x02000000      0x23c
                0x02000000                __text_start = .
 *(.init)
 .init          0x02000000      0x230 /Users/lwy08/Downloads/devkitpro/devkitARM/bin/../lib/gcc/arm-eabi/4.6.1/../../../../arm-eabi/lib/thumb/ds_arm9_crt0.o
                0x02000000                _start
 .init          0x02000230        0x4 /Users/lwy08/Downloads/devkitpro/devkitARM/bin/../lib/gcc/arm-eabi/4.6.1/thumb/crti.o
                0x02000230                _init
 .init          0x02000234        0x8 /Users/lwy08/Downloads/devkitpro/devkitARM/bin/../lib/gcc/arm-eabi/4.6.1/thumb/crtn.o
                0x0200023c                . = ALIGN (0x4)

.plt
 *(.plt)

.text           0x02000240     0x4ab8
 *(EXCLUDE_FILE(*.itcm*) .text)
 .text          0x02000240        0x0 /Users/lwy08/Downloads/devkitpro/devkitARM/bin/../lib/gcc/arm-eabi/4.6.1/../../../../arm-eabi/lib/thumb/ds_arm9_crt0.o
 .text          0x02000240        0x0 /Users/lwy08/Downloads/devkitpro/devkitARM/bin/../lib/gcc/arm-eabi/4.6.1/thumb/crti.o
 .text          0x02000240       0x6c /Users/lwy08/Downloads/devkitpro/devkitARM/bin/../lib/gcc/arm-eabi/4.6.1/thumb/crtbegin.o
 .text          0x020002ac        0x0 mmsolution.bin.o
 .text          0x020002ac        0x0 ball.o
 .text          0x020002ac       0x1c template.o
                0x020002ac                myEventHandler
 .text          0x020002c8      0x240 /Users/lwy08/Downloads/devkitpro/libnds/lib/libmm9.a(mm_comms.o)
                0x020002c8                mmSetupComms
                0x0200030a                mmSendBank
                0x02000314                mmLockChannels
                0x0200031a                mmUnlockChannels
                0x02000320                mmStart
                0x0200032a                mmPause
                0x0200032e                mmResume
                0x02000332                mmStop
                0x02000336                mmPosition
                0x0200033a                mmJingle
                0x0200033e                mmSetModuleVolume
                0x02000342                mmSetJingleVolume
                0x02000346                mmSetModuleTempo
                0x0200034a                mmSetModulePitch
                0x0200034e                mmSetEffectsVolume
                0x02000352                mmSelectMode
                0x02000356                mmStreamBegin
                0x0200036a                mmStreamEnd
                0x020003c0                mmEffect
                0x020003e4                mmEffectVolume
                0x020003e8                mmEffectPanning
                0x020003ec                mmEffectRate
                0x020003f6                mmEffectScaleRate
                0x02000400                mmEffectRelease
                0x02000406                mmEffectCancel
                0x0200040c                mmEffectEx
                0x0200044a                mmEffectCancelAll
                0x0200044e                mmReverbEnable
                0x02000452                mmReverbDisable
                0x02000456                mmReverbConfigure
                0x020004b2                mmReverbStart
                0x020004b6                mmReverbStop
 .text          0x02000508      0x108 /Users/lwy08/Downloads/devkitpro/libnds/lib/libmm9.a(mm_main9.o)
                0x02000508                mmActive
                0x0200050e                mmSetEventHandler
                0x02000514                mmInit
                0x0200053e                mmInitDefault
                0x02000588                mmInitDefaultMem
                0x020005aa                mmSuspendIRQ_t
                0x020005c8                mmRestoreIRQ_t
 .text          0x02000610      0x120 /Users/lwy08/Downloads/devkitpro/libnds/lib/libmm9.a(mm_memory.o)
                0x02000610                mmLoad
                0x02000660                mmUnload
                0x020006b8                mmLoadEffect
                0x020006f0                mmUnloadEffect
 .text          0x02000730      0x100 /Users/lwy08/Downloads/devkitpro/libnds/lib/libmm9.a(mm_soundbank.o)
                0x02000730                mmSoundBankInMemory
                0x02000738                mmSoundBankInFiles
                0x0200074a                mmSetCustomSoundBankHandler
                0x02000776                mmsHandleFileOp
 .text          0x02000830       0x3c /Users/lwy08/Downloads/devkitpro/libnds/lib/libmm9.a(mm_flusher.o)
                0x02000830                mmFlushBank
 .text          0x0200086c      0x3f8 /Users/lwy08/Downloads/devkitpro/libnds/lib/libnds9.a(sprite.o)
                0x0200086c                oamInit
                0x02000984                oamDisable
                0x020009b4                oamEnable
                0x020009d8                oamGetGfxPtr
                0x02000a04                oamClear
                0x02000a2c                oamGfxPtrToOffset
                0x02000a60                oamSet
                0x02000bac                oamUpdate
                0x02000c0c                oamRotateScale
 .text          0x02000c64      0x460 /Users/lwy08/Downloads/devkitpro/libnds/lib/libnds9.a(sprite_alloc.o)
                0x02000c94                oamAllocReset
                0x02000cc8                oamAllocateGfx
                0x02000ee0                oamFreeGfx
                0x0200107c                oamCountFragments
 .text          0x020010c4      0x248 /Users/lwy08/Downloads/devkitpro/libnds/lib/libnds9.a(trig.o)
                0x020010c4                asinComp
                0x020010e8                sinLutLookup
                0x02001124                sinLerp
                0x0200115c                cosLerp
                0x02001170                tanLutLookup
                0x020011a8                tanLerp
                0x02001258                asinLerp
                0x020012d4                acosLerp
                0x020012e8                atanComp
 .text          0x0200130c      0x19c /Users/lwy08/Downloads/devkitpro/libnds/lib/libnds9.a(initSystem.o)
                0x0200130c                initSystem
 .text          0x020014a8      0xc88 /Users/lwy08/Downloads/devkitpro/libnds/lib/libnds9.a(fifosystem.o)
                0x02001708                fifoSendAddress
                0x02001734                fifoSendValue32
                0x02001774                fifoSendDatamsg
                0x020017e4                fifoGetAddress
                0x02001858                fifoSetAddressHandler
                0x020018cc                fifoGetValue32
                0x02001940                fifoSetValue32Handler
                0x020019b4                fifoGetDatamsg
                0x02001e58                fifoSetDatamsgHandler
                0x02001ef0                fifoCheckAddress
                0x02001f14                fifoCheckDatamsg
                0x02001f38                fifoCheckValue32
                0x02001f5c                fifoInit
 .text          0x02002130      0x1f4 /Users/lwy08/Downloads/devkitpro/libnds/lib/libnds9.a(interrupts.o)
                0x02002130                irqDummy
                0x02002134                irqSet
                0x020021a4                irqInit
                0x020021f0                irqInitHandler
                0x02002220                irqEnable
                0x02002284                irqDisable
                0x020022e8                irqClear
 .text          0x02002324       0x40 /Users/lwy08/Downloads/devkitpro/libnds/lib/libnds9.a(libnds_exit.o)
                0x02002324                systemErrorExit
                0x02002328                __libnds_exit
 .text          0x02002364       0x70 /Users/lwy08/Downloads/devkitpro/libnds/lib/libnds9.a(dcache.o)
                0x02002364                DC_FlushAll
                0x02002390                DC_FlushRange
                0x020023ac                DC_InvalidateAll
                0x020023b8                DC_InvalidateRange
 .text          0x020023d4      0x1b4 /Users/lwy08/Downloads/devkitpro/libnds/lib/libnds9.a(mpu_setup.o)
                0x020023d4                __libnds_mpu_setup
                0x02002514                memCached
                0x0200252c                memUncached
 *fill*         0x02002588        0x8 ff
 .text          0x02002590       0x70 /Users/lwy08/Downloads/devkitpro/libnds/lib/libnds9.a(biosCalls.o)
                0x02002590                swiDelay
                0x02002594                swiIntrWait
                0x02002598                swiWaitForVBlank
                0x0200259c                swiSleep
                0x020025a0                swiChangeSoundBias
                0x020025a4                swiDivide
                0x020025a8                swiRemainder
                0x020025ae                swiDivMod
                0x020025ba                swiCopy
                0x020025be                swiFastCopy
                0x020025c2                swiSqrt
                0x020025c6                swiCRC16
                0x020025ca                swiIsDebugger
                0x020025ce                swiUnpackBits
                0x020025d2                swiDecompressLZSSWram
                0x020025d6                swiDecompressLZSSVramNTR
                0x020025da                swiDecompressLZSSVramTWL
                0x020025de                swiDecompressHuffman
                0x020025e2                swiDecompressRLEWram
                0x020025e6                swiDecompressRLEVram
                0x020025ea                swiWaitForIRQ
                0x020025ee                swiDecodeDelta8
                0x020025f2                swiDecodeDelta16
                0x020025f6                swiSetHaltCR
 .text          0x02002600        0x0 /Users/lwy08/Downloads/devkitpro/libnds/lib/libnds9.a(interruptDispatcher.o)
 .text          0x02002600       0x30 /Users/lwy08/Downloads/devkitpro/libnds/lib/libnds9.a(swiSoftReset.o)
                0x02002600                swiSoftReset
 .text          0x02002630       0xf0 /Users/lwy08/Downloads/devkitpro/libnds/lib/libnds9.a(system.o)
                0x02002630                systemMsgHandler
                0x02002674                systemSleep
                0x0200268c                powerValueHandler
                0x0200269c                powerOn
                0x020026c8                powerOff
                0x020026f0                ledBlink
                0x02002700                getBatteryLevel
 .text          0x02002720      0x150 /Users/lwy08/Downloads/devkitpro/libnds/lib/libnds9.a(video.o)
                0x02002720                vramSetPrimaryBanks
                0x02002764                vramSetMainBanks
                0x020027a8                vramSetBanks_EFG
                0x020027e0                vramRestorePrimaryBanks
                0x020027ec                vramRestoreMainBanks
                0x020027f8                vramRestoreBanks_EFG
                0x02002804                setBrightness
                0x02002844                vramDefault
 .text          0x02002870       0x64 /Users/lwy08/Downloads/devkitpro/devkitARM/bin/../lib/gcc/arm-eabi/4.6.1/../../../../arm-eabi/lib/thumb/libg.a(lib_a-bsearch.o)
                0x02002870                bsearch
 .text          0x020028d4       0xc0 /Users/lwy08/Downloads/devkitpro/devkitARM/bin/../lib/gcc/arm-eabi/4.6.1/../../../../arm-eabi/lib/thumb/libg.a(lib_a-fclose.o)
                0x020028d4                _fclose_r
                0x02002978                fclose
 .text          0x02002994      0x18c /Users/lwy08/Downloads/devkitpro/devkitARM/bin/../lib/gcc/arm-eabi/4.6.1/../../../../arm-eabi/lib/thumb/libg.a(lib_a-fflush.o)
                0x02002994                _fflush_r
                0x02002af0                fflush
 .text          0x02002b20      0x1ec /Users/lwy08/Downloads/devkitpro/devkitARM/bin/../lib/gcc/arm-eabi/4.6.1/../../../../arm-eabi/lib/thumb/libg.a(lib_a-findfp.o)
                0x02002b28                _cleanup_r
                0x02002b88                __sfmoreglue
                0x02002bb8                _cleanup
                0x02002bcc                __sinit
                0x02002c20                __sfp
                0x02002cc4                __sfp_lock_acquire
                0x02002cc8                __sfp_lock_release
                0x02002ccc                __sinit_lock_acquire
                0x02002cd0                __sinit_lock_release
                0x02002cd4                __fp_lock_all
                0x02002cf0                __fp_unlock_all
 .text          0x02002d0c       0xb0 /Users/lwy08/Downloads/devkitpro/devkitARM/bin/../lib/gcc/arm-eabi/4.6.1/../../../../arm-eabi/lib/thumb/libg.a(lib_a-fopen.o)
                0x02002d0c                _fopen_r
                0x02002da0                fopen
 .text          0x02002dbc      0x190 /Users/lwy08/Downloads/devkitpro/devkitARM/bin/../lib/gcc/arm-eabi/4.6.1/../../../../arm-eabi/lib/thumb/libg.a(lib_a-fread.o)
                0x02002dbc                _fread_r
                0x02002f24                fread
 .text          0x02002f4c      0x248 /Users/lwy08/Downloads/devkitpro/devkitARM/bin/../lib/gcc/arm-eabi/4.6.1/../../../../arm-eabi/lib/thumb/libg.a(lib_a-freer.o)
                0x02002f4c                _malloc_trim_r
                0x02002ff8                _free_r
 .text          0x02003194      0x32c /Users/lwy08/Downloads/devkitpro/devkitARM/bin/../lib/gcc/arm-eabi/4.6.1/../../../../arm-eabi/lib/thumb/libg.a(lib_a-fseek.o)
                0x02003194                _fseek_r
                0x0200349c                fseek
 .text          0x020034c0       0xc4 /Users/lwy08/Downloads/devkitpro/devkitARM/bin/../lib/gcc/arm-eabi/4.6.1/../../../../arm-eabi/lib/thumb/libg.a(lib_a-fwalk.o)
                0x020034c0                _fwalk
                0x0200351c                _fwalk_reent
 .text          0x02003584        0x0 /Users/lwy08/Downloads/devkitpro/devkitARM/bin/../lib/gcc/arm-eabi/4.6.1/../../../../arm-eabi/lib/thumb/libg.a(lib_a-impure.o)
 .text          0x02003584       0x50 /Users/lwy08/Downloads/devkitpro/devkitARM/bin/../lib/gcc/arm-eabi/4.6.1/../../../../arm-eabi/lib/thumb/libg.a(lib_a-init.o)
                0x02003584                __libc_init_array
 .text          0x020035d4       0xe4 /Users/lwy08/Downloads/devkitpro/devkitARM/bin/../lib/gcc/arm-eabi/4.6.1/../../../../arm-eabi/lib/thumb/libg.a(lib_a-makebuf.o)
                0x020035d4                __smakebuf_r
 .text          0x020036b8       0x30 /Users/lwy08/Downloads/devkitpro/devkitARM/bin/../lib/gcc/arm-eabi/4.6.1/../../../../arm-eabi/lib/thumb/libg.a(lib_a-malloc.o)
                0x020036b8                malloc
                0x020036d0                free
 .text          0x020036e8      0x514 /Users/lwy08/Downloads/devkitpro/devkitARM/bin/../lib/gcc/arm-eabi/4.6.1/../../../../arm-eabi/lib/thumb/libg.a(lib_a-mallocr.o)
                0x020036e8                _malloc_r
 .text          0x02003bfc       0x80 /Users/lwy08/Downloads/devkitpro/devkitARM/bin/../lib/gcc/arm-eabi/4.6.1/../../../../arm-eabi/lib/thumb/libg.a(lib_a-memcpy.o)
                0x02003bfc                memcpy
 .text          0x02003c7c       0x98 /Users/lwy08/Downloads/devkitpro/devkitARM/bin/../lib/gcc/arm-eabi/4.6.1/../../../../arm-eabi/lib/thumb/libg.a(lib_a-memset.o)
                0x02003c7c                memset
 .text          0x02003d14        0x8 /Users/lwy08/Downloads/devkitpro/devkitARM/bin/../lib/gcc/arm-eabi/4.6.1/../../../../arm-eabi/lib/thumb/libg.a(lib_a-mlock.o)
                0x02003d14                __malloc_lock
                0x02003d18                __malloc_unlock
 .text          0x02003d1c       0x1c /Users/lwy08/Downloads/devkitpro/devkitARM/bin/../lib/gcc/arm-eabi/4.6.1/../../../../arm-eabi/lib/thumb/libg.a(lib_a-realloc.o)
                0x02003d1c                realloc
 .text          0x02003d38      0x3c4 /Users/lwy08/Downloads/devkitpro/devkitARM/bin/../lib/gcc/arm-eabi/4.6.1/../../../../arm-eabi/lib/thumb/libg.a(lib_a-reallocr.o)
                0x02003d38                _realloc_r
 .text          0x020040fc      0x138 /Users/lwy08/Downloads/devkitpro/devkitARM/bin/../lib/gcc/arm-eabi/4.6.1/../../../../arm-eabi/lib/thumb/libg.a(lib_a-refill.o)
                0x0200411c                __srefill_r
 .text          0x02004234       0xac /Users/lwy08/Downloads/devkitpro/devkitARM/bin/../lib/gcc/arm-eabi/4.6.1/../../../../arm-eabi/lib/thumb/libg.a(lib_a-stdio.o)
                0x02004234                __sread
                0x02004260                __seofread
                0x02004264                __swrite
                0x020042a0                __sseek
                0x020042d0                __sclose
 .text          0x020042e0       0x70 /Users/lwy08/Downloads/devkitpro/devkitARM/bin/../lib/gcc/arm-eabi/4.6.1/../../../../arm-eabi/lib/thumb/libg.a(lib_a-flags.o)
                0x020042e0                __sflags
 .text          0x02004350       0xa8 /Users/lwy08/Downloads/devkitpro/devkitARM/bin/../lib/gcc/arm-eabi/4.6.1/../../../../arm-eabi/lib/thumb/libg.a(lib_a-memmove.o)
                0x02004350                memmove
 .text          0x020043f8       0x50 /Users/lwy08/Downloads/devkitpro/devkitARM/bin/../lib/gcc/arm-eabi/4.6.1/../../../../arm-eabi/lib/thumb/libsysbase.a(close.o)
                0x020043f8                _close_r
 .text          0x02004448       0x58 /Users/lwy08/Downloads/devkitpro/devkitARM/bin/../lib/gcc/arm-eabi/4.6.1/../../../../arm-eabi/lib/thumb/libsysbase.a(fstat.o)
                0x02004448                _fstat_r
 .text          0x020044a0        0x4 /Users/lwy08/Downloads/devkitpro/devkitARM/bin/../lib/gcc/arm-eabi/4.6.1/../../../../arm-eabi/lib/thumb/libsysbase.a(isatty.o)
                0x020044a0                _isatty_r
 .text          0x020044a4       0x54 /Users/lwy08/Downloads/devkitpro/devkitARM/bin/../lib/gcc/arm-eabi/4.6.1/../../../../arm-eabi/lib/thumb/libsysbase.a(lseek.o)
                0x020044a4                _lseek_r
 .text          0x020044f8       0xa0 /Users/lwy08/Downloads/devkitpro/devkitARM/bin/../lib/gcc/arm-eabi/4.6.1/../../../../arm-eabi/lib/thumb/libsysbase.a(open.o)
                0x020044f8                _open_r
 .text          0x02004598       0x54 /Users/lwy08/Downloads/devkitpro/devkitARM/bin/../lib/gcc/arm-eabi/4.6.1/../../../../arm-eabi/lib/thumb/libsysbase.a(read.o)
                0x02004598                _read_r
 .text          0x020045ec       0x54 /Users/lwy08/Downloads/devkitpro/devkitARM/bin/../lib/gcc/arm-eabi/4.6.1/../../../../arm-eabi/lib/thumb/libsysbase.a(sbrk.o)
                0x020045ec                _sbrk_r
 .text          0x02004640       0x48 /Users/lwy08/Downloads/devkitpro/devkitARM/bin/../lib/gcc/arm-eabi/4.6.1/../../../../arm-eabi/lib/thumb/libsysbase.a(times.o)
                0x02004640                _times
                0x02004654                _times_r
                0x0200465c                _gettimeofday_r
 .text          0x02004688       0x54 /Users/lwy08/Downloads/devkitpro/devkitARM/bin/../lib/gcc/arm-eabi/4.6.1/../../../../arm-eabi/lib/thumb/libsysbase.a(write.o)
                0x02004688                _write_r
 .text          0x020046dc        0x0 /Users/lwy08/Downloads/devkitpro/devkitARM/bin/../lib/gcc/arm-eabi/4.6.1/../../../../arm-eabi/lib/thumb/libsysbase.a(malloc_vars.o)
 .text          0x020046dc       0x48 /Users/lwy08/Downloads/devkitpro/devkitARM/bin/../lib/gcc/arm-eabi/4.6.1/../../../../arm-eabi/lib/thumb/libsysbase.a(build_argv.o)
                0x020046dc                build_argv
 .text          0x02004724        0x0 /Users/lwy08/Downloads/devkitpro/devkitARM/bin/../lib/gcc/arm-eabi/4.6.1/../../../../arm-eabi/lib/thumb/libsysbase.a(syscall_support.o)
 .text          0x02004724       0x80 /Users/lwy08/Downloads/devkitpro/devkitARM/bin/../lib/gcc/arm-eabi/4.6.1/../../../../arm-eabi/lib/thumb/libsysbase.a(handle_manager.o)
                0x02004724                __release_handle
                0x02004750                __alloc_handle
                0x02004788                __get_handle
 .text          0x020047a4      0x144 /Users/lwy08/Downloads/devkitpro/devkitARM/bin/../lib/gcc/arm-eabi/4.6.1/../../../../arm-eabi/lib/thumb/libsysbase.a(iosupport.o)
                0x020047a4                setDefaultDevice
                0x020047b8                FindDevice
                0x02004828                RemoveDevice
                0x0200484c                AddDevice
                0x020048c8                GetDeviceOpTab
 .text          0x020048e8      0x11c /Users/lwy08/Downloads/devkitpro/devkitARM/bin/../lib/gcc/arm-eabi/4.6.1/thumb/libgcc.a(_udivsi3.o)
                0x020048e8                __udivsi3
                0x020048e8                __aeabi_uidiv
                0x020049e4                __aeabi_uidivmod
 .text          0x02004a04        0x4 /Users/lwy08/Downloads/devkitpro/devkitARM/bin/../lib/gcc/arm-eabi/4.6.1/thumb/libgcc.a(_dvmd_tls.o)
                0x02004a04                __aeabi_ldiv0
                0x02004a04                __aeabi_idiv0
 .text          0x02004a08        0xc /Users/lwy08/Downloads/devkitpro/devkitARM/bin/../lib/gcc/arm-eabi/4.6.1/../../../../arm-eabi/lib/thumb/libg.a(lib_a-errno.o)
                0x02004a08                __errno
 .text          0x02004a14       0xe4 /Users/lwy08/Downloads/devkitpro/devkitARM/bin/../lib/gcc/arm-eabi/4.6.1/../../../../arm-eabi/lib/thumb/libg.a(lib_a-strchr.o)
                0x02004a14                strchr
 .text          0x02004af8       0x14 /Users/lwy08/Downloads/devkitpro/devkitARM/bin/../lib/gcc/arm-eabi/4.6.1/../../../../arm-eabi/lib/thumb/libg.a(lib_a-strcmp.o)
                0x02004af8                strcmp
 .text          0x02004b0c       0x10 /Users/lwy08/Downloads/devkitpro/devkitARM/bin/../lib/gcc/arm-eabi/4.6.1/../../../../arm-eabi/lib/thumb/libg.a(lib_a-strlen.o)
                0x02004b0c                strlen
 .text          0x02004b1c       0xc0 /Users/lwy08/Downloads/devkitpro/devkitARM/bin/../lib/gcc/arm-eabi/4.6.1/../../../../arm-eabi/lib/thumb/libg.a(lib_a-strncmp.o)
                0x02004b1c                strncmp
 .text          0x02004bdc        0x0 /Users/lwy08/Downloads/devkitpro/devkitARM/bin/../lib/gcc/arm-eabi/4.6.1/thumb/crtend.o
 .text          0x02004bdc        0x0 /Users/lwy08/Downloads/devkitpro/devkitARM/bin/../lib/gcc/arm-eabi/4.6.1/thumb/crtn.o
 *(.text.*)
 .text.startup  0x02004bdc      0x114 template.o
                0x02004bdc                main
 .text.startup.stub
                0x02004cf0        0x8 linker stubs
 *(.stub)
 *(.gnu.warning)
 *(.gnu.linkonce.t*)
 *(.glue_7)
 .glue_7        0x00000000        0x0 linker stubs
 *(.glue_7t)
 .glue_7t       0x00000000        0x0 linker stubs
                0x02004cf8                . = ALIGN (0x4)

.vfp11_veneer   0x02004cf8        0x0
 .vfp11_veneer  0x00000000        0x0 linker stubs

.v4_bx          0x02004cf8        0x0
 .v4_bx         0x00000000        0x0 linker stubs

.fini           0x02004cf8        0xc
 *(.fini)
 .fini          0x02004cf8        0x4 /Users/lwy08/Downloads/devkitpro/devkitARM/bin/../lib/gcc/arm-eabi/4.6.1/thumb/crti.o
                0x02004cf8                _fini
 .fini          0x02004cfc        0x8 /Users/lwy08/Downloads/devkitpro/devkitARM/bin/../lib/gcc/arm-eabi/4.6.1/thumb/crtn.o
                0x02004d04                __text_end = .

.rodata         0x02004d04     0x55d8
 *(.rodata)
 .rodata        0x02004d04     0x4c5c mmsolution.bin.o
                0x02004d04                mmsolution_bin
                0x0200995c                mmsolution_bin_end
                0x0200995c                mmsolution_bin_size
 .rodata        0x02009960      0x600 ball.o
                0x02009960                ballTiles
                0x02009d60                ballPal
 .rodata        0x02009f60      0x308 /Users/lwy08/Downloads/devkitpro/libnds/lib/libnds9.a(trig.o)
                0x02009f60                SIN_LUT
                0x0200a064                TAN_LUT
 .rodata        0x0200a268        0x4 /Users/lwy08/Downloads/devkitpro/devkitARM/bin/../lib/gcc/arm-eabi/4.6.1/../../../../arm-eabi/lib/thumb/libg.a(lib_a-impure.o)
                0x0200a268                _global_impure_ptr
 .rodata        0x0200a26c       0x64 /Users/lwy08/Downloads/devkitpro/devkitARM/bin/../lib/gcc/arm-eabi/4.6.1/../../../../arm-eabi/lib/thumb/libsysbase.a(iosupport.o)
                0x0200a26c                dotab_stdnull
 *all.rodata*(*)
 *(.roda)
 *(.rodata.*)
 .rodata.str1.4
                0x0200a2d0        0x2 /Users/lwy08/Downloads/devkitpro/devkitARM/bin/../lib/gcc/arm-eabi/4.6.1/../../../../arm-eabi/lib/thumb/libg.a(lib_a-impure.o)
                                  0x4 (size before relaxing)
 *fill*         0x0200a2d2        0x2 ff
 .rodata.str1.4
                0x0200a2d4        0x8 /Users/lwy08/Downloads/devkitpro/devkitARM/bin/../lib/gcc/arm-eabi/4.6.1/../../../../arm-eabi/lib/thumb/libsysbase.a(iosupport.o)
 *(.gnu.linkonce.r*)
                0x0200a2dc                . = ALIGN (0x4)

.ARM.extab
 *(.ARM.extab* .gnu.linkonce.armextab.*)
                0x0200a2dc                __exidx_start = .

ARM.exidx
 *(.ARM.exidx* .gnu.linkonce.armexidx.*)
                0x0200a2dc                __exidx_end = .
                0x0200a2dc                . = ALIGN (0x4)
                0x0200a2dc                PROVIDE (__preinit_array_start, .)

.preinit_array
 *(.preinit_array)
                0x0200a2dc                PROVIDE (__preinit_array_end, .)
                0x0200a2dc                PROVIDE (__init_array_start, .)

.init_array     0x0200a2dc        0x4
 *(SORT(.init_array.*))
 *(.init_array)
 .init_array    0x0200a2dc        0x4 /Users/lwy08/Downloads/devkitpro/devkitARM/bin/../lib/gcc/arm-eabi/4.6.1/thumb/crtbegin.o
                0x0200a2e0                PROVIDE (__init_array_end, .)
                0x0200a2e0                PROVIDE (__fini_array_start, .)

.fini_array     0x0200a2e0        0x4
 *(.fini_array)
 .fini_array    0x0200a2e0        0x4 /Users/lwy08/Downloads/devkitpro/devkitARM/bin/../lib/gcc/arm-eabi/4.6.1/thumb/crtbegin.o
 *(SORT(.fini_array.*))
                0x0200a2e4                PROVIDE (__fini_array_end, .)

.ctors          0x0200a2e4        0x0
 *crtbegin.o(.ctors)
 *(EXCLUDE_FILE(*crtend.o) .ctors)
 *(SORT(.ctors.*))
 *(.ctors)
                0x0200a2e4                . = ALIGN (0x4)

.dtors          0x0200a2e4        0x0
 *crtbegin.o(.dtors)
 *(EXCLUDE_FILE(*crtend.o) .dtors)
 *(SORT(.dtors.*))
 *(.dtors)
                0x0200a2e4                . = ALIGN (0x4)

.eh_frame       0x0200a2e4        0x4
 *(.eh_frame)
 .eh_frame      0x0200a2e4        0x0 /Users/lwy08/Downloads/devkitpro/devkitARM/bin/../lib/gcc/arm-eabi/4.6.1/thumb/crtbegin.o
 .eh_frame      0x0200a2e4        0x4 /Users/lwy08/Downloads/devkitpro/devkitARM/bin/../lib/gcc/arm-eabi/4.6.1/thumb/crtend.o
                0x0200a2e8                . = ALIGN (0x4)

.gcc_except_table
                0x0200a2e8        0x0
 *(.gcc_except_table)
                0x0200a2e8                . = ALIGN (0x4)

.jcr            0x0200a2e8        0x4
 *(.jcr)
 .jcr           0x0200a2e8        0x0 /Users/lwy08/Downloads/devkitpro/devkitARM/bin/../lib/gcc/arm-eabi/4.6.1/thumb/crtbegin.o
 .jcr           0x0200a2e8        0x4 /Users/lwy08/Downloads/devkitpro/devkitARM/bin/../lib/gcc/arm-eabi/4.6.1/thumb/crtend.o

.got
 *(.got.plt)
 *(.got)
 *(.rel.got)

.ewram          0x0200a2ec        0x0
                0x0200a2ec                __ewram_start = ABSOLUTE (.)
 *(.ewram)
 *ewram.*(.text)
                0x0200a2ec                . = ALIGN (0x4)

.data           0x0200a2ec      0x8d0
                0x0200a2ec                __data_start = ABSOLUTE (.)
 *(.data)
 .data          0x0200a2ec        0x0 /Users/lwy08/Downloads/devkitpro/devkitARM/bin/../lib/gcc/arm-eabi/4.6.1/../../../../arm-eabi/lib/thumb/ds_arm9_crt0.o
 .data          0x0200a2ec        0x0 /Users/lwy08/Downloads/devkitpro/devkitARM/bin/../lib/gcc/arm-eabi/4.6.1/thumb/crti.o
 .data          0x0200a2ec        0x4 /Users/lwy08/Downloads/devkitpro/devkitARM/bin/../lib/gcc/arm-eabi/4.6.1/thumb/crtbegin.o
                0x0200a2ec                __dso_handle
 .data          0x0200a2f0        0x0 mmsolution.bin.o
 .data          0x0200a2f0        0x0 ball.o
 .data          0x0200a2f0        0x4 template.o
                0x0200a2f0                spriteY
 .data          0x0200a2f4        0x0 /Users/lwy08/Downloads/devkitpro/libnds/lib/libmm9.a(mm_comms.o)
 .data          0x0200a2f4        0x0 /Users/lwy08/Downloads/devkitpro/libnds/lib/libmm9.a(mm_main9.o)
 .data          0x0200a2f4        0x0 /Users/lwy08/Downloads/devkitpro/libnds/lib/libmm9.a(mm_memory.o)
 .data          0x0200a2f4        0x0 /Users/lwy08/Downloads/devkitpro/libnds/lib/libmm9.a(mm_soundbank.o)
 .data          0x0200a2f4        0x0 /Users/lwy08/Downloads/devkitpro/libnds/lib/libmm9.a(mm_flusher.o)
 .data          0x0200a2f4       0x30 /Users/lwy08/Downloads/devkitpro/libnds/lib/libnds9.a(sprite.o)
                0x0200a2f4                oamMain
                0x0200a30c                oamSub
 .data          0x0200a324        0x0 /Users/lwy08/Downloads/devkitpro/libnds/lib/libnds9.a(sprite_alloc.o)
 .data          0x0200a324        0x0 /Users/lwy08/Downloads/devkitpro/libnds/lib/libnds9.a(trig.o)
 .data          0x0200a324        0x0 /Users/lwy08/Downloads/devkitpro/libnds/lib/libnds9.a(initSystem.o)
 .data          0x0200a324       0x10 /Users/lwy08/Downloads/devkitpro/libnds/lib/libnds9.a(fifosystem.o)
                0x0200a324                fifo_freewords
                0x0200a328                fifo_buffer_free
                0x0200a32c                fifo_send_queue
                0x0200a330                fifo_receive_queue
 .data          0x0200a334        0x0 /Users/lwy08/Downloads/devkitpro/libnds/lib/libnds9.a(interrupts.o)
 .data          0x0200a334        0x0 /Users/lwy08/Downloads/devkitpro/libnds/lib/libnds9.a(libnds_exit.o)
 .data          0x0200a334        0x0 /Users/lwy08/Downloads/devkitpro/libnds/lib/libnds9.a(dcache.o)
 .data          0x0200a334        0x0 /Users/lwy08/Downloads/devkitpro/libnds/lib/libnds9.a(mpu_setup.o)
 .data          0x0200a334        0x0 /Users/lwy08/Downloads/devkitpro/libnds/lib/libnds9.a(biosCalls.o)
 .data          0x0200a334        0x0 /Users/lwy08/Downloads/devkitpro/libnds/lib/libnds9.a(interruptDispatcher.o)
 .data          0x0200a334        0x0 /Users/lwy08/Downloads/devkitpro/libnds/lib/libnds9.a(swiSoftReset.o)
 .data          0x0200a334        0x0 /Users/lwy08/Downloads/devkitpro/libnds/lib/libnds9.a(system.o)
 .data          0x0200a334        0x0 /Users/lwy08/Downloads/devkitpro/libnds/lib/libnds9.a(video.o)
 .data          0x0200a334        0x0 /Users/lwy08/Downloads/devkitpro/devkitARM/bin/../lib/gcc/arm-eabi/4.6.1/../../../../arm-eabi/lib/thumb/libg.a(lib_a-bsearch.o)
 .data          0x0200a334        0x0 /Users/lwy08/Downloads/devkitpro/devkitARM/bin/../lib/gcc/arm-eabi/4.6.1/../../../../arm-eabi/lib/thumb/libg.a(lib_a-fclose.o)
 .data          0x0200a334        0x0 /Users/lwy08/Downloads/devkitpro/devkitARM/bin/../lib/gcc/arm-eabi/4.6.1/../../../../arm-eabi/lib/thumb/libg.a(lib_a-fflush.o)
 .data          0x0200a334        0x0 /Users/lwy08/Downloads/devkitpro/devkitARM/bin/../lib/gcc/arm-eabi/4.6.1/../../../../arm-eabi/lib/thumb/libg.a(lib_a-findfp.o)
 .data          0x0200a334        0x0 /Users/lwy08/Downloads/devkitpro/devkitARM/bin/../lib/gcc/arm-eabi/4.6.1/../../../../arm-eabi/lib/thumb/libg.a(lib_a-fopen.o)
 .data          0x0200a334        0x0 /Users/lwy08/Downloads/devkitpro/devkitARM/bin/../lib/gcc/arm-eabi/4.6.1/../../../../arm-eabi/lib/thumb/libg.a(lib_a-fread.o)
 .data          0x0200a334        0x0 /Users/lwy08/Downloads/devkitpro/devkitARM/bin/../lib/gcc/arm-eabi/4.6.1/../../../../arm-eabi/lib/thumb/libg.a(lib_a-freer.o)
 .data          0x0200a334        0x0 /Users/lwy08/Downloads/devkitpro/devkitARM/bin/../lib/gcc/arm-eabi/4.6.1/../../../../arm-eabi/lib/thumb/libg.a(lib_a-fseek.o)
 .data          0x0200a334        0x0 /Users/lwy08/Downloads/devkitpro/devkitARM/bin/../lib/gcc/arm-eabi/4.6.1/../../../../arm-eabi/lib/thumb/libg.a(lib_a-fwalk.o)
 *fill*         0x0200a334        0x4 ff
 .data          0x0200a338      0x430 /Users/lwy08/Downloads/devkitpro/devkitARM/bin/../lib/gcc/arm-eabi/4.6.1/../../../../arm-eabi/lib/thumb/libg.a(lib_a-impure.o)
                0x0200a338                _impure_ptr
 .data          0x0200a768        0x0 /Users/lwy08/Downloads/devkitpro/devkitARM/bin/../lib/gcc/arm-eabi/4.6.1/../../../../arm-eabi/lib/thumb/libg.a(lib_a-init.o)
 .data          0x0200a768        0x0 /Users/lwy08/Downloads/devkitpro/devkitARM/bin/../lib/gcc/arm-eabi/4.6.1/../../../../arm-eabi/lib/thumb/libg.a(lib_a-makebuf.o)
 .data          0x0200a768        0x0 /Users/lwy08/Downloads/devkitpro/devkitARM/bin/../lib/gcc/arm-eabi/4.6.1/../../../../arm-eabi/lib/thumb/libg.a(lib_a-malloc.o)
 .data          0x0200a768      0x410 /Users/lwy08/Downloads/devkitpro/devkitARM/bin/../lib/gcc/arm-eabi/4.6.1/../../../../arm-eabi/lib/thumb/libg.a(lib_a-mallocr.o)
                0x0200a768                __malloc_av_
                0x0200ab70                __malloc_sbrk_base
                0x0200ab74                __malloc_trim_threshold
 .data          0x0200ab78        0x0 /Users/lwy08/Downloads/devkitpro/devkitARM/bin/../lib/gcc/arm-eabi/4.6.1/../../../../arm-eabi/lib/thumb/libg.a(lib_a-memcpy.o)
 .data          0x0200ab78        0x0 /Users/lwy08/Downloads/devkitpro/devkitARM/bin/../lib/gcc/arm-eabi/4.6.1/../../../../arm-eabi/lib/thumb/libg.a(lib_a-memset.o)
 .data          0x0200ab78        0x0 /Users/lwy08/Downloads/devkitpro/devkitARM/bin/../lib/gcc/arm-eabi/4.6.1/../../../../arm-eabi/lib/thumb/libg.a(lib_a-mlock.o)
 .data          0x0200ab78        0x0 /Users/lwy08/Downloads/devkitpro/devkitARM/bin/../lib/gcc/arm-eabi/4.6.1/../../../../arm-eabi/lib/thumb/libg.a(lib_a-realloc.o)
 .data          0x0200ab78        0x0 /Users/lwy08/Downloads/devkitpro/devkitARM/bin/../lib/gcc/arm-eabi/4.6.1/../../../../arm-eabi/lib/thumb/libg.a(lib_a-reallocr.o)
 .data          0x0200ab78        0x0 /Users/lwy08/Downloads/devkitpro/devkitARM/bin/../lib/gcc/arm-eabi/4.6.1/../../../../arm-eabi/lib/thumb/libg.a(lib_a-refill.o)
 .data          0x0200ab78        0x0 /Users/lwy08/Downloads/devkitpro/devkitARM/bin/../lib/gcc/arm-eabi/4.6.1/../../../../arm-eabi/lib/thumb/libg.a(lib_a-stdio.o)
 .data          0x0200ab78        0x0 /Users/lwy08/Downloads/devkitpro/devkitARM/bin/../lib/gcc/arm-eabi/4.6.1/../../../../arm-eabi/lib/thumb/libg.a(lib_a-flags.o)
 .data          0x0200ab78        0x0 /Users/lwy08/Downloads/devkitpro/devkitARM/bin/../lib/gcc/arm-eabi/4.6.1/../../../../arm-eabi/lib/thumb/libg.a(lib_a-memmove.o)
 .data          0x0200ab78        0x0 /Users/lwy08/Downloads/devkitpro/devkitARM/bin/../lib/gcc/arm-eabi/4.6.1/../../../../arm-eabi/lib/thumb/libsysbase.a(close.o)
 .data          0x0200ab78        0x0 /Users/lwy08/Downloads/devkitpro/devkitARM/bin/../lib/gcc/arm-eabi/4.6.1/../../../../arm-eabi/lib/thumb/libsysbase.a(fstat.o)
 .data          0x0200ab78        0x0 /Users/lwy08/Downloads/devkitpro/devkitARM/bin/../lib/gcc/arm-eabi/4.6.1/../../../../arm-eabi/lib/thumb/libsysbase.a(isatty.o)
 .data          0x0200ab78        0x0 /Users/lwy08/Downloads/devkitpro/devkitARM/bin/../lib/gcc/arm-eabi/4.6.1/../../../../arm-eabi/lib/thumb/libsysbase.a(lseek.o)
 .data          0x0200ab78        0x0 /Users/lwy08/Downloads/devkitpro/devkitARM/bin/../lib/gcc/arm-eabi/4.6.1/../../../../arm-eabi/lib/thumb/libsysbase.a(open.o)
 .data          0x0200ab78        0x0 /Users/lwy08/Downloads/devkitpro/devkitARM/bin/../lib/gcc/arm-eabi/4.6.1/../../../../arm-eabi/lib/thumb/libsysbase.a(read.o)
 .data          0x0200ab78        0x0 /Users/lwy08/Downloads/devkitpro/devkitARM/bin/../lib/gcc/arm-eabi/4.6.1/../../../../arm-eabi/lib/thumb/libsysbase.a(sbrk.o)
 .data          0x0200ab78        0x0 /Users/lwy08/Downloads/devkitpro/devkitARM/bin/../lib/gcc/arm-eabi/4.6.1/../../../../arm-eabi/lib/thumb/libsysbase.a(times.o)
 .data          0x0200ab78        0x0 /Users/lwy08/Downloads/devkitpro/devkitARM/bin/../lib/gcc/arm-eabi/4.6.1/../../../../arm-eabi/lib/thumb/libsysbase.a(write.o)
 .data          0x0200ab78        0x0 /Users/lwy08/Downloads/devkitpro/devkitARM/bin/../lib/gcc/arm-eabi/4.6.1/../../../../arm-eabi/lib/thumb/libsysbase.a(malloc_vars.o)
 .data          0x0200ab78        0x0 /Users/lwy08/Downloads/devkitpro/devkitARM/bin/../lib/gcc/arm-eabi/4.6.1/../../../../arm-eabi/lib/thumb/libsysbase.a(build_argv.o)
 .data          0x0200ab78        0x0 /Users/lwy08/Downloads/devkitpro/devkitARM/bin/../lib/gcc/arm-eabi/4.6.1/../../../../arm-eabi/lib/thumb/libsysbase.a(syscall_support.o)
 .data          0x0200ab78        0x0 /Users/lwy08/Downloads/devkitpro/devkitARM/bin/../lib/gcc/arm-eabi/4.6.1/../../../../arm-eabi/lib/thumb/libsysbase.a(handle_manager.o)
 .data          0x0200ab78       0x44 /Users/lwy08/Downloads/devkitpro/devkitARM/bin/../lib/gcc/arm-eabi/4.6.1/../../../../arm-eabi/lib/thumb/libsysbase.a(iosupport.o)
                0x0200ab7c                devoptab_list
 .data          0x0200abbc        0x0 /Users/lwy08/Downloads/devkitpro/devkitARM/bin/../lib/gcc/arm-eabi/4.6.1/thumb/libgcc.a(_udivsi3.o)
 .data          0x0200abbc        0x0 /Users/lwy08/Downloads/devkitpro/devkitARM/bin/../lib/gcc/arm-eabi/4.6.1/thumb/libgcc.a(_dvmd_tls.o)
 .data          0x0200abbc        0x0 /Users/lwy08/Downloads/devkitpro/devkitARM/bin/../lib/gcc/arm-eabi/4.6.1/../../../../arm-eabi/lib/thumb/libg.a(lib_a-errno.o)
 .data          0x0200abbc        0x0 /Users/lwy08/Downloads/devkitpro/devkitARM/bin/../lib/gcc/arm-eabi/4.6.1/../../../../arm-eabi/lib/thumb/libg.a(lib_a-strchr.o)
 .data          0x0200abbc        0x0 /Users/lwy08/Downloads/devkitpro/devkitARM/bin/../lib/gcc/arm-eabi/4.6.1/../../../../arm-eabi/lib/thumb/libg.a(lib_a-strcmp.o)
 .data          0x0200abbc        0x0 /Users/lwy08/Downloads/devkitpro/devkitARM/bin/../lib/gcc/arm-eabi/4.6.1/../../../../arm-eabi/lib/thumb/libg.a(lib_a-strlen.o)
 .data          0x0200abbc        0x0 /Users/lwy08/Downloads/devkitpro/devkitARM/bin/../lib/gcc/arm-eabi/4.6.1/../../../../arm-eabi/lib/thumb/libg.a(lib_a-strncmp.o)
 .data          0x0200abbc        0x0 /Users/lwy08/Downloads/devkitpro/devkitARM/bin/../lib/gcc/arm-eabi/4.6.1/thumb/crtend.o
 .data          0x0200abbc        0x0 /Users/lwy08/Downloads/devkitpro/devkitARM/bin/../lib/gcc/arm-eabi/4.6.1/thumb/crtn.o
 *(.data.*)
 *(.gnu.linkonce.d*)
                0x0200abbc                . = ALIGN (0x4)
                0x0200abbc                __data_end = ABSOLUTE (.)
                0x0200abbc                __dtcm_lma = .
                0x0200abbc                __bss_vma = .

.dtcm           0x0b000000        0x0 load address 0x0200abbc
 *(.dtcm)
 *(.dtcm.*)
                0x0b000000                . = ALIGN (0x4)
                0x0b000000                __dtcm_end = ABSOLUTE (.)
                0x0200abbc                __itcm_lma = (__dtcm_lma + SIZEOF (.dtcm))

.itcm           0x01000100      0x194 load address 0x0200abbc
 *(.itcm)
 .itcm          0x01000100       0xc8 /Users/lwy08/Downloads/devkitpro/libnds/lib/libnds9.a(interrupts.o)
                0x01000100                irqTable
 .itcm          0x010001c8       0xcc /Users/lwy08/Downloads/devkitpro/libnds/lib/libnds9.a(interruptDispatcher.o)
                0x010001c8                IntrMain
 *itcm.*(.text)
                0x01000294                . = ALIGN (0x4)
                0x01000294                __itcm_end = ABSOLUTE (.)
                0x0200ad50                __vectors_lma = (__itcm_lma + SIZEOF (.itcm))

.vectors        0x01000000        0x0 load address 0x0200ad50
 *(.vectors)
 *vectors.*(.text)
                0x01000000                . = ALIGN (0x4)
                0x01000000                __vectors_end = ABSOLUTE (.)

.sbss           0x0b000000        0x0
                0x0b000000                __sbss_start = ABSOLUTE (.)
                0x0b000000                __sbss_start__ = ABSOLUTE (.)
 *(.sbss)
                0x0b000000                . = ALIGN (0x4)
                0x0b000000                __sbss_end = ABSOLUTE (.)

.bss            0x0200abbc     0x2330
                0x0200abbc                __bss_start = ABSOLUTE (.)
                0x0200abbc                __bss_start__ = ABSOLUTE (.)
 *(.dynbss)
 *(.gnu.linkonce.b*)
 *(.bss*)
 .bss           0x0200abbc        0x0 /Users/lwy08/Downloads/devkitpro/devkitARM/bin/../lib/gcc/arm-eabi/4.6.1/../../../../arm-eabi/lib/thumb/ds_arm9_crt0.o
 .bss           0x0200abbc        0x0 /Users/lwy08/Downloads/devkitpro/devkitARM/bin/../lib/gcc/arm-eabi/4.6.1/thumb/crti.o
 .bss           0x0200abbc       0x1c /Users/lwy08/Downloads/devkitpro/devkitARM/bin/../lib/gcc/arm-eabi/4.6.1/thumb/crtbegin.o
 .bss           0x0200abd8        0x0 mmsolution.bin.o
 .bss           0x0200abd8        0x0 ball.o
 .bss           0x0200abd8        0x4 template.o
                0x0200abd8                spriteDy
 .bss           0x0200abdc       0x18 /Users/lwy08/Downloads/devkitpro/libnds/lib/libmm9.a(mm_comms.o)
 .bss           0x0200abf4       0x1c /Users/lwy08/Downloads/devkitpro/libnds/lib/libmm9.a(mm_main9.o)
                0x0200abf4                mmcbMemory
                0x0200abf8                mmModuleCount
                0x0200abfc                mmSampleCount
                0x0200ac00                mmMemoryBank
                0x0200ac00                mmModuleBank
                0x0200ac04                mmSampleBank
                0x0200ac08                mmCallback
                0x0200ac0c                mmActiveStatus
 .bss           0x0200ac10        0x0 /Users/lwy08/Downloads/devkitpro/libnds/lib/libmm9.a(mm_memory.o)
 .bss           0x0200ac10       0x44 /Users/lwy08/Downloads/devkitpro/libnds/lib/libmm9.a(mm_soundbank.o)
 .bss           0x0200ac54        0x0 /Users/lwy08/Downloads/devkitpro/libnds/lib/libmm9.a(mm_flusher.o)
 .bss           0x0200ac54        0x0 /Users/lwy08/Downloads/devkitpro/libnds/lib/libnds9.a(sprite.o)
 .bss           0x0200ac54        0x0 /Users/lwy08/Downloads/devkitpro/libnds/lib/libnds9.a(sprite_alloc.o)
 .bss           0x0200ac54        0x0 /Users/lwy08/Downloads/devkitpro/libnds/lib/libnds9.a(trig.o)
 .bss           0x0200ac54        0x0 /Users/lwy08/Downloads/devkitpro/libnds/lib/libnds9.a(initSystem.o)
 .bss           0x0200ac54        0x8 /Users/lwy08/Downloads/devkitpro/libnds/lib/libnds9.a(fifosystem.o)
                0x0200ac58                processing
 .bss           0x0200ac5c        0x0 /Users/lwy08/Downloads/devkitpro/libnds/lib/libnds9.a(interrupts.o)
 .bss           0x0200ac5c        0x0 /Users/lwy08/Downloads/devkitpro/libnds/lib/libnds9.a(libnds_exit.o)
 .bss           0x0200ac5c        0x0 /Users/lwy08/Downloads/devkitpro/libnds/lib/libnds9.a(dcache.o)
 .bss           0x0200ac5c        0x0 /Users/lwy08/Downloads/devkitpro/libnds/lib/libnds9.a(mpu_setup.o)
 .bss           0x0200ac5c        0x0 /Users/lwy08/Downloads/devkitpro/libnds/lib/libnds9.a(biosCalls.o)
 .bss           0x0200ac5c        0x0 /Users/lwy08/Downloads/devkitpro/libnds/lib/libnds9.a(interruptDispatcher.o)
 .bss           0x0200ac5c        0x0 /Users/lwy08/Downloads/devkitpro/libnds/lib/libnds9.a(swiSoftReset.o)
 .bss           0x0200ac5c        0x0 /Users/lwy08/Downloads/devkitpro/libnds/lib/libnds9.a(system.o)
 .bss           0x0200ac5c        0x0 /Users/lwy08/Downloads/devkitpro/libnds/lib/libnds9.a(video.o)
 .bss           0x0200ac5c        0x0 /Users/lwy08/Downloads/devkitpro/devkitARM/bin/../lib/gcc/arm-eabi/4.6.1/../../../../arm-eabi/lib/thumb/libg.a(lib_a-bsearch.o)
 .bss           0x0200ac5c        0x0 /Users/lwy08/Downloads/devkitpro/devkitARM/bin/../lib/gcc/arm-eabi/4.6.1/../../../../arm-eabi/lib/thumb/libg.a(lib_a-fclose.o)
 .bss           0x0200ac5c        0x0 /Users/lwy08/Downloads/devkitpro/devkitARM/bin/../lib/gcc/arm-eabi/4.6.1/../../../../arm-eabi/lib/thumb/libg.a(lib_a-fflush.o)
 .bss           0x0200ac5c        0x0 /Users/lwy08/Downloads/devkitpro/devkitARM/bin/../lib/gcc/arm-eabi/4.6.1/../../../../arm-eabi/lib/thumb/libg.a(lib_a-findfp.o)
 .bss           0x0200ac5c        0x0 /Users/lwy08/Downloads/devkitpro/devkitARM/bin/../lib/gcc/arm-eabi/4.6.1/../../../../arm-eabi/lib/thumb/libg.a(lib_a-fopen.o)
 .bss           0x0200ac5c        0x0 /Users/lwy08/Downloads/devkitpro/devkitARM/bin/../lib/gcc/arm-eabi/4.6.1/../../../../arm-eabi/lib/thumb/libg.a(lib_a-fread.o)
 .bss           0x0200ac5c        0x0 /Users/lwy08/Downloads/devkitpro/devkitARM/bin/../lib/gcc/arm-eabi/4.6.1/../../../../arm-eabi/lib/thumb/libg.a(lib_a-freer.o)
 .bss           0x0200ac5c        0x0 /Users/lwy08/Downloads/devkitpro/devkitARM/bin/../lib/gcc/arm-eabi/4.6.1/../../../../arm-eabi/lib/thumb/libg.a(lib_a-fseek.o)
 .bss           0x0200ac5c        0x0 /Users/lwy08/Downloads/devkitpro/devkitARM/bin/../lib/gcc/arm-eabi/4.6.1/../../../../arm-eabi/lib/thumb/libg.a(lib_a-fwalk.o)
 .bss           0x0200ac5c        0x0 /Users/lwy08/Downloads/devkitpro/devkitARM/bin/../lib/gcc/arm-eabi/4.6.1/../../../../arm-eabi/lib/thumb/libg.a(lib_a-impure.o)
 .bss           0x0200ac5c        0x0 /Users/lwy08/Downloads/devkitpro/devkitARM/bin/../lib/gcc/arm-eabi/4.6.1/../../../../arm-eabi/lib/thumb/libg.a(lib_a-init.o)
 .bss           0x0200ac5c        0x0 /Users/lwy08/Downloads/devkitpro/devkitARM/bin/../lib/gcc/arm-eabi/4.6.1/../../../../arm-eabi/lib/thumb/libg.a(lib_a-makebuf.o)
 .bss           0x0200ac5c        0x0 /Users/lwy08/Downloads/devkitpro/devkitARM/bin/../lib/gcc/arm-eabi/4.6.1/../../../../arm-eabi/lib/thumb/libg.a(lib_a-malloc.o)
 .bss           0x0200ac5c       0x34 /Users/lwy08/Downloads/devkitpro/devkitARM/bin/../lib/gcc/arm-eabi/4.6.1/../../../../arm-eabi/lib/thumb/libg.a(lib_a-mallocr.o)
                0x0200ac5c                __malloc_top_pad
                0x0200ac60                __malloc_current_mallinfo
                0x0200ac88                __malloc_max_sbrked_mem
                0x0200ac8c                __malloc_max_total_mem
 .bss           0x0200ac90        0x0 /Users/lwy08/Downloads/devkitpro/devkitARM/bin/../lib/gcc/arm-eabi/4.6.1/../../../../arm-eabi/lib/thumb/libg.a(lib_a-memcpy.o)
 .bss           0x0200ac90        0x0 /Users/lwy08/Downloads/devkitpro/devkitARM/bin/../lib/gcc/arm-eabi/4.6.1/../../../../arm-eabi/lib/thumb/libg.a(lib_a-memset.o)
 .bss           0x0200ac90        0x0 /Users/lwy08/Downloads/devkitpro/devkitARM/bin/../lib/gcc/arm-eabi/4.6.1/../../../../arm-eabi/lib/thumb/libg.a(lib_a-mlock.o)
 .bss           0x0200ac90        0x0 /Users/lwy08/Downloads/devkitpro/devkitARM/bin/../lib/gcc/arm-eabi/4.6.1/../../../../arm-eabi/lib/thumb/libg.a(lib_a-realloc.o)
 .bss           0x0200ac90        0x0 /Users/lwy08/Downloads/devkitpro/devkitARM/bin/../lib/gcc/arm-eabi/4.6.1/../../../../arm-eabi/lib/thumb/libg.a(lib_a-reallocr.o)
 .bss           0x0200ac90        0x0 /Users/lwy08/Downloads/devkitpro/devkitARM/bin/../lib/gcc/arm-eabi/4.6.1/../../../../arm-eabi/lib/thumb/libg.a(lib_a-refill.o)
 .bss           0x0200ac90        0x0 /Users/lwy08/Downloads/devkitpro/devkitARM/bin/../lib/gcc/arm-eabi/4.6.1/../../../../arm-eabi/lib/thumb/libg.a(lib_a-stdio.o)
 .bss           0x0200ac90        0x0 /Users/lwy08/Downloads/devkitpro/devkitARM/bin/../lib/gcc/arm-eabi/4.6.1/../../../../arm-eabi/lib/thumb/libg.a(lib_a-flags.o)
 .bss           0x0200ac90        0x0 /Users/lwy08/Downloads/devkitpro/devkitARM/bin/../lib/gcc/arm-eabi/4.6.1/../../../../arm-eabi/lib/thumb/libg.a(lib_a-memmove.o)
 .bss           0x0200ac90        0x0 /Users/lwy08/Downloads/devkitpro/devkitARM/bin/../lib/gcc/arm-eabi/4.6.1/../../../../arm-eabi/lib/thumb/libsysbase.a(close.o)
 .bss           0x0200ac90        0x0 /Users/lwy08/Downloads/devkitpro/devkitARM/bin/../lib/gcc/arm-eabi/4.6.1/../../../../arm-eabi/lib/thumb/libsysbase.a(fstat.o)
 .bss           0x0200ac90        0x0 /Users/lwy08/Downloads/devkitpro/devkitARM/bin/../lib/gcc/arm-eabi/4.6.1/../../../../arm-eabi/lib/thumb/libsysbase.a(isatty.o)
 .bss           0x0200ac90        0x0 /Users/lwy08/Downloads/devkitpro/devkitARM/bin/../lib/gcc/arm-eabi/4.6.1/../../../../arm-eabi/lib/thumb/libsysbase.a(lseek.o)
 .bss           0x0200ac90        0x0 /Users/lwy08/Downloads/devkitpro/devkitARM/bin/../lib/gcc/arm-eabi/4.6.1/../../../../arm-eabi/lib/thumb/libsysbase.a(open.o)
 .bss           0x0200ac90        0x0 /Users/lwy08/Downloads/devkitpro/devkitARM/bin/../lib/gcc/arm-eabi/4.6.1/../../../../arm-eabi/lib/thumb/libsysbase.a(read.o)
 .bss           0x0200ac90        0x4 /Users/lwy08/Downloads/devkitpro/devkitARM/bin/../lib/gcc/arm-eabi/4.6.1/../../../../arm-eabi/lib/thumb/libsysbase.a(sbrk.o)
 .bss           0x0200ac94        0x0 /Users/lwy08/Downloads/devkitpro/devkitARM/bin/../lib/gcc/arm-eabi/4.6.1/../../../../arm-eabi/lib/thumb/libsysbase.a(times.o)
 .bss           0x0200ac94        0x0 /Users/lwy08/Downloads/devkitpro/devkitARM/bin/../lib/gcc/arm-eabi/4.6.1/../../../../arm-eabi/lib/thumb/libsysbase.a(write.o)
 .bss           0x0200ac94        0x8 /Users/lwy08/Downloads/devkitpro/devkitARM/bin/../lib/gcc/arm-eabi/4.6.1/../../../../arm-eabi/lib/thumb/libsysbase.a(malloc_vars.o)
                0x0200ac94                fake_heap_start
                0x0200ac98                fake_heap_end
 .bss           0x0200ac9c        0x0 /Users/lwy08/Downloads/devkitpro/devkitARM/bin/../lib/gcc/arm-eabi/4.6.1/../../../../arm-eabi/lib/thumb/libsysbase.a(build_argv.o)
 .bss           0x0200ac9c        0x8 /Users/lwy08/Downloads/devkitpro/devkitARM/bin/../lib/gcc/arm-eabi/4.6.1/../../../../arm-eabi/lib/thumb/libsysbase.a(syscall_support.o)
                0x0200ac9c                __syscalls
 .bss           0x0200aca4     0x1000 /Users/lwy08/Downloads/devkitpro/devkitARM/bin/../lib/gcc/arm-eabi/4.6.1/../../../../arm-eabi/lib/thumb/libsysbase.a(handle_manager.o)
 .bss           0x0200bca4        0x0 /Users/lwy08/Downloads/devkitpro/devkitARM/bin/../lib/gcc/arm-eabi/4.6.1/../../../../arm-eabi/lib/thumb/libsysbase.a(iosupport.o)
 .bss           0x0200bca4        0x0 /Users/lwy08/Downloads/devkitpro/devkitARM/bin/../lib/gcc/arm-eabi/4.6.1/thumb/libgcc.a(_udivsi3.o)
 .bss           0x0200bca4        0x0 /Users/lwy08/Downloads/devkitpro/devkitARM/bin/../lib/gcc/arm-eabi/4.6.1/thumb/libgcc.a(_dvmd_tls.o)
 .bss           0x0200bca4        0x0 /Users/lwy08/Downloads/devkitpro/devkitARM/bin/../lib/gcc/arm-eabi/4.6.1/../../../../arm-eabi/lib/thumb/libg.a(lib_a-errno.o)
 .bss           0x0200bca4        0x0 /Users/lwy08/Downloads/devkitpro/devkitARM/bin/../lib/gcc/arm-eabi/4.6.1/../../../../arm-eabi/lib/thumb/libg.a(lib_a-strchr.o)
 .bss           0x0200bca4        0x0 /Users/lwy08/Downloads/devkitpro/devkitARM/bin/../lib/gcc/arm-eabi/4.6.1/../../../../arm-eabi/lib/thumb/libg.a(lib_a-strcmp.o)
 .bss           0x0200bca4        0x0 /Users/lwy08/Downloads/devkitpro/devkitARM/bin/../lib/gcc/arm-eabi/4.6.1/../../../../arm-eabi/lib/thumb/libg.a(lib_a-strlen.o)
 .bss           0x0200bca4        0x0 /Users/lwy08/Downloads/devkitpro/devkitARM/bin/../lib/gcc/arm-eabi/4.6.1/../../../../arm-eabi/lib/thumb/libg.a(lib_a-strncmp.o)
 .bss           0x0200bca4        0x0 /Users/lwy08/Downloads/devkitpro/devkitARM/bin/../lib/gcc/arm-eabi/4.6.1/thumb/crtend.o
 .bss           0x0200bca4        0x0 /Users/lwy08/Downloads/devkitpro/devkitARM/bin/../lib/gcc/arm-eabi/4.6.1/thumb/crtn.o
 *(COMMON)
 COMMON         0x0200bca4      0x800 /Users/lwy08/Downloads/devkitpro/libnds/lib/libnds9.a(sprite.o)
                0x0200bca4                OamMemorySub
                0x0200c0a4                OamMemory
 COMMON         0x0200c4a4        0x1 /Users/lwy08/Downloads/devkitpro/libnds/lib/libnds9.a(initSystem.o)
                0x0200c4a4                __dsimode
 *fill*         0x0200c4a5        0x3 00
 COMMON         0x0200c4a8      0xa40 /Users/lwy08/Downloads/devkitpro/libnds/lib/libnds9.a(fifosystem.o)
                0x0200c4a8                fifo_datamsg_data
                0x0200c4e8                fifo_buffer
                0x0200cce8                fifo_value32_func
                0x0200cd28                fifo_address_func
                0x0200cd68                fifo_value32_data
                0x0200cda8                fifo_value32_queue
                0x0200cde8                fifo_data_queue
                0x0200ce28                fifo_address_data
                0x0200ce68                fifo_datamsg_func
                0x0200cea8                fifo_address_queue
 COMMON         0x0200cee8        0x4 /Users/lwy08/Downloads/devkitpro/devkitARM/bin/../lib/gcc/arm-eabi/4.6.1/../../../../arm-eabi/lib/thumb/libsysbase.a(times.o)
                0x0200cee8                punixTime
                0x0200ceec                . = ALIGN (0x4)
                0x0200ceec                __bss_end__ = ABSOLUTE (.)
                0x0200ceec                __end__ = ABSOLUTE (.)

.stab
 *(.stab)

.stabstr
 *(.stabstr)

.stab.excl
 *(.stab.excl)

.stab.exclstr
 *(.stab.exclstr)

.stab.index
 *(.stab.index)

.stab.indexstr
 *(.stab.indexstr)

.ARM.attributes
                0x00000000       0x2d load address 0x0200abbc
 .ARM.attributes
                0x00000000       0x23 /Users/lwy08/Downloads/devkitpro/devkitARM/bin/../lib/gcc/arm-eabi/4.6.1/../../../../arm-eabi/lib/thumb/ds_arm9_crt0.o
 .ARM.attributes
                0x00000023       0x18 /Users/lwy08/Downloads/devkitpro/devkitARM/bin/../lib/gcc/arm-eabi/4.6.1/thumb/crti.o
 .ARM.attributes
                0x0000003b       0x32 /Users/lwy08/Downloads/devkitpro/devkitARM/bin/../lib/gcc/arm-eabi/4.6.1/thumb/crtbegin.o
 .ARM.attributes
                0x0000006d       0x16 mmsolution.bin.o
 .ARM.attributes
                0x00000083       0x16 ball.o
 .ARM.attributes
                0x00000099       0x29 template.o
 .ARM.attributes
                0x000000c2       0x19 /Users/lwy08/Downloads/devkitpro/libnds/lib/libmm9.a(mm_comms.o)
 .ARM.attributes
                0x000000db       0x1b /Users/lwy08/Downloads/devkitpro/libnds/lib/libmm9.a(mm_main9.o)
 .ARM.attributes
                0x000000f6       0x19 /Users/lwy08/Downloads/devkitpro/libnds/lib/libmm9.a(mm_memory.o)
 .ARM.attributes
                0x0000010f       0x19 /Users/lwy08/Downloads/devkitpro/libnds/lib/libmm9.a(mm_soundbank.o)
 .ARM.attributes
                0x00000128       0x1b /Users/lwy08/Downloads/devkitpro/libnds/lib/libmm9.a(mm_flusher.o)
 .ARM.attributes
                0x00000143       0x29 /Users/lwy08/Downloads/devkitpro/libnds/lib/libnds9.a(sprite.o)
 .ARM.attributes
                0x0000016c       0x29 /Users/lwy08/Downloads/devkitpro/libnds/lib/libnds9.a(sprite_alloc.o)
 .ARM.attributes
                0x00000195       0x29 /Users/lwy08/Downloads/devkitpro/libnds/lib/libnds9.a(trig.o)
 .ARM.attributes
                0x000001be       0x29 /Users/lwy08/Downloads/devkitpro/libnds/lib/libnds9.a(initSystem.o)
 .ARM.attributes
                0x000001e7       0x29 /Users/lwy08/Downloads/devkitpro/libnds/lib/libnds9.a(fifosystem.o)
 .ARM.attributes
                0x00000210       0x29 /Users/lwy08/Downloads/devkitpro/libnds/lib/libnds9.a(interrupts.o)
 .ARM.attributes
                0x00000239       0x29 /Users/lwy08/Downloads/devkitpro/libnds/lib/libnds9.a(libnds_exit.o)
 .ARM.attributes
                0x00000262       0x1d /Users/lwy08/Downloads/devkitpro/libnds/lib/libnds9.a(dcache.o)
 .ARM.attributes
                0x0000027f       0x23 /Users/lwy08/Downloads/devkitpro/libnds/lib/libnds9.a(mpu_setup.o)
 .ARM.attributes
                0x000002a2       0x1d /Users/lwy08/Downloads/devkitpro/libnds/lib/libnds9.a(biosCalls.o)
 .ARM.attributes
                0x000002bf       0x1d /Users/lwy08/Downloads/devkitpro/libnds/lib/libnds9.a(interruptDispatcher.o)
 .ARM.attributes
                0x000002dc       0x23 /Users/lwy08/Downloads/devkitpro/libnds/lib/libnds9.a(swiSoftReset.o)
 .ARM.attributes
                0x000002ff       0x29 /Users/lwy08/Downloads/devkitpro/libnds/lib/libnds9.a(system.o)
 .ARM.attributes
                0x00000328       0x29 /Users/lwy08/Downloads/devkitpro/libnds/lib/libnds9.a(video.o)
 .ARM.attributes
                0x00000351       0x32 /Users/lwy08/Downloads/devkitpro/devkitARM/bin/../lib/gcc/arm-eabi/4.6.1/../../../../arm-eabi/lib/thumb/libg.a(lib_a-bsearch.o)
 .ARM.attributes
                0x00000383       0x32 /Users/lwy08/Downloads/devkitpro/devkitARM/bin/../lib/gcc/arm-eabi/4.6.1/../../../../arm-eabi/lib/thumb/libg.a(lib_a-fclose.o)
 .ARM.attributes
                0x000003b5       0x32 /Users/lwy08/Downloads/devkitpro/devkitARM/bin/../lib/gcc/arm-eabi/4.6.1/../../../../arm-eabi/lib/thumb/libg.a(lib_a-fflush.o)
 .ARM.attributes
                0x000003e7       0x32 /Users/lwy08/Downloads/devkitpro/devkitARM/bin/../lib/gcc/arm-eabi/4.6.1/../../../../arm-eabi/lib/thumb/libg.a(lib_a-findfp.o)
 .ARM.attributes
                0x00000419       0x32 /Users/lwy08/Downloads/devkitpro/devkitARM/bin/../lib/gcc/arm-eabi/4.6.1/../../../../arm-eabi/lib/thumb/libg.a(lib_a-fopen.o)
 .ARM.attributes
                0x0000044b       0x32 /Users/lwy08/Downloads/devkitpro/devkitARM/bin/../lib/gcc/arm-eabi/4.6.1/../../../../arm-eabi/lib/thumb/libg.a(lib_a-fread.o)
 .ARM.attributes
                0x0000047d       0x32 /Users/lwy08/Downloads/devkitpro/devkitARM/bin/../lib/gcc/arm-eabi/4.6.1/../../../../arm-eabi/lib/thumb/libg.a(lib_a-freer.o)
 .ARM.attributes
                0x000004af       0x32 /Users/lwy08/Downloads/devkitpro/devkitARM/bin/../lib/gcc/arm-eabi/4.6.1/../../../../arm-eabi/lib/thumb/libg.a(lib_a-fseek.o)
 .ARM.attributes
                0x000004e1       0x32 /Users/lwy08/Downloads/devkitpro/devkitARM/bin/../lib/gcc/arm-eabi/4.6.1/../../../../arm-eabi/lib/thumb/libg.a(lib_a-fwalk.o)
 .ARM.attributes
                0x00000513       0x32 /Users/lwy08/Downloads/devkitpro/devkitARM/bin/../lib/gcc/arm-eabi/4.6.1/../../../../arm-eabi/lib/thumb/libg.a(lib_a-impure.o)
 .ARM.attributes
                0x00000545       0x32 /Users/lwy08/Downloads/devkitpro/devkitARM/bin/../lib/gcc/arm-eabi/4.6.1/../../../../arm-eabi/lib/thumb/libg.a(lib_a-init.o)
 .ARM.attributes
                0x00000577       0x32 /Users/lwy08/Downloads/devkitpro/devkitARM/bin/../lib/gcc/arm-eabi/4.6.1/../../../../arm-eabi/lib/thumb/libg.a(lib_a-makebuf.o)
 .ARM.attributes
                0x000005a9       0x32 /Users/lwy08/Downloads/devkitpro/devkitARM/bin/../lib/gcc/arm-eabi/4.6.1/../../../../arm-eabi/lib/thumb/libg.a(lib_a-malloc.o)
 .ARM.attributes
                0x000005db       0x32 /Users/lwy08/Downloads/devkitpro/devkitARM/bin/../lib/gcc/arm-eabi/4.6.1/../../../../arm-eabi/lib/thumb/libg.a(lib_a-mallocr.o)
 .ARM.attributes
                0x0000060d       0x32 /Users/lwy08/Downloads/devkitpro/devkitARM/bin/../lib/gcc/arm-eabi/4.6.1/../../../../arm-eabi/lib/thumb/libg.a(lib_a-memcpy.o)
 .ARM.attributes
                0x0000063f       0x32 /Users/lwy08/Downloads/devkitpro/devkitARM/bin/../lib/gcc/arm-eabi/4.6.1/../../../../arm-eabi/lib/thumb/libg.a(lib_a-memset.o)
 .ARM.attributes
                0x00000671       0x32 /Users/lwy08/Downloads/devkitpro/devkitARM/bin/../lib/gcc/arm-eabi/4.6.1/../../../../arm-eabi/lib/thumb/libg.a(lib_a-mlock.o)
 .ARM.attributes
                0x000006a3       0x32 /Users/lwy08/Downloads/devkitpro/devkitARM/bin/../lib/gcc/arm-eabi/4.6.1/../../../../arm-eabi/lib/thumb/libg.a(lib_a-realloc.o)
 .ARM.attributes
                0x000006d5       0x32 /Users/lwy08/Downloads/devkitpro/devkitARM/bin/../lib/gcc/arm-eabi/4.6.1/../../../../arm-eabi/lib/thumb/libg.a(lib_a-reallocr.o)
 .ARM.attributes
                0x00000707       0x32 /Users/lwy08/Downloads/devkitpro/devkitARM/bin/../lib/gcc/arm-eabi/4.6.1/../../../../arm-eabi/lib/thumb/libg.a(lib_a-refill.o)
 .ARM.attributes
                0x00000739       0x32 /Users/lwy08/Downloads/devkitpro/devkitARM/bin/../lib/gcc/arm-eabi/4.6.1/../../../../arm-eabi/lib/thumb/libg.a(lib_a-stdio.o)
 .ARM.attributes
                0x0000076b       0x32 /Users/lwy08/Downloads/devkitpro/devkitARM/bin/../lib/gcc/arm-eabi/4.6.1/../../../../arm-eabi/lib/thumb/libg.a(lib_a-flags.o)
 .ARM.attributes
                0x0000079d       0x32 /Users/lwy08/Downloads/devkitpro/devkitARM/bin/../lib/gcc/arm-eabi/4.6.1/../../../../arm-eabi/lib/thumb/libg.a(lib_a-memmove.o)
 .ARM.attributes
                0x000007cf       0x32 /Users/lwy08/Downloads/devkitpro/devkitARM/bin/../lib/gcc/arm-eabi/4.6.1/../../../../arm-eabi/lib/thumb/libsysbase.a(close.o)
 .ARM.attributes
                0x00000801       0x32 /Users/lwy08/Downloads/devkitpro/devkitARM/bin/../lib/gcc/arm-eabi/4.6.1/../../../../arm-eabi/lib/thumb/libsysbase.a(fstat.o)
 .ARM.attributes
                0x00000833       0x32 /Users/lwy08/Downloads/devkitpro/devkitARM/bin/../lib/gcc/arm-eabi/4.6.1/../../../../arm-eabi/lib/thumb/libsysbase.a(isatty.o)
 .ARM.attributes
                0x00000865       0x32 /Users/lwy08/Downloads/devkitpro/devkitARM/bin/../lib/gcc/arm-eabi/4.6.1/../../../../arm-eabi/lib/thumb/libsysbase.a(lseek.o)
 .ARM.attributes
                0x00000897       0x32 /Users/lwy08/Downloads/devkitpro/devkitARM/bin/../lib/gcc/arm-eabi/4.6.1/../../../../arm-eabi/lib/thumb/libsysbase.a(open.o)
 .ARM.attributes
                0x000008c9       0x32 /Users/lwy08/Downloads/devkitpro/devkitARM/bin/../lib/gcc/arm-eabi/4.6.1/../../../../arm-eabi/lib/thumb/libsysbase.a(read.o)
 .ARM.attributes
                0x000008fb       0x32 /Users/lwy08/Downloads/devkitpro/devkitARM/bin/../lib/gcc/arm-eabi/4.6.1/../../../../arm-eabi/lib/thumb/libsysbase.a(sbrk.o)
 .ARM.attributes
                0x0000092d       0x32 /Users/lwy08/Downloads/devkitpro/devkitARM/bin/../lib/gcc/arm-eabi/4.6.1/../../../../arm-eabi/lib/thumb/libsysbase.a(times.o)
 .ARM.attributes
                0x0000095f       0x32 /Users/lwy08/Downloads/devkitpro/devkitARM/bin/../lib/gcc/arm-eabi/4.6.1/../../../../arm-eabi/lib/thumb/libsysbase.a(write.o)
 .ARM.attributes
                0x00000991       0x32 /Users/lwy08/Downloads/devkitpro/devkitARM/bin/../lib/gcc/arm-eabi/4.6.1/../../../../arm-eabi/lib/thumb/libsysbase.a(malloc_vars.o)
 .ARM.attributes
                0x000009c3       0x32 /Users/lwy08/Downloads/devkitpro/devkitARM/bin/../lib/gcc/arm-eabi/4.6.1/../../../../arm-eabi/lib/thumb/libsysbase.a(build_argv.o)
 .ARM.attributes
                0x000009f5       0x32 /Users/lwy08/Downloads/devkitpro/devkitARM/bin/../lib/gcc/arm-eabi/4.6.1/../../../../arm-eabi/lib/thumb/libsysbase.a(syscall_support.o)
 .ARM.attributes
                0x00000a27       0x32 /Users/lwy08/Downloads/devkitpro/devkitARM/bin/../lib/gcc/arm-eabi/4.6.1/../../../../arm-eabi/lib/thumb/libsysbase.a(handle_manager.o)
 .ARM.attributes
                0x00000a59       0x32 /Users/lwy08/Downloads/devkitpro/devkitARM/bin/../lib/gcc/arm-eabi/4.6.1/../../../../arm-eabi/lib/thumb/libsysbase.a(iosupport.o)
 .ARM.attributes
                0x00000a8b       0x1a /Users/lwy08/Downloads/devkitpro/devkitARM/bin/../lib/gcc/arm-eabi/4.6.1/thumb/libgcc.a(_udivsi3.o)
 .ARM.attributes
                0x00000aa5       0x18 /Users/lwy08/Downloads/devkitpro/devkitARM/bin/../lib/gcc/arm-eabi/4.6.1/thumb/libgcc.a(_dvmd_tls.o)
 .ARM.attributes
                0x00000abd       0x32 /Users/lwy08/Downloads/devkitpro/devkitARM/bin/../lib/gcc/arm-eabi/4.6.1/../../../../arm-eabi/lib/thumb/libg.a(lib_a-errno.o)
 .ARM.attributes
                0x00000aef       0x32 /Users/lwy08/Downloads/devkitpro/devkitARM/bin/../lib/gcc/arm-eabi/4.6.1/../../../../arm-eabi/lib/thumb/libg.a(lib_a-strchr.o)
 .ARM.attributes
                0x00000b21       0x32 /Users/lwy08/Downloads/devkitpro/devkitARM/bin/../lib/gcc/arm-eabi/4.6.1/../../../../arm-eabi/lib/thumb/libg.a(lib_a-strcmp.o)
 .ARM.attributes
                0x00000b53       0x32 /Users/lwy08/Downloads/devkitpro/devkitARM/bin/../lib/gcc/arm-eabi/4.6.1/../../../../arm-eabi/lib/thumb/libg.a(lib_a-strlen.o)
 .ARM.attributes
                0x00000b85       0x32 /Users/lwy08/Downloads/devkitpro/devkitARM/bin/../lib/gcc/arm-eabi/4.6.1/../../../../arm-eabi/lib/thumb/libg.a(lib_a-strncmp.o)
 .ARM.attributes
                0x00000bb7       0x32 /Users/lwy08/Downloads/devkitpro/devkitARM/bin/../lib/gcc/arm-eabi/4.6.1/thumb/crtend.o
 .ARM.attributes
                0x00000be9       0x18 /Users/lwy08/Downloads/devkitpro/devkitARM/bin/../lib/gcc/arm-eabi/4.6.1/thumb/crtn.o

.comment        0x00000000       0x22 load address 0x0200abbc
 *(.comment)
 .comment       0x00000000       0x22 /Users/lwy08/Downloads/devkitpro/devkitARM/bin/../lib/gcc/arm-eabi/4.6.1/thumb/crtbegin.o
                                 0x23 (size before relaxing)
 .comment       0x00000000       0x23 template.o
 .comment       0x00000000       0x23 /Users/lwy08/Downloads/devkitpro/libnds/lib/libnds9.a(sprite.o)
 .comment       0x00000000       0x23 /Users/lwy08/Downloads/devkitpro/libnds/lib/libnds9.a(sprite_alloc.o)
 .comment       0x00000000       0x23 /Users/lwy08/Downloads/devkitpro/libnds/lib/libnds9.a(trig.o)
 .comment       0x00000000       0x23 /Users/lwy08/Downloads/devkitpro/libnds/lib/libnds9.a(initSystem.o)
 .comment       0x00000000       0x23 /Users/lwy08/Downloads/devkitpro/libnds/lib/libnds9.a(fifosystem.o)
 .comment       0x00000000       0x23 /Users/lwy08/Downloads/devkitpro/libnds/lib/libnds9.a(interrupts.o)
 .comment       0x00000000       0x23 /Users/lwy08/Downloads/devkitpro/libnds/lib/libnds9.a(libnds_exit.o)
 .comment       0x00000000       0x23 /Users/lwy08/Downloads/devkitpro/libnds/lib/libnds9.a(system.o)
 .comment       0x00000000       0x23 /Users/lwy08/Downloads/devkitpro/libnds/lib/libnds9.a(video.o)
 .comment       0x00000000       0x23 /Users/lwy08/Downloads/devkitpro/devkitARM/bin/../lib/gcc/arm-eabi/4.6.1/../../../../arm-eabi/lib/thumb/libg.a(lib_a-bsearch.o)
 .comment       0x00000000       0x23 /Users/lwy08/Downloads/devkitpro/devkitARM/bin/../lib/gcc/arm-eabi/4.6.1/../../../../arm-eabi/lib/thumb/libg.a(lib_a-fclose.o)
 .comment       0x00000000       0x23 /Users/lwy08/Downloads/devkitpro/devkitARM/bin/../lib/gcc/arm-eabi/4.6.1/../../../../arm-eabi/lib/thumb/libg.a(lib_a-fflush.o)
 .comment       0x00000000       0x23 /Users/lwy08/Downloads/devkitpro/devkitARM/bin/../lib/gcc/arm-eabi/4.6.1/../../../../arm-eabi/lib/thumb/libg.a(lib_a-findfp.o)
 .comment       0x00000000       0x23 /Users/lwy08/Downloads/devkitpro/devkitARM/bin/../lib/gcc/arm-eabi/4.6.1/../../../../arm-eabi/lib/thumb/libg.a(lib_a-fopen.o)
 .comment       0x00000000       0x23 /Users/lwy08/Downloads/devkitpro/devkitARM/bin/../lib/gcc/arm-eabi/4.6.1/../../../../arm-eabi/lib/thumb/libg.a(lib_a-fread.o)
 .comment       0x00000000       0x23 /Users/lwy08/Downloads/devkitpro/devkitARM/bin/../lib/gcc/arm-eabi/4.6.1/../../../../arm-eabi/lib/thumb/libg.a(lib_a-freer.o)
 .comment       0x00000000       0x23 /Users/lwy08/Downloads/devkitpro/devkitARM/bin/../lib/gcc/arm-eabi/4.6.1/../../../../arm-eabi/lib/thumb/libg.a(lib_a-fseek.o)
 .comment       0x00000000       0x23 /Users/lwy08/Downloads/devkitpro/devkitARM/bin/../lib/gcc/arm-eabi/4.6.1/../../../../arm-eabi/lib/thumb/libg.a(lib_a-fwalk.o)
 .comment       0x00000000       0x23 /Users/lwy08/Downloads/devkitpro/devkitARM/bin/../lib/gcc/arm-eabi/4.6.1/../../../../arm-eabi/lib/thumb/libg.a(lib_a-impure.o)
 .comment       0x00000000       0x23 /Users/lwy08/Downloads/devkitpro/devkitARM/bin/../lib/gcc/arm-eabi/4.6.1/../../../../arm-eabi/lib/thumb/libg.a(lib_a-init.o)
 .comment       0x00000000       0x23 /Users/lwy08/Downloads/devkitpro/devkitARM/bin/../lib/gcc/arm-eabi/4.6.1/../../../../arm-eabi/lib/thumb/libg.a(lib_a-makebuf.o)
 .comment       0x00000000       0x23 /Users/lwy08/Downloads/devkitpro/devkitARM/bin/../lib/gcc/arm-eabi/4.6.1/../../../../arm-eabi/lib/thumb/libg.a(lib_a-malloc.o)
 .comment       0x00000000       0x23 /Users/lwy08/Downloads/devkitpro/devkitARM/bin/../lib/gcc/arm-eabi/4.6.1/../../../../arm-eabi/lib/thumb/libg.a(lib_a-mallocr.o)
 .comment       0x00000000       0x23 /Users/lwy08/Downloads/devkitpro/devkitARM/bin/../lib/gcc/arm-eabi/4.6.1/../../../../arm-eabi/lib/thumb/libg.a(lib_a-memcpy.o)
 .comment       0x00000000       0x23 /Users/lwy08/Downloads/devkitpro/devkitARM/bin/../lib/gcc/arm-eabi/4.6.1/../../../../arm-eabi/lib/thumb/libg.a(lib_a-memset.o)
 .comment       0x00000000       0x23 /Users/lwy08/Downloads/devkitpro/devkitARM/bin/../lib/gcc/arm-eabi/4.6.1/../../../../arm-eabi/lib/thumb/libg.a(lib_a-mlock.o)
 .comment       0x00000000       0x23 /Users/lwy08/Downloads/devkitpro/devkitARM/bin/../lib/gcc/arm-eabi/4.6.1/../../../../arm-eabi/lib/thumb/libg.a(lib_a-realloc.o)
 .comment       0x00000000       0x23 /Users/lwy08/Downloads/devkitpro/devkitARM/bin/../lib/gcc/arm-eabi/4.6.1/../../../../arm-eabi/lib/thumb/libg.a(lib_a-reallocr.o)
 .comment       0x00000000       0x23 /Users/lwy08/Downloads/devkitpro/devkitARM/bin/../lib/gcc/arm-eabi/4.6.1/../../../../arm-eabi/lib/thumb/libg.a(lib_a-refill.o)
 .comment       0x00000000       0x23 /Users/lwy08/Downloads/devkitpro/devkitARM/bin/../lib/gcc/arm-eabi/4.6.1/../../../../arm-eabi/lib/thumb/libg.a(lib_a-stdio.o)
 .comment       0x00000000       0x23 /Users/lwy08/Downloads/devkitpro/devkitARM/bin/../lib/gcc/arm-eabi/4.6.1/../../../../arm-eabi/lib/thumb/libg.a(lib_a-flags.o)
 .comment       0x00000000       0x23 /Users/lwy08/Downloads/devkitpro/devkitARM/bin/../lib/gcc/arm-eabi/4.6.1/../../../../arm-eabi/lib/thumb/libg.a(lib_a-memmove.o)
 .comment       0x00000000       0x23 /Users/lwy08/Downloads/devkitpro/devkitARM/bin/../lib/gcc/arm-eabi/4.6.1/../../../../arm-eabi/lib/thumb/libsysbase.a(close.o)
 .comment       0x00000000       0x23 /Users/lwy08/Downloads/devkitpro/devkitARM/bin/../lib/gcc/arm-eabi/4.6.1/../../../../arm-eabi/lib/thumb/libsysbase.a(fstat.o)
 .comment       0x00000000       0x23 /Users/lwy08/Downloads/devkitpro/devkitARM/bin/../lib/gcc/arm-eabi/4.6.1/../../../../arm-eabi/lib/thumb/libsysbase.a(isatty.o)
 .comment       0x00000000       0x23 /Users/lwy08/Downloads/devkitpro/devkitARM/bin/../lib/gcc/arm-eabi/4.6.1/../../../../arm-eabi/lib/thumb/libsysbase.a(lseek.o)
 .comment       0x00000000       0x23 /Users/lwy08/Downloads/devkitpro/devkitARM/bin/../lib/gcc/arm-eabi/4.6.1/../../../../arm-eabi/lib/thumb/libsysbase.a(open.o)
 .comment       0x00000000       0x23 /Users/lwy08/Downloads/devkitpro/devkitARM/bin/../lib/gcc/arm-eabi/4.6.1/../../../../arm-eabi/lib/thumb/libsysbase.a(read.o)
 .comment       0x00000000       0x23 /Users/lwy08/Downloads/devkitpro/devkitARM/bin/../lib/gcc/arm-eabi/4.6.1/../../../../arm-eabi/lib/thumb/libsysbase.a(sbrk.o)
 .comment       0x00000000       0x23 /Users/lwy08/Downloads/devkitpro/devkitARM/bin/../lib/gcc/arm-eabi/4.6.1/../../../../arm-eabi/lib/thumb/libsysbase.a(times.o)
 .comment       0x00000000       0x23 /Users/lwy08/Downloads/devkitpro/devkitARM/bin/../lib/gcc/arm-eabi/4.6.1/../../../../arm-eabi/lib/thumb/libsysbase.a(write.o)
 .comment       0x00000000       0x23 /Users/lwy08/Downloads/devkitpro/devkitARM/bin/../lib/gcc/arm-eabi/4.6.1/../../../../arm-eabi/lib/thumb/libsysbase.a(malloc_vars.o)
 .comment       0x00000000       0x23 /Users/lwy08/Downloads/devkitpro/devkitARM/bin/../lib/gcc/arm-eabi/4.6.1/../../../../arm-eabi/lib/thumb/libsysbase.a(build_argv.o)
 .comment       0x00000000       0x23 /Users/lwy08/Downloads/devkitpro/devkitARM/bin/../lib/gcc/arm-eabi/4.6.1/../../../../arm-eabi/lib/thumb/libsysbase.a(syscall_support.o)
 .comment       0x00000000       0x23 /Users/lwy08/Downloads/devkitpro/devkitARM/bin/../lib/gcc/arm-eabi/4.6.1/../../../../arm-eabi/lib/thumb/libsysbase.a(handle_manager.o)
 .comment       0x00000000       0x23 /Users/lwy08/Downloads/devkitpro/devkitARM/bin/../lib/gcc/arm-eabi/4.6.1/../../../../arm-eabi/lib/thumb/libsysbase.a(iosupport.o)
 .comment       0x00000000       0x23 /Users/lwy08/Downloads/devkitpro/devkitARM/bin/../lib/gcc/arm-eabi/4.6.1/../../../../arm-eabi/lib/thumb/libg.a(lib_a-errno.o)
 .comment       0x00000000       0x23 /Users/lwy08/Downloads/devkitpro/devkitARM/bin/../lib/gcc/arm-eabi/4.6.1/../../../../arm-eabi/lib/thumb/libg.a(lib_a-strchr.o)
 .comment       0x00000000       0x23 /Users/lwy08/Downloads/devkitpro/devkitARM/bin/../lib/gcc/arm-eabi/4.6.1/../../../../arm-eabi/lib/thumb/libg.a(lib_a-strcmp.o)
 .comment       0x00000000       0x23 /Users/lwy08/Downloads/devkitpro/devkitARM/bin/../lib/gcc/arm-eabi/4.6.1/../../../../arm-eabi/lib/thumb/libg.a(lib_a-strlen.o)
 .comment       0x00000000       0x23 /Users/lwy08/Downloads/devkitpro/devkitARM/bin/../lib/gcc/arm-eabi/4.6.1/../../../../arm-eabi/lib/thumb/libg.a(lib_a-strncmp.o)
 .comment       0x00000000       0x23 /Users/lwy08/Downloads/devkitpro/devkitARM/bin/../lib/gcc/arm-eabi/4.6.1/thumb/crtend.o

.debug
 *(.debug)

.line
 *(.line)

.debug_srcinfo
 *(.debug_srcinfo)

.debug_sfnames
 *(.debug_sfnames)

.debug_aranges  0x00000000      0x1e8 load address 0x0200abbc
 *(.debug_aranges)
 .debug_aranges
                0x00000000       0x28 template.o
 .debug_aranges
                0x00000028       0x20 /Users/lwy08/Downloads/devkitpro/libnds/lib/libnds9.a(sprite.o)
 .debug_aranges
                0x00000048       0x20 /Users/lwy08/Downloads/devkitpro/libnds/lib/libnds9.a(sprite_alloc.o)
 .debug_aranges
                0x00000068       0x20 /Users/lwy08/Downloads/devkitpro/libnds/lib/libnds9.a(trig.o)
 .debug_aranges
                0x00000088       0x20 /Users/lwy08/Downloads/devkitpro/libnds/lib/libnds9.a(initSystem.o)
 .debug_aranges
                0x000000a8       0x20 /Users/lwy08/Downloads/devkitpro/libnds/lib/libnds9.a(fifosystem.o)
 .debug_aranges
                0x000000c8       0x20 /Users/lwy08/Downloads/devkitpro/libnds/lib/libnds9.a(interrupts.o)
 .debug_aranges
                0x000000e8       0x20 /Users/lwy08/Downloads/devkitpro/libnds/lib/libnds9.a(libnds_exit.o)
 .debug_aranges
                0x00000108       0x20 /Users/lwy08/Downloads/devkitpro/libnds/lib/libnds9.a(dcache.o)
 .debug_aranges
                0x00000128       0x20 /Users/lwy08/Downloads/devkitpro/libnds/lib/libnds9.a(mpu_setup.o)
 .debug_aranges
                0x00000148       0x20 /Users/lwy08/Downloads/devkitpro/libnds/lib/libnds9.a(biosCalls.o)
 .debug_aranges
                0x00000168       0x20 /Users/lwy08/Downloads/devkitpro/libnds/lib/libnds9.a(interruptDispatcher.o)
 .debug_aranges
                0x00000188       0x20 /Users/lwy08/Downloads/devkitpro/libnds/lib/libnds9.a(swiSoftReset.o)
 .debug_aranges
                0x000001a8       0x20 /Users/lwy08/Downloads/devkitpro/libnds/lib/libnds9.a(system.o)
 .debug_aranges
                0x000001c8       0x20 /Users/lwy08/Downloads/devkitpro/libnds/lib/libnds9.a(video.o)

.debug_pubnames
 *(.debug_pubnames)

.debug_info     0x00000000     0x6478 load address 0x0200abbc
 *(.debug_info)
 .debug_info    0x00000000      0xec3 template.o
 .debug_info    0x00000ec3      0xbf4 /Users/lwy08/Downloads/devkitpro/libnds/lib/libnds9.a(sprite.o)
 .debug_info    0x00001ab7      0xb1a /Users/lwy08/Downloads/devkitpro/libnds/lib/libnds9.a(sprite_alloc.o)
 .debug_info    0x000025d1      0x4c4 /Users/lwy08/Downloads/devkitpro/libnds/lib/libnds9.a(trig.o)
 .debug_info    0x00002a95      0xeb7 /Users/lwy08/Downloads/devkitpro/libnds/lib/libnds9.a(initSystem.o)
 .debug_info    0x0000394c     0x11cd /Users/lwy08/Downloads/devkitpro/libnds/lib/libnds9.a(fifosystem.o)
 .debug_info    0x00004b19      0x5c9 /Users/lwy08/Downloads/devkitpro/libnds/lib/libnds9.a(interrupts.o)
 .debug_info    0x000050e2      0x2a6 /Users/lwy08/Downloads/devkitpro/libnds/lib/libnds9.a(libnds_exit.o)
 .debug_info    0x00005388       0xba /Users/lwy08/Downloads/devkitpro/libnds/lib/libnds9.a(dcache.o)
 .debug_info    0x00005442       0xc4 /Users/lwy08/Downloads/devkitpro/libnds/lib/libnds9.a(mpu_setup.o)
 .debug_info    0x00005506       0xbf /Users/lwy08/Downloads/devkitpro/libnds/lib/libnds9.a(biosCalls.o)
 .debug_info    0x000055c5       0xc9 /Users/lwy08/Downloads/devkitpro/libnds/lib/libnds9.a(interruptDispatcher.o)
 .debug_info    0x0000568e       0xc2 /Users/lwy08/Downloads/devkitpro/libnds/lib/libnds9.a(swiSoftReset.o)
 .debug_info    0x00005750      0x6db /Users/lwy08/Downloads/devkitpro/libnds/lib/libnds9.a(system.o)
 .debug_info    0x00005e2b      0x64d /Users/lwy08/Downloads/devkitpro/libnds/lib/libnds9.a(video.o)

.debug_abbrev   0x00000000     0x168f load address 0x0200abbc
 *(.debug_abbrev)
 .debug_abbrev  0x00000000      0x2a1 template.o
 .debug_abbrev  0x000002a1      0x2c1 /Users/lwy08/Downloads/devkitpro/libnds/lib/libnds9.a(sprite.o)
 .debug_abbrev  0x00000562      0x27e /Users/lwy08/Downloads/devkitpro/libnds/lib/libnds9.a(sprite_alloc.o)
 .debug_abbrev  0x000007e0      0x1ac /Users/lwy08/Downloads/devkitpro/libnds/lib/libnds9.a(trig.o)
 .debug_abbrev  0x0000098c      0x242 /Users/lwy08/Downloads/devkitpro/libnds/lib/libnds9.a(initSystem.o)
 .debug_abbrev  0x00000bce      0x3d3 /Users/lwy08/Downloads/devkitpro/libnds/lib/libnds9.a(fifosystem.o)
 .debug_abbrev  0x00000fa1      0x21e /Users/lwy08/Downloads/devkitpro/libnds/lib/libnds9.a(interrupts.o)
 .debug_abbrev  0x000011bf      0x131 /Users/lwy08/Downloads/devkitpro/libnds/lib/libnds9.a(libnds_exit.o)
 .debug_abbrev  0x000012f0       0x14 /Users/lwy08/Downloads/devkitpro/libnds/lib/libnds9.a(dcache.o)
 .debug_abbrev  0x00001304       0x14 /Users/lwy08/Downloads/devkitpro/libnds/lib/libnds9.a(mpu_setup.o)
 .debug_abbrev  0x00001318       0x14 /Users/lwy08/Downloads/devkitpro/libnds/lib/libnds9.a(biosCalls.o)
 .debug_abbrev  0x0000132c       0x14 /Users/lwy08/Downloads/devkitpro/libnds/lib/libnds9.a(interruptDispatcher.o)
 .debug_abbrev  0x00001340       0x14 /Users/lwy08/Downloads/devkitpro/libnds/lib/libnds9.a(swiSoftReset.o)
 .debug_abbrev  0x00001354      0x19a /Users/lwy08/Downloads/devkitpro/libnds/lib/libnds9.a(system.o)
 .debug_abbrev  0x000014ee      0x1a1 /Users/lwy08/Downloads/devkitpro/libnds/lib/libnds9.a(video.o)

.debug_line     0x00000000     0x2144 load address 0x0200abbc
 *(.debug_line)
 .debug_line    0x00000000      0x2f3 template.o
 .debug_line    0x000002f3      0x309 /Users/lwy08/Downloads/devkitpro/libnds/lib/libnds9.a(sprite.o)
 .debug_line    0x000005fc      0x2a9 /Users/lwy08/Downloads/devkitpro/libnds/lib/libnds9.a(sprite_alloc.o)
 .debug_line    0x000008a5      0x23d /Users/lwy08/Downloads/devkitpro/libnds/lib/libnds9.a(trig.o)
 .debug_line    0x00000ae2      0x355 /Users/lwy08/Downloads/devkitpro/libnds/lib/libnds9.a(initSystem.o)
 .debug_line    0x00000e37      0x715 /Users/lwy08/Downloads/devkitpro/libnds/lib/libnds9.a(fifosystem.o)
 .debug_line    0x0000154c      0x238 /Users/lwy08/Downloads/devkitpro/libnds/lib/libnds9.a(interrupts.o)
 .debug_line    0x00001784      0x1ca /Users/lwy08/Downloads/devkitpro/libnds/lib/libnds9.a(libnds_exit.o)
 .debug_line    0x0000194e       0xa2 /Users/lwy08/Downloads/devkitpro/libnds/lib/libnds9.a(dcache.o)
 .debug_line    0x000019f0       0xe1 /Users/lwy08/Downloads/devkitpro/libnds/lib/libnds9.a(mpu_setup.o)
 .debug_line    0x00001ad1       0xc3 /Users/lwy08/Downloads/devkitpro/libnds/lib/libnds9.a(biosCalls.o)
 .debug_line    0x00001b94       0xc2 /Users/lwy08/Downloads/devkitpro/libnds/lib/libnds9.a(interruptDispatcher.o)
 .debug_line    0x00001c56       0x91 /Users/lwy08/Downloads/devkitpro/libnds/lib/libnds9.a(swiSoftReset.o)
 .debug_line    0x00001ce7      0x25c /Users/lwy08/Downloads/devkitpro/libnds/lib/libnds9.a(system.o)
 .debug_line    0x00001f43      0x201 /Users/lwy08/Downloads/devkitpro/libnds/lib/libnds9.a(video.o)

.debug_frame    0x00000000      0x84c load address 0x0200abbc
 *(.debug_frame)
 .debug_frame   0x00000000       0x54 template.o
 .debug_frame   0x00000054      0x118 /Users/lwy08/Downloads/devkitpro/libnds/lib/libnds9.a(sprite.o)
 .debug_frame   0x0000016c       0xbc /Users/lwy08/Downloads/devkitpro/libnds/lib/libnds9.a(sprite_alloc.o)
 .debug_frame   0x00000228       0xf4 /Users/lwy08/Downloads/devkitpro/libnds/lib/libnds9.a(trig.o)
 .debug_frame   0x0000031c       0x28 /Users/lwy08/Downloads/devkitpro/libnds/lib/libnds9.a(initSystem.o)
 .debug_frame   0x00000344      0x2a4 /Users/lwy08/Downloads/devkitpro/libnds/lib/libnds9.a(fifosystem.o)
 .debug_frame   0x000005e8       0xb8 /Users/lwy08/Downloads/devkitpro/libnds/lib/libnds9.a(interrupts.o)
 .debug_frame   0x000006a0       0x38 /Users/lwy08/Downloads/devkitpro/libnds/lib/libnds9.a(libnds_exit.o)
 .debug_frame   0x000006d8       0xb8 /Users/lwy08/Downloads/devkitpro/libnds/lib/libnds9.a(system.o)
 .debug_frame   0x00000790       0xbc /Users/lwy08/Downloads/devkitpro/libnds/lib/libnds9.a(video.o)

.debug_str      0x00000000     0x2885 load address 0x0200abbc
 *(.debug_str)
 .debug_str     0x00000000      0xa77 template.o
                                0xaef (size before relaxing)
 .debug_str     0x00000a77      0x1d4 /Users/lwy08/Downloads/devkitpro/libnds/lib/libnds9.a(sprite.o)
                                0x779 (size before relaxing)
 .debug_str     0x00000c4b      0x112 /Users/lwy08/Downloads/devkitpro/libnds/lib/libnds9.a(sprite_alloc.o)
                                0x71d (size before relaxing)
 .debug_str     0x00000d5d       0xe2 /Users/lwy08/Downloads/devkitpro/libnds/lib/libnds9.a(trig.o)
                                0x1d1 (size before relaxing)
 .debug_str     0x00000e3f      0x753 /Users/lwy08/Downloads/devkitpro/libnds/lib/libnds9.a(initSystem.o)
                                0x951 (size before relaxing)
 .debug_str     0x00001592      0x53e /Users/lwy08/Downloads/devkitpro/libnds/lib/libnds9.a(fifosystem.o)
                                0x740 (size before relaxing)
 .debug_str     0x00001ad0      0x12b /Users/lwy08/Downloads/devkitpro/libnds/lib/libnds9.a(interrupts.o)
                                0x379 (size before relaxing)
 .debug_str     0x00001bfb      0x136 /Users/lwy08/Downloads/devkitpro/libnds/lib/libnds9.a(libnds_exit.o)
                                0x296 (size before relaxing)
 .debug_str     0x00001d31      0x236 /Users/lwy08/Downloads/devkitpro/libnds/lib/libnds9.a(system.o)
                                0x504 (size before relaxing)
 .debug_str     0x00001f67      0x91e /Users/lwy08/Downloads/devkitpro/libnds/lib/libnds9.a(video.o)
                                0xb10 (size before relaxing)

.debug_loc      0x00000000     0x2a4f load address 0x0200abbc
 *(.debug_loc)
 .debug_loc     0x00000000       0x95 template.o
 .debug_loc     0x00000095      0x553 /Users/lwy08/Downloads/devkitpro/libnds/lib/libnds9.a(sprite.o)
 .debug_loc     0x000005e8      0x58a /Users/lwy08/Downloads/devkitpro/libnds/lib/libnds9.a(sprite_alloc.o)
 .debug_loc     0x00000b72      0x6d3 /Users/lwy08/Downloads/devkitpro/libnds/lib/libnds9.a(trig.o)
 .debug_loc     0x00001245       0x64 /Users/lwy08/Downloads/devkitpro/libnds/lib/libnds9.a(initSystem.o)
 .debug_loc     0x000012a9     0x1198 /Users/lwy08/Downloads/devkitpro/libnds/lib/libnds9.a(fifosystem.o)
 .debug_loc     0x00002441      0x22b /Users/lwy08/Downloads/devkitpro/libnds/lib/libnds9.a(interrupts.o)
 .debug_loc     0x0000266c       0x5c /Users/lwy08/Downloads/devkitpro/libnds/lib/libnds9.a(libnds_exit.o)
 .debug_loc     0x000026c8      0x1ba /Users/lwy08/Downloads/devkitpro/libnds/lib/libnds9.a(system.o)
 .debug_loc     0x00002882      0x1cd /Users/lwy08/Downloads/devkitpro/libnds/lib/libnds9.a(video.o)

.debug_macinfo
 *(.debug_macinfo)

.debug_weaknames
 *(.debug_weaknames)

.debug_funcnames
 *(.debug_funcnames)

.debug_typenames
 *(.debug_typenames)

.debug_varnames
 *(.debug_varnames)

.stack          0x00080000        0x0 load address 0x0200abbc
                0x00080000                _stack = .
 *(.stack)
LOAD /Users/lwy08/Downloads/devkitpro/devkitARM/bin/../lib/gcc/arm-eabi/4.6.1/../../../../arm-eabi/lib/thumb/ds_arm9_crt0.o
LOAD /Users/lwy08/Downloads/devkitpro/devkitARM/bin/../lib/gcc/arm-eabi/4.6.1/thumb/crti.o
LOAD /Users/lwy08/Downloads/devkitpro/devkitARM/bin/../lib/gcc/arm-eabi/4.6.1/thumb/crtbegin.o
LOAD mmsolution.bin.o
LOAD ball.o
LOAD template.o
LOAD /Users/lwy08/Downloads/devkitpro/libnds/lib/libmm9.a
LOAD /Users/lwy08/Downloads/devkitpro/libnds/lib/libnds9.a
START GROUP
LOAD /Users/lwy08/Downloads/devkitpro/devkitARM/bin/../lib/gcc/arm-eabi/4.6.1/thumb/libgcc.a
LOAD /Users/lwy08/Downloads/devkitpro/devkitARM/bin/../lib/gcc/arm-eabi/4.6.1/../../../../arm-eabi/lib/thumb/libg.a
LOAD /Users/lwy08/Downloads/devkitpro/devkitARM/bin/../lib/gcc/arm-eabi/4.6.1/../../../../arm-eabi/lib/thumb/libc.a
LOAD /Users/lwy08/Downloads/devkitpro/devkitARM/bin/../lib/gcc/arm-eabi/4.6.1/../../../../arm-eabi/lib/thumb/libsysbase.a
END GROUP
LOAD /Users/lwy08/Downloads/devkitpro/devkitARM/bin/../lib/gcc/arm-eabi/4.6.1/thumb/crtend.o
LOAD /Users/lwy08/Downloads/devkitpro/devkitARM/bin/../lib/gcc/arm-eabi/4.6.1/thumb/crtn.o
OUTPUT(/Users/lwy08/Downloads/devkitpro/examples/audio/maxmod/song_events_example/song_events_example.elf elf32-littlearm)

.debug_ranges   0x00000000      0x718 load address 0x0200abbc
 .debug_ranges  0x00000000       0x48 template.o
 .debug_ranges  0x00000048       0x70 /Users/lwy08/Downloads/devkitpro/libnds/lib/libnds9.a(sprite.o)
 .debug_ranges  0x000000b8       0x88 /Users/lwy08/Downloads/devkitpro/libnds/lib/libnds9.a(sprite_alloc.o)
 .debug_ranges  0x00000140       0x80 /Users/lwy08/Downloads/devkitpro/libnds/lib/libnds9.a(trig.o)
 .debug_ranges  0x000001c0      0x498 /Users/lwy08/Downloads/devkitpro/libnds/lib/libnds9.a(fifosystem.o)
 .debug_ranges  0x00000658       0x60 /Users/lwy08/Downloads/devkitpro/libnds/lib/libnds9.a(interrupts.o)
 .debug_ranges  0x000006b8       0x60 /Users/lwy08/Downloads/devkitpro/libnds/lib/libnds9.a(video.o)
