Archive member included because of file (symbol)

/Users/lwy08/Downloads/devkitpro/libnds/lib/libnds9.a(keys.o)
                              template.o (scanKeys)
/Users/lwy08/Downloads/devkitpro/libnds/lib/libnds9.a(sprite.o)
                              template.o (oamInit)
/Users/lwy08/Downloads/devkitpro/libnds/lib/libnds9.a(sprite_alloc.o)
                              /Users/lwy08/Downloads/devkitpro/libnds/lib/libnds9.a(sprite.o) (oamAllocReset)
/Users/lwy08/Downloads/devkitpro/libnds/lib/libnds9.a(trig.o)
                              /Users/lwy08/Downloads/devkitpro/libnds/lib/libnds9.a(sprite.o) (sinLerp)
/Users/lwy08/Downloads/devkitpro/libnds/lib/libnds9.a(initSystem.o)
                              /Users/lwy08/Downloads/devkitpro/devkitARM/bin/../lib/gcc/arm-eabi/4.6.1/../../../../arm-eabi/lib/thumb/ds_arm9_crt0.o (initSystem)
/Users/lwy08/Downloads/devkitpro/libnds/lib/libnds9.a(fifosystem.o)
                              /Users/lwy08/Downloads/devkitpro/libnds/lib/libnds9.a(initSystem.o) (fifoSendValue32)
/Users/lwy08/Downloads/devkitpro/libnds/lib/libnds9.a(interrupts.o)
                              /Users/lwy08/Downloads/devkitpro/libnds/lib/libnds9.a(fifosystem.o) (irqSet)
/Users/lwy08/Downloads/devkitpro/libnds/lib/libnds9.a(libnds_exit.o)
                              /Users/lwy08/Downloads/devkitpro/devkitARM/bin/../lib/gcc/arm-eabi/4.6.1/../../../../arm-eabi/lib/thumb/ds_arm9_crt0.o (__libnds_exit)
/Users/lwy08/Downloads/devkitpro/libnds/lib/libnds9.a(dcache.o)
                              /Users/lwy08/Downloads/devkitpro/libnds/lib/libnds9.a(sprite.o) (DC_FlushRange)
/Users/lwy08/Downloads/devkitpro/libnds/lib/libnds9.a(mpu_setup.o)
                              /Users/lwy08/Downloads/devkitpro/devkitARM/bin/../lib/gcc/arm-eabi/4.6.1/../../../../arm-eabi/lib/thumb/ds_arm9_crt0.o (__libnds_mpu_setup)
/Users/lwy08/Downloads/devkitpro/libnds/lib/libnds9.a(biosCalls.o)
                              /Users/lwy08/Downloads/devkitpro/libnds/lib/libnds9.a(fifosystem.o) (swiIntrWait)
/Users/lwy08/Downloads/devkitpro/libnds/lib/libnds9.a(interruptDispatcher.o)
                              /Users/lwy08/Downloads/devkitpro/libnds/lib/libnds9.a(interrupts.o) (IntrMain)
/Users/lwy08/Downloads/devkitpro/libnds/lib/libnds9.a(swiSoftReset.o)
                              /Users/lwy08/Downloads/devkitpro/libnds/lib/libnds9.a(fifosystem.o) (swiSoftReset)
/Users/lwy08/Downloads/devkitpro/libnds/lib/libnds9.a(system.o)
                              /Users/lwy08/Downloads/devkitpro/libnds/lib/libnds9.a(initSystem.o) (systemMsgHandler)
/Users/lwy08/Downloads/devkitpro/libnds/lib/libnds9.a(video.o)
                              /Users/lwy08/Downloads/devkitpro/libnds/lib/libnds9.a(initSystem.o) (vramDefault)
/Users/lwy08/Downloads/devkitpro/devkitARM/bin/../lib/gcc/arm-eabi/4.6.1/../../../../arm-eabi/lib/thumb/libg.a(lib_a-bsearch.o)
                              /Users/lwy08/Downloads/devkitpro/libnds/lib/libnds9.a(trig.o) (bsearch)
/Users/lwy08/Downloads/devkitpro/devkitARM/bin/../lib/gcc/arm-eabi/4.6.1/../../../../arm-eabi/lib/thumb/libg.a(lib_a-init.o)
                              /Users/lwy08/Downloads/devkitpro/devkitARM/bin/../lib/gcc/arm-eabi/4.6.1/../../../../arm-eabi/lib/thumb/ds_arm9_crt0.o (__libc_init_array)
/Users/lwy08/Downloads/devkitpro/devkitARM/bin/../lib/gcc/arm-eabi/4.6.1/../../../../arm-eabi/lib/thumb/libg.a(lib_a-malloc.o)
                              /Users/lwy08/Downloads/devkitpro/libnds/lib/libnds9.a(sprite_alloc.o) (malloc)
/Users/lwy08/Downloads/devkitpro/devkitARM/bin/../lib/gcc/arm-eabi/4.6.1/../../../../arm-eabi/lib/thumb/libg.a(lib_a-mallocr.o)
                              /Users/lwy08/Downloads/devkitpro/devkitARM/bin/../lib/gcc/arm-eabi/4.6.1/../../../../arm-eabi/lib/thumb/libg.a(lib_a-malloc.o) (_malloc_r)
/Users/lwy08/Downloads/devkitpro/devkitARM/bin/../lib/gcc/arm-eabi/4.6.1/../../../../arm-eabi/lib/thumb/libg.a(lib_a-memcpy.o)
                              /Users/lwy08/Downloads/devkitpro/libnds/lib/libnds9.a(fifosystem.o) (memcpy)
/Users/lwy08/Downloads/devkitpro/devkitARM/bin/../lib/gcc/arm-eabi/4.6.1/../../../../arm-eabi/lib/thumb/libg.a(lib_a-memset.o)
                              template.o (memset)
/Users/lwy08/Downloads/devkitpro/devkitARM/bin/../lib/gcc/arm-eabi/4.6.1/../../../../arm-eabi/lib/thumb/libg.a(lib_a-mlock.o)
                              /Users/lwy08/Downloads/devkitpro/devkitARM/bin/../lib/gcc/arm-eabi/4.6.1/../../../../arm-eabi/lib/thumb/libg.a(lib_a-mallocr.o) (__malloc_lock)
/Users/lwy08/Downloads/devkitpro/devkitARM/bin/../lib/gcc/arm-eabi/4.6.1/../../../../arm-eabi/lib/thumb/libg.a(lib_a-realloc.o)
                              /Users/lwy08/Downloads/devkitpro/libnds/lib/libnds9.a(sprite_alloc.o) (realloc)
/Users/lwy08/Downloads/devkitpro/devkitARM/bin/../lib/gcc/arm-eabi/4.6.1/../../../../arm-eabi/lib/thumb/libg.a(lib_a-reallocr.o)
                              /Users/lwy08/Downloads/devkitpro/devkitARM/bin/../lib/gcc/arm-eabi/4.6.1/../../../../arm-eabi/lib/thumb/libg.a(lib_a-realloc.o) (_realloc_r)
/Users/lwy08/Downloads/devkitpro/devkitARM/bin/../lib/gcc/arm-eabi/4.6.1/../../../../arm-eabi/lib/thumb/libg.a(lib_a-freer.o)
                              /Users/lwy08/Downloads/devkitpro/devkitARM/bin/../lib/gcc/arm-eabi/4.6.1/../../../../arm-eabi/lib/thumb/libg.a(lib_a-malloc.o) (_free_r)
/Users/lwy08/Downloads/devkitpro/devkitARM/bin/../lib/gcc/arm-eabi/4.6.1/../../../../arm-eabi/lib/thumb/libg.a(lib_a-impure.o)
                              /Users/lwy08/Downloads/devkitpro/devkitARM/bin/../lib/gcc/arm-eabi/4.6.1/../../../../arm-eabi/lib/thumb/libg.a(lib_a-malloc.o) (_impure_ptr)
/Users/lwy08/Downloads/devkitpro/devkitARM/bin/../lib/gcc/arm-eabi/4.6.1/../../../../arm-eabi/lib/thumb/libg.a(lib_a-memmove.o)
                              /Users/lwy08/Downloads/devkitpro/devkitARM/bin/../lib/gcc/arm-eabi/4.6.1/../../../../arm-eabi/lib/thumb/libg.a(lib_a-reallocr.o) (memmove)
/Users/lwy08/Downloads/devkitpro/devkitARM/bin/../lib/gcc/arm-eabi/4.6.1/../../../../arm-eabi/lib/thumb/libsysbase.a(sbrk.o)
                              /Users/lwy08/Downloads/devkitpro/devkitARM/bin/../lib/gcc/arm-eabi/4.6.1/../../../../arm-eabi/lib/thumb/libg.a(lib_a-mallocr.o) (_sbrk_r)
/Users/lwy08/Downloads/devkitpro/devkitARM/bin/../lib/gcc/arm-eabi/4.6.1/../../../../arm-eabi/lib/thumb/libsysbase.a(times.o)
                              /Users/lwy08/Downloads/devkitpro/libnds/lib/libnds9.a(initSystem.o) (punixTime)
/Users/lwy08/Downloads/devkitpro/devkitARM/bin/../lib/gcc/arm-eabi/4.6.1/../../../../arm-eabi/lib/thumb/libsysbase.a(malloc_vars.o)
                              /Users/lwy08/Downloads/devkitpro/devkitARM/bin/../lib/gcc/arm-eabi/4.6.1/../../../../arm-eabi/lib/thumb/ds_arm9_crt0.o (fake_heap_start)
/Users/lwy08/Downloads/devkitpro/devkitARM/bin/../lib/gcc/arm-eabi/4.6.1/../../../../arm-eabi/lib/thumb/libsysbase.a(build_argv.o)
                              /Users/lwy08/Downloads/devkitpro/devkitARM/bin/../lib/gcc/arm-eabi/4.6.1/../../../../arm-eabi/lib/thumb/ds_arm9_crt0.o (build_argv)
/Users/lwy08/Downloads/devkitpro/devkitARM/bin/../lib/gcc/arm-eabi/4.6.1/../../../../arm-eabi/lib/thumb/libsysbase.a(syscall_support.o)
                              /Users/lwy08/Downloads/devkitpro/libnds/lib/libnds9.a(initSystem.o) (__syscalls)
/Users/lwy08/Downloads/devkitpro/devkitARM/bin/../lib/gcc/arm-eabi/4.6.1/../../../../arm-eabi/lib/thumb/libg.a(lib_a-errno.o)
                              /Users/lwy08/Downloads/devkitpro/devkitARM/bin/../lib/gcc/arm-eabi/4.6.1/../../../../arm-eabi/lib/thumb/libsysbase.a(times.o) (__errno)

Allocating common symbols
Common symbol       size              file

fifo_datamsg_data   0x40              /Users/lwy08/Downloads/devkitpro/libnds/lib/libnds9.a(fifosystem.o)
__dsimode           0x1               /Users/lwy08/Downloads/devkitpro/libnds/lib/libnds9.a(initSystem.o)
fifo_buffer         0x800             /Users/lwy08/Downloads/devkitpro/libnds/lib/libnds9.a(fifosystem.o)
fifo_value32_func   0x40              /Users/lwy08/Downloads/devkitpro/libnds/lib/libnds9.a(fifosystem.o)
fifo_address_func   0x40              /Users/lwy08/Downloads/devkitpro/libnds/lib/libnds9.a(fifosystem.o)
fifo_value32_data   0x40              /Users/lwy08/Downloads/devkitpro/libnds/lib/libnds9.a(fifosystem.o)
fifo_value32_queue  0x40              /Users/lwy08/Downloads/devkitpro/libnds/lib/libnds9.a(fifosystem.o)
fifo_data_queue     0x40              /Users/lwy08/Downloads/devkitpro/libnds/lib/libnds9.a(fifosystem.o)
OamMemorySub        0x400             /Users/lwy08/Downloads/devkitpro/libnds/lib/libnds9.a(sprite.o)
punixTime           0x4               /Users/lwy08/Downloads/devkitpro/devkitARM/bin/../lib/gcc/arm-eabi/4.6.1/../../../../arm-eabi/lib/thumb/libsysbase.a(times.o)
fifo_address_data   0x40              /Users/lwy08/Downloads/devkitpro/libnds/lib/libnds9.a(fifosystem.o)
fifo_datamsg_func   0x40              /Users/lwy08/Downloads/devkitpro/libnds/lib/libnds9.a(fifosystem.o)
OamMemory           0x400             /Users/lwy08/Downloads/devkitpro/libnds/lib/libnds9.a(sprite.o)
fifo_address_queue  0x40              /Users/lwy08/Downloads/devkitpro/libnds/lib/libnds9.a(fifosystem.o)

Memory Configuration

Name             Origin             Length             Attributes
rom              0x08000000         0x02000000
ewram            0x02000000         0x003ff000
dtcm             0x0b000000         0x00004000
vectors          0x01000000         0x00000100
itcm             0x01000100         0x00007f00
*default*        0x00000000         0xffffffff

Linker script and memory map

                0x01000000                __vectors_start = ORIGIN (vectors)
                0x01000100                __itcm_start = ORIGIN (itcm)
                0x023ff000                __ewram_end = (ORIGIN (ewram) + 0x3ff000)
                0x023ff000                __eheap_end = (ORIGIN (ewram) + 0x3ff000)
                0x0b000000                __dtcm_start = ORIGIN (dtcm)
                0x0b004000                __dtcm_top = (ORIGIN (dtcm) + 0x4000)
                0x0b003ff8                __irq_flags = (__dtcm_top - 0x8)
                0x0b003ffc                __irq_vector = (__dtcm_top - 0x4)
                0x0b003f00                __sp_svc = (__dtcm_top - 0x100)
                0x0b003e00                __sp_irq = (__sp_svc - 0x100)
                0x0b003d00                __sp_usr = (__sp_irq - 0x100)

.init           0x02000000      0x23c
                0x02000000                __text_start = .
 *(.init)
 .init          0x02000000      0x230 /Users/lwy08/Downloads/devkitpro/devkitARM/bin/../lib/gcc/arm-eabi/4.6.1/../../../../arm-eabi/lib/thumb/ds_arm9_crt0.o
                0x02000000                _start
 .init          0x02000230        0x4 /Users/lwy08/Downloads/devkitpro/devkitARM/bin/../lib/gcc/arm-eabi/4.6.1/thumb/crti.o
                0x02000230                _init
 .init          0x02000234        0x8 /Users/lwy08/Downloads/devkitpro/devkitARM/bin/../lib/gcc/arm-eabi/4.6.1/thumb/crtn.o
                0x0200023c                . = ALIGN (0x4)

.plt
 *(.plt)

.text           0x02000240     0x3364
 *(EXCLUDE_FILE(*.itcm*) .text)
 .text          0x02000240        0x0 /Users/lwy08/Downloads/devkitpro/devkitARM/bin/../lib/gcc/arm-eabi/4.6.1/../../../../arm-eabi/lib/thumb/ds_arm9_crt0.o
 .text          0x02000240        0x0 /Users/lwy08/Downloads/devkitpro/devkitARM/bin/../lib/gcc/arm-eabi/4.6.1/thumb/crti.o
 .text          0x02000240       0x6c /Users/lwy08/Downloads/devkitpro/devkitARM/bin/../lib/gcc/arm-eabi/4.6.1/thumb/crtbegin.o
 .text          0x020002ac        0x0 man.o
 .text          0x020002ac        0x0 woman.o
 .text          0x020002ac       0xd0 template.o
                0x020002ac                animateMan
                0x020002e8                initMan
                0x02000308                animateWoman
                0x02000318                initWoman
 .text          0x0200037c       0xf4 /Users/lwy08/Downloads/devkitpro/libnds/lib/libnds9.a(keys.o)
                0x0200037c                scanKeys
                0x020003e8                keysHeld
                0x020003f4                keysDown
                0x02000404                keysDownRepeat
                0x02000414                keysSetRepeat
                0x0200042c                keysUp
                0x0200043c                keysCurrent
 .text          0x02000470      0x3f8 /Users/lwy08/Downloads/devkitpro/libnds/lib/libnds9.a(sprite.o)
                0x02000470                oamInit
                0x02000588                oamDisable
                0x020005b8                oamEnable
                0x020005dc                oamGetGfxPtr
                0x02000608                oamClear
                0x02000630                oamGfxPtrToOffset
                0x02000664                oamSet
                0x020007b0                oamUpdate
                0x02000810                oamRotateScale
 .text          0x02000868      0x460 /Users/lwy08/Downloads/devkitpro/libnds/lib/libnds9.a(sprite_alloc.o)
                0x02000898                oamAllocReset
                0x020008cc                oamAllocateGfx
                0x02000ae4                oamFreeGfx
                0x02000c80                oamCountFragments
 .text          0x02000cc8      0x248 /Users/lwy08/Downloads/devkitpro/libnds/lib/libnds9.a(trig.o)
                0x02000cc8                asinComp
                0x02000cec                sinLutLookup
                0x02000d28                sinLerp
                0x02000d60                cosLerp
                0x02000d74                tanLutLookup
                0x02000dac                tanLerp
                0x02000e5c                asinLerp
                0x02000ed8                acosLerp
                0x02000eec                atanComp
 .text          0x02000f10      0x19c /Users/lwy08/Downloads/devkitpro/libnds/lib/libnds9.a(initSystem.o)
                0x02000f10                initSystem
 .text          0x020010ac      0xc88 /Users/lwy08/Downloads/devkitpro/libnds/lib/libnds9.a(fifosystem.o)
                0x0200130c                fifoSendAddress
                0x02001338                fifoSendValue32
                0x02001378                fifoSendDatamsg
                0x020013e8                fifoGetAddress
                0x0200145c                fifoSetAddressHandler
                0x020014d0                fifoGetValue32
                0x02001544                fifoSetValue32Handler
                0x020015b8                fifoGetDatamsg
                0x02001a5c                fifoSetDatamsgHandler
                0x02001af4                fifoCheckAddress
                0x02001b18                fifoCheckDatamsg
                0x02001b3c                fifoCheckValue32
                0x02001b60                fifoInit
 .text          0x02001d34      0x1f4 /Users/lwy08/Downloads/devkitpro/libnds/lib/libnds9.a(interrupts.o)
                0x02001d34                irqDummy
                0x02001d38                irqSet
                0x02001da8                irqInit
                0x02001df4                irqInitHandler
                0x02001e24                irqEnable
                0x02001e88                irqDisable
                0x02001eec                irqClear
 .text          0x02001f28       0x40 /Users/lwy08/Downloads/devkitpro/libnds/lib/libnds9.a(libnds_exit.o)
                0x02001f28                systemErrorExit
                0x02001f2c                __libnds_exit
 .text          0x02001f68       0x70 /Users/lwy08/Downloads/devkitpro/libnds/lib/libnds9.a(dcache.o)
                0x02001f68                DC_FlushAll
                0x02001f94                DC_FlushRange
                0x02001fb0                DC_InvalidateAll
                0x02001fbc                DC_InvalidateRange
 .text          0x02001fd8      0x1b4 /Users/lwy08/Downloads/devkitpro/libnds/lib/libnds9.a(mpu_setup.o)
                0x02001fd8                __libnds_mpu_setup
                0x02002118                memCached
                0x02002130                memUncached
 *fill*         0x0200218c        0x4 ff
 .text          0x02002190       0x70 /Users/lwy08/Downloads/devkitpro/libnds/lib/libnds9.a(biosCalls.o)
                0x02002190                swiDelay
                0x02002194                swiIntrWait
                0x02002198                swiWaitForVBlank
                0x0200219c                swiSleep
                0x020021a0                swiChangeSoundBias
                0x020021a4                swiDivide
                0x020021a8                swiRemainder
                0x020021ae                swiDivMod
                0x020021ba                swiCopy
                0x020021be                swiFastCopy
                0x020021c2                swiSqrt
                0x020021c6                swiCRC16
                0x020021ca                swiIsDebugger
                0x020021ce                swiUnpackBits
                0x020021d2                swiDecompressLZSSWram
                0x020021d6                swiDecompressLZSSVramNTR
                0x020021da                swiDecompressLZSSVramTWL
                0x020021de                swiDecompressHuffman
                0x020021e2                swiDecompressRLEWram
                0x020021e6                swiDecompressRLEVram
                0x020021ea                swiWaitForIRQ
                0x020021ee                swiDecodeDelta8
                0x020021f2                swiDecodeDelta16
                0x020021f6                swiSetHaltCR
 .text          0x02002200        0x0 /Users/lwy08/Downloads/devkitpro/libnds/lib/libnds9.a(interruptDispatcher.o)
 .text          0x02002200       0x30 /Users/lwy08/Downloads/devkitpro/libnds/lib/libnds9.a(swiSoftReset.o)
                0x02002200                swiSoftReset
 .text          0x02002230       0xf0 /Users/lwy08/Downloads/devkitpro/libnds/lib/libnds9.a(system.o)
                0x02002230                systemMsgHandler
                0x02002274                systemSleep
                0x0200228c                powerValueHandler
                0x0200229c                powerOn
                0x020022c8                powerOff
                0x020022f0                ledBlink
                0x02002300                getBatteryLevel
 .text          0x02002320      0x150 /Users/lwy08/Downloads/devkitpro/libnds/lib/libnds9.a(video.o)
                0x02002320                vramSetPrimaryBanks
                0x02002364                vramSetMainBanks
                0x020023a8                vramSetBanks_EFG
                0x020023e0                vramRestorePrimaryBanks
                0x020023ec                vramRestoreMainBanks
                0x020023f8                vramRestoreBanks_EFG
                0x02002404                setBrightness
                0x02002444                vramDefault
 .text          0x02002470       0x64 /Users/lwy08/Downloads/devkitpro/devkitARM/bin/../lib/gcc/arm-eabi/4.6.1/../../../../arm-eabi/lib/thumb/libg.a(lib_a-bsearch.o)
                0x02002470                bsearch
 .text          0x020024d4       0x50 /Users/lwy08/Downloads/devkitpro/devkitARM/bin/../lib/gcc/arm-eabi/4.6.1/../../../../arm-eabi/lib/thumb/libg.a(lib_a-init.o)
                0x020024d4                __libc_init_array
 .text          0x02002524       0x30 /Users/lwy08/Downloads/devkitpro/devkitARM/bin/../lib/gcc/arm-eabi/4.6.1/../../../../arm-eabi/lib/thumb/libg.a(lib_a-malloc.o)
                0x02002524                malloc
                0x0200253c                free
 .text          0x02002554      0x514 /Users/lwy08/Downloads/devkitpro/devkitARM/bin/../lib/gcc/arm-eabi/4.6.1/../../../../arm-eabi/lib/thumb/libg.a(lib_a-mallocr.o)
                0x02002554                _malloc_r
 .text          0x02002a68       0x80 /Users/lwy08/Downloads/devkitpro/devkitARM/bin/../lib/gcc/arm-eabi/4.6.1/../../../../arm-eabi/lib/thumb/libg.a(lib_a-memcpy.o)
                0x02002a68                memcpy
 .text          0x02002ae8       0x98 /Users/lwy08/Downloads/devkitpro/devkitARM/bin/../lib/gcc/arm-eabi/4.6.1/../../../../arm-eabi/lib/thumb/libg.a(lib_a-memset.o)
                0x02002ae8                memset
 .text          0x02002b80        0x8 /Users/lwy08/Downloads/devkitpro/devkitARM/bin/../lib/gcc/arm-eabi/4.6.1/../../../../arm-eabi/lib/thumb/libg.a(lib_a-mlock.o)
                0x02002b80                __malloc_lock
                0x02002b84                __malloc_unlock
 .text          0x02002b88       0x1c /Users/lwy08/Downloads/devkitpro/devkitARM/bin/../lib/gcc/arm-eabi/4.6.1/../../../../arm-eabi/lib/thumb/libg.a(lib_a-realloc.o)
                0x02002b88                realloc
 .text          0x02002ba4      0x3c4 /Users/lwy08/Downloads/devkitpro/devkitARM/bin/../lib/gcc/arm-eabi/4.6.1/../../../../arm-eabi/lib/thumb/libg.a(lib_a-reallocr.o)
                0x02002ba4                _realloc_r
 .text          0x02002f68      0x248 /Users/lwy08/Downloads/devkitpro/devkitARM/bin/../lib/gcc/arm-eabi/4.6.1/../../../../arm-eabi/lib/thumb/libg.a(lib_a-freer.o)
                0x02002f68                _malloc_trim_r
                0x02003014                _free_r
 .text          0x020031b0        0x0 /Users/lwy08/Downloads/devkitpro/devkitARM/bin/../lib/gcc/arm-eabi/4.6.1/../../../../arm-eabi/lib/thumb/libg.a(lib_a-impure.o)
 .text          0x020031b0       0xa8 /Users/lwy08/Downloads/devkitpro/devkitARM/bin/../lib/gcc/arm-eabi/4.6.1/../../../../arm-eabi/lib/thumb/libg.a(lib_a-memmove.o)
                0x020031b0                memmove
 .text          0x02003258       0x54 /Users/lwy08/Downloads/devkitpro/devkitARM/bin/../lib/gcc/arm-eabi/4.6.1/../../../../arm-eabi/lib/thumb/libsysbase.a(sbrk.o)
                0x02003258                _sbrk_r
 .text          0x020032ac       0x48 /Users/lwy08/Downloads/devkitpro/devkitARM/bin/../lib/gcc/arm-eabi/4.6.1/../../../../arm-eabi/lib/thumb/libsysbase.a(times.o)
                0x020032ac                _times
                0x020032c0                _times_r
                0x020032c8                _gettimeofday_r
 .text          0x020032f4        0x0 /Users/lwy08/Downloads/devkitpro/devkitARM/bin/../lib/gcc/arm-eabi/4.6.1/../../../../arm-eabi/lib/thumb/libsysbase.a(malloc_vars.o)
 .text          0x020032f4       0x48 /Users/lwy08/Downloads/devkitpro/devkitARM/bin/../lib/gcc/arm-eabi/4.6.1/../../../../arm-eabi/lib/thumb/libsysbase.a(build_argv.o)
                0x020032f4                build_argv
 .text          0x0200333c        0x0 /Users/lwy08/Downloads/devkitpro/devkitARM/bin/../lib/gcc/arm-eabi/4.6.1/../../../../arm-eabi/lib/thumb/libsysbase.a(syscall_support.o)
 .text          0x0200333c        0xc /Users/lwy08/Downloads/devkitpro/devkitARM/bin/../lib/gcc/arm-eabi/4.6.1/../../../../arm-eabi/lib/thumb/libg.a(lib_a-errno.o)
                0x0200333c                __errno
 .text          0x02003348        0x0 /Users/lwy08/Downloads/devkitpro/devkitARM/bin/../lib/gcc/arm-eabi/4.6.1/thumb/crtend.o
 .text          0x02003348        0x0 /Users/lwy08/Downloads/devkitpro/devkitARM/bin/../lib/gcc/arm-eabi/4.6.1/thumb/crtn.o
 *(.text.*)
 .text.startup  0x02003348      0x25c template.o
                0x02003348                main
 *(.stub)
 *(.gnu.warning)
 *(.gnu.linkonce.t*)
 *(.glue_7)
 .glue_7        0x00000000        0x0 linker stubs
 *(.glue_7t)
 .glue_7t       0x00000000        0x0 linker stubs
                0x020035a4                . = ALIGN (0x4)

.vfp11_veneer   0x020035a4        0x0
 .vfp11_veneer  0x00000000        0x0 linker stubs

.v4_bx          0x020035a4        0x0
 .v4_bx         0x00000000        0x0 linker stubs

.fini           0x020035a4        0xc
 *(.fini)
 .fini          0x020035a4        0x4 /Users/lwy08/Downloads/devkitpro/devkitARM/bin/../lib/gcc/arm-eabi/4.6.1/thumb/crti.o
                0x020035a4                _fini
 .fini          0x020035a8        0x8 /Users/lwy08/Downloads/devkitpro/devkitARM/bin/../lib/gcc/arm-eabi/4.6.1/thumb/crtn.o
                0x020035b0                __text_end = .

.rodata         0x020035b0     0x6710
 *(.rodata)
 .rodata        0x020035b0     0x3200 man.o
                0x020035b0                manTiles
                0x020065b0                manPal
 .rodata        0x020067b0     0x3200 woman.o
                0x020067b0                womanTiles
                0x020097b0                womanPal
 .rodata        0x020099b0      0x308 /Users/lwy08/Downloads/devkitpro/libnds/lib/libnds9.a(trig.o)
                0x020099b0                SIN_LUT
                0x02009ab4                TAN_LUT
 .rodata        0x02009cb8        0x4 /Users/lwy08/Downloads/devkitpro/devkitARM/bin/../lib/gcc/arm-eabi/4.6.1/../../../../arm-eabi/lib/thumb/libg.a(lib_a-impure.o)
                0x02009cb8                _global_impure_ptr
 *all.rodata*(*)
 *(.roda)
 *(.rodata.*)
 .rodata.str1.4
                0x02009cbc        0x4 /Users/lwy08/Downloads/devkitpro/devkitARM/bin/../lib/gcc/arm-eabi/4.6.1/../../../../arm-eabi/lib/thumb/libg.a(lib_a-impure.o)
 *(.gnu.linkonce.r*)
                0x02009cc0                . = ALIGN (0x4)

.ARM.extab
 *(.ARM.extab* .gnu.linkonce.armextab.*)
                0x02009cc0                __exidx_start = .

ARM.exidx
 *(.ARM.exidx* .gnu.linkonce.armexidx.*)
                0x02009cc0                __exidx_end = .
                0x02009cc0                . = ALIGN (0x4)
                0x02009cc0                PROVIDE (__preinit_array_start, .)

.preinit_array
 *(.preinit_array)
                0x02009cc0                PROVIDE (__preinit_array_end, .)
                0x02009cc0                PROVIDE (__init_array_start, .)

.init_array     0x02009cc0        0x4
 *(SORT(.init_array.*))
 *(.init_array)
 .init_array    0x02009cc0        0x4 /Users/lwy08/Downloads/devkitpro/devkitARM/bin/../lib/gcc/arm-eabi/4.6.1/thumb/crtbegin.o
                0x02009cc4                PROVIDE (__init_array_end, .)
                0x02009cc4                PROVIDE (__fini_array_start, .)

.fini_array     0x02009cc4        0x4
 *(.fini_array)
 .fini_array    0x02009cc4        0x4 /Users/lwy08/Downloads/devkitpro/devkitARM/bin/../lib/gcc/arm-eabi/4.6.1/thumb/crtbegin.o
 *(SORT(.fini_array.*))
                0x02009cc8                PROVIDE (__fini_array_end, .)

.ctors          0x02009cc8        0x0
 *crtbegin.o(.ctors)
 *(EXCLUDE_FILE(*crtend.o) .ctors)
 *(SORT(.ctors.*))
 *(.ctors)
                0x02009cc8                . = ALIGN (0x4)

.dtors          0x02009cc8        0x0
 *crtbegin.o(.dtors)
 *(EXCLUDE_FILE(*crtend.o) .dtors)
 *(SORT(.dtors.*))
 *(.dtors)
                0x02009cc8                . = ALIGN (0x4)

.eh_frame       0x02009cc8        0x4
 *(.eh_frame)
 .eh_frame      0x02009cc8        0x0 /Users/lwy08/Downloads/devkitpro/devkitARM/bin/../lib/gcc/arm-eabi/4.6.1/thumb/crtbegin.o
 .eh_frame      0x02009cc8        0x4 /Users/lwy08/Downloads/devkitpro/devkitARM/bin/../lib/gcc/arm-eabi/4.6.1/thumb/crtend.o
                0x02009ccc                . = ALIGN (0x4)

.gcc_except_table
                0x02009ccc        0x0
 *(.gcc_except_table)
                0x02009ccc                . = ALIGN (0x4)

.jcr            0x02009ccc        0x4
 *(.jcr)
 .jcr           0x02009ccc        0x0 /Users/lwy08/Downloads/devkitpro/devkitARM/bin/../lib/gcc/arm-eabi/4.6.1/thumb/crtbegin.o
 .jcr           0x02009ccc        0x4 /Users/lwy08/Downloads/devkitpro/devkitARM/bin/../lib/gcc/arm-eabi/4.6.1/thumb/crtend.o

.got
 *(.got.plt)
 *(.got)
 *(.rel.got)

.ewram          0x02009cd0        0x0
                0x02009cd0                __ewram_start = ABSOLUTE (.)
 *(.ewram)
 *ewram.*(.text)
                0x02009cd0                . = ALIGN (0x4)

.data           0x02009cd0      0x888
                0x02009cd0                __data_start = ABSOLUTE (.)
 *(.data)
 .data          0x02009cd0        0x0 /Users/lwy08/Downloads/devkitpro/devkitARM/bin/../lib/gcc/arm-eabi/4.6.1/../../../../arm-eabi/lib/thumb/ds_arm9_crt0.o
 .data          0x02009cd0        0x0 /Users/lwy08/Downloads/devkitpro/devkitARM/bin/../lib/gcc/arm-eabi/4.6.1/thumb/crti.o
 .data          0x02009cd0        0x4 /Users/lwy08/Downloads/devkitpro/devkitARM/bin/../lib/gcc/arm-eabi/4.6.1/thumb/crtbegin.o
                0x02009cd0                __dso_handle
 .data          0x02009cd4        0x0 man.o
 .data          0x02009cd4        0x0 woman.o
 .data          0x02009cd4        0x0 template.o
 .data          0x02009cd4        0x3 /Users/lwy08/Downloads/devkitpro/libnds/lib/libnds9.a(keys.o)
 *fill*         0x02009cd7        0x1 ff
 .data          0x02009cd8       0x30 /Users/lwy08/Downloads/devkitpro/libnds/lib/libnds9.a(sprite.o)
                0x02009cd8                oamMain
                0x02009cf0                oamSub
 .data          0x02009d08        0x0 /Users/lwy08/Downloads/devkitpro/libnds/lib/libnds9.a(sprite_alloc.o)
 .data          0x02009d08        0x0 /Users/lwy08/Downloads/devkitpro/libnds/lib/libnds9.a(trig.o)
 .data          0x02009d08        0x0 /Users/lwy08/Downloads/devkitpro/libnds/lib/libnds9.a(initSystem.o)
 .data          0x02009d08       0x10 /Users/lwy08/Downloads/devkitpro/libnds/lib/libnds9.a(fifosystem.o)
                0x02009d08                fifo_freewords
                0x02009d0c                fifo_buffer_free
                0x02009d10                fifo_send_queue
                0x02009d14                fifo_receive_queue
 .data          0x02009d18        0x0 /Users/lwy08/Downloads/devkitpro/libnds/lib/libnds9.a(interrupts.o)
 .data          0x02009d18        0x0 /Users/lwy08/Downloads/devkitpro/libnds/lib/libnds9.a(libnds_exit.o)
 .data          0x02009d18        0x0 /Users/lwy08/Downloads/devkitpro/libnds/lib/libnds9.a(dcache.o)
 .data          0x02009d18        0x0 /Users/lwy08/Downloads/devkitpro/libnds/lib/libnds9.a(mpu_setup.o)
 .data          0x02009d18        0x0 /Users/lwy08/Downloads/devkitpro/libnds/lib/libnds9.a(biosCalls.o)
 .data          0x02009d18        0x0 /Users/lwy08/Downloads/devkitpro/libnds/lib/libnds9.a(interruptDispatcher.o)
 .data          0x02009d18        0x0 /Users/lwy08/Downloads/devkitpro/libnds/lib/libnds9.a(swiSoftReset.o)
 .data          0x02009d18        0x0 /Users/lwy08/Downloads/devkitpro/libnds/lib/libnds9.a(system.o)
 .data          0x02009d18        0x0 /Users/lwy08/Downloads/devkitpro/libnds/lib/libnds9.a(video.o)
 .data          0x02009d18        0x0 /Users/lwy08/Downloads/devkitpro/devkitARM/bin/../lib/gcc/arm-eabi/4.6.1/../../../../arm-eabi/lib/thumb/libg.a(lib_a-bsearch.o)
 .data          0x02009d18        0x0 /Users/lwy08/Downloads/devkitpro/devkitARM/bin/../lib/gcc/arm-eabi/4.6.1/../../../../arm-eabi/lib/thumb/libg.a(lib_a-init.o)
 .data          0x02009d18        0x0 /Users/lwy08/Downloads/devkitpro/devkitARM/bin/../lib/gcc/arm-eabi/4.6.1/../../../../arm-eabi/lib/thumb/libg.a(lib_a-malloc.o)
 .data          0x02009d18      0x410 /Users/lwy08/Downloads/devkitpro/devkitARM/bin/../lib/gcc/arm-eabi/4.6.1/../../../../arm-eabi/lib/thumb/libg.a(lib_a-mallocr.o)
                0x02009d18                __malloc_av_
                0x0200a120                __malloc_sbrk_base
                0x0200a124                __malloc_trim_threshold
 .data          0x0200a128        0x0 /Users/lwy08/Downloads/devkitpro/devkitARM/bin/../lib/gcc/arm-eabi/4.6.1/../../../../arm-eabi/lib/thumb/libg.a(lib_a-memcpy.o)
 .data          0x0200a128        0x0 /Users/lwy08/Downloads/devkitpro/devkitARM/bin/../lib/gcc/arm-eabi/4.6.1/../../../../arm-eabi/lib/thumb/libg.a(lib_a-memset.o)
 .data          0x0200a128        0x0 /Users/lwy08/Downloads/devkitpro/devkitARM/bin/../lib/gcc/arm-eabi/4.6.1/../../../../arm-eabi/lib/thumb/libg.a(lib_a-mlock.o)
 .data          0x0200a128        0x0 /Users/lwy08/Downloads/devkitpro/devkitARM/bin/../lib/gcc/arm-eabi/4.6.1/../../../../arm-eabi/lib/thumb/libg.a(lib_a-realloc.o)
 .data          0x0200a128        0x0 /Users/lwy08/Downloads/devkitpro/devkitARM/bin/../lib/gcc/arm-eabi/4.6.1/../../../../arm-eabi/lib/thumb/libg.a(lib_a-reallocr.o)
 .data          0x0200a128        0x0 /Users/lwy08/Downloads/devkitpro/devkitARM/bin/../lib/gcc/arm-eabi/4.6.1/../../../../arm-eabi/lib/thumb/libg.a(lib_a-freer.o)
 .data          0x0200a128      0x430 /Users/lwy08/Downloads/devkitpro/devkitARM/bin/../lib/gcc/arm-eabi/4.6.1/../../../../arm-eabi/lib/thumb/libg.a(lib_a-impure.o)
                0x0200a128                _impure_ptr
 .data          0x0200a558        0x0 /Users/lwy08/Downloads/devkitpro/devkitARM/bin/../lib/gcc/arm-eabi/4.6.1/../../../../arm-eabi/lib/thumb/libg.a(lib_a-memmove.o)
 .data          0x0200a558        0x0 /Users/lwy08/Downloads/devkitpro/devkitARM/bin/../lib/gcc/arm-eabi/4.6.1/../../../../arm-eabi/lib/thumb/libsysbase.a(sbrk.o)
 .data          0x0200a558        0x0 /Users/lwy08/Downloads/devkitpro/devkitARM/bin/../lib/gcc/arm-eabi/4.6.1/../../../../arm-eabi/lib/thumb/libsysbase.a(times.o)
 .data          0x0200a558        0x0 /Users/lwy08/Downloads/devkitpro/devkitARM/bin/../lib/gcc/arm-eabi/4.6.1/../../../../arm-eabi/lib/thumb/libsysbase.a(malloc_vars.o)
 .data          0x0200a558        0x0 /Users/lwy08/Downloads/devkitpro/devkitARM/bin/../lib/gcc/arm-eabi/4.6.1/../../../../arm-eabi/lib/thumb/libsysbase.a(build_argv.o)
 .data          0x0200a558        0x0 /Users/lwy08/Downloads/devkitpro/devkitARM/bin/../lib/gcc/arm-eabi/4.6.1/../../../../arm-eabi/lib/thumb/libsysbase.a(syscall_support.o)
 .data          0x0200a558        0x0 /Users/lwy08/Downloads/devkitpro/devkitARM/bin/../lib/gcc/arm-eabi/4.6.1/../../../../arm-eabi/lib/thumb/libg.a(lib_a-errno.o)
 .data          0x0200a558        0x0 /Users/lwy08/Downloads/devkitpro/devkitARM/bin/../lib/gcc/arm-eabi/4.6.1/thumb/crtend.o
 .data          0x0200a558        0x0 /Users/lwy08/Downloads/devkitpro/devkitARM/bin/../lib/gcc/arm-eabi/4.6.1/thumb/crtn.o
 *(.data.*)
 *(.gnu.linkonce.d*)
                0x0200a558                . = ALIGN (0x4)
                0x0200a558                __data_end = ABSOLUTE (.)
                0x0200a558                __dtcm_lma = .
                0x0200a558                __bss_vma = .

.dtcm           0x0b000000        0x0 load address 0x0200a558
 *(.dtcm)
 *(.dtcm.*)
                0x0b000000                . = ALIGN (0x4)
                0x0b000000                __dtcm_end = ABSOLUTE (.)
                0x0200a558                __itcm_lma = (__dtcm_lma + SIZEOF (.dtcm))

.itcm           0x01000100      0x194 load address 0x0200a558
 *(.itcm)
 .itcm          0x01000100       0xc8 /Users/lwy08/Downloads/devkitpro/libnds/lib/libnds9.a(interrupts.o)
                0x01000100                irqTable
 .itcm          0x010001c8       0xcc /Users/lwy08/Downloads/devkitpro/libnds/lib/libnds9.a(interruptDispatcher.o)
                0x010001c8                IntrMain
 *itcm.*(.text)
                0x01000294                . = ALIGN (0x4)
                0x01000294                __itcm_end = ABSOLUTE (.)
                0x0200a6ec                __vectors_lma = (__itcm_lma + SIZEOF (.itcm))

.vectors        0x01000000        0x0 load address 0x0200a6ec
 *(.vectors)
 *vectors.*(.text)
                0x01000000                . = ALIGN (0x4)
                0x01000000                __vectors_end = ABSOLUTE (.)

.sbss           0x0b000000        0x0
                0x0b000000                __sbss_start = ABSOLUTE (.)
                0x0b000000                __sbss_start__ = ABSOLUTE (.)
 *(.sbss)
                0x0b000000                . = ALIGN (0x4)
                0x0b000000                __sbss_end = ABSOLUTE (.)

.bss            0x0200a558     0x12bc
                0x0200a558                __bss_start = ABSOLUTE (.)
                0x0200a558                __bss_start__ = ABSOLUTE (.)
 *(.dynbss)
 *(.gnu.linkonce.b*)
 *(.bss*)
 .bss           0x0200a558        0x0 /Users/lwy08/Downloads/devkitpro/devkitARM/bin/../lib/gcc/arm-eabi/4.6.1/../../../../arm-eabi/lib/thumb/ds_arm9_crt0.o
 .bss           0x0200a558        0x0 /Users/lwy08/Downloads/devkitpro/devkitARM/bin/../lib/gcc/arm-eabi/4.6.1/thumb/crti.o
 .bss           0x0200a558       0x1c /Users/lwy08/Downloads/devkitpro/devkitARM/bin/../lib/gcc/arm-eabi/4.6.1/thumb/crtbegin.o
 .bss           0x0200a574        0x0 man.o
 .bss           0x0200a574        0x0 woman.o
 .bss           0x0200a574        0x0 template.o
 .bss           0x0200a574        0x6 /Users/lwy08/Downloads/devkitpro/libnds/lib/libnds9.a(keys.o)
 .bss           0x0200a57a        0x0 /Users/lwy08/Downloads/devkitpro/libnds/lib/libnds9.a(sprite.o)
 .bss           0x0200a57a        0x0 /Users/lwy08/Downloads/devkitpro/libnds/lib/libnds9.a(sprite_alloc.o)
 .bss           0x0200a57a        0x0 /Users/lwy08/Downloads/devkitpro/libnds/lib/libnds9.a(trig.o)
 .bss           0x0200a57a        0x0 /Users/lwy08/Downloads/devkitpro/libnds/lib/libnds9.a(initSystem.o)
 *fill*         0x0200a57a        0x2 00
 .bss           0x0200a57c        0x8 /Users/lwy08/Downloads/devkitpro/libnds/lib/libnds9.a(fifosystem.o)
                0x0200a580                processing
 .bss           0x0200a584        0x0 /Users/lwy08/Downloads/devkitpro/libnds/lib/libnds9.a(interrupts.o)
 .bss           0x0200a584        0x0 /Users/lwy08/Downloads/devkitpro/libnds/lib/libnds9.a(libnds_exit.o)
 .bss           0x0200a584        0x0 /Users/lwy08/Downloads/devkitpro/libnds/lib/libnds9.a(dcache.o)
 .bss           0x0200a584        0x0 /Users/lwy08/Downloads/devkitpro/libnds/lib/libnds9.a(mpu_setup.o)
 .bss           0x0200a584        0x0 /Users/lwy08/Downloads/devkitpro/libnds/lib/libnds9.a(biosCalls.o)
 .bss           0x0200a584        0x0 /Users/lwy08/Downloads/devkitpro/libnds/lib/libnds9.a(interruptDispatcher.o)
 .bss           0x0200a584        0x0 /Users/lwy08/Downloads/devkitpro/libnds/lib/libnds9.a(swiSoftReset.o)
 .bss           0x0200a584        0x0 /Users/lwy08/Downloads/devkitpro/libnds/lib/libnds9.a(system.o)
 .bss           0x0200a584        0x0 /Users/lwy08/Downloads/devkitpro/libnds/lib/libnds9.a(video.o)
 .bss           0x0200a584        0x0 /Users/lwy08/Downloads/devkitpro/devkitARM/bin/../lib/gcc/arm-eabi/4.6.1/../../../../arm-eabi/lib/thumb/libg.a(lib_a-bsearch.o)
 .bss           0x0200a584        0x0 /Users/lwy08/Downloads/devkitpro/devkitARM/bin/../lib/gcc/arm-eabi/4.6.1/../../../../arm-eabi/lib/thumb/libg.a(lib_a-init.o)
 .bss           0x0200a584        0x0 /Users/lwy08/Downloads/devkitpro/devkitARM/bin/../lib/gcc/arm-eabi/4.6.1/../../../../arm-eabi/lib/thumb/libg.a(lib_a-malloc.o)
 .bss           0x0200a584       0x34 /Users/lwy08/Downloads/devkitpro/devkitARM/bin/../lib/gcc/arm-eabi/4.6.1/../../../../arm-eabi/lib/thumb/libg.a(lib_a-mallocr.o)
                0x0200a584                __malloc_top_pad
                0x0200a588                __malloc_current_mallinfo
                0x0200a5b0                __malloc_max_sbrked_mem
                0x0200a5b4                __malloc_max_total_mem
 .bss           0x0200a5b8        0x0 /Users/lwy08/Downloads/devkitpro/devkitARM/bin/../lib/gcc/arm-eabi/4.6.1/../../../../arm-eabi/lib/thumb/libg.a(lib_a-memcpy.o)
 .bss           0x0200a5b8        0x0 /Users/lwy08/Downloads/devkitpro/devkitARM/bin/../lib/gcc/arm-eabi/4.6.1/../../../../arm-eabi/lib/thumb/libg.a(lib_a-memset.o)
 .bss           0x0200a5b8        0x0 /Users/lwy08/Downloads/devkitpro/devkitARM/bin/../lib/gcc/arm-eabi/4.6.1/../../../../arm-eabi/lib/thumb/libg.a(lib_a-mlock.o)
 .bss           0x0200a5b8        0x0 /Users/lwy08/Downloads/devkitpro/devkitARM/bin/../lib/gcc/arm-eabi/4.6.1/../../../../arm-eabi/lib/thumb/libg.a(lib_a-realloc.o)
 .bss           0x0200a5b8        0x0 /Users/lwy08/Downloads/devkitpro/devkitARM/bin/../lib/gcc/arm-eabi/4.6.1/../../../../arm-eabi/lib/thumb/libg.a(lib_a-reallocr.o)
 .bss           0x0200a5b8        0x0 /Users/lwy08/Downloads/devkitpro/devkitARM/bin/../lib/gcc/arm-eabi/4.6.1/../../../../arm-eabi/lib/thumb/libg.a(lib_a-freer.o)
 .bss           0x0200a5b8        0x0 /Users/lwy08/Downloads/devkitpro/devkitARM/bin/../lib/gcc/arm-eabi/4.6.1/../../../../arm-eabi/lib/thumb/libg.a(lib_a-impure.o)
 .bss           0x0200a5b8        0x0 /Users/lwy08/Downloads/devkitpro/devkitARM/bin/../lib/gcc/arm-eabi/4.6.1/../../../../arm-eabi/lib/thumb/libg.a(lib_a-memmove.o)
 .bss           0x0200a5b8        0x4 /Users/lwy08/Downloads/devkitpro/devkitARM/bin/../lib/gcc/arm-eabi/4.6.1/../../../../arm-eabi/lib/thumb/libsysbase.a(sbrk.o)
 .bss           0x0200a5bc        0x0 /Users/lwy08/Downloads/devkitpro/devkitARM/bin/../lib/gcc/arm-eabi/4.6.1/../../../../arm-eabi/lib/thumb/libsysbase.a(times.o)
 .bss           0x0200a5bc        0x8 /Users/lwy08/Downloads/devkitpro/devkitARM/bin/../lib/gcc/arm-eabi/4.6.1/../../../../arm-eabi/lib/thumb/libsysbase.a(malloc_vars.o)
                0x0200a5bc                fake_heap_start
                0x0200a5c0                fake_heap_end
 .bss           0x0200a5c4        0x0 /Users/lwy08/Downloads/devkitpro/devkitARM/bin/../lib/gcc/arm-eabi/4.6.1/../../../../arm-eabi/lib/thumb/libsysbase.a(build_argv.o)
 .bss           0x0200a5c4        0x8 /Users/lwy08/Downloads/devkitpro/devkitARM/bin/../lib/gcc/arm-eabi/4.6.1/../../../../arm-eabi/lib/thumb/libsysbase.a(syscall_support.o)
                0x0200a5c4                __syscalls
 .bss           0x0200a5cc        0x0 /Users/lwy08/Downloads/devkitpro/devkitARM/bin/../lib/gcc/arm-eabi/4.6.1/../../../../arm-eabi/lib/thumb/libg.a(lib_a-errno.o)
 .bss           0x0200a5cc        0x0 /Users/lwy08/Downloads/devkitpro/devkitARM/bin/../lib/gcc/arm-eabi/4.6.1/thumb/crtend.o
 .bss           0x0200a5cc        0x0 /Users/lwy08/Downloads/devkitpro/devkitARM/bin/../lib/gcc/arm-eabi/4.6.1/thumb/crtn.o
 *(COMMON)
 COMMON         0x0200a5cc      0x800 /Users/lwy08/Downloads/devkitpro/libnds/lib/libnds9.a(sprite.o)
                0x0200a5cc                OamMemorySub
                0x0200a9cc                OamMemory
 COMMON         0x0200adcc        0x1 /Users/lwy08/Downloads/devkitpro/libnds/lib/libnds9.a(initSystem.o)
                0x0200adcc                __dsimode
 *fill*         0x0200adcd        0x3 00
 COMMON         0x0200add0      0xa40 /Users/lwy08/Downloads/devkitpro/libnds/lib/libnds9.a(fifosystem.o)
                0x0200add0                fifo_datamsg_data
                0x0200ae10                fifo_buffer
                0x0200b610                fifo_value32_func
                0x0200b650                fifo_address_func
                0x0200b690                fifo_value32_data
                0x0200b6d0                fifo_value32_queue
                0x0200b710                fifo_data_queue
                0x0200b750                fifo_address_data
                0x0200b790                fifo_datamsg_func
                0x0200b7d0                fifo_address_queue
 COMMON         0x0200b810        0x4 /Users/lwy08/Downloads/devkitpro/devkitARM/bin/../lib/gcc/arm-eabi/4.6.1/../../../../arm-eabi/lib/thumb/libsysbase.a(times.o)
                0x0200b810                punixTime
                0x0200b814                . = ALIGN (0x4)
                0x0200b814                __bss_end__ = ABSOLUTE (.)
                0x0200b814                __end__ = ABSOLUTE (.)

.stab
 *(.stab)

.stabstr
 *(.stabstr)

.stab.excl
 *(.stab.excl)

.stab.exclstr
 *(.stab.exclstr)

.stab.index
 *(.stab.index)

.stab.indexstr
 *(.stab.indexstr)

.ARM.attributes
                0x00000000       0x2f load address 0x0200a558
 .ARM.attributes
                0x00000000       0x23 /Users/lwy08/Downloads/devkitpro/devkitARM/bin/../lib/gcc/arm-eabi/4.6.1/../../../../arm-eabi/lib/thumb/ds_arm9_crt0.o
 .ARM.attributes
                0x00000023       0x18 /Users/lwy08/Downloads/devkitpro/devkitARM/bin/../lib/gcc/arm-eabi/4.6.1/thumb/crti.o
 .ARM.attributes
                0x0000003b       0x32 /Users/lwy08/Downloads/devkitpro/devkitARM/bin/../lib/gcc/arm-eabi/4.6.1/thumb/crtbegin.o
 .ARM.attributes
                0x0000006d       0x16 man.o
 .ARM.attributes
                0x00000083       0x16 woman.o
 .ARM.attributes
                0x00000099       0x29 template.o
 .ARM.attributes
                0x000000c2       0x29 /Users/lwy08/Downloads/devkitpro/libnds/lib/libnds9.a(keys.o)
 .ARM.attributes
                0x000000eb       0x29 /Users/lwy08/Downloads/devkitpro/libnds/lib/libnds9.a(sprite.o)
 .ARM.attributes
                0x00000114       0x29 /Users/lwy08/Downloads/devkitpro/libnds/lib/libnds9.a(sprite_alloc.o)
 .ARM.attributes
                0x0000013d       0x29 /Users/lwy08/Downloads/devkitpro/libnds/lib/libnds9.a(trig.o)
 .ARM.attributes
                0x00000166       0x29 /Users/lwy08/Downloads/devkitpro/libnds/lib/libnds9.a(initSystem.o)
 .ARM.attributes
                0x0000018f       0x29 /Users/lwy08/Downloads/devkitpro/libnds/lib/libnds9.a(fifosystem.o)
 .ARM.attributes
                0x000001b8       0x29 /Users/lwy08/Downloads/devkitpro/libnds/lib/libnds9.a(interrupts.o)
 .ARM.attributes
                0x000001e1       0x29 /Users/lwy08/Downloads/devkitpro/libnds/lib/libnds9.a(libnds_exit.o)
 .ARM.attributes
                0x0000020a       0x1d /Users/lwy08/Downloads/devkitpro/libnds/lib/libnds9.a(dcache.o)
 .ARM.attributes
                0x00000227       0x23 /Users/lwy08/Downloads/devkitpro/libnds/lib/libnds9.a(mpu_setup.o)
 .ARM.attributes
                0x0000024a       0x1d /Users/lwy08/Downloads/devkitpro/libnds/lib/libnds9.a(biosCalls.o)
 .ARM.attributes
                0x00000267       0x1d /Users/lwy08/Downloads/devkitpro/libnds/lib/libnds9.a(interruptDispatcher.o)
 .ARM.attributes
                0x00000284       0x23 /Users/lwy08/Downloads/devkitpro/libnds/lib/libnds9.a(swiSoftReset.o)
 .ARM.attributes
                0x000002a7       0x29 /Users/lwy08/Downloads/devkitpro/libnds/lib/libnds9.a(system.o)
 .ARM.attributes
                0x000002d0       0x29 /Users/lwy08/Downloads/devkitpro/libnds/lib/libnds9.a(video.o)
 .ARM.attributes
                0x000002f9       0x32 /Users/lwy08/Downloads/devkitpro/devkitARM/bin/../lib/gcc/arm-eabi/4.6.1/../../../../arm-eabi/lib/thumb/libg.a(lib_a-bsearch.o)
 .ARM.attributes
                0x0000032b       0x32 /Users/lwy08/Downloads/devkitpro/devkitARM/bin/../lib/gcc/arm-eabi/4.6.1/../../../../arm-eabi/lib/thumb/libg.a(lib_a-init.o)
 .ARM.attributes
                0x0000035d       0x32 /Users/lwy08/Downloads/devkitpro/devkitARM/bin/../lib/gcc/arm-eabi/4.6.1/../../../../arm-eabi/lib/thumb/libg.a(lib_a-malloc.o)
 .ARM.attributes
                0x0000038f       0x32 /Users/lwy08/Downloads/devkitpro/devkitARM/bin/../lib/gcc/arm-eabi/4.6.1/../../../../arm-eabi/lib/thumb/libg.a(lib_a-mallocr.o)
 .ARM.attributes
                0x000003c1       0x32 /Users/lwy08/Downloads/devkitpro/devkitARM/bin/../lib/gcc/arm-eabi/4.6.1/../../../../arm-eabi/lib/thumb/libg.a(lib_a-memcpy.o)
 .ARM.attributes
                0x000003f3       0x32 /Users/lwy08/Downloads/devkitpro/devkitARM/bin/../lib/gcc/arm-eabi/4.6.1/../../../../arm-eabi/lib/thumb/libg.a(lib_a-memset.o)
 .ARM.attributes
                0x00000425       0x32 /Users/lwy08/Downloads/devkitpro/devkitARM/bin/../lib/gcc/arm-eabi/4.6.1/../../../../arm-eabi/lib/thumb/libg.a(lib_a-mlock.o)
 .ARM.attributes
                0x00000457       0x32 /Users/lwy08/Downloads/devkitpro/devkitARM/bin/../lib/gcc/arm-eabi/4.6.1/../../../../arm-eabi/lib/thumb/libg.a(lib_a-realloc.o)
 .ARM.attributes
                0x00000489       0x32 /Users/lwy08/Downloads/devkitpro/devkitARM/bin/../lib/gcc/arm-eabi/4.6.1/../../../../arm-eabi/lib/thumb/libg.a(lib_a-reallocr.o)
 .ARM.attributes
                0x000004bb       0x32 /Users/lwy08/Downloads/devkitpro/devkitARM/bin/../lib/gcc/arm-eabi/4.6.1/../../../../arm-eabi/lib/thumb/libg.a(lib_a-freer.o)
 .ARM.attributes
                0x000004ed       0x32 /Users/lwy08/Downloads/devkitpro/devkitARM/bin/../lib/gcc/arm-eabi/4.6.1/../../../../arm-eabi/lib/thumb/libg.a(lib_a-impure.o)
 .ARM.attributes
                0x0000051f       0x32 /Users/lwy08/Downloads/devkitpro/devkitARM/bin/../lib/gcc/arm-eabi/4.6.1/../../../../arm-eabi/lib/thumb/libg.a(lib_a-memmove.o)
 .ARM.attributes
                0x00000551       0x32 /Users/lwy08/Downloads/devkitpro/devkitARM/bin/../lib/gcc/arm-eabi/4.6.1/../../../../arm-eabi/lib/thumb/libsysbase.a(sbrk.o)
 .ARM.attributes
                0x00000583       0x32 /Users/lwy08/Downloads/devkitpro/devkitARM/bin/../lib/gcc/arm-eabi/4.6.1/../../../../arm-eabi/lib/thumb/libsysbase.a(times.o)
 .ARM.attributes
                0x000005b5       0x32 /Users/lwy08/Downloads/devkitpro/devkitARM/bin/../lib/gcc/arm-eabi/4.6.1/../../../../arm-eabi/lib/thumb/libsysbase.a(malloc_vars.o)
 .ARM.attributes
                0x000005e7       0x32 /Users/lwy08/Downloads/devkitpro/devkitARM/bin/../lib/gcc/arm-eabi/4.6.1/../../../../arm-eabi/lib/thumb/libsysbase.a(build_argv.o)
 .ARM.attributes
                0x00000619       0x32 /Users/lwy08/Downloads/devkitpro/devkitARM/bin/../lib/gcc/arm-eabi/4.6.1/../../../../arm-eabi/lib/thumb/libsysbase.a(syscall_support.o)
 .ARM.attributes
                0x0000064b       0x32 /Users/lwy08/Downloads/devkitpro/devkitARM/bin/../lib/gcc/arm-eabi/4.6.1/../../../../arm-eabi/lib/thumb/libg.a(lib_a-errno.o)
 .ARM.attributes
                0x0000067d       0x32 /Users/lwy08/Downloads/devkitpro/devkitARM/bin/../lib/gcc/arm-eabi/4.6.1/thumb/crtend.o
 .ARM.attributes
                0x000006af       0x18 /Users/lwy08/Downloads/devkitpro/devkitARM/bin/../lib/gcc/arm-eabi/4.6.1/thumb/crtn.o

.comment        0x00000000       0x22 load address 0x0200a558
 *(.comment)
 .comment       0x00000000       0x22 /Users/lwy08/Downloads/devkitpro/devkitARM/bin/../lib/gcc/arm-eabi/4.6.1/thumb/crtbegin.o
                                 0x23 (size before relaxing)
 .comment       0x00000000       0x23 template.o
 .comment       0x00000000       0x23 /Users/lwy08/Downloads/devkitpro/libnds/lib/libnds9.a(keys.o)
 .comment       0x00000000       0x23 /Users/lwy08/Downloads/devkitpro/libnds/lib/libnds9.a(sprite.o)
 .comment       0x00000000       0x23 /Users/lwy08/Downloads/devkitpro/libnds/lib/libnds9.a(sprite_alloc.o)
 .comment       0x00000000       0x23 /Users/lwy08/Downloads/devkitpro/libnds/lib/libnds9.a(trig.o)
 .comment       0x00000000       0x23 /Users/lwy08/Downloads/devkitpro/libnds/lib/libnds9.a(initSystem.o)
 .comment       0x00000000       0x23 /Users/lwy08/Downloads/devkitpro/libnds/lib/libnds9.a(fifosystem.o)
 .comment       0x00000000       0x23 /Users/lwy08/Downloads/devkitpro/libnds/lib/libnds9.a(interrupts.o)
 .comment       0x00000000       0x23 /Users/lwy08/Downloads/devkitpro/libnds/lib/libnds9.a(libnds_exit.o)
 .comment       0x00000000       0x23 /Users/lwy08/Downloads/devkitpro/libnds/lib/libnds9.a(system.o)
 .comment       0x00000000       0x23 /Users/lwy08/Downloads/devkitpro/libnds/lib/libnds9.a(video.o)
 .comment       0x00000000       0x23 /Users/lwy08/Downloads/devkitpro/devkitARM/bin/../lib/gcc/arm-eabi/4.6.1/../../../../arm-eabi/lib/thumb/libg.a(lib_a-bsearch.o)
 .comment       0x00000000       0x23 /Users/lwy08/Downloads/devkitpro/devkitARM/bin/../lib/gcc/arm-eabi/4.6.1/../../../../arm-eabi/lib/thumb/libg.a(lib_a-init.o)
 .comment       0x00000000       0x23 /Users/lwy08/Downloads/devkitpro/devkitARM/bin/../lib/gcc/arm-eabi/4.6.1/../../../../arm-eabi/lib/thumb/libg.a(lib_a-malloc.o)
 .comment       0x00000000       0x23 /Users/lwy08/Downloads/devkitpro/devkitARM/bin/../lib/gcc/arm-eabi/4.6.1/../../../../arm-eabi/lib/thumb/libg.a(lib_a-mallocr.o)
 .comment       0x00000000       0x23 /Users/lwy08/Downloads/devkitpro/devkitARM/bin/../lib/gcc/arm-eabi/4.6.1/../../../../arm-eabi/lib/thumb/libg.a(lib_a-memcpy.o)
 .comment       0x00000000       0x23 /Users/lwy08/Downloads/devkitpro/devkitARM/bin/../lib/gcc/arm-eabi/4.6.1/../../../../arm-eabi/lib/thumb/libg.a(lib_a-memset.o)
 .comment       0x00000000       0x23 /Users/lwy08/Downloads/devkitpro/devkitARM/bin/../lib/gcc/arm-eabi/4.6.1/../../../../arm-eabi/lib/thumb/libg.a(lib_a-mlock.o)
 .comment       0x00000000       0x23 /Users/lwy08/Downloads/devkitpro/devkitARM/bin/../lib/gcc/arm-eabi/4.6.1/../../../../arm-eabi/lib/thumb/libg.a(lib_a-realloc.o)
 .comment       0x00000000       0x23 /Users/lwy08/Downloads/devkitpro/devkitARM/bin/../lib/gcc/arm-eabi/4.6.1/../../../../arm-eabi/lib/thumb/libg.a(lib_a-reallocr.o)
 .comment       0x00000000       0x23 /Users/lwy08/Downloads/devkitpro/devkitARM/bin/../lib/gcc/arm-eabi/4.6.1/../../../../arm-eabi/lib/thumb/libg.a(lib_a-freer.o)
 .comment       0x00000000       0x23 /Users/lwy08/Downloads/devkitpro/devkitARM/bin/../lib/gcc/arm-eabi/4.6.1/../../../../arm-eabi/lib/thumb/libg.a(lib_a-impure.o)
 .comment       0x00000000       0x23 /Users/lwy08/Downloads/devkitpro/devkitARM/bin/../lib/gcc/arm-eabi/4.6.1/../../../../arm-eabi/lib/thumb/libg.a(lib_a-memmove.o)
 .comment       0x00000000       0x23 /Users/lwy08/Downloads/devkitpro/devkitARM/bin/../lib/gcc/arm-eabi/4.6.1/../../../../arm-eabi/lib/thumb/libsysbase.a(sbrk.o)
 .comment       0x00000000       0x23 /Users/lwy08/Downloads/devkitpro/devkitARM/bin/../lib/gcc/arm-eabi/4.6.1/../../../../arm-eabi/lib/thumb/libsysbase.a(times.o)
 .comment       0x00000000       0x23 /Users/lwy08/Downloads/devkitpro/devkitARM/bin/../lib/gcc/arm-eabi/4.6.1/../../../../arm-eabi/lib/thumb/libsysbase.a(malloc_vars.o)
 .comment       0x00000000       0x23 /Users/lwy08/Downloads/devkitpro/devkitARM/bin/../lib/gcc/arm-eabi/4.6.1/../../../../arm-eabi/lib/thumb/libsysbase.a(build_argv.o)
 .comment       0x00000000       0x23 /Users/lwy08/Downloads/devkitpro/devkitARM/bin/../lib/gcc/arm-eabi/4.6.1/../../../../arm-eabi/lib/thumb/libsysbase.a(syscall_support.o)
 .comment       0x00000000       0x23 /Users/lwy08/Downloads/devkitpro/devkitARM/bin/../lib/gcc/arm-eabi/4.6.1/../../../../arm-eabi/lib/thumb/libg.a(lib_a-errno.o)
 .comment       0x00000000       0x23 /Users/lwy08/Downloads/devkitpro/devkitARM/bin/../lib/gcc/arm-eabi/4.6.1/thumb/crtend.o

.debug
 *(.debug)

.line
 *(.line)

.debug_srcinfo
 *(.debug_srcinfo)

.debug_sfnames
 *(.debug_sfnames)

.debug_aranges  0x00000000      0x208 load address 0x0200a558
 *(.debug_aranges)
 .debug_aranges
                0x00000000       0x28 template.o
 .debug_aranges
                0x00000028       0x20 /Users/lwy08/Downloads/devkitpro/libnds/lib/libnds9.a(keys.o)
 .debug_aranges
                0x00000048       0x20 /Users/lwy08/Downloads/devkitpro/libnds/lib/libnds9.a(sprite.o)
 .debug_aranges
                0x00000068       0x20 /Users/lwy08/Downloads/devkitpro/libnds/lib/libnds9.a(sprite_alloc.o)
 .debug_aranges
                0x00000088       0x20 /Users/lwy08/Downloads/devkitpro/libnds/lib/libnds9.a(trig.o)
 .debug_aranges
                0x000000a8       0x20 /Users/lwy08/Downloads/devkitpro/libnds/lib/libnds9.a(initSystem.o)
 .debug_aranges
                0x000000c8       0x20 /Users/lwy08/Downloads/devkitpro/libnds/lib/libnds9.a(fifosystem.o)
 .debug_aranges
                0x000000e8       0x20 /Users/lwy08/Downloads/devkitpro/libnds/lib/libnds9.a(interrupts.o)
 .debug_aranges
                0x00000108       0x20 /Users/lwy08/Downloads/devkitpro/libnds/lib/libnds9.a(libnds_exit.o)
 .debug_aranges
                0x00000128       0x20 /Users/lwy08/Downloads/devkitpro/libnds/lib/libnds9.a(dcache.o)
 .debug_aranges
                0x00000148       0x20 /Users/lwy08/Downloads/devkitpro/libnds/lib/libnds9.a(mpu_setup.o)
 .debug_aranges
                0x00000168       0x20 /Users/lwy08/Downloads/devkitpro/libnds/lib/libnds9.a(biosCalls.o)
 .debug_aranges
                0x00000188       0x20 /Users/lwy08/Downloads/devkitpro/libnds/lib/libnds9.a(interruptDispatcher.o)
 .debug_aranges
                0x000001a8       0x20 /Users/lwy08/Downloads/devkitpro/libnds/lib/libnds9.a(swiSoftReset.o)
 .debug_aranges
                0x000001c8       0x20 /Users/lwy08/Downloads/devkitpro/libnds/lib/libnds9.a(system.o)
 .debug_aranges
                0x000001e8       0x20 /Users/lwy08/Downloads/devkitpro/libnds/lib/libnds9.a(video.o)

.debug_pubnames
 *(.debug_pubnames)

.debug_info     0x00000000     0x6c7a load address 0x0200a558
 *(.debug_info)
 .debug_info    0x00000000     0x12f5 template.o
 .debug_info    0x000012f5      0x3d0 /Users/lwy08/Downloads/devkitpro/libnds/lib/libnds9.a(keys.o)
 .debug_info    0x000016c5      0xbf4 /Users/lwy08/Downloads/devkitpro/libnds/lib/libnds9.a(sprite.o)
 .debug_info    0x000022b9      0xb1a /Users/lwy08/Downloads/devkitpro/libnds/lib/libnds9.a(sprite_alloc.o)
 .debug_info    0x00002dd3      0x4c4 /Users/lwy08/Downloads/devkitpro/libnds/lib/libnds9.a(trig.o)
 .debug_info    0x00003297      0xeb7 /Users/lwy08/Downloads/devkitpro/libnds/lib/libnds9.a(initSystem.o)
 .debug_info    0x0000414e     0x11cd /Users/lwy08/Downloads/devkitpro/libnds/lib/libnds9.a(fifosystem.o)
 .debug_info    0x0000531b      0x5c9 /Users/lwy08/Downloads/devkitpro/libnds/lib/libnds9.a(interrupts.o)
 .debug_info    0x000058e4      0x2a6 /Users/lwy08/Downloads/devkitpro/libnds/lib/libnds9.a(libnds_exit.o)
 .debug_info    0x00005b8a       0xba /Users/lwy08/Downloads/devkitpro/libnds/lib/libnds9.a(dcache.o)
 .debug_info    0x00005c44       0xc4 /Users/lwy08/Downloads/devkitpro/libnds/lib/libnds9.a(mpu_setup.o)
 .debug_info    0x00005d08       0xbf /Users/lwy08/Downloads/devkitpro/libnds/lib/libnds9.a(biosCalls.o)
 .debug_info    0x00005dc7       0xc9 /Users/lwy08/Downloads/devkitpro/libnds/lib/libnds9.a(interruptDispatcher.o)
 .debug_info    0x00005e90       0xc2 /Users/lwy08/Downloads/devkitpro/libnds/lib/libnds9.a(swiSoftReset.o)
 .debug_info    0x00005f52      0x6db /Users/lwy08/Downloads/devkitpro/libnds/lib/libnds9.a(system.o)
 .debug_info    0x0000662d      0x64d /Users/lwy08/Downloads/devkitpro/libnds/lib/libnds9.a(video.o)

.debug_abbrev   0x00000000     0x18bc load address 0x0200a558
 *(.debug_abbrev)
 .debug_abbrev  0x00000000      0x358 template.o
 .debug_abbrev  0x00000358      0x176 /Users/lwy08/Downloads/devkitpro/libnds/lib/libnds9.a(keys.o)
 .debug_abbrev  0x000004ce      0x2c1 /Users/lwy08/Downloads/devkitpro/libnds/lib/libnds9.a(sprite.o)
 .debug_abbrev  0x0000078f      0x27e /Users/lwy08/Downloads/devkitpro/libnds/lib/libnds9.a(sprite_alloc.o)
 .debug_abbrev  0x00000a0d      0x1ac /Users/lwy08/Downloads/devkitpro/libnds/lib/libnds9.a(trig.o)
 .debug_abbrev  0x00000bb9      0x242 /Users/lwy08/Downloads/devkitpro/libnds/lib/libnds9.a(initSystem.o)
 .debug_abbrev  0x00000dfb      0x3d3 /Users/lwy08/Downloads/devkitpro/libnds/lib/libnds9.a(fifosystem.o)
 .debug_abbrev  0x000011ce      0x21e /Users/lwy08/Downloads/devkitpro/libnds/lib/libnds9.a(interrupts.o)
 .debug_abbrev  0x000013ec      0x131 /Users/lwy08/Downloads/devkitpro/libnds/lib/libnds9.a(libnds_exit.o)
 .debug_abbrev  0x0000151d       0x14 /Users/lwy08/Downloads/devkitpro/libnds/lib/libnds9.a(dcache.o)
 .debug_abbrev  0x00001531       0x14 /Users/lwy08/Downloads/devkitpro/libnds/lib/libnds9.a(mpu_setup.o)
 .debug_abbrev  0x00001545       0x14 /Users/lwy08/Downloads/devkitpro/libnds/lib/libnds9.a(biosCalls.o)
 .debug_abbrev  0x00001559       0x14 /Users/lwy08/Downloads/devkitpro/libnds/lib/libnds9.a(interruptDispatcher.o)
 .debug_abbrev  0x0000156d       0x14 /Users/lwy08/Downloads/devkitpro/libnds/lib/libnds9.a(swiSoftReset.o)
 .debug_abbrev  0x00001581      0x19a /Users/lwy08/Downloads/devkitpro/libnds/lib/libnds9.a(system.o)
 .debug_abbrev  0x0000171b      0x1a1 /Users/lwy08/Downloads/devkitpro/libnds/lib/libnds9.a(video.o)

.debug_line     0x00000000     0x2417 load address 0x0200a558
 *(.debug_line)
 .debug_line    0x00000000      0x384 template.o
 .debug_line    0x00000384      0x242 /Users/lwy08/Downloads/devkitpro/libnds/lib/libnds9.a(keys.o)
 .debug_line    0x000005c6      0x309 /Users/lwy08/Downloads/devkitpro/libnds/lib/libnds9.a(sprite.o)
 .debug_line    0x000008cf      0x2a9 /Users/lwy08/Downloads/devkitpro/libnds/lib/libnds9.a(sprite_alloc.o)
 .debug_line    0x00000b78      0x23d /Users/lwy08/Downloads/devkitpro/libnds/lib/libnds9.a(trig.o)
 .debug_line    0x00000db5      0x355 /Users/lwy08/Downloads/devkitpro/libnds/lib/libnds9.a(initSystem.o)
 .debug_line    0x0000110a      0x715 /Users/lwy08/Downloads/devkitpro/libnds/lib/libnds9.a(fifosystem.o)
 .debug_line    0x0000181f      0x238 /Users/lwy08/Downloads/devkitpro/libnds/lib/libnds9.a(interrupts.o)
 .debug_line    0x00001a57      0x1ca /Users/lwy08/Downloads/devkitpro/libnds/lib/libnds9.a(libnds_exit.o)
 .debug_line    0x00001c21       0xa2 /Users/lwy08/Downloads/devkitpro/libnds/lib/libnds9.a(dcache.o)
 .debug_line    0x00001cc3       0xe1 /Users/lwy08/Downloads/devkitpro/libnds/lib/libnds9.a(mpu_setup.o)
 .debug_line    0x00001da4       0xc3 /Users/lwy08/Downloads/devkitpro/libnds/lib/libnds9.a(biosCalls.o)
 .debug_line    0x00001e67       0xc2 /Users/lwy08/Downloads/devkitpro/libnds/lib/libnds9.a(interruptDispatcher.o)
 .debug_line    0x00001f29       0x91 /Users/lwy08/Downloads/devkitpro/libnds/lib/libnds9.a(swiSoftReset.o)
 .debug_line    0x00001fba      0x25c /Users/lwy08/Downloads/devkitpro/libnds/lib/libnds9.a(system.o)
 .debug_line    0x00002216      0x201 /Users/lwy08/Downloads/devkitpro/libnds/lib/libnds9.a(video.o)

.debug_frame    0x00000000      0x92c load address 0x0200a558
 *(.debug_frame)
 .debug_frame   0x00000000       0xa8 template.o
 .debug_frame   0x000000a8       0x8c /Users/lwy08/Downloads/devkitpro/libnds/lib/libnds9.a(keys.o)
 .debug_frame   0x00000134      0x118 /Users/lwy08/Downloads/devkitpro/libnds/lib/libnds9.a(sprite.o)
 .debug_frame   0x0000024c       0xbc /Users/lwy08/Downloads/devkitpro/libnds/lib/libnds9.a(sprite_alloc.o)
 .debug_frame   0x00000308       0xf4 /Users/lwy08/Downloads/devkitpro/libnds/lib/libnds9.a(trig.o)
 .debug_frame   0x000003fc       0x28 /Users/lwy08/Downloads/devkitpro/libnds/lib/libnds9.a(initSystem.o)
 .debug_frame   0x00000424      0x2a4 /Users/lwy08/Downloads/devkitpro/libnds/lib/libnds9.a(fifosystem.o)
 .debug_frame   0x000006c8       0xb8 /Users/lwy08/Downloads/devkitpro/libnds/lib/libnds9.a(interrupts.o)
 .debug_frame   0x00000780       0x38 /Users/lwy08/Downloads/devkitpro/libnds/lib/libnds9.a(libnds_exit.o)
 .debug_frame   0x000007b8       0xb8 /Users/lwy08/Downloads/devkitpro/libnds/lib/libnds9.a(system.o)
 .debug_frame   0x00000870       0xbc /Users/lwy08/Downloads/devkitpro/libnds/lib/libnds9.a(video.o)

.debug_str      0x00000000     0x2a39 load address 0x0200a558
 *(.debug_str)
 .debug_str     0x00000000      0xcb7 template.o
                                0xd58 (size before relaxing)
 .debug_str     0x00000cb7      0x17b /Users/lwy08/Downloads/devkitpro/libnds/lib/libnds9.a(keys.o)
                                0x2da (size before relaxing)
 .debug_str     0x00000e32      0x1cd /Users/lwy08/Downloads/devkitpro/libnds/lib/libnds9.a(sprite.o)
                                0x779 (size before relaxing)
 .debug_str     0x00000fff      0x112 /Users/lwy08/Downloads/devkitpro/libnds/lib/libnds9.a(sprite_alloc.o)
                                0x71d (size before relaxing)
 .debug_str     0x00001111       0xe8 /Users/lwy08/Downloads/devkitpro/libnds/lib/libnds9.a(trig.o)
                                0x1d1 (size before relaxing)
 .debug_str     0x000011f9      0x697 /Users/lwy08/Downloads/devkitpro/libnds/lib/libnds9.a(initSystem.o)
                                0x951 (size before relaxing)
 .debug_str     0x00001890      0x536 /Users/lwy08/Downloads/devkitpro/libnds/lib/libnds9.a(fifosystem.o)
                                0x740 (size before relaxing)
 .debug_str     0x00001dc6      0x12b /Users/lwy08/Downloads/devkitpro/libnds/lib/libnds9.a(interrupts.o)
                                0x379 (size before relaxing)
 .debug_str     0x00001ef1      0x136 /Users/lwy08/Downloads/devkitpro/libnds/lib/libnds9.a(libnds_exit.o)
                                0x296 (size before relaxing)
 .debug_str     0x00002027      0x231 /Users/lwy08/Downloads/devkitpro/libnds/lib/libnds9.a(system.o)
                                0x504 (size before relaxing)
 .debug_str     0x00002258      0x7e1 /Users/lwy08/Downloads/devkitpro/libnds/lib/libnds9.a(video.o)
                                0xb10 (size before relaxing)

.debug_loc      0x00000000     0x2bfe load address 0x0200a558
 *(.debug_loc)
 .debug_loc     0x00000000      0x224 template.o
 .debug_loc     0x00000224       0x20 /Users/lwy08/Downloads/devkitpro/libnds/lib/libnds9.a(keys.o)
 .debug_loc     0x00000244      0x553 /Users/lwy08/Downloads/devkitpro/libnds/lib/libnds9.a(sprite.o)
 .debug_loc     0x00000797      0x58a /Users/lwy08/Downloads/devkitpro/libnds/lib/libnds9.a(sprite_alloc.o)
 .debug_loc     0x00000d21      0x6d3 /Users/lwy08/Downloads/devkitpro/libnds/lib/libnds9.a(trig.o)
 .debug_loc     0x000013f4       0x64 /Users/lwy08/Downloads/devkitpro/libnds/lib/libnds9.a(initSystem.o)
 .debug_loc     0x00001458     0x1198 /Users/lwy08/Downloads/devkitpro/libnds/lib/libnds9.a(fifosystem.o)
 .debug_loc     0x000025f0      0x22b /Users/lwy08/Downloads/devkitpro/libnds/lib/libnds9.a(interrupts.o)
 .debug_loc     0x0000281b       0x5c /Users/lwy08/Downloads/devkitpro/libnds/lib/libnds9.a(libnds_exit.o)
 .debug_loc     0x00002877      0x1ba /Users/lwy08/Downloads/devkitpro/libnds/lib/libnds9.a(system.o)
 .debug_loc     0x00002a31      0x1cd /Users/lwy08/Downloads/devkitpro/libnds/lib/libnds9.a(video.o)

.debug_macinfo
 *(.debug_macinfo)

.debug_weaknames
 *(.debug_weaknames)

.debug_funcnames
 *(.debug_funcnames)

.debug_typenames
 *(.debug_typenames)

.debug_varnames
 *(.debug_varnames)

.stack          0x00080000        0x0 load address 0x0200a558
                0x00080000                _stack = .
 *(.stack)
LOAD /Users/lwy08/Downloads/devkitpro/devkitARM/bin/../lib/gcc/arm-eabi/4.6.1/../../../../arm-eabi/lib/thumb/ds_arm9_crt0.o
LOAD /Users/lwy08/Downloads/devkitpro/devkitARM/bin/../lib/gcc/arm-eabi/4.6.1/thumb/crti.o
LOAD /Users/lwy08/Downloads/devkitpro/devkitARM/bin/../lib/gcc/arm-eabi/4.6.1/thumb/crtbegin.o
LOAD man.o
LOAD woman.o
LOAD template.o
LOAD /Users/lwy08/Downloads/devkitpro/libnds/lib/libnds9.a
START GROUP
LOAD /Users/lwy08/Downloads/devkitpro/devkitARM/bin/../lib/gcc/arm-eabi/4.6.1/thumb/libgcc.a
LOAD /Users/lwy08/Downloads/devkitpro/devkitARM/bin/../lib/gcc/arm-eabi/4.6.1/../../../../arm-eabi/lib/thumb/libg.a
LOAD /Users/lwy08/Downloads/devkitpro/devkitARM/bin/../lib/gcc/arm-eabi/4.6.1/../../../../arm-eabi/lib/thumb/libc.a
LOAD /Users/lwy08/Downloads/devkitpro/devkitARM/bin/../lib/gcc/arm-eabi/4.6.1/../../../../arm-eabi/lib/thumb/libsysbase.a
END GROUP
LOAD /Users/lwy08/Downloads/devkitpro/devkitARM/bin/../lib/gcc/arm-eabi/4.6.1/thumb/crtend.o
LOAD /Users/lwy08/Downloads/devkitpro/devkitARM/bin/../lib/gcc/arm-eabi/4.6.1/thumb/crtn.o
OUTPUT(/Users/lwy08/Downloads/devkitpro/examples/Graphics/Sprites/animate_simple/animate_simple.elf elf32-littlearm)

.debug_ranges   0x00000000      0x740 load address 0x0200a558
 .debug_ranges  0x00000000       0x70 template.o
 .debug_ranges  0x00000070       0x70 /Users/lwy08/Downloads/devkitpro/libnds/lib/libnds9.a(sprite.o)
 .debug_ranges  0x000000e0       0x88 /Users/lwy08/Downloads/devkitpro/libnds/lib/libnds9.a(sprite_alloc.o)
 .debug_ranges  0x00000168       0x80 /Users/lwy08/Downloads/devkitpro/libnds/lib/libnds9.a(trig.o)
 .debug_ranges  0x000001e8      0x498 /Users/lwy08/Downloads/devkitpro/libnds/lib/libnds9.a(fifosystem.o)
 .debug_ranges  0x00000680       0x60 /Users/lwy08/Downloads/devkitpro/libnds/lib/libnds9.a(interrupts.o)
 .debug_ranges  0x000006e0       0x60 /Users/lwy08/Downloads/devkitpro/libnds/lib/libnds9.a(video.o)
