Archive member included because of file (symbol)

/Users/lwy08/Downloads/devkitpro/libnds/lib/libnds9.a(console.o)
                              main.o (consoleDemoInit)
/Users/lwy08/Downloads/devkitpro/libnds/lib/libnds9.a(touch.o)
                              main.o (touchRead)
/Users/lwy08/Downloads/devkitpro/libnds/lib/libnds9.a(initSystem.o)
                              /Users/lwy08/Downloads/devkitpro/devkitARM/bin/../lib/gcc/arm-eabi/4.6.1/../../../../arm-eabi/lib/thumb/ds_arm9_crt0.o (initSystem)
/Users/lwy08/Downloads/devkitpro/libnds/lib/libnds9.a(fifosystem.o)
                              /Users/lwy08/Downloads/devkitpro/libnds/lib/libnds9.a(initSystem.o) (fifoSendValue32)
/Users/lwy08/Downloads/devkitpro/libnds/lib/libnds9.a(interrupts.o)
                              main.o (irqSet)
/Users/lwy08/Downloads/devkitpro/libnds/lib/libnds9.a(libnds_exit.o)
                              /Users/lwy08/Downloads/devkitpro/devkitARM/bin/../lib/gcc/arm-eabi/4.6.1/../../../../arm-eabi/lib/thumb/ds_arm9_crt0.o (__libnds_exit)
/Users/lwy08/Downloads/devkitpro/libnds/lib/libnds9.a(mpu_setup.o)
                              /Users/lwy08/Downloads/devkitpro/devkitARM/bin/../lib/gcc/arm-eabi/4.6.1/../../../../arm-eabi/lib/thumb/ds_arm9_crt0.o (__libnds_mpu_setup)
/Users/lwy08/Downloads/devkitpro/libnds/lib/libnds9.a(biosCalls.o)
                              /Users/lwy08/Downloads/devkitpro/libnds/lib/libnds9.a(fifosystem.o) (swiIntrWait)
/Users/lwy08/Downloads/devkitpro/libnds/lib/libnds9.a(debugprint.o)
                              /Users/lwy08/Downloads/devkitpro/libnds/lib/libnds9.a(console.o) (nocashWrite)
/Users/lwy08/Downloads/devkitpro/libnds/lib/libnds9.a(interruptDispatcher.o)
                              /Users/lwy08/Downloads/devkitpro/libnds/lib/libnds9.a(interrupts.o) (IntrMain)
/Users/lwy08/Downloads/devkitpro/libnds/lib/libnds9.a(swiSoftReset.o)
                              /Users/lwy08/Downloads/devkitpro/libnds/lib/libnds9.a(fifosystem.o) (swiSoftReset)
/Users/lwy08/Downloads/devkitpro/libnds/lib/libnds9.a(default_font.bin.o)
                              /Users/lwy08/Downloads/devkitpro/libnds/lib/libnds9.a(console.o) (default_font_bin)
/Users/lwy08/Downloads/devkitpro/libnds/lib/libnds9.a(background.o)
                              /Users/lwy08/Downloads/devkitpro/libnds/lib/libnds9.a(console.o) (bgState)
/Users/lwy08/Downloads/devkitpro/libnds/lib/libnds9.a(system.o)
                              /Users/lwy08/Downloads/devkitpro/libnds/lib/libnds9.a(initSystem.o) (systemMsgHandler)
/Users/lwy08/Downloads/devkitpro/libnds/lib/libnds9.a(trig.o)
                              /Users/lwy08/Downloads/devkitpro/libnds/lib/libnds9.a(background.o) (sinLerp)
/Users/lwy08/Downloads/devkitpro/libnds/lib/libnds9.a(video.o)
                              /Users/lwy08/Downloads/devkitpro/libnds/lib/libnds9.a(initSystem.o) (vramDefault)
/Users/lwy08/Downloads/devkitpro/devkitARM/bin/../lib/gcc/arm-eabi/4.6.1/thumb/libgcc.a(_divsi3.o)
                              /Users/lwy08/Downloads/devkitpro/libnds/lib/libnds9.a(console.o) (__aeabi_idivmod)
/Users/lwy08/Downloads/devkitpro/devkitARM/bin/../lib/gcc/arm-eabi/4.6.1/thumb/libgcc.a(_dvmd_tls.o)
                              /Users/lwy08/Downloads/devkitpro/devkitARM/bin/../lib/gcc/arm-eabi/4.6.1/thumb/libgcc.a(_divsi3.o) (__aeabi_idiv0)
/Users/lwy08/Downloads/devkitpro/devkitARM/bin/../lib/gcc/arm-eabi/4.6.1/../../../../arm-eabi/lib/thumb/libg.a(lib_a-bsearch.o)
                              /Users/lwy08/Downloads/devkitpro/libnds/lib/libnds9.a(trig.o) (bsearch)
/Users/lwy08/Downloads/devkitpro/devkitARM/bin/../lib/gcc/arm-eabi/4.6.1/../../../../arm-eabi/lib/thumb/libg.a(lib_a-impure.o)
                              /Users/lwy08/Downloads/devkitpro/libnds/lib/libnds9.a(console.o) (_impure_ptr)
/Users/lwy08/Downloads/devkitpro/devkitARM/bin/../lib/gcc/arm-eabi/4.6.1/../../../../arm-eabi/lib/thumb/libg.a(lib_a-init.o)
                              /Users/lwy08/Downloads/devkitpro/devkitARM/bin/../lib/gcc/arm-eabi/4.6.1/../../../../arm-eabi/lib/thumb/ds_arm9_crt0.o (__libc_init_array)
/Users/lwy08/Downloads/devkitpro/devkitARM/bin/../lib/gcc/arm-eabi/4.6.1/../../../../arm-eabi/lib/thumb/libg.a(lib_a-iprintf.o)
                              main.o (iprintf)
/Users/lwy08/Downloads/devkitpro/devkitARM/bin/../lib/gcc/arm-eabi/4.6.1/../../../../arm-eabi/lib/thumb/libg.a(lib_a-memcpy.o)
                              /Users/lwy08/Downloads/devkitpro/libnds/lib/libnds9.a(console.o) (memcpy)
/Users/lwy08/Downloads/devkitpro/devkitARM/bin/../lib/gcc/arm-eabi/4.6.1/../../../../arm-eabi/lib/thumb/libg.a(lib_a-setvbuf.o)
                              /Users/lwy08/Downloads/devkitpro/libnds/lib/libnds9.a(console.o) (setvbuf)
/Users/lwy08/Downloads/devkitpro/devkitARM/bin/../lib/gcc/arm-eabi/4.6.1/../../../../arm-eabi/lib/thumb/libg.a(lib_a-siscanf.o)
                              /Users/lwy08/Downloads/devkitpro/libnds/lib/libnds9.a(console.o) (siscanf)
[...]
Memory Configuration

Name             Origin             Length             Attributes
rom              0x08000000         0x02000000
ewram            0x02000000         0x003ff000
dtcm             0x0b000000         0x00004000
vectors          0x01000000         0x00000100
itcm             0x01000100         0x00007f00
*default*        0x00000000         0xffffffff

Linker script and memory map

                0x01000000                __vectors_start = ORIGIN (vectors)
                0x01000100                __itcm_start = ORIGIN (itcm)
                0x023ff000                __ewram_end = (ORIGIN (ewram) + 0x3ff000)
                0x023ff000                __eheap_end = (ORIGIN (ewram) + 0x3ff000)
                0x0b000000                __dtcm_start = ORIGIN (dtcm)
                0x0b004000                __dtcm_top = (ORIGIN (dtcm) + 0x4000)
                0x0b003ff8                __irq_flags = (__dtcm_top - 0x8)
                0x0b003ffc                __irq_vector = (__dtcm_top - 0x4)
                0x0b003f00                __sp_svc = (__dtcm_top - 0x100)
                0x0b003e00                __sp_irq = (__sp_svc - 0x100)
                0x0b003d00                __sp_usr = (__sp_irq - 0x100)

.init           0x02000000      0x23c
                0x02000000                __text_start = .
 *(.init)
 .init          0x02000000      0x230 /Users/lwy08/Downloads/devkitpro/devkitARM/bin/../lib/gcc/arm-eabi/4.6.1/../../../../arm-eabi/lib/thumb/ds_arm9_crt0.o
                0x02000000                _start
 .init          0x02000230        0x4 /Users/lwy08/Downloads/devkitpro/devkitARM/bin/../lib/gcc/arm-eabi/4.6.1/thumb/crti.o
                0x02000230                _init
 .init          0x02000234        0x8 /Users/lwy08/Downloads/devkitpro/devkitARM/bin/../lib/gcc/arm-eabi/4.6.1/thumb/crtn.o
                0x0200023c                . = ALIGN (0x4)

.plt
 *(.plt)

.text           0x02000240     0xa278
 *(EXCLUDE_FILE(*.itcm*) .text)
 .text          0x02000240        0x0 /Users/lwy08/Downloads/devkitpro/devkitARM/bin/../lib/gcc/arm-eabi/4.6.1/../../../../arm-eabi/lib/thumb/ds_arm9_crt0.o
 .text          0x02000240        0x0 /Users/lwy08/Downloads/devkitpro/devkitARM/bin/../lib/gcc/arm-eabi/4.6.1/thumb/crti.o
 .text          0x02000240       0x6c /Users/lwy08/Downloads/devkitpro/devkitARM/bin/../lib/gcc/arm-eabi/4.6.1/thumb/crtbegin.o
 .text          0x020002ac       0x10 main.o
                0x020002ac                _Z6Vblankv
 .text          0x020002bc      0xa30 /Users/lwy08/Downloads/devkitpro/libnds/lib/libnds9.a(console.o)
                0x020002bc                nocash_write
                0x0200037c                consoleGetDefault
                0x02000388                consoleSelect
                0x02000398                consoleDebugInit
                0x020003e8                consolePrintChar
                0x02000598                consoleLoadFont
                0x02000830                consoleSetFont
                0x02000850                consoleInit
                0x020009b4                consoleDemoInit
                0x020009f8                con_write
                0x02000cb8                consoleClear
                0x02000cc8                consoleSetWindow
 .text          0x02000cec       0x4c /Users/lwy08/Downloads/devkitpro/libnds/lib/libnds9.a(touch.o)
                0x02000cec                touchRead
                0x02000d14                touchReadXY
 .text          0x02000d38      0x19c /Users/lwy08/Downloads/devkitpro/libnds/lib/libnds9.a(initSystem.o)
                0x02000d38                initSystem
 .text          0x02000ed4      0xc88 /Users/lwy08/Downloads/devkitpro/libnds/lib/libnds9.a(fifosystem.o)
                0x02001134                fifoSendAddress
                0x02001160                fifoSendValue32
                0x020011a0                fifoSendDatamsg
                0x02001210                fifoGetAddress
                0x02001284                fifoSetAddressHandler
                0x020012f8                fifoGetValue32
                0x0200136c                fifoSetValue32Handler
                0x020013e0                fifoGetDatamsg
                0x02001884                fifoSetDatamsgHandler
                0x0200191c                fifoCheckAddress
                0x02001940                fifoCheckDatamsg
                0x02001964                fifoCheckValue32
                0x02001988                fifoInit
 .text          0x02001b5c      0x1f4 /Users/lwy08/Downloads/devkitpro/libnds/lib/libnds9.a(interrupts.o)
                0x02001b5c                irqDummy
                0x02001b60                irqSet
                0x02001bd0                irqInit
                0x02001c1c                irqInitHandler
                0x02001c4c                irqEnable
                0x02001cb0                irqDisable
                0x02001d14                irqClear
 .text          0x02001d50       0x40 /Users/lwy08/Downloads/devkitpro/libnds/lib/libnds9.a(libnds_exit.o)
                0x02001d50                systemErrorExit
                0x02001d54                __libnds_exit
 .text          0x02001d90      0x1b4 /Users/lwy08/Downloads/devkitpro/libnds/lib/libnds9.a(mpu_setup.o)
                0x02001d90                __libnds_mpu_setup
                0x02001ed0                memCached
                0x02001ee8                memUncached
 *fill*         0x02001f44        0xc ff
 .text          0x02001f50       0x70 /Users/lwy08/Downloads/devkitpro/libnds/lib/libnds9.a(biosCalls.o)
                0x02001f50                swiDelay
                0x02001f54                swiIntrWait
                0x02001f58                swiWaitForVBlank
                0x02001f5c                swiSleep
                0x02001f60                swiChangeSoundBias
                0x02001f64                swiDivide
                0x02001f68                swiRemainder
                0x02001f6e                swiDivMod
                0x02001f7a                swiCopy
                0x02001f7e                swiFastCopy
                0x02001f82                swiSqrt
                0x02001f86                swiCRC16
                0x02001f8a                swiIsDebugger
                0x02001f8e                swiUnpackBits
                0x02001f92                swiDecompressLZSSWram
                0x02001f96                swiDecompressLZSSVramNTR
                0x02001f9a                swiDecompressLZSSVramTWL
                0x02001f9e                swiDecompressHuffman
                0x02001fa2                swiDecompressRLEWram
                0x02001fa6                swiDecompressRLEVram
                0x02001faa                swiWaitForIRQ
                0x02001fae                swiDecodeDelta8
                0x02001fb2                swiDecodeDelta16
                0x02001fb6                swiSetHaltCR
 .text          0x02001fc0       0xa4 /Users/lwy08/Downloads/devkitpro/libnds/lib/libnds9.a(debugprint.o)
                0x02001fc0                nocashWrite
                0x02001fc2                nocashMessage
 .text          0x02002064        0x0 /Users/lwy08/Downloads/devkitpro/libnds/lib/libnds9.a(interruptDispatcher.o)
 *fill*         0x02002064        0xc ff
 .text          0x02002070       0x30 /Users/lwy08/Downloads/devkitpro/libnds/lib/libnds9.a(swiSoftReset.o)
                0x02002070                swiSoftReset
 .text          0x020020a0        0x0 /Users/lwy08/Downloads/devkitpro/libnds/lib/libnds9.a(default_font.bin.o)
 .text          0x020020a0      0x314 /Users/lwy08/Downloads/devkitpro/libnds/lib/libnds9.a(background.o)
                0x020020a0                bgIsText
                0x020020ac                checkIfText
                0x0200210c                bgUpdate
                0x0200221c                bgInit_call
                0x020022e0                bgInitSub_call
 .text          0x020023b4       0xf0 /Users/lwy08/Downloads/devkitpro/libnds/lib/libnds9.a(system.o)
                0x020023b4                systemMsgHandler
                0x020023f8                systemSleep
                0x02002410                powerValueHandler
                0x02002420                powerOn
                0x0200244c                powerOff
                0x02002474                ledBlink
                0x02002484                getBatteryLevel
 .text          0x020024a4      0x248 /Users/lwy08/Downloads/devkitpro/libnds/lib/libnds9.a(trig.o)
                0x020024a4                asinComp
                0x020024c8                sinLutLookup
                0x02002504                sinLerp
                0x0200253c                cosLerp
                0x02002550                tanLutLookup
                0x02002588                tanLerp
                0x02002638                asinLerp
                0x020026b4                acosLerp
                0x020026c8                atanComp
 .text          0x020026ec      0x150 /Users/lwy08/Downloads/devkitpro/libnds/lib/libnds9.a(video.o)
                0x020026ec                vramSetPrimaryBanks
                0x02002730                vramSetMainBanks
                0x02002774                vramSetBanks_EFG
                0x020027ac                vramRestorePrimaryBanks
                0x020027b8                vramRestoreMainBanks
                0x020027c4                vramRestoreBanks_EFG
                0x020027d0                setBrightness
                0x02002810                vramDefault
 .text          0x0200283c      0x150 /Users/lwy08/Downloads/devkitpro/devkitARM/bin/../lib/gcc/arm-eabi/4.6.1/thumb/libgcc.a(_divsi3.o)
                0x0200283c                __aeabi_idiv
                0x0200283c                __divsi3
                0x0200296c                __aeabi_idivmod
 .text          0x0200298c        0x4 /Users/lwy08/Downloads/devkitpro/devkitARM/bin/../lib/gcc/arm-eabi/4.6.1/thumb/libgcc.a(_dvmd_tls.o)
                0x0200298c                __aeabi_ldiv0
                0x0200298c                __aeabi_idiv0
 .text          0x02002990       0x64 /Users/lwy08/Downloads/devkitpro/devkitARM/bin/../lib/gcc/arm-eabi/4.6.1/../../../../arm-eabi/lib/thumb/libg.a(lib_a-bsearch.o)
                0x02002990                bsearch
 .text          0x020029f4        0x0 /Users/lwy08/Downloads/devkitpro/devkitARM/bin/../lib/gcc/arm-eabi/4.6.1/../../../../arm-eabi/lib/thumb/libg.a(lib_a-impure.o)
 .text          0x020029f4       0x50 /Users/lwy08/Downloads/devkitpro/devkitARM/bin/../lib/gcc/arm-eabi/4.6.1/../../../../arm-eabi/lib/thumb/libg.a(lib_a-init.o)
                0x020029f4                __libc_init_array
 .text          0x02002a44       0x40 /Users/lwy08/Downloads/devkitpro/devkitARM/bin/../lib/gcc/arm-eabi/4.6.1/../../../../arm-eabi/lib/thumb/libg.a(lib_a-iprintf.o)
                0x02002a44                iprintf
                0x02002a68                _iprintf_r
 .text          0x02002a84       0x80 /Users/lwy08/Downloads/devkitpro/devkitARM/bin/../lib/gcc/arm-eabi/4.6.1/../../../../arm-eabi/lib/thumb/libg.a(lib_a-memcpy.o)
                0x02002a84                memcpy
 .text          0x02002b04      0x118 /Users/lwy08/Downloads/devkitpro/devkitARM/bin/../lib/gcc/arm-eabi/4.6.1/../../../../arm-eabi/lib/thumb/libg.a(lib_a-setvbuf.o)
                0x02002b04                setvbuf
 .text          0x02002c1c       0xa0 /Users/lwy08/Downloads/devkitpro/devkitARM/bin/../lib/gcc/arm-eabi/4.6.1/../../../../arm-eabi/lib/thumb/libg.a(lib_a-siscanf.o)
                0x02002c1c                siscanf
                0x02002c6c                _siscanf_r
 .text          0x02002cbc       0xac /Users/lwy08/Downloads/devkitpro/devkitARM/bin/../lib/gcc/arm-eabi/4.6.1/../../../../arm-eabi/lib/thumb/libg.a(lib_a-stdio.o)
                0x02002cbc                __sread
                0x02002ce8                __seofread
                0x02002cec                __swrite
                0x02002d28                __sseek
                0x02002d58                __sclose
 .text          0x02002d68       0x10 /Users/lwy08/Downloads/devkitpro/devkitARM/bin/../lib/gcc/arm-eabi/4.6.1/../../../../arm-eabi/lib/thumb/libg.a(lib_a-strlen.o)
                0x02002d68                strlen
 .text          0x02002d78      0xab0 /Users/lwy08/Downloads/devkitpro/devkitARM/bin/../lib/gcc/arm-eabi/4.6.1/../../../../arm-eabi/lib/thumb/libg.a(lib_a-svfiscanf.o)
                0x02002d78                _sungetc_r
                0x02002e00                __ssrefill_r
                0x02002e44                _sfread_r
                0x02002ed0                __ssvfiscanf_r
 .text          0x02003828      0x180 /Users/lwy08/Downloads/devkitpro/devkitARM/bin/../lib/gcc/arm-eabi/4.6.1/../../../../arm-eabi/lib/thumb/libg.a(lib_a-ungetc.o)
                0x02003828                __submore
                0x020038b0                _ungetc_r
                0x0200398c                ungetc
 .text          0x020039a8      0xea8 /Users/lwy08/Downloads/devkitpro/devkitARM/bin/../lib/gcc/arm-eabi/4.6.1/../../../../arm-eabi/lib/thumb/libg.a(lib_a-vfiprintf.o)
                0x020039a8                __sprint_r
                0x02003a2c                _vfiprintf_r
                0x0200482c                vfiprintf
 .text          0x02004850       0xdc /Users/lwy08/Downloads/devkitpro/devkitARM/bin/../lib/gcc/arm-eabi/4.6.1/../../../../arm-eabi/lib/thumb/libg.a(lib_a-wcrtomb.o)
                0x02004850                _wcrtomb_r
                0x020048b4                wcrtomb
 .text          0x0200492c       0x40 /Users/lwy08/Downloads/devkitpro/devkitARM/bin/../lib/gcc/arm-eabi/4.6.1/../../../../arm-eabi/lib/thumb/libg.a(lib_a-wcsrtombs.o)
                0x0200492c                _wcsrtombs_r
                0x02004944                wcsrtombs
 .text          0x0200496c      0x27c /Users/lwy08/Downloads/devkitpro/devkitARM/bin/../lib/gcc/arm-eabi/4.6.1/../../../../arm-eabi/lib/thumb/libg.a(lib_a-wctomb_r.o)
                0x0200496c                __utf8_wctomb
                0x02004a2c                _wctomb_r
                0x02004a64                __ascii_wctomb
                0x02004a84                __sjis_wctomb
                0x02004af0                __eucjp_wctomb
                0x02004b6c                __jis_wctomb
 .text          0x02004be8       0xbc /Users/lwy08/Downloads/devkitpro/devkitARM/bin/../lib/gcc/arm-eabi/4.6.1/../../../../arm-eabi/lib/thumb/libg.a(lib_a-wsetup.o)
                0x02004be8                __swsetup_r
 .text          0x02004ca4       0x10 /Users/lwy08/Downloads/devkitpro/devkitARM/bin/../lib/gcc/arm-eabi/4.6.1/../../../../arm-eabi/lib/thumb/libg.a(lib_a-ctype_.o)
                0x02004ca4                __set_ctype
 .text          0x02004cb4      0x18c /Users/lwy08/Downloads/devkitpro/devkitARM/bin/../lib/gcc/arm-eabi/4.6.1/../../../../arm-eabi/lib/thumb/libg.a(lib_a-fflush.o)
                0x02004cb4                _fflush_r
                0x02004e10                fflush
 .text          0x02004e40      0x1ec /Users/lwy08/Downloads/devkitpro/devkitARM/bin/../lib/gcc/arm-eabi/4.6.1/../../../../arm-eabi/lib/thumb/libg.a(lib_a-findfp.o)
                0x02004e48                _cleanup_r
                0x02004ea8                __sfmoreglue
                0x02004ed8                _cleanup
                0x02004eec                __sinit
                0x02004f40                __sfp
                0x02004fe4                __sfp_lock_acquire
                0x02004fe8                __sfp_lock_release
                0x02004fec                __sinit_lock_acquire
                0x02004ff0                __sinit_lock_release
                0x02004ff4                __fp_lock_all
                0x02005010                __fp_unlock_all
 .text          0x0200502c      0x108 /Users/lwy08/Downloads/devkitpro/devkitARM/bin/../lib/gcc/arm-eabi/4.6.1/../../../../arm-eabi/lib/thumb/libg.a(lib_a-fputwc.o)
                0x0200502c                _fputwc_r
                0x02005108                fputwc
 .text          0x02005134      0x248 /Users/lwy08/Downloads/devkitpro/devkitARM/bin/../lib/gcc/arm-eabi/4.6.1/../../../../arm-eabi/lib/thumb/libg.a(lib_a-freer.o)
                0x02005134                _malloc_trim_r
                0x020051e0                _free_r
 .text          0x0200537c      0x31c /Users/lwy08/Downloads/devkitpro/devkitARM/bin/../lib/gcc/arm-eabi/4.6.1/../../../../arm-eabi/lib/thumb/libg.a(lib_a-fvwrite.o)
                0x0200537c                __sfvwrite_r
 .text          0x02005698       0xc4 /Users/lwy08/Downloads/devkitpro/devkitARM/bin/../lib/gcc/arm-eabi/4.6.1/../../../../arm-eabi/lib/thumb/libg.a(lib_a-fwalk.o)
                0x02005698                _fwalk
                0x020056f4                _fwalk_reent
 .text          0x0200575c       0x84 /Users/lwy08/Downloads/devkitpro/devkitARM/bin/../lib/gcc/arm-eabi/4.6.1/../../../../arm-eabi/lib/thumb/libg.a(lib_a-iswspace.o)
                0x0200575c                iswspace
 .text          0x020057e0      0x1f4 /Users/lwy08/Downloads/devkitpro/devkitARM/bin/../lib/gcc/arm-eabi/4.6.1/../../../../arm-eabi/lib/thumb/libg.a(lib_a-jp2uc.o)
                0x02005970                _jp2uc
 .text          0x020059d4      0x938 /Users/lwy08/Downloads/devkitpro/devkitARM/bin/../lib/gcc/arm-eabi/4.6.1/../../../../arm-eabi/lib/thumb/libg.a(lib_a-locale.o)
                0x02006090                _setlocale_r
                0x020062ac                __locale_charset
                0x020062b4                __locale_mb_cur_max
                0x020062c0                __locale_msgcharset
                0x020062cc                __locale_cjk_lang
                0x020062d8                _localeconv_r
                0x020062e4                setlocale
                0x02006300                localeconv
 .text          0x0200630c       0xe4 /Users/lwy08/Downloads/devkitpro/devkitARM/bin/../lib/gcc/arm-eabi/4.6.1/../../../../arm-eabi/lib/thumb/libg.a(lib_a-makebuf.o)
                0x0200630c                __smakebuf_r
 .text          0x020063f0       0x30 /Users/lwy08/Downloads/devkitpro/devkitARM/bin/../lib/gcc/arm-eabi/4.6.1/../../../../arm-eabi/lib/thumb/libg.a(lib_a-malloc.o)
                0x020063f0                malloc
                0x02006408                free
 .text          0x02006420      0x514 /Users/lwy08/Downloads/devkitpro/devkitARM/bin/../lib/gcc/arm-eabi/4.6.1/../../../../arm-eabi/lib/thumb/libg.a(lib_a-mallocr.o)
                0x02006420                _malloc_r
 .text          0x02006934       0xfc /Users/lwy08/Downloads/devkitpro/devkitARM/bin/../lib/gcc/arm-eabi/4.6.1/../../../../arm-eabi/lib/thumb/libg.a(lib_a-mbrtowc.o)
                0x02006934                _mbrtowc_r
                0x020069a8                mbrtowc
 .text          0x02006a30      0x5f8 /Users/lwy08/Downloads/devkitpro/devkitARM/bin/../lib/gcc/arm-eabi/4.6.1/../../../../arm-eabi/lib/thumb/libg.a(lib_a-mbtowc_r.o)
                0x02006a30                __utf8_mbtowc
                0x02006cf8                _mbtowc_r
                0x02006d34                __ascii_mbtowc
                0x02006d60                __sjis_mbtowc
                0x02006e1c                __eucjp_mbtowc
                0x02006efc                __jis_mbtowc
 .text          0x02007028       0x94 /Users/lwy08/Downloads/devkitpro/devkitARM/bin/../lib/gcc/arm-eabi/4.6.1/../../../../arm-eabi/lib/thumb/libg.a(lib_a-memchr.o)
                0x02007028                memchr
 .text          0x020070bc       0xa8 /Users/lwy08/Downloads/devkitpro/devkitARM/bin/../lib/gcc/arm-eabi/4.6.1/../../../../arm-eabi/lib/thumb/libg.a(lib_a-memmove.o)
                0x020070bc                memmove
 .text          0x02007164       0x98 /Users/lwy08/Downloads/devkitpro/devkitARM/bin/../lib/gcc/arm-eabi/4.6.1/../../../../arm-eabi/lib/thumb/libg.a(lib_a-memset.o)
                0x02007164                memset
 .text          0x020071fc        0x8 /Users/lwy08/Downloads/devkitpro/devkitARM/bin/../lib/gcc/arm-eabi/4.6.1/../../../../arm-eabi/lib/thumb/libg.a(lib_a-mlock.o)
                0x020071fc                __malloc_lock
                0x02007200                __malloc_unlock
 .text          0x02007204      0x3c4 /Users/lwy08/Downloads/devkitpro/devkitARM/bin/../lib/gcc/arm-eabi/4.6.1/../../../../arm-eabi/lib/thumb/libg.a(lib_a-reallocr.o)
                0x02007204                _realloc_r
 .text          0x020075c8       0x7c /Users/lwy08/Downloads/devkitpro/devkitARM/bin/../lib/gcc/arm-eabi/4.6.1/../../../../arm-eabi/lib/thumb/libg.a(lib_a-sccl.o)
                0x020075c8                __sccl
 .text          0x02007644       0x50 /Users/lwy08/Downloads/devkitpro/devkitARM/bin/../lib/gcc/arm-eabi/4.6.1/../../../../arm-eabi/lib/thumb/libg.a(lib_a-strcasecmp.o)
                0x02007644                strcasecmp
 .text          0x02007694       0x58 /Users/lwy08/Downloads/devkitpro/devkitARM/bin/../lib/gcc/arm-eabi/4.6.1/../../../../arm-eabi/lib/thumb/libg.a(lib_a-strcat.o)
                0x02007694                strcat
 .text          0x020076ec       0xe4 /Users/lwy08/Downloads/devkitpro/devkitARM/bin/../lib/gcc/arm-eabi/4.6.1/../../../../arm-eabi/lib/thumb/libg.a(lib_a-strchr.o)
                0x020076ec                strchr
 .text          0x020077d0       0x14 /Users/lwy08/Downloads/devkitpro/devkitARM/bin/../lib/gcc/arm-eabi/4.6.1/../../../../arm-eabi/lib/thumb/libg.a(lib_a-strcmp.o)
                0x020077d0                strcmp
 .text          0x020077e4       0x10 /Users/lwy08/Downloads/devkitpro/devkitARM/bin/../lib/gcc/arm-eabi/4.6.1/../../../../arm-eabi/lib/thumb/libg.a(lib_a-strcpy.o)
                0x020077e4                strcpy
 .text          0x020077f4       0x4c /Users/lwy08/Downloads/devkitpro/devkitARM/bin/../lib/gcc/arm-eabi/4.6.1/../../../../arm-eabi/lib/thumb/libg.a(lib_a-strlcpy.o)
                0x020077f4                strlcpy
 .text          0x02007840       0x60 /Users/lwy08/Downloads/devkitpro/devkitARM/bin/../lib/gcc/arm-eabi/4.6.1/../../../../arm-eabi/lib/thumb/libg.a(lib_a-strncasecmp.o)
                0x02007840                strncasecmp
 .text          0x020078a0       0xc0 /Users/lwy08/Downloads/devkitpro/devkitARM/bin/../lib/gcc/arm-eabi/4.6.1/../../../../arm-eabi/lib/thumb/libg.a(lib_a-strncmp.o)
                0x020078a0                strncmp
 .text          0x02007960       0x78 /Users/lwy08/Downloads/devkitpro/devkitARM/bin/../lib/gcc/arm-eabi/4.6.1/../../../../arm-eabi/lib/thumb/libg.a(lib_a-strncpy.o)
                0x02007960                strncpy
 .text          0x020079d8      0x184 /Users/lwy08/Downloads/devkitpro/devkitARM/bin/../lib/gcc/arm-eabi/4.6.1/../../../../arm-eabi/lib/thumb/libg.a(lib_a-strtol.o)
                0x020079d8                _strtol_r
                0x02007b3c                strtol
 *fill*         0x02007b5c        0x4 ff
 .text          0x02007b60      0x210 /Users/lwy08/Downloads/devkitpro/devkitARM/bin/../lib/gcc/arm-eabi/4.6.1/../../../../arm-eabi/lib/thumb/libg.a(lib_a-strtoll_r.o)
                0x02007b60                _strtoll_r
 .text          0x02007d70      0x198 /Users/lwy08/Downloads/devkitpro/devkitARM/bin/../lib/gcc/arm-eabi/4.6.1/../../../../arm-eabi/lib/thumb/libg.a(lib_a-strtoul.o)
                0x02007d70                _strtoul_r
                0x02007ee8                strtoul
 .text          0x02007f08      0x220 /Users/lwy08/Downloads/devkitpro/devkitARM/bin/../lib/gcc/arm-eabi/4.6.1/../../../../arm-eabi/lib/thumb/libg.a(lib_a-strtoull_r.o)
                0x02007f08                _strtoull_r
 .text          0x02008128       0xe4 /Users/lwy08/Downloads/devkitpro/devkitARM/bin/../lib/gcc/arm-eabi/4.6.1/../../../../arm-eabi/lib/thumb/libg.a(lib_a-wbuf.o)
                0x02008128                __swbuf_r
                0x020081f0                __swbuf
 .text          0x0200820c      0x13c /Users/lwy08/Downloads/devkitpro/devkitARM/bin/../lib/gcc/arm-eabi/4.6.1/../../../../arm-eabi/lib/thumb/libg.a(lib_a-wcsnrtombs.o)
                0x0200820c                _wcsnrtombs_r
                0x02008318                wcsnrtombs
 .text          0x02008348       0xc0 /Users/lwy08/Downloads/devkitpro/devkitARM/bin/../lib/gcc/arm-eabi/4.6.1/../../../../arm-eabi/lib/thumb/libg.a(lib_a-fclose.o)
                0x02008348                _fclose_r
                0x020083ec                fclose
 .text          0x02008408       0xa8 /Users/lwy08/Downloads/devkitpro/devkitARM/bin/../lib/gcc/arm-eabi/4.6.1/../../../../arm-eabi/lib/thumb/libg.a(lib_a-getenv_r.o)
                0x02008408                _findenv_r
                0x020084a0                _getenv_r
 .text          0x020084b0        0x0 /Users/lwy08/Downloads/devkitpro/devkitARM/bin/../lib/gcc/arm-eabi/4.6.1/../../../../arm-eabi/lib/thumb/libg.a(lib_a-environ.o)
 .text          0x020084b0        0x8 /Users/lwy08/Downloads/devkitpro/devkitARM/bin/../lib/gcc/arm-eabi/4.6.1/../../../../arm-eabi/lib/thumb/libg.a(lib_a-envlock.o)
                0x020084b0                __env_lock
                0x020084b4                __env_unlock
 .text          0x020084b8      0x144 /Users/lwy08/Downloads/devkitpro/devkitARM/bin/../lib/gcc/arm-eabi/4.6.1/../../../../arm-eabi/lib/thumb/libsysbase.a(iosupport.o)
                0x020084b8                setDefaultDevice
                0x020084cc                FindDevice
                0x0200853c                RemoveDevice
                0x02008560                AddDevice
                0x020085dc                GetDeviceOpTab
 .text          0x020085fc       0x50 /Users/lwy08/Downloads/devkitpro/devkitARM/bin/../lib/gcc/arm-eabi/4.6.1/../../../../arm-eabi/lib/thumb/libsysbase.a(close.o)
                0x020085fc                _close_r
 .text          0x0200864c       0x58 /Users/lwy08/Downloads/devkitpro/devkitARM/bin/../lib/gcc/arm-eabi/4.6.1/../../../../arm-eabi/lib/thumb/libsysbase.a(fstat.o)
                0x0200864c                _fstat_r
 .text          0x020086a4        0x4 /Users/lwy08/Downloads/devkitpro/devkitARM/bin/../lib/gcc/arm-eabi/4.6.1/../../../../arm-eabi/lib/thumb/libsysbase.a(isatty.o)
                0x020086a4                _isatty_r
 .text          0x020086a8       0x54 /Users/lwy08/Downloads/devkitpro/devkitARM/bin/../lib/gcc/arm-eabi/4.6.1/../../../../arm-eabi/lib/thumb/libsysbase.a(lseek.o)
                0x020086a8                _lseek_r
 .text          0x020086fc       0x54 /Users/lwy08/Downloads/devkitpro/devkitARM/bin/../lib/gcc/arm-eabi/4.6.1/../../../../arm-eabi/lib/thumb/libsysbase.a(read.o)
                0x020086fc                _read_r
 .text          0x02008750       0x54 /Users/lwy08/Downloads/devkitpro/devkitARM/bin/../lib/gcc/arm-eabi/4.6.1/../../../../arm-eabi/lib/thumb/libsysbase.a(sbrk.o)
                0x02008750                _sbrk_r
 .text          0x020087a4       0x48 /Users/lwy08/Downloads/devkitpro/devkitARM/bin/../lib/gcc/arm-eabi/4.6.1/../../../../arm-eabi/lib/thumb/libsysbase.a(times.o)
                0x020087a4                _times
                0x020087b8                _times_r
                0x020087c0                _gettimeofday_r
 .text          0x020087ec       0x54 /Users/lwy08/Downloads/devkitpro/devkitARM/bin/../lib/gcc/arm-eabi/4.6.1/../../../../arm-eabi/lib/thumb/libsysbase.a(write.o)
                0x020087ec                _write_r
 .text          0x02008840        0x0 /Users/lwy08/Downloads/devkitpro/devkitARM/bin/../lib/gcc/arm-eabi/4.6.1/../../../../arm-eabi/lib/thumb/libsysbase.a(malloc_vars.o)
 .text          0x02008840       0x48 /Users/lwy08/Downloads/devkitpro/devkitARM/bin/../lib/gcc/arm-eabi/4.6.1/../../../../arm-eabi/lib/thumb/libsysbase.a(build_argv.o)
                0x02008840                build_argv
 .text          0x02008888        0x0 /Users/lwy08/Downloads/devkitpro/devkitARM/bin/../lib/gcc/arm-eabi/4.6.1/../../../../arm-eabi/lib/thumb/libsysbase.a(syscall_support.o)
 .text          0x02008888       0x80 /Users/lwy08/Downloads/devkitpro/devkitARM/bin/../lib/gcc/arm-eabi/4.6.1/../../../../arm-eabi/lib/thumb/libsysbase.a(handle_manager.o)
                0x02008888                __release_handle
                0x020088b4                __alloc_handle
                0x020088ec                __get_handle
 .text          0x02008908      0x11c /Users/lwy08/Downloads/devkitpro/devkitARM/bin/../lib/gcc/arm-eabi/4.6.1/thumb/libgcc.a(_udivsi3.o)
                0x02008908                __udivsi3
                0x02008908                __aeabi_uidiv
                0x02008a04                __aeabi_uidivmod
 .text          0x02008a24       0x3c /Users/lwy08/Downloads/devkitpro/devkitARM/bin/../lib/gcc/arm-eabi/4.6.1/thumb/libgcc.a(_aeabi_uldivmod.o)
                0x02008a24                __aeabi_uldivmod
 .text          0x02008a60       0x4c /Users/lwy08/Downloads/devkitpro/devkitARM/bin/../lib/gcc/arm-eabi/4.6.1/thumb/libgcc.a(_muldi3.o)
                0x02008a60                __aeabi_lmul
                0x02008a60                __muldi3
 .text          0x02008aac       0x74 /Users/lwy08/Downloads/devkitpro/devkitARM/bin/../lib/gcc/arm-eabi/4.6.1/thumb/libgcc.a(bpabi.o)
                0x02008aac                __gnu_ldivmod_helper
                0x02008ae8                __gnu_uldivmod_helper
 .text          0x02008b20      0xa84 /Users/lwy08/Downloads/devkitpro/devkitARM/bin/../lib/gcc/arm-eabi/4.6.1/thumb/libgcc.a(unwind-arm.o)
                0x02008dfc                _Unwind_VRS_Get
                0x02008e48                _Unwind_VRS_Set
                0x02009188                __aeabi_unwind_cpp_pr2
                0x02009198                __aeabi_unwind_cpp_pr1
                0x020091a8                __aeabi_unwind_cpp_pr0
                0x020091b8                _Unwind_VRS_Pop
                0x02009430                _Unwind_GetCFA
                0x02009434                __gnu_Unwind_RaiseException
                0x02009494                __gnu_Unwind_ForcedUnwind
                0x020094ac                __gnu_Unwind_Resume
                0x020094ec                __gnu_Unwind_Resume_or_Rethrow
                0x0200950c                _Unwind_Complete
                0x02009510                _Unwind_DeleteException
                0x02009528                __gnu_Unwind_Backtrace
 .text          0x020095a4      0x1d8 /Users/lwy08/Downloads/devkitpro/devkitARM/bin/../lib/gcc/arm-eabi/4.6.1/thumb/libgcc.a(libunwind.o)
                0x020095a4                __restore_core_regs
                0x020095a4                restore_core_regs
                0x020095c0                __gnu_Unwind_Restore_VFP
                0x020095c8                __gnu_Unwind_Save_VFP
                0x020095d0                __gnu_Unwind_Restore_VFP_D
                0x020095d8                __gnu_Unwind_Save_VFP_D
                0x020095e0                __gnu_Unwind_Restore_VFP_D_16_to_31
                0x020095e8                __gnu_Unwind_Save_VFP_D_16_to_31
                0x020095f0                __gnu_Unwind_Restore_WMMXD
                0x02009634                __gnu_Unwind_Save_WMMXD
                0x02009678                __gnu_Unwind_Restore_WMMXC
                0x0200968c                __gnu_Unwind_Save_WMMXC
                0x020096a0                _Unwind_RaiseException
                0x020096a0                ___Unwind_RaiseException
                0x020096cc                ___Unwind_Resume
                0x020096cc                _Unwind_Resume
                0x020096f8                ___Unwind_Resume_or_Rethrow
                0x020096f8                _Unwind_Resume_or_Rethrow
                0x02009724                _Unwind_ForcedUnwind
                0x02009724                ___Unwind_ForcedUnwind
                0x02009750                _Unwind_Backtrace
                0x02009750                ___Unwind_Backtrace
 .text          0x0200977c      0x3a0 /Users/lwy08/Downloads/devkitpro/devkitARM/bin/../lib/gcc/arm-eabi/4.6.1/thumb/libgcc.a(pr-support.o)
                0x020097d8                __gnu_unwind_execute
                0x02009ab8                __gnu_unwind_frame
                0x02009ae4                _Unwind_GetRegionStart
                0x02009af4                _Unwind_GetLanguageSpecificData
                0x02009b0c                _Unwind_GetDataRelBase
                0x02009b14                _Unwind_GetTextRelBase
 .text          0x02009b1c      0x390 /Users/lwy08/Downloads/devkitpro/devkitARM/bin/../lib/gcc/arm-eabi/4.6.1/thumb/libgcc.a(_divdi3.o)
                0x02009b1c                __divdi3
 .text          0x02009eac      0x358 /Users/lwy08/Downloads/devkitpro/devkitARM/bin/../lib/gcc/arm-eabi/4.6.1/thumb/libgcc.a(_udivdi3.o)
                0x02009eac                __udivdi3
 .text          0x0200a204       0x48 /Users/lwy08/Downloads/devkitpro/devkitARM/bin/../lib/gcc/arm-eabi/4.6.1/thumb/libgcc.a(_clzsi2.o)
                0x0200a204                __clzsi2
 .text          0x0200a24c       0x10 /Users/lwy08/Downloads/devkitpro/devkitARM/bin/../lib/gcc/arm-eabi/4.6.1/../../../../arm-eabi/lib/thumb/libg.a(lib_a-abort.o)
                0x0200a24c                abort
 .text          0x0200a25c        0xc /Users/lwy08/Downloads/devkitpro/devkitARM/bin/../lib/gcc/arm-eabi/4.6.1/../../../../arm-eabi/lib/thumb/libg.a(lib_a-errno.o)
                0x0200a25c                __errno
 .text          0x0200a268      0x194 /Users/lwy08/Downloads/devkitpro/devkitARM/bin/../lib/gcc/arm-eabi/4.6.1/../../../../arm-eabi/lib/thumb/libg.a(lib_a-signal.o)
                0x0200a268                _init_signal_r
                0x0200a2a8                _signal_r
                0x0200a2e8                _raise_r
                0x0200a348                __sigtramp_r
                0x0200a398                raise
                0x0200a3b0                signal
                0x0200a3cc                _init_signal
                0x0200a3e0                __sigtramp
 .text          0x0200a3fc        0xc /Users/lwy08/Downloads/devkitpro/devkitARM/bin/../lib/gcc/arm-eabi/4.6.1/../../../../arm-eabi/lib/thumb/libsysbase.a(getpid.o)
                0x0200a3fc                _getpid_r
 .text          0x0200a408        0xc /Users/lwy08/Downloads/devkitpro/devkitARM/bin/../lib/gcc/arm-eabi/4.6.1/../../../../arm-eabi/lib/thumb/libsysbase.a(kill.o)
                0x0200a408                _kill_r
 .text          0x0200a414       0x18 /Users/lwy08/Downloads/devkitpro/devkitARM/bin/../lib/gcc/arm-eabi/4.6.1/../../../../arm-eabi/lib/thumb/libsysbase.a(_exit.o)
                0x0200a414                _exit
 .text          0x0200a42c        0x0 /Users/lwy08/Downloads/devkitpro/devkitARM/bin/../lib/gcc/arm-eabi/4.6.1/thumb/crtend.o
 .text          0x0200a42c        0x0 /Users/lwy08/Downloads/devkitpro/devkitARM/bin/../lib/gcc/arm-eabi/4.6.1/thumb/crtn.o
 *(.text.*)
 .text.startup  0x0200a42c       0x7c main.o
                0x0200a42c                main
 .text.startup.stub
                0x0200a4a8       0x10 linker stubs
 *(.stub)
 *(.gnu.warning)
 *(.gnu.linkonce.t*)
 *(.glue_7)
 .glue_7        0x00000000        0x0 linker stubs
 *(.glue_7t)
 .glue_7t       0x00000000        0x0 linker stubs
                0x0200a4b8                . = ALIGN (0x4)

.vfp11_veneer   0x0200a4b8        0x0
 .vfp11_veneer  0x00000000        0x0 linker stubs

.v4_bx          0x0200a4b8        0x0
 .v4_bx         0x00000000        0x0 linker stubs

.fini           0x0200a4b8        0xc
 *(.fini)
 .fini          0x0200a4b8        0x4 /Users/lwy08/Downloads/devkitpro/devkitARM/bin/../lib/gcc/arm-eabi/4.6.1/thumb/crti.o
                0x0200a4b8                _fini
 .fini          0x0200a4bc        0x8 /Users/lwy08/Downloads/devkitpro/devkitARM/bin/../lib/gcc/arm-eabi/4.6.1/thumb/crtn.o
                0x0200a4c4                __text_end = .

.rodata         0x0200a4c4     0x6434
 *(.rodata)
 .rodata        0x0200a4c4      0x200 /Users/lwy08/Downloads/devkitpro/libnds/lib/libnds9.a(console.o)
 .rodata        0x0200a6c4     0x2004 /Users/lwy08/Downloads/devkitpro/libnds/lib/libnds9.a(default_font.bin.o)
                0x0200a6c4                default_font_bin
                0x0200c6c4                default_font_bin_end
                0x0200c6c4                default_font_bin_size
 .rodata        0x0200c6c8      0x308 /Users/lwy08/Downloads/devkitpro/libnds/lib/libnds9.a(trig.o)
                0x0200c6c8                SIN_LUT
                0x0200c7cc                TAN_LUT
 .rodata        0x0200c9d0        0x4 /Users/lwy08/Downloads/devkitpro/devkitARM/bin/../lib/gcc/arm-eabi/4.6.1/../../../../arm-eabi/lib/thumb/libg.a(lib_a-impure.o)
                0x0200c9d0                _global_impure_ptr
 .rodata        0x0200c9d4      0x340 /Users/lwy08/Downloads/devkitpro/devkitARM/bin/../lib/gcc/arm-eabi/4.6.1/../../../../arm-eabi/lib/thumb/libg.a(lib_a-svfiscanf.o)
 .rodata        0x0200cd14      0x184 /Users/lwy08/Downloads/devkitpro/devkitARM/bin/../lib/gcc/arm-eabi/4.6.1/../../../../arm-eabi/lib/thumb/libg.a(lib_a-vfiprintf.o)
 .rodata        0x0200ce98      0x104 /Users/lwy08/Downloads/devkitpro/devkitARM/bin/../lib/gcc/arm-eabi/4.6.1/../../../../arm-eabi/lib/thumb/libg.a(lib_a-ctype_.o)
                0x0200ce98                _ctype_
 .rodata        0x0200cf9c     0x34f0 /Users/lwy08/Downloads/devkitpro/devkitARM/bin/../lib/gcc/arm-eabi/4.6.1/../../../../arm-eabi/lib/thumb/libg.a(lib_a-jp2uc.o)
 .rodata        0x0201048c       0xf0 /Users/lwy08/Downloads/devkitpro/devkitARM/bin/../lib/gcc/arm-eabi/4.6.1/../../../../arm-eabi/lib/thumb/libg.a(lib_a-locale.o)
 .rodata        0x0201057c       0xa8 /Users/lwy08/Downloads/devkitpro/devkitARM/bin/../lib/gcc/arm-eabi/4.6.1/../../../../arm-eabi/lib/thumb/libg.a(lib_a-mbtowc_r.o)
 .rodata        0x02010624       0x64 /Users/lwy08/Downloads/devkitpro/devkitARM/bin/../lib/gcc/arm-eabi/4.6.1/../../../../arm-eabi/lib/thumb/libsysbase.a(iosupport.o)
                0x02010624                dotab_stdnull
 .rodata        0x02010688       0x14 /Users/lwy08/Downloads/devkitpro/devkitARM/bin/../lib/gcc/arm-eabi/4.6.1/thumb/libgcc.a(unwind-arm.o)
 *all.rodata*(*)
 *(.roda)
 *(.rodata.*)
 .rodata.str1.4
                0x0201069c       0xaa main.o
                                 0xac (size before relaxing)
 *fill*         0x02010746        0x2 ff
 .rodata.str1.4
                0x02010748       0x49 /Users/lwy08/Downloads/devkitpro/libnds/lib/libnds9.a(console.o)
                                 0x4c (size before relaxing)
 *fill*         0x02010791        0x3 ff
 .rodata.str1.4
                0x02010794        0x2 /Users/lwy08/Downloads/devkitpro/devkitARM/bin/../lib/gcc/arm-eabi/4.6.1/../../../../arm-eabi/lib/thumb/libg.a(lib_a-impure.o)
                                  0x4 (size before relaxing)
 *fill*         0x02010796        0x2 ff
 .rodata.str1.4
                0x02010798       0x2f /Users/lwy08/Downloads/devkitpro/devkitARM/bin/../lib/gcc/arm-eabi/4.6.1/../../../../arm-eabi/lib/thumb/libg.a(lib_a-vfiprintf.o)
                                 0x30 (size before relaxing)
 *fill*         0x020107c7        0x1 ff
 .rodata.str1.4
                0x020107c8       0x12 /Users/lwy08/Downloads/devkitpro/devkitARM/bin/../lib/gcc/arm-eabi/4.6.1/../../../../arm-eabi/lib/thumb/libg.a(lib_a-jp2uc.o)
                                 0x14 (size before relaxing)
 *fill*         0x020107da        0x2 ff
 .rodata.str1.4
                0x020107dc      0x112 /Users/lwy08/Downloads/devkitpro/devkitARM/bin/../lib/gcc/arm-eabi/4.6.1/../../../../arm-eabi/lib/thumb/libg.a(lib_a-locale.o)
                                0x130 (size before relaxing)
 .rodata.str1.4
                0x00000000        0x4 /Users/lwy08/Downloads/devkitpro/devkitARM/bin/../lib/gcc/arm-eabi/4.6.1/../../../../arm-eabi/lib/thumb/libg.a(lib_a-mbrtowc.o)
 *fill*         0x020108ee        0x2 ff
 .rodata.str1.4
                0x020108f0        0x8 /Users/lwy08/Downloads/devkitpro/devkitARM/bin/../lib/gcc/arm-eabi/4.6.1/../../../../arm-eabi/lib/thumb/libsysbase.a(iosupport.o)
 *(.gnu.linkonce.r*)
                0x020108f8                . = ALIGN (0x4)

.ARM.extab      0x020108f8       0xb4
 *(.ARM.extab* .gnu.linkonce.armextab.*)
 .ARM.extab     0x020108f8        0x0 /Users/lwy08/Downloads/devkitpro/devkitARM/bin/../lib/gcc/arm-eabi/4.6.1/thumb/libgcc.a(bpabi.o)
 .ARM.extab     0x020108f8       0x6c /Users/lwy08/Downloads/devkitpro/devkitARM/bin/../lib/gcc/arm-eabi/4.6.1/thumb/libgcc.a(unwind-arm.o)
 .ARM.extab     0x02010964       0x30 /Users/lwy08/Downloads/devkitpro/devkitARM/bin/../lib/gcc/arm-eabi/4.6.1/thumb/libgcc.a(pr-support.o)
 .ARM.extab     0x02010994        0xc /Users/lwy08/Downloads/devkitpro/devkitARM/bin/../lib/gcc/arm-eabi/4.6.1/thumb/libgcc.a(_divdi3.o)
 .ARM.extab     0x020109a0        0xc /Users/lwy08/Downloads/devkitpro/devkitARM/bin/../lib/gcc/arm-eabi/4.6.1/thumb/libgcc.a(_udivdi3.o)
                0x020109ac                __exidx_start = .

ARM.exidx       0x020109ac       0xf8
 *(.ARM.exidx* .gnu.linkonce.armexidx.*)
 .ARM.exidx     0x020109ac        0x8 /Users/lwy08/Downloads/devkitpro/devkitARM/bin/../lib/gcc/arm-eabi/4.6.1/thumb/libgcc.a(bpabi.o)
                                 0x10 (size before relaxing)
 .ARM.exidx     0x020109b4       0xa0 /Users/lwy08/Downloads/devkitpro/devkitARM/bin/../lib/gcc/arm-eabi/4.6.1/thumb/libgcc.a(unwind-arm.o)
                                 0xc0 (size before relaxing)
 .ARM.exidx     0x02010a54       0x38 /Users/lwy08/Downloads/devkitpro/devkitARM/bin/../lib/gcc/arm-eabi/4.6.1/thumb/libgcc.a(pr-support.o)
                                 0x48 (size before relaxing)
 .ARM.exidx     0x02010a8c        0x8 /Users/lwy08/Downloads/devkitpro/devkitARM/bin/../lib/gcc/arm-eabi/4.6.1/thumb/libgcc.a(_divdi3.o)
 .ARM.exidx     0x02010a94       0x10 /Users/lwy08/Downloads/devkitpro/devkitARM/bin/../lib/gcc/arm-eabi/4.6.1/thumb/libgcc.a(_udivdi3.o)
                                  0x8 (size before relaxing)
                0x02010aa4                __exidx_end = .
                0x02010aa4                . = ALIGN (0x4)
                0x02010aa4                PROVIDE (__preinit_array_start, .)

.preinit_array
 *(.preinit_array)
                0x02010aa4                PROVIDE (__preinit_array_end, .)
                0x02010aa4                PROVIDE (__init_array_start, .)

.init_array     0x02010aa4        0x4
 *(SORT(.init_array.*))
 *(.init_array)
 .init_array    0x02010aa4        0x4 /Users/lwy08/Downloads/devkitpro/devkitARM/bin/../lib/gcc/arm-eabi/4.6.1/thumb/crtbegin.o
                0x02010aa8                PROVIDE (__init_array_end, .)
                0x02010aa8                PROVIDE (__fini_array_start, .)

.fini_array     0x02010aa8        0x4
 *(.fini_array)
 .fini_array    0x02010aa8        0x4 /Users/lwy08/Downloads/devkitpro/devkitARM/bin/../lib/gcc/arm-eabi/4.6.1/thumb/crtbegin.o
 *(SORT(.fini_array.*))
                0x02010aac                PROVIDE (__fini_array_end, .)

.ctors          0x02010aac        0x0
 *crtbegin.o(.ctors)
 *(EXCLUDE_FILE(*crtend.o) .ctors)
 *(SORT(.ctors.*))
 *(.ctors)
                0x02010aac                . = ALIGN (0x4)

.dtors          0x02010aac        0x0
 *crtbegin.o(.dtors)
 *(EXCLUDE_FILE(*crtend.o) .dtors)
 *(SORT(.dtors.*))
 *(.dtors)
                0x02010aac                . = ALIGN (0x4)

.eh_frame       0x02010aac        0x4
 *(.eh_frame)
 .eh_frame      0x02010aac        0x0 /Users/lwy08/Downloads/devkitpro/devkitARM/bin/../lib/gcc/arm-eabi/4.6.1/thumb/crtbegin.o
 .eh_frame      0x02010aac        0x4 /Users/lwy08/Downloads/devkitpro/devkitARM/bin/../lib/gcc/arm-eabi/4.6.1/thumb/crtend.o
                0x02010ab0                . = ALIGN (0x4)

.gcc_except_table
                0x02010ab0        0x0
 *(.gcc_except_table)
                0x02010ab0                . = ALIGN (0x4)

.jcr            0x02010ab0        0x4
 *(.jcr)
 .jcr           0x02010ab0        0x0 /Users/lwy08/Downloads/devkitpro/devkitARM/bin/../lib/gcc/arm-eabi/4.6.1/thumb/crtbegin.o
 .jcr           0x02010ab0        0x4 /Users/lwy08/Downloads/devkitpro/devkitARM/bin/../lib/gcc/arm-eabi/4.6.1/thumb/crtend.o

.got
 *(.got.plt)
 *(.got)
 *(.rel.got)

.ewram          0x02010ab4        0x0
                0x02010ab4                __ewram_start = ABSOLUTE (.)
 *(.ewram)
 *ewram.*(.text)
                0x02010ab4                . = ALIGN (0x4)

.data           0x02010ab4      0xaec
                0x02010ab4                __data_start = ABSOLUTE (.)
 *(.data)
 .data          0x02010ab4        0x0 /Users/lwy08/Downloads/devkitpro/devkitARM/bin/../lib/gcc/arm-eabi/4.6.1/../../../../arm-eabi/lib/thumb/ds_arm9_crt0.o
 .data          0x02010ab4        0x0 /Users/lwy08/Downloads/devkitpro/devkitARM/bin/../lib/gcc/arm-eabi/4.6.1/thumb/crti.o
 .data          0x02010ab4        0x4 /Users/lwy08/Downloads/devkitpro/devkitARM/bin/../lib/gcc/arm-eabi/4.6.1/thumb/crtbegin.o
                0x02010ab4                __dso_handle
 .data          0x02010ab8        0x0 main.o
 .data          0x02010ab8       0x64 /Users/lwy08/Downloads/devkitpro/libnds/lib/libnds9.a(console.o)
                0x02010ab8                currentConsole
                0x02010abc                defaultConsole
 .data          0x02010b1c        0x0 /Users/lwy08/Downloads/devkitpro/libnds/lib/libnds9.a(touch.o)
 .data          0x02010b1c        0x0 /Users/lwy08/Downloads/devkitpro/libnds/lib/libnds9.a(initSystem.o)
 .data          0x02010b1c       0x10 /Users/lwy08/Downloads/devkitpro/libnds/lib/libnds9.a(fifosystem.o)
                0x02010b1c                fifo_freewords
                0x02010b20                fifo_buffer_free
                0x02010b24                fifo_send_queue
                0x02010b28                fifo_receive_queue
 .data          0x02010b2c        0x0 /Users/lwy08/Downloads/devkitpro/libnds/lib/libnds9.a(interrupts.o)
 .data          0x02010b2c        0x0 /Users/lwy08/Downloads/devkitpro/libnds/lib/libnds9.a(libnds_exit.o)
 .data          0x02010b2c        0x0 /Users/lwy08/Downloads/devkitpro/libnds/lib/libnds9.a(mpu_setup.o)
 .data          0x02010b2c        0x0 /Users/lwy08/Downloads/devkitpro/libnds/lib/libnds9.a(biosCalls.o)
 .data          0x02010b2c        0x0 /Users/lwy08/Downloads/devkitpro/libnds/lib/libnds9.a(debugprint.o)
 .data          0x02010b2c        0x0 /Users/lwy08/Downloads/devkitpro/libnds/lib/libnds9.a(interruptDispatcher.o)
 .data          0x02010b2c        0x0 /Users/lwy08/Downloads/devkitpro/libnds/lib/libnds9.a(swiSoftReset.o)
 .data          0x02010b2c        0x0 /Users/lwy08/Downloads/devkitpro/libnds/lib/libnds9.a(default_font.bin.o)
 .data          0x02010b2c       0x60 /Users/lwy08/Downloads/devkitpro/libnds/lib/libnds9.a(background.o)
                0x02010b2c                bgScrollTable
                0x02010b4c                bgTransform
                0x02010b6c                bgControl
 .data          0x02010b8c        0x0 /Users/lwy08/Downloads/devkitpro/libnds/lib/libnds9.a(system.o)
 .data          0x02010b8c        0x0 /Users/lwy08/Downloads/devkitpro/libnds/lib/libnds9.a(trig.o)
 .data          0x02010b8c        0x0 /Users/lwy08/Downloads/devkitpro/libnds/lib/libnds9.a(video.o)
 .data          0x02010b8c        0x0 /Users/lwy08/Downloads/devkitpro/devkitARM/bin/../lib/gcc/arm-eabi/4.6.1/thumb/libgcc.a(_divsi3.o)
 .data          0x02010b8c        0x0 /Users/lwy08/Downloads/devkitpro/devkitARM/bin/../lib/gcc/arm-eabi/4.6.1/thumb/libgcc.a(_dvmd_tls.o)
 .data          0x02010b8c        0x0 /Users/lwy08/Downloads/devkitpro/devkitARM/bin/../lib/gcc/arm-eabi/4.6.1/../../../../arm-eabi/lib/thumb/libg.a(lib_a-bsearch.o)
 *fill*         0x02010b8c        0x4 ff
 .data          0x02010b90      0x430 /Users/lwy08/Downloads/devkitpro/devkitARM/bin/../lib/gcc/arm-eabi/4.6.1/../../../../arm-eabi/lib/thumb/libg.a(lib_a-impure.o)
                0x02010b90                _impure_ptr
 .data          0x02010fc0        0x0 /Users/lwy08/Downloads/devkitpro/devkitARM/bin/../lib/gcc/arm-eabi/4.6.1/../../../../arm-eabi/lib/thumb/libg.a(lib_a-init.o)
 .data          0x02010fc0        0x0 /Users/lwy08/Downloads/devkitpro/devkitARM/bin/../lib/gcc/arm-eabi/4.6.1/../../../../arm-eabi/lib/thumb/libg.a(lib_a-iprintf.o)
 .data          0x02010fc0        0x0 /Users/lwy08/Downloads/devkitpro/devkitARM/bin/../lib/gcc/arm-eabi/4.6.1/../../../../arm-eabi/lib/thumb/libg.a(lib_a-memcpy.o)
 .data          0x02010fc0        0x0 /Users/lwy08/Downloads/devkitpro/devkitARM/bin/../lib/gcc/arm-eabi/4.6.1/../../../../arm-eabi/lib/thumb/libg.a(lib_a-setvbuf.o)
 .data          0x02010fc0        0x0 /Users/lwy08/Downloads/devkitpro/devkitARM/bin/../lib/gcc/arm-eabi/4.6.1/../../../../arm-eabi/lib/thumb/libg.a(lib_a-siscanf.o)
 .data          0x02010fc0        0x0 /Users/lwy08/Downloads/devkitpro/devkitARM/bin/../lib/gcc/arm-eabi/4.6.1/../../../../arm-eabi/lib/thumb/libg.a(lib_a-stdio.o)
 .data          0x02010fc0        0x0 /Users/lwy08/Downloads/devkitpro/devkitARM/bin/../lib/gcc/arm-eabi/4.6.1/../../../../arm-eabi/lib/thumb/libg.a(lib_a-strlen.o)
 .data          0x02010fc0        0x0 /Users/lwy08/Downloads/devkitpro/devkitARM/bin/../lib/gcc/arm-eabi/4.6.1/../../../../arm-eabi/lib/thumb/libg.a(lib_a-svfiscanf.o)
 .data          0x02010fc0        0x0 /Users/lwy08/Downloads/devkitpro/devkitARM/bin/../lib/gcc/arm-eabi/4.6.1/../../../../arm-eabi/lib/thumb/libg.a(lib_a-ungetc.o)
 .data          0x02010fc0        0x0 /Users/lwy08/Downloads/devkitpro/devkitARM/bin/../lib/gcc/arm-eabi/4.6.1/../../../../arm-eabi/lib/thumb/libg.a(lib_a-vfiprintf.o)
 .data          0x02010fc0        0x0 /Users/lwy08/Downloads/devkitpro/devkitARM/bin/../lib/gcc/arm-eabi/4.6.1/../../../../arm-eabi/lib/thumb/libg.a(lib_a-wcrtomb.o)
 .data          0x02010fc0        0x0 /Users/lwy08/Downloads/devkitpro/devkitARM/bin/../lib/gcc/arm-eabi/4.6.1/../../../../arm-eabi/lib/thumb/libg.a(lib_a-wcsrtombs.o)
 .data          0x02010fc0        0x4 /Users/lwy08/Downloads/devkitpro/devkitARM/bin/../lib/gcc/arm-eabi/4.6.1/../../../../arm-eabi/lib/thumb/libg.a(lib_a-wctomb_r.o)
                0x02010fc0                __wctomb
 .data          0x02010fc4        0x0 /Users/lwy08/Downloads/devkitpro/devkitARM/bin/../lib/gcc/arm-eabi/4.6.1/../../../../arm-eabi/lib/thumb/libg.a(lib_a-wsetup.o)
 .data          0x02010fc4        0x4 /Users/lwy08/Downloads/devkitpro/devkitARM/bin/../lib/gcc/arm-eabi/4.6.1/../../../../arm-eabi/lib/thumb/libg.a(lib_a-ctype_.o)
                0x02010fc4                __ctype_ptr__
 .data          0x02010fc8        0x0 /Users/lwy08/Downloads/devkitpro/devkitARM/bin/../lib/gcc/arm-eabi/4.6.1/../../../../arm-eabi/lib/thumb/libg.a(lib_a-fflush.o)
 .data          0x02010fc8        0x0 /Users/lwy08/Downloads/devkitpro/devkitARM/bin/../lib/gcc/arm-eabi/4.6.1/../../../../arm-eabi/lib/thumb/libg.a(lib_a-findfp.o)
 .data          0x02010fc8        0x0 /Users/lwy08/Downloads/devkitpro/devkitARM/bin/../lib/gcc/arm-eabi/4.6.1/../../../../arm-eabi/lib/thumb/libg.a(lib_a-fputwc.o)
 .data          0x02010fc8        0x0 /Users/lwy08/Downloads/devkitpro/devkitARM/bin/../lib/gcc/arm-eabi/4.6.1/../../../../arm-eabi/lib/thumb/libg.a(lib_a-freer.o)
 .data          0x02010fc8        0x0 /Users/lwy08/Downloads/devkitpro/devkitARM/bin/../lib/gcc/arm-eabi/4.6.1/../../../../arm-eabi/lib/thumb/libg.a(lib_a-fvwrite.o)
 .data          0x02010fc8        0x0 /Users/lwy08/Downloads/devkitpro/devkitARM/bin/../lib/gcc/arm-eabi/4.6.1/../../../../arm-eabi/lib/thumb/libg.a(lib_a-fwalk.o)
 .data          0x02010fc8        0x0 /Users/lwy08/Downloads/devkitpro/devkitARM/bin/../lib/gcc/arm-eabi/4.6.1/../../../../arm-eabi/lib/thumb/libg.a(lib_a-iswspace.o)
 .data          0x02010fc8        0x0 /Users/lwy08/Downloads/devkitpro/devkitARM/bin/../lib/gcc/arm-eabi/4.6.1/../../../../arm-eabi/lib/thumb/libg.a(lib_a-jp2uc.o)
 .data          0x02010fc8      0x17c /Users/lwy08/Downloads/devkitpro/devkitARM/bin/../lib/gcc/arm-eabi/4.6.1/../../../../arm-eabi/lib/thumb/libg.a(lib_a-locale.o)
                0x02010fc8                __default_locale
                0x020110e8                __mb_cur_max
 .data          0x02011144        0x0 /Users/lwy08/Downloads/devkitpro/devkitARM/bin/../lib/gcc/arm-eabi/4.6.1/../../../../arm-eabi/lib/thumb/libg.a(lib_a-makebuf.o)
 .data          0x02011144        0x0 /Users/lwy08/Downloads/devkitpro/devkitARM/bin/../lib/gcc/arm-eabi/4.6.1/../../../../arm-eabi/lib/thumb/libg.a(lib_a-malloc.o)
 .data          0x02011144      0x410 /Users/lwy08/Downloads/devkitpro/devkitARM/bin/../lib/gcc/arm-eabi/4.6.1/../../../../arm-eabi/lib/thumb/libg.a(lib_a-mallocr.o)
                0x02011144                __malloc_av_
                0x0201154c                __malloc_sbrk_base
                0x02011550                __malloc_trim_threshold
 .data          0x02011554        0x0 /Users/lwy08/Downloads/devkitpro/devkitARM/bin/../lib/gcc/arm-eabi/4.6.1/../../../../arm-eabi/lib/thumb/libg.a(lib_a-mbrtowc.o)
 .data          0x02011554        0x4 /Users/lwy08/Downloads/devkitpro/devkitARM/bin/../lib/gcc/arm-eabi/4.6.1/../../../../arm-eabi/lib/thumb/libg.a(lib_a-mbtowc_r.o)
                0x02011554                __mbtowc
 .data          0x02011558        0x0 /Users/lwy08/Downloads/devkitpro/devkitARM/bin/../lib/gcc/arm-eabi/4.6.1/../../../../arm-eabi/lib/thumb/libg.a(lib_a-memchr.o)
 .data          0x02011558        0x0 /Users/lwy08/Downloads/devkitpro/devkitARM/bin/../lib/gcc/arm-eabi/4.6.1/../../../../arm-eabi/lib/thumb/libg.a(lib_a-memmove.o)
 .data          0x02011558        0x0 /Users/lwy08/Downloads/devkitpro/devkitARM/bin/../lib/gcc/arm-eabi/4.6.1/../../../../arm-eabi/lib/thumb/libg.a(lib_a-memset.o)
 .data          0x02011558        0x0 /Users/lwy08/Downloads/devkitpro/devkitARM/bin/../lib/gcc/arm-eabi/4.6.1/../../../../arm-eabi/lib/thumb/libg.a(lib_a-mlock.o)
 .data          0x02011558        0x0 /Users/lwy08/Downloads/devkitpro/devkitARM/bin/../lib/gcc/arm-eabi/4.6.1/../../../../arm-eabi/lib/thumb/libg.a(lib_a-reallocr.o)
 .data          0x02011558        0x0 /Users/lwy08/Downloads/devkitpro/devkitARM/bin/../lib/gcc/arm-eabi/4.6.1/../../../../arm-eabi/lib/thumb/libg.a(lib_a-sccl.o)
 .data          0x02011558        0x0 /Users/lwy08/Downloads/devkitpro/devkitARM/bin/../lib/gcc/arm-eabi/4.6.1/../../../../arm-eabi/lib/thumb/libg.a(lib_a-strcasecmp.o)
 .data          0x02011558        0x0 /Users/lwy08/Downloads/devkitpro/devkitARM/bin/../lib/gcc/arm-eabi/4.6.1/../../../../arm-eabi/lib/thumb/libg.a(lib_a-strcat.o)
 .data          0x02011558        0x0 /Users/lwy08/Downloads/devkitpro/devkitARM/bin/../lib/gcc/arm-eabi/4.6.1/../../../../arm-eabi/lib/thumb/libg.a(lib_a-strchr.o)
 .data          0x02011558        0x0 /Users/lwy08/Downloads/devkitpro/devkitARM/bin/../lib/gcc/arm-eabi/4.6.1/../../../../arm-eabi/lib/thumb/libg.a(lib_a-strcmp.o)
 .data          0x02011558        0x0 /Users/lwy08/Downloads/devkitpro/devkitARM/bin/../lib/gcc/arm-eabi/4.6.1/../../../../arm-eabi/lib/thumb/libg.a(lib_a-strcpy.o)
 .data          0x02011558        0x0 /Users/lwy08/Downloads/devkitpro/devkitARM/bin/../lib/gcc/arm-eabi/4.6.1/../../../../arm-eabi/lib/thumb/libg.a(lib_a-strlcpy.o)
 .data          0x02011558        0x0 /Users/lwy08/Downloads/devkitpro/devkitARM/bin/../lib/gcc/arm-eabi/4.6.1/../../../../arm-eabi/lib/thumb/libg.a(lib_a-strncasecmp.o)
 .data          0x02011558        0x0 /Users/lwy08/Downloads/devkitpro/devkitARM/bin/../lib/gcc/arm-eabi/4.6.1/../../../../arm-eabi/lib/thumb/libg.a(lib_a-strncmp.o)
 .data          0x02011558        0x0 /Users/lwy08/Downloads/devkitpro/devkitARM/bin/../lib/gcc/arm-eabi/4.6.1/../../../../arm-eabi/lib/thumb/libg.a(lib_a-strncpy.o)
 .data          0x02011558        0x0 /Users/lwy08/Downloads/devkitpro/devkitARM/bin/../lib/gcc/arm-eabi/4.6.1/../../../../arm-eabi/lib/thumb/libg.a(lib_a-strtol.o)
 .data          0x02011558        0x0 /Users/lwy08/Downloads/devkitpro/devkitARM/bin/../lib/gcc/arm-eabi/4.6.1/../../../../arm-eabi/lib/thumb/libg.a(lib_a-strtoll_r.o)
 .data          0x02011558        0x0 /Users/lwy08/Downloads/devkitpro/devkitARM/bin/../lib/gcc/arm-eabi/4.6.1/../../../../arm-eabi/lib/thumb/libg.a(lib_a-strtoul.o)
 .data          0x02011558        0x0 /Users/lwy08/Downloads/devkitpro/devkitARM/bin/../lib/gcc/arm-eabi/4.6.1/../../../../arm-eabi/lib/thumb/libg.a(lib_a-strtoull_r.o)
 .data          0x02011558        0x0 /Users/lwy08/Downloads/devkitpro/devkitARM/bin/../lib/gcc/arm-eabi/4.6.1/../../../../arm-eabi/lib/thumb/libg.a(lib_a-wbuf.o)
 .data          0x02011558        0x0 /Users/lwy08/Downloads/devkitpro/devkitARM/bin/../lib/gcc/arm-eabi/4.6.1/../../../../arm-eabi/lib/thumb/libg.a(lib_a-wcsnrtombs.o)
 .data          0x02011558        0x0 /Users/lwy08/Downloads/devkitpro/devkitARM/bin/../lib/gcc/arm-eabi/4.6.1/../../../../arm-eabi/lib/thumb/libg.a(lib_a-fclose.o)
 .data          0x02011558        0x0 /Users/lwy08/Downloads/devkitpro/devkitARM/bin/../lib/gcc/arm-eabi/4.6.1/../../../../arm-eabi/lib/thumb/libg.a(lib_a-getenv_r.o)
 .data          0x02011558        0x4 /Users/lwy08/Downloads/devkitpro/devkitARM/bin/../lib/gcc/arm-eabi/4.6.1/../../../../arm-eabi/lib/thumb/libg.a(lib_a-environ.o)
                0x02011558                environ
 .data          0x0201155c        0x0 /Users/lwy08/Downloads/devkitpro/devkitARM/bin/../lib/gcc/arm-eabi/4.6.1/../../../../arm-eabi/lib/thumb/libg.a(lib_a-envlock.o)
 .data          0x0201155c       0x44 /Users/lwy08/Downloads/devkitpro/devkitARM/bin/../lib/gcc/arm-eabi/4.6.1/../../../../arm-eabi/lib/thumb/libsysbase.a(iosupport.o)
                0x02011560                devoptab_list
 .data          0x020115a0        0x0 /Users/lwy08/Downloads/devkitpro/devkitARM/bin/../lib/gcc/arm-eabi/4.6.1/../../../../arm-eabi/lib/thumb/libsysbase.a(close.o)
 .data          0x020115a0        0x0 /Users/lwy08/Downloads/devkitpro/devkitARM/bin/../lib/gcc/arm-eabi/4.6.1/../../../../arm-eabi/lib/thumb/libsysbase.a(fstat.o)
 .data          0x020115a0        0x0 /Users/lwy08/Downloads/devkitpro/devkitARM/bin/../lib/gcc/arm-eabi/4.6.1/../../../../arm-eabi/lib/thumb/libsysbase.a(isatty.o)
 .data          0x020115a0        0x0 /Users/lwy08/Downloads/devkitpro/devkitARM/bin/../lib/gcc/arm-eabi/4.6.1/../../../../arm-eabi/lib/thumb/libsysbase.a(lseek.o)
 .data          0x020115a0        0x0 /Users/lwy08/Downloads/devkitpro/devkitARM/bin/../lib/gcc/arm-eabi/4.6.1/../../../../arm-eabi/lib/thumb/libsysbase.a(read.o)
 .data          0x020115a0        0x0 /Users/lwy08/Downloads/devkitpro/devkitARM/bin/../lib/gcc/arm-eabi/4.6.1/../../../../arm-eabi/lib/thumb/libsysbase.a(sbrk.o)
 .data          0x020115a0        0x0 /Users/lwy08/Downloads/devkitpro/devkitARM/bin/../lib/gcc/arm-eabi/4.6.1/../../../../arm-eabi/lib/thumb/libsysbase.a(times.o)
 .data          0x020115a0        0x0 /Users/lwy08/Downloads/devkitpro/devkitARM/bin/../lib/gcc/arm-eabi/4.6.1/../../../../arm-eabi/lib/thumb/libsysbase.a(write.o)
 .data          0x020115a0        0x0 /Users/lwy08/Downloads/devkitpro/devkitARM/bin/../lib/gcc/arm-eabi/4.6.1/../../../../arm-eabi/lib/thumb/libsysbase.a(malloc_vars.o)
 .data          0x020115a0        0x0 /Users/lwy08/Downloads/devkitpro/devkitARM/bin/../lib/gcc/arm-eabi/4.6.1/../../../../arm-eabi/lib/thumb/libsysbase.a(build_argv.o)
 .data          0x020115a0        0x0 /Users/lwy08/Downloads/devkitpro/devkitARM/bin/../lib/gcc/arm-eabi/4.6.1/../../../../arm-eabi/lib/thumb/libsysbase.a(syscall_support.o)
 .data          0x020115a0        0x0 /Users/lwy08/Downloads/devkitpro/devkitARM/bin/../lib/gcc/arm-eabi/4.6.1/../../../../arm-eabi/lib/thumb/libsysbase.a(handle_manager.o)
 .data          0x020115a0        0x0 /Users/lwy08/Downloads/devkitpro/devkitARM/bin/../lib/gcc/arm-eabi/4.6.1/thumb/libgcc.a(_udivsi3.o)
 .data          0x020115a0        0x0 /Users/lwy08/Downloads/devkitpro/devkitARM/bin/../lib/gcc/arm-eabi/4.6.1/thumb/libgcc.a(_aeabi_uldivmod.o)
 .data          0x020115a0        0x0 /Users/lwy08/Downloads/devkitpro/devkitARM/bin/../lib/gcc/arm-eabi/4.6.1/thumb/libgcc.a(_muldi3.o)
 .data          0x020115a0        0x0 /Users/lwy08/Downloads/devkitpro/devkitARM/bin/../lib/gcc/arm-eabi/4.6.1/thumb/libgcc.a(bpabi.o)
 .data          0x020115a0        0x0 /Users/lwy08/Downloads/devkitpro/devkitARM/bin/../lib/gcc/arm-eabi/4.6.1/thumb/libgcc.a(unwind-arm.o)
 .data          0x020115a0        0x0 /Users/lwy08/Downloads/devkitpro/devkitARM/bin/../lib/gcc/arm-eabi/4.6.1/thumb/libgcc.a(libunwind.o)
 .data          0x020115a0        0x0 /Users/lwy08/Downloads/devkitpro/devkitARM/bin/../lib/gcc/arm-eabi/4.6.1/thumb/libgcc.a(pr-support.o)
 .data          0x020115a0        0x0 /Users/lwy08/Downloads/devkitpro/devkitARM/bin/../lib/gcc/arm-eabi/4.6.1/thumb/libgcc.a(_divdi3.o)
 .data          0x020115a0        0x0 /Users/lwy08/Downloads/devkitpro/devkitARM/bin/../lib/gcc/arm-eabi/4.6.1/thumb/libgcc.a(_udivdi3.o)
 .data          0x020115a0        0x0 /Users/lwy08/Downloads/devkitpro/devkitARM/bin/../lib/gcc/arm-eabi/4.6.1/thumb/libgcc.a(_clzsi2.o)
 .data          0x020115a0        0x0 /Users/lwy08/Downloads/devkitpro/devkitARM/bin/../lib/gcc/arm-eabi/4.6.1/../../../../arm-eabi/lib/thumb/libg.a(lib_a-abort.o)
 .data          0x020115a0        0x0 /Users/lwy08/Downloads/devkitpro/devkitARM/bin/../lib/gcc/arm-eabi/4.6.1/../../../../arm-eabi/lib/thumb/libg.a(lib_a-errno.o)
 .data          0x020115a0        0x0 /Users/lwy08/Downloads/devkitpro/devkitARM/bin/../lib/gcc/arm-eabi/4.6.1/../../../../arm-eabi/lib/thumb/libg.a(lib_a-signal.o)
 .data          0x020115a0        0x0 /Users/lwy08/Downloads/devkitpro/devkitARM/bin/../lib/gcc/arm-eabi/4.6.1/../../../../arm-eabi/lib/thumb/libsysbase.a(getpid.o)
 .data          0x020115a0        0x0 /Users/lwy08/Downloads/devkitpro/devkitARM/bin/../lib/gcc/arm-eabi/4.6.1/../../../../arm-eabi/lib/thumb/libsysbase.a(kill.o)
 .data          0x020115a0        0x0 /Users/lwy08/Downloads/devkitpro/devkitARM/bin/../lib/gcc/arm-eabi/4.6.1/../../../../arm-eabi/lib/thumb/libsysbase.a(_exit.o)
 .data          0x020115a0        0x0 /Users/lwy08/Downloads/devkitpro/devkitARM/bin/../lib/gcc/arm-eabi/4.6.1/thumb/crtend.o
 .data          0x020115a0        0x0 /Users/lwy08/Downloads/devkitpro/devkitARM/bin/../lib/gcc/arm-eabi/4.6.1/thumb/crtn.o
 *(.data.*)
 *(.gnu.linkonce.d*)
                0x020115a0                . = ALIGN (0x4)
                0x020115a0                __data_end = ABSOLUTE (.)
                0x020115a0                __dtcm_lma = .
                0x020115a0                __bss_vma = .

.dtcm           0x0b000000        0x0 load address 0x020115a0
 *(.dtcm)
 *(.dtcm.*)
                0x0b000000                . = ALIGN (0x4)
                0x0b000000                __dtcm_end = ABSOLUTE (.)
                0x020115a0                __itcm_lma = (__dtcm_lma + SIZEOF (.dtcm))

.itcm           0x01000100      0x194 load address 0x020115a0
 *(.itcm)
 .itcm          0x01000100       0xc8 /Users/lwy08/Downloads/devkitpro/libnds/lib/libnds9.a(interrupts.o)
                0x01000100                irqTable
 .itcm          0x010001c8       0xcc /Users/lwy08/Downloads/devkitpro/libnds/lib/libnds9.a(interruptDispatcher.o)
                0x010001c8                IntrMain
 *itcm.*(.text)
                0x01000294                . = ALIGN (0x4)
                0x01000294                __itcm_end = ABSOLUTE (.)
                0x02011734                __vectors_lma = (__itcm_lma + SIZEOF (.itcm))

.vectors        0x01000000        0x0 load address 0x02011734
 *(.vectors)
 *vectors.*(.text)
                0x01000000                . = ALIGN (0x4)
                0x01000000                __vectors_end = ABSOLUTE (.)

.sbss           0x0b000000        0x0
                0x0b000000                __sbss_start = ABSOLUTE (.)
                0x0b000000                __sbss_start__ = ABSOLUTE (.)
 *(.sbss)
                0x0b000000                . = ALIGN (0x4)
                0x0b000000                __sbss_end = ABSOLUTE (.)

.bss            0x020115a0     0x1f18
                0x020115a0                __bss_start = ABSOLUTE (.)
                0x020115a0                __bss_start__ = ABSOLUTE (.)
 *(.dynbss)
 *(.gnu.linkonce.b*)
 *(.bss*)
 .bss           0x020115a0        0x0 /Users/lwy08/Downloads/devkitpro/devkitARM/bin/../lib/gcc/arm-eabi/4.6.1/../../../../arm-eabi/lib/thumb/ds_arm9_crt0.o
 .bss           0x020115a0        0x0 /Users/lwy08/Downloads/devkitpro/devkitARM/bin/../lib/gcc/arm-eabi/4.6.1/thumb/crti.o
 .bss           0x020115a0       0x1c /Users/lwy08/Downloads/devkitpro/devkitARM/bin/../lib/gcc/arm-eabi/4.6.1/thumb/crtbegin.o
 .bss           0x020115bc        0x4 main.o
                0x020115bc                frame
 .bss           0x020115c0        0x0 /Users/lwy08/Downloads/devkitpro/libnds/lib/libnds9.a(console.o)
 .bss           0x020115c0        0x0 /Users/lwy08/Downloads/devkitpro/libnds/lib/libnds9.a(touch.o)
 .bss           0x020115c0        0x0 /Users/lwy08/Downloads/devkitpro/libnds/lib/libnds9.a(initSystem.o)
 .bss           0x020115c0        0x8 /Users/lwy08/Downloads/devkitpro/libnds/lib/libnds9.a(fifosystem.o)
                0x020115c4                processing
 .bss           0x020115c8        0x0 /Users/lwy08/Downloads/devkitpro/libnds/lib/libnds9.a(interrupts.o)
 .bss           0x020115c8        0x0 /Users/lwy08/Downloads/devkitpro/libnds/lib/libnds9.a(libnds_exit.o)
 .bss           0x020115c8        0x0 /Users/lwy08/Downloads/devkitpro/libnds/lib/libnds9.a(mpu_setup.o)
 .bss           0x020115c8        0x0 /Users/lwy08/Downloads/devkitpro/libnds/lib/libnds9.a(biosCalls.o)
 .bss           0x020115c8        0x0 /Users/lwy08/Downloads/devkitpro/libnds/lib/libnds9.a(debugprint.o)
 .bss           0x020115c8        0x0 /Users/lwy08/Downloads/devkitpro/libnds/lib/libnds9.a(interruptDispatcher.o)
 .bss           0x020115c8        0x0 /Users/lwy08/Downloads/devkitpro/libnds/lib/libnds9.a(swiSoftReset.o)
 .bss           0x020115c8        0x0 /Users/lwy08/Downloads/devkitpro/libnds/lib/libnds9.a(default_font.bin.o)
 .bss           0x020115c8        0x0 /Users/lwy08/Downloads/devkitpro/libnds/lib/libnds9.a(background.o)
 .bss           0x020115c8        0x0 /Users/lwy08/Downloads/devkitpro/libnds/lib/libnds9.a(system.o)
 .bss           0x020115c8        0x0 /Users/lwy08/Downloads/devkitpro/libnds/lib/libnds9.a(trig.o)
 .bss           0x020115c8        0x0 /Users/lwy08/Downloads/devkitpro/libnds/lib/libnds9.a(video.o)
 .bss           0x020115c8        0x0 /Users/lwy08/Downloads/devkitpro/devkitARM/bin/../lib/gcc/arm-eabi/4.6.1/thumb/libgcc.a(_divsi3.o)
 .bss           0x020115c8        0x0 /Users/lwy08/Downloads/devkitpro/devkitARM/bin/../lib/gcc/arm-eabi/4.6.1/thumb/libgcc.a(_dvmd_tls.o)
 .bss           0x020115c8        0x0 /Users/lwy08/Downloads/devkitpro/devkitARM/bin/../lib/gcc/arm-eabi/4.6.1/../../../../arm-eabi/lib/thumb/libg.a(lib_a-bsearch.o)
 .bss           0x020115c8        0x0 /Users/lwy08/Downloads/devkitpro/devkitARM/bin/../lib/gcc/arm-eabi/4.6.1/../../../../arm-eabi/lib/thumb/libg.a(lib_a-impure.o)
 .bss           0x020115c8        0x0 /Users/lwy08/Downloads/devkitpro/devkitARM/bin/../lib/gcc/arm-eabi/4.6.1/../../../../arm-eabi/lib/thumb/libg.a(lib_a-init.o)
 .bss           0x020115c8        0x0 /Users/lwy08/Downloads/devkitpro/devkitARM/bin/../lib/gcc/arm-eabi/4.6.1/../../../../arm-eabi/lib/thumb/libg.a(lib_a-iprintf.o)
 .bss           0x020115c8        0x0 /Users/lwy08/Downloads/devkitpro/devkitARM/bin/../lib/gcc/arm-eabi/4.6.1/../../../../arm-eabi/lib/thumb/libg.a(lib_a-memcpy.o)
 .bss           0x020115c8        0x0 /Users/lwy08/Downloads/devkitpro/devkitARM/bin/../lib/gcc/arm-eabi/4.6.1/../../../../arm-eabi/lib/thumb/libg.a(lib_a-setvbuf.o)
 .bss           0x020115c8        0x0 /Users/lwy08/Downloads/devkitpro/devkitARM/bin/../lib/gcc/arm-eabi/4.6.1/../../../../arm-eabi/lib/thumb/libg.a(lib_a-siscanf.o)
 .bss           0x020115c8        0x0 /Users/lwy08/Downloads/devkitpro/devkitARM/bin/../lib/gcc/arm-eabi/4.6.1/../../../../arm-eabi/lib/thumb/libg.a(lib_a-stdio.o)
 .bss           0x020115c8        0x0 /Users/lwy08/Downloads/devkitpro/devkitARM/bin/../lib/gcc/arm-eabi/4.6.1/../../../../arm-eabi/lib/thumb/libg.a(lib_a-strlen.o)
 .bss           0x020115c8        0x0 /Users/lwy08/Downloads/devkitpro/devkitARM/bin/../lib/gcc/arm-eabi/4.6.1/../../../../arm-eabi/lib/thumb/libg.a(lib_a-svfiscanf.o)
 .bss           0x020115c8        0x0 /Users/lwy08/Downloads/devkitpro/devkitARM/bin/../lib/gcc/arm-eabi/4.6.1/../../../../arm-eabi/lib/thumb/libg.a(lib_a-ungetc.o)
 .bss           0x020115c8        0x0 /Users/lwy08/Downloads/devkitpro/devkitARM/bin/../lib/gcc/arm-eabi/4.6.1/../../../../arm-eabi/lib/thumb/libg.a(lib_a-vfiprintf.o)
 .bss           0x020115c8        0x0 /Users/lwy08/Downloads/devkitpro/devkitARM/bin/../lib/gcc/arm-eabi/4.6.1/../../../../arm-eabi/lib/thumb/libg.a(lib_a-wcrtomb.o)
 .bss           0x020115c8        0x0 /Users/lwy08/Downloads/devkitpro/devkitARM/bin/../lib/gcc/arm-eabi/4.6.1/../../../../arm-eabi/lib/thumb/libg.a(lib_a-wcsrtombs.o)
 .bss           0x020115c8        0x0 /Users/lwy08/Downloads/devkitpro/devkitARM/bin/../lib/gcc/arm-eabi/4.6.1/../../../../arm-eabi/lib/thumb/libg.a(lib_a-wctomb_r.o)
 .bss           0x020115c8        0x0 /Users/lwy08/Downloads/devkitpro/devkitARM/bin/../lib/gcc/arm-eabi/4.6.1/../../../../arm-eabi/lib/thumb/libg.a(lib_a-wsetup.o)
 .bss           0x020115c8        0x0 /Users/lwy08/Downloads/devkitpro/devkitARM/bin/../lib/gcc/arm-eabi/4.6.1/../../../../arm-eabi/lib/thumb/libg.a(lib_a-ctype_.o)
 .bss           0x020115c8        0x0 /Users/lwy08/Downloads/devkitpro/devkitARM/bin/../lib/gcc/arm-eabi/4.6.1/../../../../arm-eabi/lib/thumb/libg.a(lib_a-fflush.o)
 .bss           0x020115c8        0x0 /Users/lwy08/Downloads/devkitpro/devkitARM/bin/../lib/gcc/arm-eabi/4.6.1/../../../../arm-eabi/lib/thumb/libg.a(lib_a-findfp.o)
 .bss           0x020115c8        0x0 /Users/lwy08/Downloads/devkitpro/devkitARM/bin/../lib/gcc/arm-eabi/4.6.1/../../../../arm-eabi/lib/thumb/libg.a(lib_a-fputwc.o)
 .bss           0x020115c8        0x0 /Users/lwy08/Downloads/devkitpro/devkitARM/bin/../lib/gcc/arm-eabi/4.6.1/../../../../arm-eabi/lib/thumb/libg.a(lib_a-freer.o)
 .bss           0x020115c8        0x0 /Users/lwy08/Downloads/devkitpro/devkitARM/bin/../lib/gcc/arm-eabi/4.6.1/../../../../arm-eabi/lib/thumb/libg.a(lib_a-fvwrite.o)
 .bss           0x020115c8        0x0 /Users/lwy08/Downloads/devkitpro/devkitARM/bin/../lib/gcc/arm-eabi/4.6.1/../../../../arm-eabi/lib/thumb/libg.a(lib_a-fwalk.o)
 .bss           0x020115c8        0x0 /Users/lwy08/Downloads/devkitpro/devkitARM/bin/../lib/gcc/arm-eabi/4.6.1/../../../../arm-eabi/lib/thumb/libg.a(lib_a-iswspace.o)
 .bss           0x020115c8        0x0 /Users/lwy08/Downloads/devkitpro/devkitARM/bin/../lib/gcc/arm-eabi/4.6.1/../../../../arm-eabi/lib/thumb/libg.a(lib_a-jp2uc.o)
 .bss           0x020115c8      0x2b8 /Users/lwy08/Downloads/devkitpro/devkitARM/bin/../lib/gcc/arm-eabi/4.6.1/../../../../arm-eabi/lib/thumb/libg.a(lib_a-locale.o)
                0x02011874                _PathLocale
                0x02011878                __mlocale_changed
                0x0201187c                __nlocale_changed
 .bss           0x02011880        0x0 /Users/lwy08/Downloads/devkitpro/devkitARM/bin/../lib/gcc/arm-eabi/4.6.1/../../../../arm-eabi/lib/thumb/libg.a(lib_a-makebuf.o)
 .bss           0x02011880        0x0 /Users/lwy08/Downloads/devkitpro/devkitARM/bin/../lib/gcc/arm-eabi/4.6.1/../../../../arm-eabi/lib/thumb/libg.a(lib_a-malloc.o)
 .bss           0x02011880       0x34 /Users/lwy08/Downloads/devkitpro/devkitARM/bin/../lib/gcc/arm-eabi/4.6.1/../../../../arm-eabi/lib/thumb/libg.a(lib_a-mallocr.o)
                0x02011880                __malloc_top_pad
                0x02011884                __malloc_current_mallinfo
                0x020118ac                __malloc_max_sbrked_mem
                0x020118b0                __malloc_max_total_mem
 .bss           0x020118b4        0x0 /Users/lwy08/Downloads/devkitpro/devkitARM/bin/../lib/gcc/arm-eabi/4.6.1/../../../../arm-eabi/lib/thumb/libg.a(lib_a-mbrtowc.o)
 .bss           0x020118b4        0x0 /Users/lwy08/Downloads/devkitpro/devkitARM/bin/../lib/gcc/arm-eabi/4.6.1/../../../../arm-eabi/lib/thumb/libg.a(lib_a-mbtowc_r.o)
 .bss           0x020118b4        0x0 /Users/lwy08/Downloads/devkitpro/devkitARM/bin/../lib/gcc/arm-eabi/4.6.1/../../../../arm-eabi/lib/thumb/libg.a(lib_a-memchr.o)
 .bss           0x020118b4        0x0 /Users/lwy08/Downloads/devkitpro/devkitARM/bin/../lib/gcc/arm-eabi/4.6.1/../../../../arm-eabi/lib/thumb/libg.a(lib_a-memmove.o)
 .bss           0x020118b4        0x0 /Users/lwy08/Downloads/devkitpro/devkitARM/bin/../lib/gcc/arm-eabi/4.6.1/../../../../arm-eabi/lib/thumb/libg.a(lib_a-memset.o)
 .bss           0x020118b4        0x0 /Users/lwy08/Downloads/devkitpro/devkitARM/bin/../lib/gcc/arm-eabi/4.6.1/../../../../arm-eabi/lib/thumb/libg.a(lib_a-mlock.o)
 .bss           0x020118b4        0x0 /Users/lwy08/Downloads/devkitpro/devkitARM/bin/../lib/gcc/arm-eabi/4.6.1/../../../../arm-eabi/lib/thumb/libg.a(lib_a-reallocr.o)
 .bss           0x020118b4        0x0 /Users/lwy08/Downloads/devkitpro/devkitARM/bin/../lib/gcc/arm-eabi/4.6.1/../../../../arm-eabi/lib/thumb/libg.a(lib_a-sccl.o)
 .bss           0x020118b4        0x0 /Users/lwy08/Downloads/devkitpro/devkitARM/bin/../lib/gcc/arm-eabi/4.6.1/../../../../arm-eabi/lib/thumb/libg.a(lib_a-strcasecmp.o)
 .bss           0x020118b4        0x0 /Users/lwy08/Downloads/devkitpro/devkitARM/bin/../lib/gcc/arm-eabi/4.6.1/../../../../arm-eabi/lib/thumb/libg.a(lib_a-strcat.o)
 .bss           0x020118b4        0x0 /Users/lwy08/Downloads/devkitpro/devkitARM/bin/../lib/gcc/arm-eabi/4.6.1/../../../../arm-eabi/lib/thumb/libg.a(lib_a-strchr.o)
 .bss           0x020118b4        0x0 /Users/lwy08/Downloads/devkitpro/devkitARM/bin/../lib/gcc/arm-eabi/4.6.1/../../../../arm-eabi/lib/thumb/libg.a(lib_a-strcmp.o)
 .bss           0x020118b4        0x0 /Users/lwy08/Downloads/devkitpro/devkitARM/bin/../lib/gcc/arm-eabi/4.6.1/../../../../arm-eabi/lib/thumb/libg.a(lib_a-strcpy.o)
 .bss           0x020118b4        0x0 /Users/lwy08/Downloads/devkitpro/devkitARM/bin/../lib/gcc/arm-eabi/4.6.1/../../../../arm-eabi/lib/thumb/libg.a(lib_a-strlcpy.o)
 .bss           0x020118b4        0x0 /Users/lwy08/Downloads/devkitpro/devkitARM/bin/../lib/gcc/arm-eabi/4.6.1/../../../../arm-eabi/lib/thumb/libg.a(lib_a-strncasecmp.o)
 .bss           0x020118b4        0x0 /Users/lwy08/Downloads/devkitpro/devkitARM/bin/../lib/gcc/arm-eabi/4.6.1/../../../../arm-eabi/lib/thumb/libg.a(lib_a-strncmp.o)
 .bss           0x020118b4        0x0 /Users/lwy08/Downloads/devkitpro/devkitARM/bin/../lib/gcc/arm-eabi/4.6.1/../../../../arm-eabi/lib/thumb/libg.a(lib_a-strncpy.o)
 .bss           0x020118b4        0x0 /Users/lwy08/Downloads/devkitpro/devkitARM/bin/../lib/gcc/arm-eabi/4.6.1/../../../../arm-eabi/lib/thumb/libg.a(lib_a-strtol.o)
 .bss           0x020118b4        0x0 /Users/lwy08/Downloads/devkitpro/devkitARM/bin/../lib/gcc/arm-eabi/4.6.1/../../../../arm-eabi/lib/thumb/libg.a(lib_a-strtoll_r.o)
 .bss           0x020118b4        0x0 /Users/lwy08/Downloads/devkitpro/devkitARM/bin/../lib/gcc/arm-eabi/4.6.1/../../../../arm-eabi/lib/thumb/libg.a(lib_a-strtoul.o)
 .bss           0x020118b4        0x0 /Users/lwy08/Downloads/devkitpro/devkitARM/bin/../lib/gcc/arm-eabi/4.6.1/../../../../arm-eabi/lib/thumb/libg.a(lib_a-strtoull_r.o)
 .bss           0x020118b4        0x0 /Users/lwy08/Downloads/devkitpro/devkitARM/bin/../lib/gcc/arm-eabi/4.6.1/../../../../arm-eabi/lib/thumb/libg.a(lib_a-wbuf.o)
 .bss           0x020118b4        0x0 /Users/lwy08/Downloads/devkitpro/devkitARM/bin/../lib/gcc/arm-eabi/4.6.1/../../../../arm-eabi/lib/thumb/libg.a(lib_a-wcsnrtombs.o)
 .bss           0x020118b4        0x0 /Users/lwy08/Downloads/devkitpro/devkitARM/bin/../lib/gcc/arm-eabi/4.6.1/../../../../arm-eabi/lib/thumb/libg.a(lib_a-fclose.o)
 .bss           0x020118b4        0x0 /Users/lwy08/Downloads/devkitpro/devkitARM/bin/../lib/gcc/arm-eabi/4.6.1/../../../../arm-eabi/lib/thumb/libg.a(lib_a-getenv_r.o)
 .bss           0x020118b4        0x4 /Users/lwy08/Downloads/devkitpro/devkitARM/bin/../lib/gcc/arm-eabi/4.6.1/../../../../arm-eabi/lib/thumb/libg.a(lib_a-environ.o)
 .bss           0x020118b8        0x0 /Users/lwy08/Downloads/devkitpro/devkitARM/bin/../lib/gcc/arm-eabi/4.6.1/../../../../arm-eabi/lib/thumb/libg.a(lib_a-envlock.o)
 .bss           0x020118b8        0x0 /Users/lwy08/Downloads/devkitpro/devkitARM/bin/../lib/gcc/arm-eabi/4.6.1/../../../../arm-eabi/lib/thumb/libsysbase.a(iosupport.o)
 .bss           0x020118b8        0x0 /Users/lwy08/Downloads/devkitpro/devkitARM/bin/../lib/gcc/arm-eabi/4.6.1/../../../../arm-eabi/lib/thumb/libsysbase.a(close.o)
 .bss           0x020118b8        0x0 /Users/lwy08/Downloads/devkitpro/devkitARM/bin/../lib/gcc/arm-eabi/4.6.1/../../../../arm-eabi/lib/thumb/libsysbase.a(fstat.o)
 .bss           0x020118b8        0x0 /Users/lwy08/Downloads/devkitpro/devkitARM/bin/../lib/gcc/arm-eabi/4.6.1/../../../../arm-eabi/lib/thumb/libsysbase.a(isatty.o)
 .bss           0x020118b8        0x0 /Users/lwy08/Downloads/devkitpro/devkitARM/bin/../lib/gcc/arm-eabi/4.6.1/../../../../arm-eabi/lib/thumb/libsysbase.a(lseek.o)
 .bss           0x020118b8        0x0 /Users/lwy08/Downloads/devkitpro/devkitARM/bin/../lib/gcc/arm-eabi/4.6.1/../../../../arm-eabi/lib/thumb/libsysbase.a(read.o)
 .bss           0x020118b8        0x4 /Users/lwy08/Downloads/devkitpro/devkitARM/bin/../lib/gcc/arm-eabi/4.6.1/../../../../arm-eabi/lib/thumb/libsysbase.a(sbrk.o)
 .bss           0x020118bc        0x0 /Users/lwy08/Downloads/devkitpro/devkitARM/bin/../lib/gcc/arm-eabi/4.6.1/../../../../arm-eabi/lib/thumb/libsysbase.a(times.o)
 .bss           0x020118bc        0x0 /Users/lwy08/Downloads/devkitpro/devkitARM/bin/../lib/gcc/arm-eabi/4.6.1/../../../../arm-eabi/lib/thumb/libsysbase.a(write.o)
 .bss           0x020118bc        0x8 /Users/lwy08/Downloads/devkitpro/devkitARM/bin/../lib/gcc/arm-eabi/4.6.1/../../../../arm-eabi/lib/thumb/libsysbase.a(malloc_vars.o)
                0x020118bc                fake_heap_start
                0x020118c0                fake_heap_end
 .bss           0x020118c4        0x0 /Users/lwy08/Downloads/devkitpro/devkitARM/bin/../lib/gcc/arm-eabi/4.6.1/../../../../arm-eabi/lib/thumb/libsysbase.a(build_argv.o)
 .bss           0x020118c4        0x8 /Users/lwy08/Downloads/devkitpro/devkitARM/bin/../lib/gcc/arm-eabi/4.6.1/../../../../arm-eabi/lib/thumb/libsysbase.a(syscall_support.o)
                0x020118c4                __syscalls
 .bss           0x020118cc     0x1000 /Users/lwy08/Downloads/devkitpro/devkitARM/bin/../lib/gcc/arm-eabi/4.6.1/../../../../arm-eabi/lib/thumb/libsysbase.a(handle_manager.o)
 .bss           0x020128cc        0x0 /Users/lwy08/Downloads/devkitpro/devkitARM/bin/../lib/gcc/arm-eabi/4.6.1/thumb/libgcc.a(_udivsi3.o)
 .bss           0x020128cc        0x0 /Users/lwy08/Downloads/devkitpro/devkitARM/bin/../lib/gcc/arm-eabi/4.6.1/thumb/libgcc.a(_aeabi_uldivmod.o)
 .bss           0x020128cc        0x0 /Users/lwy08/Downloads/devkitpro/devkitARM/bin/../lib/gcc/arm-eabi/4.6.1/thumb/libgcc.a(_muldi3.o)
 .bss           0x020128cc        0x0 /Users/lwy08/Downloads/devkitpro/devkitARM/bin/../lib/gcc/arm-eabi/4.6.1/thumb/libgcc.a(bpabi.o)
 .bss           0x020128cc        0x0 /Users/lwy08/Downloads/devkitpro/devkitARM/bin/../lib/gcc/arm-eabi/4.6.1/thumb/libgcc.a(unwind-arm.o)
 .bss           0x020128cc        0x0 /Users/lwy08/Downloads/devkitpro/devkitARM/bin/../lib/gcc/arm-eabi/4.6.1/thumb/libgcc.a(libunwind.o)
 .bss           0x020128cc        0x0 /Users/lwy08/Downloads/devkitpro/devkitARM/bin/../lib/gcc/arm-eabi/4.6.1/thumb/libgcc.a(pr-support.o)
 .bss           0x020128cc        0x0 /Users/lwy08/Downloads/devkitpro/devkitARM/bin/../lib/gcc/arm-eabi/4.6.1/thumb/libgcc.a(_divdi3.o)
 .bss           0x020128cc        0x0 /Users/lwy08/Downloads/devkitpro/devkitARM/bin/../lib/gcc/arm-eabi/4.6.1/thumb/libgcc.a(_udivdi3.o)
 .bss           0x020128cc        0x0 /Users/lwy08/Downloads/devkitpro/devkitARM/bin/../lib/gcc/arm-eabi/4.6.1/thumb/libgcc.a(_clzsi2.o)
 .bss           0x020128cc        0x0 /Users/lwy08/Downloads/devkitpro/devkitARM/bin/../lib/gcc/arm-eabi/4.6.1/../../../../arm-eabi/lib/thumb/libg.a(lib_a-abort.o)
 .bss           0x020128cc        0x0 /Users/lwy08/Downloads/devkitpro/devkitARM/bin/../lib/gcc/arm-eabi/4.6.1/../../../../arm-eabi/lib/thumb/libg.a(lib_a-errno.o)
 .bss           0x020128cc        0x0 /Users/lwy08/Downloads/devkitpro/devkitARM/bin/../lib/gcc/arm-eabi/4.6.1/../../../../arm-eabi/lib/thumb/libg.a(lib_a-signal.o)
 .bss           0x020128cc        0x0 /Users/lwy08/Downloads/devkitpro/devkitARM/bin/../lib/gcc/arm-eabi/4.6.1/../../../../arm-eabi/lib/thumb/libsysbase.a(getpid.o)
 .bss           0x020128cc        0x0 /Users/lwy08/Downloads/devkitpro/devkitARM/bin/../lib/gcc/arm-eabi/4.6.1/../../../../arm-eabi/lib/thumb/libsysbase.a(kill.o)
 .bss           0x020128cc        0x0 /Users/lwy08/Downloads/devkitpro/devkitARM/bin/../lib/gcc/arm-eabi/4.6.1/../../../../arm-eabi/lib/thumb/libsysbase.a(_exit.o)
 .bss           0x020128cc        0x0 /Users/lwy08/Downloads/devkitpro/devkitARM/bin/../lib/gcc/arm-eabi/4.6.1/thumb/crtend.o
 .bss           0x020128cc        0x0 /Users/lwy08/Downloads/devkitpro/devkitARM/bin/../lib/gcc/arm-eabi/4.6.1/thumb/crtn.o
 *(COMMON)
 COMMON         0x020128cc       0x5c /Users/lwy08/Downloads/devkitpro/libnds/lib/libnds9.a(console.o)
                0x020128cc                currentCopy
 COMMON         0x02012928        0x1 /Users/lwy08/Downloads/devkitpro/libnds/lib/libnds9.a(initSystem.o)
                0x02012928                __dsimode
 *fill*         0x02012929        0x3 00
 COMMON         0x0201292c      0xa40 /Users/lwy08/Downloads/devkitpro/libnds/lib/libnds9.a(fifosystem.o)
                0x0201292c                fifo_datamsg_data
                0x0201296c                fifo_buffer
                0x0201316c                fifo_value32_func
                0x020131ac                fifo_address_func
                0x020131ec                fifo_value32_data
                0x0201322c                fifo_value32_queue
                0x0201326c                fifo_data_queue
                0x020132ac                fifo_address_data
                0x020132ec                fifo_datamsg_func
                0x0201332c                fifo_address_queue
 COMMON         0x0201336c      0x148 /Users/lwy08/Downloads/devkitpro/libnds/lib/libnds9.a(background.o)
                0x0201336c                bgState
                0x020134ac                bgIsTextLut
 COMMON         0x020134b4        0x4 /Users/lwy08/Downloads/devkitpro/devkitARM/bin/../lib/gcc/arm-eabi/4.6.1/../../../../arm-eabi/lib/thumb/libsysbase.a(times.o)
                0x020134b4                punixTime
                0x020134b8                . = ALIGN (0x4)
                0x020134b8                __bss_end__ = ABSOLUTE (.)
                0x020134b8                __end__ = ABSOLUTE (.)

.stab
 *(.stab)

.stabstr
 *(.stabstr)

.stab.excl
 *(.stab.excl)

.stab.exclstr
 *(.stab.exclstr)

.stab.index
 *(.stab.index)

.stab.indexstr
 *(.stab.indexstr)

.ARM.attributes
                0x00000000       0x2f load address 0x020115a0
 .ARM.attributes
                0x00000000       0x23 /Users/lwy08/Downloads/devkitpro/devkitARM/bin/../lib/gcc/arm-eabi/4.6.1/../../../../arm-eabi/lib/thumb/ds_arm9_crt0.o
 .ARM.attributes
                0x00000023       0x18 /Users/lwy08/Downloads/devkitpro/devkitARM/bin/../lib/gcc/arm-eabi/4.6.1/thumb/crti.o
 .ARM.attributes
                0x0000003b       0x32 /Users/lwy08/Downloads/devkitpro/devkitARM/bin/../lib/gcc/arm-eabi/4.6.1/thumb/crtbegin.o
 .ARM.attributes
                0x0000006d       0x29 main.o
 .ARM.attributes
                0x00000096       0x29 /Users/lwy08/Downloads/devkitpro/libnds/lib/libnds9.a(console.o)
 .ARM.attributes
                0x000000bf       0x29 /Users/lwy08/Downloads/devkitpro/libnds/lib/libnds9.a(touch.o)
 .ARM.attributes
                0x000000e8       0x29 /Users/lwy08/Downloads/devkitpro/libnds/lib/libnds9.a(initSystem.o)
 .ARM.attributes
                0x00000111       0x29 /Users/lwy08/Downloads/devkitpro/libnds/lib/libnds9.a(fifosystem.o)
 .ARM.attributes
                0x0000013a       0x29 /Users/lwy08/Downloads/devkitpro/libnds/lib/libnds9.a(interrupts.o)
 .ARM.attributes
                0x00000163       0x29 /Users/lwy08/Downloads/devkitpro/libnds/lib/libnds9.a(libnds_exit.o)
 .ARM.attributes
                0x0000018c       0x23 /Users/lwy08/Downloads/devkitpro/libnds/lib/libnds9.a(mpu_setup.o)
 .ARM.attributes
                0x000001af       0x1d /Users/lwy08/Downloads/devkitpro/libnds/lib/libnds9.a(biosCalls.o)
 .ARM.attributes
                0x000001cc       0x1d /Users/lwy08/Downloads/devkitpro/libnds/lib/libnds9.a(debugprint.o)
 .ARM.attributes
                0x000001e9       0x1d /Users/lwy08/Downloads/devkitpro/libnds/lib/libnds9.a(interruptDispatcher.o)
 .ARM.attributes
                0x00000206       0x23 /Users/lwy08/Downloads/devkitpro/libnds/lib/libnds9.a(swiSoftReset.o)
 .ARM.attributes
                0x00000229       0x16 /Users/lwy08/Downloads/devkitpro/libnds/lib/libnds9.a(default_font.bin.o)
 .ARM.attributes
                0x0000023f       0x29 /Users/lwy08/Downloads/devkitpro/libnds/lib/libnds9.a(background.o)
 .ARM.attributes
                0x00000268       0x29 /Users/lwy08/Downloads/devkitpro/libnds/lib/libnds9.a(system.o)
 .ARM.attributes
                0x00000291       0x29 /Users/lwy08/Downloads/devkitpro/libnds/lib/libnds9.a(trig.o)
 .ARM.attributes
                0x000002ba       0x29 /Users/lwy08/Downloads/devkitpro/libnds/lib/libnds9.a(video.o)
 .ARM.attributes
                0x000002e3       0x1a /Users/lwy08/Downloads/devkitpro/devkitARM/bin/../lib/gcc/arm-eabi/4.6.1/thumb/libgcc.a(_divsi3.o)
 .ARM.attributes
                0x000002fd       0x18 /Users/lwy08/Downloads/devkitpro/devkitARM/bin/../lib/gcc/arm-eabi/4.6.1/thumb/libgcc.a(_dvmd_tls.o)
 .ARM.attributes
                0x00000315       0x32 /Users/lwy08/Downloads/devkitpro/devkitARM/bin/../lib/gcc/arm-eabi/4.6.1/../../../../arm-eabi/lib/thumb/libg.a(lib_a-bsearch.o)
 .ARM.attributes
                0x00000347       0x32 /Users/lwy08/Downloads/devkitpro/devkitARM/bin/../lib/gcc/arm-eabi/4.6.1/../../../../arm-eabi/lib/thumb/libg.a(lib_a-impure.o)
 .ARM.attributes
                0x00000379       0x32 /Users/lwy08/Downloads/devkitpro/devkitARM/bin/../lib/gcc/arm-eabi/4.6.1/../../../../arm-eabi/lib/thumb/libg.a(lib_a-init.o)
 .ARM.attributes
                0x000003ab       0x32 /Users/lwy08/Downloads/devkitpro/devkitARM/bin/../lib/gcc/arm-eabi/4.6.1/../../../../arm-eabi/lib/thumb/libg.a(lib_a-iprintf.o)
 .ARM.attributes
                0x000003dd       0x32 /Users/lwy08/Downloads/devkitpro/devkitARM/bin/../lib/gcc/arm-eabi/4.6.1/../../../../arm-eabi/lib/thumb/libg.a(lib_a-memcpy.o)
 .ARM.attributes
                0x0000040f       0x32 /Users/lwy08/Downloads/devkitpro/devkitARM/bin/../lib/gcc/arm-eabi/4.6.1/../../../../arm-eabi/lib/thumb/libg.a(lib_a-setvbuf.o)
 .ARM.attributes
                0x00000441       0x32 /Users/lwy08/Downloads/devkitpro/devkitARM/bin/../lib/gcc/arm-eabi/4.6.1/../../../../arm-eabi/lib/thumb/libg.a(lib_a-siscanf.o)
 .ARM.attributes
                0x00000473       0x32 /Users/lwy08/Downloads/devkitpro/devkitARM/bin/../lib/gcc/arm-eabi/4.6.1/../../../../arm-eabi/lib/thumb/libg.a(lib_a-stdio.o)
 .ARM.attributes
                0x000004a5       0x32 /Users/lwy08/Downloads/devkitpro/devkitARM/bin/../lib/gcc/arm-eabi/4.6.1/../../../../arm-eabi/lib/thumb/libg.a(lib_a-strlen.o)
 .ARM.attributes
                0x000004d7       0x32 /Users/lwy08/Downloads/devkitpro/devkitARM/bin/../lib/gcc/arm-eabi/4.6.1/../../../../arm-eabi/lib/thumb/libg.a(lib_a-svfiscanf.o)
 .ARM.attributes
                0x00000509       0x32 /Users/lwy08/Downloads/devkitpro/devkitARM/bin/../lib/gcc/arm-eabi/4.6.1/../../../../arm-eabi/lib/thumb/libg.a(lib_a-ungetc.o)
 .ARM.attributes
                0x0000053b       0x32 /Users/lwy08/Downloads/devkitpro/devkitARM/bin/../lib/gcc/arm-eabi/4.6.1/../../../../arm-eabi/lib/thumb/libg.a(lib_a-vfiprintf.o)
 .ARM.attributes
                0x0000056d       0x32 /Users/lwy08/Downloads/devkitpro/devkitARM/bin/../lib/gcc/arm-eabi/4.6.1/../../../../arm-eabi/lib/thumb/libg.a(lib_a-wcrtomb.o)
 .ARM.attributes
                0x0000059f       0x32 /Users/lwy08/Downloads/devkitpro/devkitARM/bin/../lib/gcc/arm-eabi/4.6.1/../../../../arm-eabi/lib/thumb/libg.a(lib_a-wcsrtombs.o)
 .ARM.attributes
                0x000005d1       0x32 /Users/lwy08/Downloads/devkitpro/devkitARM/bin/../lib/gcc/arm-eabi/4.6.1/../../../../arm-eabi/lib/thumb/libg.a(lib_a-wctomb_r.o)
 .ARM.attributes
                0x00000603       0x32 /Users/lwy08/Downloads/devkitpro/devkitARM/bin/../lib/gcc/arm-eabi/4.6.1/../../../../arm-eabi/lib/thumb/libg.a(lib_a-wsetup.o)
 .ARM.attributes
                0x00000635       0x32 /Users/lwy08/Downloads/devkitpro/devkitARM/bin/../lib/gcc/arm-eabi/4.6.1/../../../../arm-eabi/lib/thumb/libg.a(lib_a-ctype_.o)
 .ARM.attributes
                0x00000667       0x32 /Users/lwy08/Downloads/devkitpro/devkitARM/bin/../lib/gcc/arm-eabi/4.6.1/../../../../arm-eabi/lib/thumb/libg.a(lib_a-fflush.o)
 .ARM.attributes
                0x00000699       0x32 /Users/lwy08/Downloads/devkitpro/devkitARM/bin/../lib/gcc/arm-eabi/4.6.1/../../../../arm-eabi/lib/thumb/libg.a(lib_a-findfp.o)
 .ARM.attributes
                0x000006cb       0x32 /Users/lwy08/Downloads/devkitpro/devkitARM/bin/../lib/gcc/arm-eabi/4.6.1/../../../../arm-eabi/lib/thumb/libg.a(lib_a-fputwc.o)
 .ARM.attributes
                0x000006fd       0x32 /Users/lwy08/Downloads/devkitpro/devkitARM/bin/../lib/gcc/arm-eabi/4.6.1/../../../../arm-eabi/lib/thumb/libg.a(lib_a-freer.o)
 .ARM.attributes
                0x0000072f       0x32 /Users/lwy08/Downloads/devkitpro/devkitARM/bin/../lib/gcc/arm-eabi/4.6.1/../../../../arm-eabi/lib/thumb/libg.a(lib_a-fvwrite.o)
 .ARM.attributes
                0x00000761       0x32 /Users/lwy08/Downloads/devkitpro/devkitARM/bin/../lib/gcc/arm-eabi/4.6.1/../../../../arm-eabi/lib/thumb/libg.a(lib_a-fwalk.o)
 .ARM.attributes
                0x00000793       0x32 /Users/lwy08/Downloads/devkitpro/devkitARM/bin/../lib/gcc/arm-eabi/4.6.1/../../../../arm-eabi/lib/thumb/libg.a(lib_a-iswspace.o)
 .ARM.attributes
                0x000007c5       0x32 /Users/lwy08/Downloads/devkitpro/devkitARM/bin/../lib/gcc/arm-eabi/4.6.1/../../../../arm-eabi/lib/thumb/libg.a(lib_a-jp2uc.o)
 .ARM.attributes
                0x000007f7       0x32 /Users/lwy08/Downloads/devkitpro/devkitARM/bin/../lib/gcc/arm-eabi/4.6.1/../../../../arm-eabi/lib/thumb/libg.a(lib_a-locale.o)
 .ARM.attributes
                0x00000829       0x32 /Users/lwy08/Downloads/devkitpro/devkitARM/bin/../lib/gcc/arm-eabi/4.6.1/../../../../arm-eabi/lib/thumb/libg.a(lib_a-makebuf.o)
 .ARM.attributes
                0x0000085b       0x32 /Users/lwy08/Downloads/devkitpro/devkitARM/bin/../lib/gcc/arm-eabi/4.6.1/../../../../arm-eabi/lib/thumb/libg.a(lib_a-malloc.o)
 .ARM.attributes
                0x0000088d       0x32 /Users/lwy08/Downloads/devkitpro/devkitARM/bin/../lib/gcc/arm-eabi/4.6.1/../../../../arm-eabi/lib/thumb/libg.a(lib_a-mallocr.o)
 .ARM.attributes
                0x000008bf       0x32 /Users/lwy08/Downloads/devkitpro/devkitARM/bin/../lib/gcc/arm-eabi/4.6.1/../../../../arm-eabi/lib/thumb/libg.a(lib_a-mbrtowc.o)
 .ARM.attributes
                0x000008f1       0x32 /Users/lwy08/Downloads/devkitpro/devkitARM/bin/../lib/gcc/arm-eabi/4.6.1/../../../../arm-eabi/lib/thumb/libg.a(lib_a-mbtowc_r.o)
 .ARM.attributes
                0x00000923       0x32 /Users/lwy08/Downloads/devkitpro/devkitARM/bin/../lib/gcc/arm-eabi/4.6.1/../../../../arm-eabi/lib/thumb/libg.a(lib_a-memchr.o)
 .ARM.attributes
                0x00000955       0x32 /Users/lwy08/Downloads/devkitpro/devkitARM/bin/../lib/gcc/arm-eabi/4.6.1/../../../../arm-eabi/lib/thumb/libg.a(lib_a-memmove.o)
 .ARM.attributes
                0x00000987       0x32 /Users/lwy08/Downloads/devkitpro/devkitARM/bin/../lib/gcc/arm-eabi/4.6.1/../../../../arm-eabi/lib/thumb/libg.a(lib_a-memset.o)
 .ARM.attributes
                0x000009b9       0x32 /Users/lwy08/Downloads/devkitpro/devkitARM/bin/../lib/gcc/arm-eabi/4.6.1/../../../../arm-eabi/lib/thumb/libg.a(lib_a-mlock.o)
 .ARM.attributes
                0x000009eb       0x32 /Users/lwy08/Downloads/devkitpro/devkitARM/bin/../lib/gcc/arm-eabi/4.6.1/../../../../arm-eabi/lib/thumb/libg.a(lib_a-reallocr.o)
 .ARM.attributes
                0x00000a1d       0x32 /Users/lwy08/Downloads/devkitpro/devkitARM/bin/../lib/gcc/arm-eabi/4.6.1/../../../../arm-eabi/lib/thumb/libg.a(lib_a-sccl.o)
 .ARM.attributes
                0x00000a4f       0x32 /Users/lwy08/Downloads/devkitpro/devkitARM/bin/../lib/gcc/arm-eabi/4.6.1/../../../../arm-eabi/lib/thumb/libg.a(lib_a-strcasecmp.o)
 .ARM.attributes
                0x00000a81       0x32 /Users/lwy08/Downloads/devkitpro/devkitARM/bin/../lib/gcc/arm-eabi/4.6.1/../../../../arm-eabi/lib/thumb/libg.a(lib_a-strcat.o)
 .ARM.attributes
                0x00000ab3       0x32 /Users/lwy08/Downloads/devkitpro/devkitARM/bin/../lib/gcc/arm-eabi/4.6.1/../../../../arm-eabi/lib/thumb/libg.a(lib_a-strchr.o)
 .ARM.attributes
                0x00000ae5       0x32 /Users/lwy08/Downloads/devkitpro/devkitARM/bin/../lib/gcc/arm-eabi/4.6.1/../../../../arm-eabi/lib/thumb/libg.a(lib_a-strcmp.o)
 .ARM.attributes
                0x00000b17       0x32 /Users/lwy08/Downloads/devkitpro/devkitARM/bin/../lib/gcc/arm-eabi/4.6.1/../../../../arm-eabi/lib/thumb/libg.a(lib_a-strcpy.o)
 .ARM.attributes
                0x00000b49       0x32 /Users/lwy08/Downloads/devkitpro/devkitARM/bin/../lib/gcc/arm-eabi/4.6.1/../../../../arm-eabi/lib/thumb/libg.a(lib_a-strlcpy.o)
 .ARM.attributes
                0x00000b7b       0x32 /Users/lwy08/Downloads/devkitpro/devkitARM/bin/../lib/gcc/arm-eabi/4.6.1/../../../../arm-eabi/lib/thumb/libg.a(lib_a-strncasecmp.o)
 .ARM.attributes
                0x00000bad       0x32 /Users/lwy08/Downloads/devkitpro/devkitARM/bin/../lib/gcc/arm-eabi/4.6.1/../../../../arm-eabi/lib/thumb/libg.a(lib_a-strncmp.o)
 .ARM.attributes
                0x00000bdf       0x32 /Users/lwy08/Downloads/devkitpro/devkitARM/bin/../lib/gcc/arm-eabi/4.6.1/../../../../arm-eabi/lib/thumb/libg.a(lib_a-strncpy.o)
 .ARM.attributes
                0x00000c11       0x32 /Users/lwy08/Downloads/devkitpro/devkitARM/bin/../lib/gcc/arm-eabi/4.6.1/../../../../arm-eabi/lib/thumb/libg.a(lib_a-strtol.o)