Archive member included because of file (symbol)

/Users/lwy08/Downloads/devkitpro/libnds/lib/libnds9.a(keys.o)
                              main.o (scanKeys)
/Users/lwy08/Downloads/devkitpro/libnds/lib/libnds9.a(sound.o)
                              main.o (soundEnable)
/Users/lwy08/Downloads/devkitpro/libnds/lib/libnds9.a(initSystem.o)
                              /Users/lwy08/Downloads/devkitpro/devkitARM/bin/../lib/gcc/arm-eabi/4.6.1/../../../../arm-eabi/lib/thumb/ds_arm9_crt0.o (initSystem)
/Users/lwy08/Downloads/devkitpro/libnds/lib/libnds9.a(fifosystem.o)
                              /Users/lwy08/Downloads/devkitpro/libnds/lib/libnds9.a(sound.o) (fifoSendValue32)
/Users/lwy08/Downloads/devkitpro/libnds/lib/libnds9.a(interrupts.o)
                              /Users/lwy08/Downloads/devkitpro/libnds/lib/libnds9.a(fifosystem.o) (irqSet)
/Users/lwy08/Downloads/devkitpro/libnds/lib/libnds9.a(libnds_exit.o)
                              /Users/lwy08/Downloads/devkitpro/devkitARM/bin/../lib/gcc/arm-eabi/4.6.1/../../../../arm-eabi/lib/thumb/ds_arm9_crt0.o (__libnds_exit)
/Users/lwy08/Downloads/devkitpro/libnds/lib/libnds9.a(timers.o)
                              main.o (timerStart)
/Users/lwy08/Downloads/devkitpro/libnds/lib/libnds9.a(mpu_setup.o)
                              /Users/lwy08/Downloads/devkitpro/devkitARM/bin/../lib/gcc/arm-eabi/4.6.1/../../../../arm-eabi/lib/thumb/ds_arm9_crt0.o (__libnds_mpu_setup)
/Users/lwy08/Downloads/devkitpro/libnds/lib/libnds9.a(biosCalls.o)
                              /Users/lwy08/Downloads/devkitpro/libnds/lib/libnds9.a(fifosystem.o) (swiIntrWait)
/Users/lwy08/Downloads/devkitpro/libnds/lib/libnds9.a(interruptDispatcher.o)
                              /Users/lwy08/Downloads/devkitpro/libnds/lib/libnds9.a(interrupts.o) (IntrMain)
/Users/lwy08/Downloads/devkitpro/libnds/lib/libnds9.a(swiSoftReset.o)
                              /Users/lwy08/Downloads/devkitpro/libnds/lib/libnds9.a(fifosystem.o) (swiSoftReset)
/Users/lwy08/Downloads/devkitpro/libnds/lib/libnds9.a(system.o)
                              /Users/lwy08/Downloads/devkitpro/libnds/lib/libnds9.a(initSystem.o) (systemMsgHandler)
/Users/lwy08/Downloads/devkitpro/libnds/lib/libnds9.a(video.o)
                              /Users/lwy08/Downloads/devkitpro/libnds/lib/libnds9.a(initSystem.o) (vramDefault)
/Users/lwy08/Downloads/devkitpro/devkitARM/bin/../lib/gcc/arm-eabi/4.6.1/../../../../arm-eabi/lib/thumb/libg.a(lib_a-init.o)
                              /Users/lwy08/Downloads/devkitpro/devkitARM/bin/../lib/gcc/arm-eabi/4.6.1/../../../../arm-eabi/lib/thumb/ds_arm9_crt0.o (__libc_init_array)
/Users/lwy08/Downloads/devkitpro/devkitARM/bin/../lib/gcc/arm-eabi/4.6.1/../../../../arm-eabi/lib/thumb/libg.a(lib_a-memcpy.o)
                              /Users/lwy08/Downloads/devkitpro/libnds/lib/libnds9.a(fifosystem.o) (memcpy)
/Users/lwy08/Downloads/devkitpro/devkitARM/bin/../lib/gcc/arm-eabi/4.6.1/../../../../arm-eabi/lib/thumb/libsysbase.a(times.o)
                              /Users/lwy08/Downloads/devkitpro/libnds/lib/libnds9.a(initSystem.o) (punixTime)
/Users/lwy08/Downloads/devkitpro/devkitARM/bin/../lib/gcc/arm-eabi/4.6.1/../../../../arm-eabi/lib/thumb/libsysbase.a(malloc_vars.o)
                              /Users/lwy08/Downloads/devkitpro/devkitARM/bin/../lib/gcc/arm-eabi/4.6.1/../../../../arm-eabi/lib/thumb/ds_arm9_crt0.o (fake_heap_start)
/Users/lwy08/Downloads/devkitpro/devkitARM/bin/../lib/gcc/arm-eabi/4.6.1/../../../../arm-eabi/lib/thumb/libsysbase.a(build_argv.o)
                              /Users/lwy08/Downloads/devkitpro/devkitARM/bin/../lib/gcc/arm-eabi/4.6.1/../../../../arm-eabi/lib/thumb/ds_arm9_crt0.o (build_argv)
/Users/lwy08/Downloads/devkitpro/devkitARM/bin/../lib/gcc/arm-eabi/4.6.1/../../../../arm-eabi/lib/thumb/libsysbase.a(syscall_support.o)
                              /Users/lwy08/Downloads/devkitpro/libnds/lib/libnds9.a(initSystem.o) (__syscalls)
/Users/lwy08/Downloads/devkitpro/devkitARM/bin/../lib/gcc/arm-eabi/4.6.1/../../../../arm-eabi/lib/thumb/libg.a(lib_a-errno.o)
                              /Users/lwy08/Downloads/devkitpro/devkitARM/bin/../lib/gcc/arm-eabi/4.6.1/../../../../arm-eabi/lib/thumb/libsysbase.a(times.o) (__errno)
/Users/lwy08/Downloads/devkitpro/devkitARM/bin/../lib/gcc/arm-eabi/4.6.1/../../../../arm-eabi/lib/thumb/libg.a(lib_a-impure.o)
                              /Users/lwy08/Downloads/devkitpro/devkitARM/bin/../lib/gcc/arm-eabi/4.6.1/../../../../arm-eabi/lib/thumb/libg.a(lib_a-errno.o) (_impure_ptr)

Allocating common symbols
Common symbol       size              file

fifo_datamsg_data   0x40              /Users/lwy08/Downloads/devkitpro/libnds/lib/libnds9.a(fifosystem.o)
__dsimode           0x1               /Users/lwy08/Downloads/devkitpro/libnds/lib/libnds9.a(initSystem.o)
fifo_buffer         0x800             /Users/lwy08/Downloads/devkitpro/libnds/lib/libnds9.a(fifosystem.o)
fifo_value32_func   0x40              /Users/lwy08/Downloads/devkitpro/libnds/lib/libnds9.a(fifosystem.o)
fifo_address_func   0x40              /Users/lwy08/Downloads/devkitpro/libnds/lib/libnds9.a(fifosystem.o)
fifo_value32_data   0x40              /Users/lwy08/Downloads/devkitpro/libnds/lib/libnds9.a(fifosystem.o)
fifo_value32_queue  0x40              /Users/lwy08/Downloads/devkitpro/libnds/lib/libnds9.a(fifosystem.o)
fifo_data_queue     0x40              /Users/lwy08/Downloads/devkitpro/libnds/lib/libnds9.a(fifosystem.o)
punixTime           0x4               /Users/lwy08/Downloads/devkitpro/devkitARM/bin/../lib/gcc/arm-eabi/4.6.1/../../../../arm-eabi/lib/thumb/libsysbase.a(times.o)
fifo_address_data   0x40              /Users/lwy08/Downloads/devkitpro/libnds/lib/libnds9.a(fifosystem.o)
fifo_datamsg_func   0x40              /Users/lwy08/Downloads/devkitpro/libnds/lib/libnds9.a(fifosystem.o)
fifo_address_queue  0x40              /Users/lwy08/Downloads/devkitpro/libnds/lib/libnds9.a(fifosystem.o)

Memory Configuration

Name             Origin             Length             Attributes
rom              0x08000000         0x02000000
ewram            0x02000000         0x003ff000
dtcm             0x0b000000         0x00004000
vectors          0x01000000         0x00000100
itcm             0x01000100         0x00007f00
*default*        0x00000000         0xffffffff

Linker script and memory map

                0x01000000                __vectors_start = ORIGIN (vectors)
                0x01000100                __itcm_start = ORIGIN (itcm)
                0x023ff000                __ewram_end = (ORIGIN (ewram) + 0x3ff000)
                0x023ff000                __eheap_end = (ORIGIN (ewram) + 0x3ff000)
                0x0b000000                __dtcm_start = ORIGIN (dtcm)
                0x0b004000                __dtcm_top = (ORIGIN (dtcm) + 0x4000)
                0x0b003ff8                __irq_flags = (__dtcm_top - 0x8)
                0x0b003ffc                __irq_vector = (__dtcm_top - 0x4)
                0x0b003f00                __sp_svc = (__dtcm_top - 0x100)
                0x0b003e00                __sp_irq = (__sp_svc - 0x100)
                0x0b003d00                __sp_usr = (__sp_irq - 0x100)

.init           0x02000000      0x23c
                0x02000000                __text_start = .
 *(.init)
 .init          0x02000000      0x230 /Users/lwy08/Downloads/devkitpro/devkitARM/bin/../lib/gcc/arm-eabi/4.6.1/../../../../arm-eabi/lib/thumb/ds_arm9_crt0.o
                0x02000000                _start
 .init          0x02000230        0x4 /Users/lwy08/Downloads/devkitpro/devkitARM/bin/../lib/gcc/arm-eabi/4.6.1/thumb/crti.o
                0x02000230                _init
 .init          0x02000234        0x8 /Users/lwy08/Downloads/devkitpro/devkitARM/bin/../lib/gcc/arm-eabi/4.6.1/thumb/crtn.o
                0x0200023c                . = ALIGN (0x4)

.plt
 *(.plt)

.text           0x02000240     0x1bd8
 *(EXCLUDE_FILE(*.itcm*) .text)
 .text          0x02000240        0x0 /Users/lwy08/Downloads/devkitpro/devkitARM/bin/../lib/gcc/arm-eabi/4.6.1/../../../../arm-eabi/lib/thumb/ds_arm9_crt0.o
 .text          0x02000240        0x0 /Users/lwy08/Downloads/devkitpro/devkitARM/bin/../lib/gcc/arm-eabi/4.6.1/thumb/crti.o
 .text          0x02000240       0x6c /Users/lwy08/Downloads/devkitpro/devkitARM/bin/../lib/gcc/arm-eabi/4.6.1/thumb/crtbegin.o
 .text          0x020002ac       0x4c main.o
                0x020002ac                timerCallBack
                0x020002dc                waitfor
 .text          0x020002f8       0xf4 /Users/lwy08/Downloads/devkitpro/libnds/lib/libnds9.a(keys.o)
                0x020002f8                scanKeys
                0x02000364                keysHeld
                0x02000370                keysDown
                0x02000380                keysDownRepeat
                0x02000390                keysSetRepeat
                0x020003a8                keysUp
                0x020003b8                keysCurrent
 .text          0x020003ec      0x204 /Users/lwy08/Downloads/devkitpro/libnds/lib/libnds9.a(sound.o)
                0x020003ec                micBufferHandler
                0x02000420                soundEnable
                0x02000430                soundDisable
                0x02000440                soundPlayPSG
                0x02000474                soundPlayNoise
                0x020004a8                soundPlaySample
                0x0200050c                soundPause
                0x02000520                soundKill
                0x02000534                soundResume
                0x02000548                soundSetVolume
                0x0200055c                soundSetPan
                0x0200056c                soundSetFreq
                0x02000580                soundSetWaveDuty
                0x02000594                soundMicRecord
                0x020005e0                soundMicOff
 .text          0x020005f0      0x19c /Users/lwy08/Downloads/devkitpro/libnds/lib/libnds9.a(initSystem.o)
                0x020005f0                initSystem
 .text          0x0200078c      0xc88 /Users/lwy08/Downloads/devkitpro/libnds/lib/libnds9.a(fifosystem.o)
                0x020009ec                fifoSendAddress
                0x02000a18                fifoSendValue32
                0x02000a58                fifoSendDatamsg
                0x02000ac8                fifoGetAddress
                0x02000b3c                fifoSetAddressHandler
                0x02000bb0                fifoGetValue32
                0x02000c24                fifoSetValue32Handler
                0x02000c98                fifoGetDatamsg
                0x0200113c                fifoSetDatamsgHandler
                0x020011d4                fifoCheckAddress
                0x020011f8                fifoCheckDatamsg
                0x0200121c                fifoCheckValue32
                0x02001240                fifoInit
 .text          0x02001414      0x1f4 /Users/lwy08/Downloads/devkitpro/libnds/lib/libnds9.a(interrupts.o)
                0x02001414                irqDummy
                0x02001418                irqSet
                0x02001488                irqInit
                0x020014d4                irqInitHandler
                0x02001504                irqEnable
                0x02001568                irqDisable
                0x020015cc                irqClear
 .text          0x02001608       0x40 /Users/lwy08/Downloads/devkitpro/libnds/lib/libnds9.a(libnds_exit.o)
                0x02001608                systemErrorExit
                0x0200160c                __libnds_exit
 .text          0x02001648      0x194 /Users/lwy08/Downloads/devkitpro/libnds/lib/libnds9.a(timers.o)
                0x02001648                timerStart
                0x0200168c                timerElapsed
                0x020016b8                timerPause
                0x020016f4                timerStop
                0x0200172c                cpuStartTiming
                0x02001768                cpuGetTiming
                0x0200179c                cpuEndTiming
 .text          0x020017dc      0x1b4 /Users/lwy08/Downloads/devkitpro/libnds/lib/libnds9.a(mpu_setup.o)
                0x020017dc                __libnds_mpu_setup
                0x0200191c                memCached
                0x02001934                memUncached
 .text          0x02001990       0x70 /Users/lwy08/Downloads/devkitpro/libnds/lib/libnds9.a(biosCalls.o)
                0x02001990                swiDelay
                0x02001994                swiIntrWait
                0x02001998                swiWaitForVBlank
                0x0200199c                swiSleep
                0x020019a0                swiChangeSoundBias
                0x020019a4                swiDivide
                0x020019a8                swiRemainder
                0x020019ae                swiDivMod
                0x020019ba                swiCopy
                0x020019be                swiFastCopy
                0x020019c2                swiSqrt
                0x020019c6                swiCRC16
                0x020019ca                swiIsDebugger
                0x020019ce                swiUnpackBits
                0x020019d2                swiDecompressLZSSWram
                0x020019d6                swiDecompressLZSSVramNTR
                0x020019da                swiDecompressLZSSVramTWL
                0x020019de                swiDecompressHuffman
                0x020019e2                swiDecompressRLEWram
                0x020019e6                swiDecompressRLEVram
                0x020019ea                swiWaitForIRQ
                0x020019ee                swiDecodeDelta8
                0x020019f2                swiDecodeDelta16
                0x020019f6                swiSetHaltCR
 .text          0x02001a00        0x0 /Users/lwy08/Downloads/devkitpro/libnds/lib/libnds9.a(interruptDispatcher.o)
 .text          0x02001a00       0x30 /Users/lwy08/Downloads/devkitpro/libnds/lib/libnds9.a(swiSoftReset.o)
                0x02001a00                swiSoftReset
 .text          0x02001a30       0xf0 /Users/lwy08/Downloads/devkitpro/libnds/lib/libnds9.a(system.o)
                0x02001a30                systemMsgHandler
                0x02001a74                systemSleep
                0x02001a8c                powerValueHandler
                0x02001a9c                powerOn
                0x02001ac8                powerOff
                0x02001af0                ledBlink
                0x02001b00                getBatteryLevel
 .text          0x02001b20      0x150 /Users/lwy08/Downloads/devkitpro/libnds/lib/libnds9.a(video.o)
                0x02001b20                vramSetPrimaryBanks
                0x02001b64                vramSetMainBanks
                0x02001ba8                vramSetBanks_EFG
                0x02001be0                vramRestorePrimaryBanks
                0x02001bec                vramRestoreMainBanks
                0x02001bf8                vramRestoreBanks_EFG
                0x02001c04                setBrightness
                0x02001c44                vramDefault
 .text          0x02001c70       0x50 /Users/lwy08/Downloads/devkitpro/devkitARM/bin/../lib/gcc/arm-eabi/4.6.1/../../../../arm-eabi/lib/thumb/libg.a(lib_a-init.o)
                0x02001c70                __libc_init_array
 .text          0x02001cc0       0x80 /Users/lwy08/Downloads/devkitpro/devkitARM/bin/../lib/gcc/arm-eabi/4.6.1/../../../../arm-eabi/lib/thumb/libg.a(lib_a-memcpy.o)
                0x02001cc0                memcpy
 .text          0x02001d40       0x48 /Users/lwy08/Downloads/devkitpro/devkitARM/bin/../lib/gcc/arm-eabi/4.6.1/../../../../arm-eabi/lib/thumb/libsysbase.a(times.o)
                0x02001d40                _times
                0x02001d54                _times_r
                0x02001d5c                _gettimeofday_r
 .text          0x02001d88        0x0 /Users/lwy08/Downloads/devkitpro/devkitARM/bin/../lib/gcc/arm-eabi/4.6.1/../../../../arm-eabi/lib/thumb/libsysbase.a(malloc_vars.o)
 .text          0x02001d88       0x48 /Users/lwy08/Downloads/devkitpro/devkitARM/bin/../lib/gcc/arm-eabi/4.6.1/../../../../arm-eabi/lib/thumb/libsysbase.a(build_argv.o)
                0x02001d88                build_argv
 .text          0x02001dd0        0x0 /Users/lwy08/Downloads/devkitpro/devkitARM/bin/../lib/gcc/arm-eabi/4.6.1/../../../../arm-eabi/lib/thumb/libsysbase.a(syscall_support.o)
 .text          0x02001dd0        0xc /Users/lwy08/Downloads/devkitpro/devkitARM/bin/../lib/gcc/arm-eabi/4.6.1/../../../../arm-eabi/lib/thumb/libg.a(lib_a-errno.o)
                0x02001dd0                __errno
 .text          0x02001ddc        0x0 /Users/lwy08/Downloads/devkitpro/devkitARM/bin/../lib/gcc/arm-eabi/4.6.1/../../../../arm-eabi/lib/thumb/libg.a(lib_a-impure.o)
 .text          0x02001ddc        0x0 /Users/lwy08/Downloads/devkitpro/devkitARM/bin/../lib/gcc/arm-eabi/4.6.1/thumb/crtend.o
 .text          0x02001ddc        0x0 /Users/lwy08/Downloads/devkitpro/devkitARM/bin/../lib/gcc/arm-eabi/4.6.1/thumb/crtn.o
 *(.text.*)
 .text.startup  0x02001ddc       0x3c main.o
                0x02001ddc                main
 *(.stub)
 *(.gnu.warning)
 *(.gnu.linkonce.t*)
 *(.glue_7)
 .glue_7        0x00000000        0x0 linker stubs
 *(.glue_7t)
 .glue_7t       0x00000000        0x0 linker stubs
                0x02001e18                . = ALIGN (0x4)

.vfp11_veneer   0x02001e18        0x0
 .vfp11_veneer  0x00000000        0x0 linker stubs

.v4_bx          0x02001e18        0x0
 .v4_bx         0x00000000        0x0 linker stubs

.fini           0x02001e18        0xc
 *(.fini)
 .fini          0x02001e18        0x4 /Users/lwy08/Downloads/devkitpro/devkitARM/bin/../lib/gcc/arm-eabi/4.6.1/thumb/crti.o
                0x02001e18                _fini
 .fini          0x02001e1c        0x8 /Users/lwy08/Downloads/devkitpro/devkitARM/bin/../lib/gcc/arm-eabi/4.6.1/thumb/crtn.o
                0x02001e24                __text_end = .

.rodata         0x02001e24        0x8
 *(.rodata)
 .rodata        0x02001e24        0x4 /Users/lwy08/Downloads/devkitpro/devkitARM/bin/../lib/gcc/arm-eabi/4.6.1/../../../../arm-eabi/lib/thumb/libg.a(lib_a-impure.o)
                0x02001e24                _global_impure_ptr
 *all.rodata*(*)
 *(.roda)
 *(.rodata.*)
 .rodata.str1.4
                0x02001e28        0x4 /Users/lwy08/Downloads/devkitpro/devkitARM/bin/../lib/gcc/arm-eabi/4.6.1/../../../../arm-eabi/lib/thumb/libg.a(lib_a-impure.o)
 *(.gnu.linkonce.r*)
                0x02001e2c                . = ALIGN (0x4)

.ARM.extab
 *(.ARM.extab* .gnu.linkonce.armextab.*)
                0x02001e2c                __exidx_start = .

ARM.exidx
 *(.ARM.exidx* .gnu.linkonce.armexidx.*)
                0x02001e2c                __exidx_end = .
                0x02001e2c                . = ALIGN (0x4)
                0x02001e2c                PROVIDE (__preinit_array_start, .)

.preinit_array
 *(.preinit_array)
                0x02001e2c                PROVIDE (__preinit_array_end, .)
                0x02001e2c                PROVIDE (__init_array_start, .)

.init_array     0x02001e2c        0x4
 *(SORT(.init_array.*))
 *(.init_array)
 .init_array    0x02001e2c        0x4 /Users/lwy08/Downloads/devkitpro/devkitARM/bin/../lib/gcc/arm-eabi/4.6.1/thumb/crtbegin.o
                0x02001e30                PROVIDE (__init_array_end, .)
                0x02001e30                PROVIDE (__fini_array_start, .)

.fini_array     0x02001e30        0x4
 *(.fini_array)
 .fini_array    0x02001e30        0x4 /Users/lwy08/Downloads/devkitpro/devkitARM/bin/../lib/gcc/arm-eabi/4.6.1/thumb/crtbegin.o
 *(SORT(.fini_array.*))
                0x02001e34                PROVIDE (__fini_array_end, .)

.ctors          0x02001e34        0x0
 *crtbegin.o(.ctors)
 *(EXCLUDE_FILE(*crtend.o) .ctors)
 *(SORT(.ctors.*))
 *(.ctors)
                0x02001e34                . = ALIGN (0x4)

.dtors          0x02001e34        0x0
 *crtbegin.o(.dtors)
 *(EXCLUDE_FILE(*crtend.o) .dtors)
 *(SORT(.dtors.*))
 *(.dtors)
                0x02001e34                . = ALIGN (0x4)

.eh_frame       0x02001e34        0x4
 *(.eh_frame)
 .eh_frame      0x02001e34        0x0 /Users/lwy08/Downloads/devkitpro/devkitARM/bin/../lib/gcc/arm-eabi/4.6.1/thumb/crtbegin.o
 .eh_frame      0x02001e34        0x4 /Users/lwy08/Downloads/devkitpro/devkitARM/bin/../lib/gcc/arm-eabi/4.6.1/thumb/crtend.o
                0x02001e38                . = ALIGN (0x4)

.gcc_except_table
                0x02001e38        0x0
 *(.gcc_except_table)
                0x02001e38                . = ALIGN (0x4)

.jcr            0x02001e38        0x4
 *(.jcr)
 .jcr           0x02001e38        0x0 /Users/lwy08/Downloads/devkitpro/devkitARM/bin/../lib/gcc/arm-eabi/4.6.1/thumb/crtbegin.o
 .jcr           0x02001e38        0x4 /Users/lwy08/Downloads/devkitpro/devkitARM/bin/../lib/gcc/arm-eabi/4.6.1/thumb/crtend.o

.got
 *(.got.plt)
 *(.got)
 *(.rel.got)

.ewram          0x02001e3c        0x0
                0x02001e3c                __ewram_start = ABSOLUTE (.)
 *(.ewram)
 *ewram.*(.text)
                0x02001e3c                . = ALIGN (0x4)

.data           0x02001e3c      0x44c
                0x02001e3c                __data_start = ABSOLUTE (.)
 *(.data)
 .data          0x02001e3c        0x0 /Users/lwy08/Downloads/devkitpro/devkitARM/bin/../lib/gcc/arm-eabi/4.6.1/../../../../arm-eabi/lib/thumb/ds_arm9_crt0.o
 .data          0x02001e3c        0x0 /Users/lwy08/Downloads/devkitpro/devkitARM/bin/../lib/gcc/arm-eabi/4.6.1/thumb/crti.o
 .data          0x02001e3c        0x4 /Users/lwy08/Downloads/devkitpro/devkitARM/bin/../lib/gcc/arm-eabi/4.6.1/thumb/crtbegin.o
                0x02001e3c                __dso_handle
 .data          0x02001e40        0x1 main.o
                0x02001e40                play
 .data          0x02001e41        0x3 /Users/lwy08/Downloads/devkitpro/libnds/lib/libnds9.a(keys.o)
 .data          0x02001e44        0x0 /Users/lwy08/Downloads/devkitpro/libnds/lib/libnds9.a(sound.o)
 .data          0x02001e44        0x0 /Users/lwy08/Downloads/devkitpro/libnds/lib/libnds9.a(initSystem.o)
 .data          0x02001e44       0x10 /Users/lwy08/Downloads/devkitpro/libnds/lib/libnds9.a(fifosystem.o)
                0x02001e44                fifo_freewords
                0x02001e48                fifo_buffer_free
                0x02001e4c                fifo_send_queue
                0x02001e50                fifo_receive_queue
 .data          0x02001e54        0x0 /Users/lwy08/Downloads/devkitpro/libnds/lib/libnds9.a(interrupts.o)
 .data          0x02001e54        0x0 /Users/lwy08/Downloads/devkitpro/libnds/lib/libnds9.a(libnds_exit.o)
 .data          0x02001e54        0x0 /Users/lwy08/Downloads/devkitpro/libnds/lib/libnds9.a(timers.o)
 .data          0x02001e54        0x0 /Users/lwy08/Downloads/devkitpro/libnds/lib/libnds9.a(mpu_setup.o)
 .data          0x02001e54        0x0 /Users/lwy08/Downloads/devkitpro/libnds/lib/libnds9.a(biosCalls.o)
 .data          0x02001e54        0x0 /Users/lwy08/Downloads/devkitpro/libnds/lib/libnds9.a(interruptDispatcher.o)
 .data          0x02001e54        0x0 /Users/lwy08/Downloads/devkitpro/libnds/lib/libnds9.a(swiSoftReset.o)
 .data          0x02001e54        0x0 /Users/lwy08/Downloads/devkitpro/libnds/lib/libnds9.a(system.o)
 .data          0x02001e54        0x0 /Users/lwy08/Downloads/devkitpro/libnds/lib/libnds9.a(video.o)
 .data          0x02001e54        0x0 /Users/lwy08/Downloads/devkitpro/devkitARM/bin/../lib/gcc/arm-eabi/4.6.1/../../../../arm-eabi/lib/thumb/libg.a(lib_a-init.o)
 .data          0x02001e54        0x0 /Users/lwy08/Downloads/devkitpro/devkitARM/bin/../lib/gcc/arm-eabi/4.6.1/../../../../arm-eabi/lib/thumb/libg.a(lib_a-memcpy.o)
 .data          0x02001e54        0x0 /Users/lwy08/Downloads/devkitpro/devkitARM/bin/../lib/gcc/arm-eabi/4.6.1/../../../../arm-eabi/lib/thumb/libsysbase.a(times.o)
 .data          0x02001e54        0x0 /Users/lwy08/Downloads/devkitpro/devkitARM/bin/../lib/gcc/arm-eabi/4.6.1/../../../../arm-eabi/lib/thumb/libsysbase.a(malloc_vars.o)
 .data          0x02001e54        0x0 /Users/lwy08/Downloads/devkitpro/devkitARM/bin/../lib/gcc/arm-eabi/4.6.1/../../../../arm-eabi/lib/thumb/libsysbase.a(build_argv.o)
 .data          0x02001e54        0x0 /Users/lwy08/Downloads/devkitpro/devkitARM/bin/../lib/gcc/arm-eabi/4.6.1/../../../../arm-eabi/lib/thumb/libsysbase.a(syscall_support.o)
 .data          0x02001e54        0x0 /Users/lwy08/Downloads/devkitpro/devkitARM/bin/../lib/gcc/arm-eabi/4.6.1/../../../../arm-eabi/lib/thumb/libg.a(lib_a-errno.o)
 *fill*         0x02001e54        0x4 ff
 .data          0x02001e58      0x430 /Users/lwy08/Downloads/devkitpro/devkitARM/bin/../lib/gcc/arm-eabi/4.6.1/../../../../arm-eabi/lib/thumb/libg.a(lib_a-impure.o)
                0x02001e58                _impure_ptr
 .data          0x02002288        0x0 /Users/lwy08/Downloads/devkitpro/devkitARM/bin/../lib/gcc/arm-eabi/4.6.1/thumb/crtend.o
 .data          0x02002288        0x0 /Users/lwy08/Downloads/devkitpro/devkitARM/bin/../lib/gcc/arm-eabi/4.6.1/thumb/crtn.o
 *(.data.*)
 *(.gnu.linkonce.d*)
                0x02002288                . = ALIGN (0x4)
                0x02002288                __data_end = ABSOLUTE (.)
                0x02002288                __dtcm_lma = .
                0x02002288                __bss_vma = .

.dtcm           0x0b000000        0x0 load address 0x02002288
 *(.dtcm)
 *(.dtcm.*)
                0x0b000000                . = ALIGN (0x4)
                0x0b000000                __dtcm_end = ABSOLUTE (.)
                0x02002288                __itcm_lma = (__dtcm_lma + SIZEOF (.dtcm))

.itcm           0x01000100      0x194 load address 0x02002288
 *(.itcm)
 .itcm          0x01000100       0xc8 /Users/lwy08/Downloads/devkitpro/libnds/lib/libnds9.a(interrupts.o)
                0x01000100                irqTable
 .itcm          0x010001c8       0xcc /Users/lwy08/Downloads/devkitpro/libnds/lib/libnds9.a(interruptDispatcher.o)
                0x010001c8                IntrMain
 *itcm.*(.text)
                0x01000294                . = ALIGN (0x4)
                0x01000294                __itcm_end = ABSOLUTE (.)
                0x0200241c                __vectors_lma = (__itcm_lma + SIZEOF (.itcm))

.vectors        0x01000000        0x0 load address 0x0200241c
 *(.vectors)
 *vectors.*(.text)
                0x01000000                . = ALIGN (0x4)
                0x01000000                __vectors_end = ABSOLUTE (.)

.sbss           0x0b000000        0x0
                0x0b000000                __sbss_start = ABSOLUTE (.)
                0x0b000000                __sbss_start__ = ABSOLUTE (.)
 *(.sbss)
                0x0b000000                . = ALIGN (0x4)
                0x0b000000                __sbss_end = ABSOLUTE (.)

.bss            0x02002288      0xa98
                0x02002288                __bss_start = ABSOLUTE (.)
                0x02002288                __bss_start__ = ABSOLUTE (.)
 *(.dynbss)
 *(.gnu.linkonce.b*)
 *(.bss*)
 .bss           0x02002288        0x0 /Users/lwy08/Downloads/devkitpro/devkitARM/bin/../lib/gcc/arm-eabi/4.6.1/../../../../arm-eabi/lib/thumb/ds_arm9_crt0.o
 .bss           0x02002288        0x0 /Users/lwy08/Downloads/devkitpro/devkitARM/bin/../lib/gcc/arm-eabi/4.6.1/thumb/crti.o
 .bss           0x02002288       0x1c /Users/lwy08/Downloads/devkitpro/devkitARM/bin/../lib/gcc/arm-eabi/4.6.1/thumb/crtbegin.o
 .bss           0x020022a4        0x4 main.o
                0x020022a4                channel
 .bss           0x020022a8        0x6 /Users/lwy08/Downloads/devkitpro/libnds/lib/libnds9.a(keys.o)
 *fill*         0x020022ae        0x2 00
 .bss           0x020022b0        0x4 /Users/lwy08/Downloads/devkitpro/libnds/lib/libnds9.a(sound.o)
                0x020022b0                micCallback
 .bss           0x020022b4        0x0 /Users/lwy08/Downloads/devkitpro/libnds/lib/libnds9.a(initSystem.o)
 .bss           0x020022b4        0x8 /Users/lwy08/Downloads/devkitpro/libnds/lib/libnds9.a(fifosystem.o)
                0x020022b8                processing
 .bss           0x020022bc        0x0 /Users/lwy08/Downloads/devkitpro/libnds/lib/libnds9.a(interrupts.o)
 .bss           0x020022bc        0x0 /Users/lwy08/Downloads/devkitpro/libnds/lib/libnds9.a(libnds_exit.o)
 .bss           0x020022bc        0xc /Users/lwy08/Downloads/devkitpro/libnds/lib/libnds9.a(timers.o)
                0x020022bc                elapsed
 .bss           0x020022c8        0x0 /Users/lwy08/Downloads/devkitpro/libnds/lib/libnds9.a(mpu_setup.o)
 .bss           0x020022c8        0x0 /Users/lwy08/Downloads/devkitpro/libnds/lib/libnds9.a(biosCalls.o)
 .bss           0x020022c8        0x0 /Users/lwy08/Downloads/devkitpro/libnds/lib/libnds9.a(interruptDispatcher.o)
 .bss           0x020022c8        0x0 /Users/lwy08/Downloads/devkitpro/libnds/lib/libnds9.a(swiSoftReset.o)
 .bss           0x020022c8        0x0 /Users/lwy08/Downloads/devkitpro/libnds/lib/libnds9.a(system.o)
 .bss           0x020022c8        0x0 /Users/lwy08/Downloads/devkitpro/libnds/lib/libnds9.a(video.o)
 .bss           0x020022c8        0x0 /Users/lwy08/Downloads/devkitpro/devkitARM/bin/../lib/gcc/arm-eabi/4.6.1/../../../../arm-eabi/lib/thumb/libg.a(lib_a-init.o)
 .bss           0x020022c8        0x0 /Users/lwy08/Downloads/devkitpro/devkitARM/bin/../lib/gcc/arm-eabi/4.6.1/../../../../arm-eabi/lib/thumb/libg.a(lib_a-memcpy.o)
 .bss           0x020022c8        0x0 /Users/lwy08/Downloads/devkitpro/devkitARM/bin/../lib/gcc/arm-eabi/4.6.1/../../../../arm-eabi/lib/thumb/libsysbase.a(times.o)
 .bss           0x020022c8        0x8 /Users/lwy08/Downloads/devkitpro/devkitARM/bin/../lib/gcc/arm-eabi/4.6.1/../../../../arm-eabi/lib/thumb/libsysbase.a(malloc_vars.o)
                0x020022c8                fake_heap_start
                0x020022cc                fake_heap_end
 .bss           0x020022d0        0x0 /Users/lwy08/Downloads/devkitpro/devkitARM/bin/../lib/gcc/arm-eabi/4.6.1/../../../../arm-eabi/lib/thumb/libsysbase.a(build_argv.o)
 .bss           0x020022d0        0x8 /Users/lwy08/Downloads/devkitpro/devkitARM/bin/../lib/gcc/arm-eabi/4.6.1/../../../../arm-eabi/lib/thumb/libsysbase.a(syscall_support.o)
                0x020022d0                __syscalls
 .bss           0x020022d8        0x0 /Users/lwy08/Downloads/devkitpro/devkitARM/bin/../lib/gcc/arm-eabi/4.6.1/../../../../arm-eabi/lib/thumb/libg.a(lib_a-errno.o)
 .bss           0x020022d8        0x0 /Users/lwy08/Downloads/devkitpro/devkitARM/bin/../lib/gcc/arm-eabi/4.6.1/../../../../arm-eabi/lib/thumb/libg.a(lib_a-impure.o)
 .bss           0x020022d8        0x0 /Users/lwy08/Downloads/devkitpro/devkitARM/bin/../lib/gcc/arm-eabi/4.6.1/thumb/crtend.o
 .bss           0x020022d8        0x0 /Users/lwy08/Downloads/devkitpro/devkitARM/bin/../lib/gcc/arm-eabi/4.6.1/thumb/crtn.o
 *(COMMON)
 COMMON         0x020022d8        0x1 /Users/lwy08/Downloads/devkitpro/libnds/lib/libnds9.a(initSystem.o)
                0x020022d8                __dsimode
 *fill*         0x020022d9        0x3 00
 COMMON         0x020022dc      0xa40 /Users/lwy08/Downloads/devkitpro/libnds/lib/libnds9.a(fifosystem.o)
                0x020022dc                fifo_datamsg_data
                0x0200231c                fifo_buffer
                0x02002b1c                fifo_value32_func
                0x02002b5c                fifo_address_func
                0x02002b9c                fifo_value32_data
                0x02002bdc                fifo_value32_queue
                0x02002c1c                fifo_data_queue
                0x02002c5c                fifo_address_data
                0x02002c9c                fifo_datamsg_func
                0x02002cdc                fifo_address_queue
 COMMON         0x02002d1c        0x4 /Users/lwy08/Downloads/devkitpro/devkitARM/bin/../lib/gcc/arm-eabi/4.6.1/../../../../arm-eabi/lib/thumb/libsysbase.a(times.o)
                0x02002d1c                punixTime
                0x02002d20                . = ALIGN (0x4)
                0x02002d20                __bss_end__ = ABSOLUTE (.)
                0x02002d20                __end__ = ABSOLUTE (.)

.stab
 *(.stab)

.stabstr
 *(.stabstr)

.stab.excl
 *(.stab.excl)

.stab.exclstr
 *(.stab.exclstr)

.stab.index
 *(.stab.index)

.stab.indexstr
 *(.stab.indexstr)

.ARM.attributes
                0x00000000       0x2f load address 0x02002288
 .ARM.attributes
                0x00000000       0x23 /Users/lwy08/Downloads/devkitpro/devkitARM/bin/../lib/gcc/arm-eabi/4.6.1/../../../../arm-eabi/lib/thumb/ds_arm9_crt0.o
 .ARM.attributes
                0x00000023       0x18 /Users/lwy08/Downloads/devkitpro/devkitARM/bin/../lib/gcc/arm-eabi/4.6.1/thumb/crti.o
 .ARM.attributes
                0x0000003b       0x32 /Users/lwy08/Downloads/devkitpro/devkitARM/bin/../lib/gcc/arm-eabi/4.6.1/thumb/crtbegin.o
 .ARM.attributes
                0x0000006d       0x29 main.o
 .ARM.attributes
                0x00000096       0x29 /Users/lwy08/Downloads/devkitpro/libnds/lib/libnds9.a(keys.o)
 .ARM.attributes
                0x000000bf       0x29 /Users/lwy08/Downloads/devkitpro/libnds/lib/libnds9.a(sound.o)
 .ARM.attributes
                0x000000e8       0x29 /Users/lwy08/Downloads/devkitpro/libnds/lib/libnds9.a(initSystem.o)
 .ARM.attributes
                0x00000111       0x29 /Users/lwy08/Downloads/devkitpro/libnds/lib/libnds9.a(fifosystem.o)
 .ARM.attributes
                0x0000013a       0x29 /Users/lwy08/Downloads/devkitpro/libnds/lib/libnds9.a(interrupts.o)
 .ARM.attributes
                0x00000163       0x29 /Users/lwy08/Downloads/devkitpro/libnds/lib/libnds9.a(libnds_exit.o)
 .ARM.attributes
                0x0000018c       0x29 /Users/lwy08/Downloads/devkitpro/libnds/lib/libnds9.a(timers.o)
 .ARM.attributes
                0x000001b5       0x23 /Users/lwy08/Downloads/devkitpro/libnds/lib/libnds9.a(mpu_setup.o)
 .ARM.attributes
                0x000001d8       0x1d /Users/lwy08/Downloads/devkitpro/libnds/lib/libnds9.a(biosCalls.o)
 .ARM.attributes
                0x000001f5       0x1d /Users/lwy08/Downloads/devkitpro/libnds/lib/libnds9.a(interruptDispatcher.o)
 .ARM.attributes
                0x00000212       0x23 /Users/lwy08/Downloads/devkitpro/libnds/lib/libnds9.a(swiSoftReset.o)
 .ARM.attributes
                0x00000235       0x29 /Users/lwy08/Downloads/devkitpro/libnds/lib/libnds9.a(system.o)
 .ARM.attributes
                0x0000025e       0x29 /Users/lwy08/Downloads/devkitpro/libnds/lib/libnds9.a(video.o)
 .ARM.attributes
                0x00000287       0x32 /Users/lwy08/Downloads/devkitpro/devkitARM/bin/../lib/gcc/arm-eabi/4.6.1/../../../../arm-eabi/lib/thumb/libg.a(lib_a-init.o)
 .ARM.attributes
                0x000002b9       0x32 /Users/lwy08/Downloads/devkitpro/devkitARM/bin/../lib/gcc/arm-eabi/4.6.1/../../../../arm-eabi/lib/thumb/libg.a(lib_a-memcpy.o)
 .ARM.attributes
                0x000002eb       0x32 /Users/lwy08/Downloads/devkitpro/devkitARM/bin/../lib/gcc/arm-eabi/4.6.1/../../../../arm-eabi/lib/thumb/libsysbase.a(times.o)
 .ARM.attributes
                0x0000031d       0x32 /Users/lwy08/Downloads/devkitpro/devkitARM/bin/../lib/gcc/arm-eabi/4.6.1/../../../../arm-eabi/lib/thumb/libsysbase.a(malloc_vars.o)
 .ARM.attributes
                0x0000034f       0x32 /Users/lwy08/Downloads/devkitpro/devkitARM/bin/../lib/gcc/arm-eabi/4.6.1/../../../../arm-eabi/lib/thumb/libsysbase.a(build_argv.o)
 .ARM.attributes
                0x00000381       0x32 /Users/lwy08/Downloads/devkitpro/devkitARM/bin/../lib/gcc/arm-eabi/4.6.1/../../../../arm-eabi/lib/thumb/libsysbase.a(syscall_support.o)
 .ARM.attributes
                0x000003b3       0x32 /Users/lwy08/Downloads/devkitpro/devkitARM/bin/../lib/gcc/arm-eabi/4.6.1/../../../../arm-eabi/lib/thumb/libg.a(lib_a-errno.o)
 .ARM.attributes
                0x000003e5       0x32 /Users/lwy08/Downloads/devkitpro/devkitARM/bin/../lib/gcc/arm-eabi/4.6.1/../../../../arm-eabi/lib/thumb/libg.a(lib_a-impure.o)
 .ARM.attributes
                0x00000417       0x32 /Users/lwy08/Downloads/devkitpro/devkitARM/bin/../lib/gcc/arm-eabi/4.6.1/thumb/crtend.o
 .ARM.attributes
                0x00000449       0x18 /Users/lwy08/Downloads/devkitpro/devkitARM/bin/../lib/gcc/arm-eabi/4.6.1/thumb/crtn.o

.comment        0x00000000       0x22 load address 0x02002288
 *(.comment)
 .comment       0x00000000       0x22 /Users/lwy08/Downloads/devkitpro/devkitARM/bin/../lib/gcc/arm-eabi/4.6.1/thumb/crtbegin.o
                                 0x23 (size before relaxing)
 .comment       0x00000000       0x23 main.o
 .comment       0x00000000       0x23 /Users/lwy08/Downloads/devkitpro/libnds/lib/libnds9.a(keys.o)
 .comment       0x00000000       0x23 /Users/lwy08/Downloads/devkitpro/libnds/lib/libnds9.a(sound.o)
 .comment       0x00000000       0x23 /Users/lwy08/Downloads/devkitpro/libnds/lib/libnds9.a(initSystem.o)
 .comment       0x00000000       0x23 /Users/lwy08/Downloads/devkitpro/libnds/lib/libnds9.a(fifosystem.o)
 .comment       0x00000000       0x23 /Users/lwy08/Downloads/devkitpro/libnds/lib/libnds9.a(interrupts.o)
 .comment       0x00000000       0x23 /Users/lwy08/Downloads/devkitpro/libnds/lib/libnds9.a(libnds_exit.o)
 .comment       0x00000000       0x23 /Users/lwy08/Downloads/devkitpro/libnds/lib/libnds9.a(timers.o)
 .comment       0x00000000       0x23 /Users/lwy08/Downloads/devkitpro/libnds/lib/libnds9.a(system.o)
 .comment       0x00000000       0x23 /Users/lwy08/Downloads/devkitpro/libnds/lib/libnds9.a(video.o)
 .comment       0x00000000       0x23 /Users/lwy08/Downloads/devkitpro/devkitARM/bin/../lib/gcc/arm-eabi/4.6.1/../../../../arm-eabi/lib/thumb/libg.a(lib_a-init.o)
 .comment       0x00000000       0x23 /Users/lwy08/Downloads/devkitpro/devkitARM/bin/../lib/gcc/arm-eabi/4.6.1/../../../../arm-eabi/lib/thumb/libg.a(lib_a-memcpy.o)
 .comment       0x00000000       0x23 /Users/lwy08/Downloads/devkitpro/devkitARM/bin/../lib/gcc/arm-eabi/4.6.1/../../../../arm-eabi/lib/thumb/libsysbase.a(times.o)
 .comment       0x00000000       0x23 /Users/lwy08/Downloads/devkitpro/devkitARM/bin/../lib/gcc/arm-eabi/4.6.1/../../../../arm-eabi/lib/thumb/libsysbase.a(malloc_vars.o)
 .comment       0x00000000       0x23 /Users/lwy08/Downloads/devkitpro/devkitARM/bin/../lib/gcc/arm-eabi/4.6.1/../../../../arm-eabi/lib/thumb/libsysbase.a(build_argv.o)
 .comment       0x00000000       0x23 /Users/lwy08/Downloads/devkitpro/devkitARM/bin/../lib/gcc/arm-eabi/4.6.1/../../../../arm-eabi/lib/thumb/libsysbase.a(syscall_support.o)
 .comment       0x00000000       0x23 /Users/lwy08/Downloads/devkitpro/devkitARM/bin/../lib/gcc/arm-eabi/4.6.1/../../../../arm-eabi/lib/thumb/libg.a(lib_a-errno.o)
 .comment       0x00000000       0x23 /Users/lwy08/Downloads/devkitpro/devkitARM/bin/../lib/gcc/arm-eabi/4.6.1/../../../../arm-eabi/lib/thumb/libg.a(lib_a-impure.o)
 .comment       0x00000000       0x23 /Users/lwy08/Downloads/devkitpro/devkitARM/bin/../lib/gcc/arm-eabi/4.6.1/thumb/crtend.o

.debug
 *(.debug)

.line
 *(.line)

.debug_srcinfo
 *(.debug_srcinfo)

.debug_sfnames
 *(.debug_sfnames)

.debug_aranges  0x00000000      0x1c8 load address 0x02002288
 *(.debug_aranges)
 .debug_aranges
                0x00000000       0x28 main.o
 .debug_aranges
                0x00000028       0x20 /Users/lwy08/Downloads/devkitpro/libnds/lib/libnds9.a(keys.o)
 .debug_aranges
                0x00000048       0x20 /Users/lwy08/Downloads/devkitpro/libnds/lib/libnds9.a(sound.o)
 .debug_aranges
                0x00000068       0x20 /Users/lwy08/Downloads/devkitpro/libnds/lib/libnds9.a(initSystem.o)
 .debug_aranges
                0x00000088       0x20 /Users/lwy08/Downloads/devkitpro/libnds/lib/libnds9.a(fifosystem.o)
 .debug_aranges
                0x000000a8       0x20 /Users/lwy08/Downloads/devkitpro/libnds/lib/libnds9.a(interrupts.o)
 .debug_aranges
                0x000000c8       0x20 /Users/lwy08/Downloads/devkitpro/libnds/lib/libnds9.a(libnds_exit.o)
 .debug_aranges
                0x000000e8       0x20 /Users/lwy08/Downloads/devkitpro/libnds/lib/libnds9.a(timers.o)
 .debug_aranges
                0x00000108       0x20 /Users/lwy08/Downloads/devkitpro/libnds/lib/libnds9.a(mpu_setup.o)
 .debug_aranges
                0x00000128       0x20 /Users/lwy08/Downloads/devkitpro/libnds/lib/libnds9.a(biosCalls.o)
 .debug_aranges
                0x00000148       0x20 /Users/lwy08/Downloads/devkitpro/libnds/lib/libnds9.a(interruptDispatcher.o)
 .debug_aranges
                0x00000168       0x20 /Users/lwy08/Downloads/devkitpro/libnds/lib/libnds9.a(swiSoftReset.o)
 .debug_aranges
                0x00000188       0x20 /Users/lwy08/Downloads/devkitpro/libnds/lib/libnds9.a(system.o)
 .debug_aranges
                0x000001a8       0x20 /Users/lwy08/Downloads/devkitpro/libnds/lib/libnds9.a(video.o)

.debug_pubnames
 *(.debug_pubnames)

.debug_info     0x00000000     0x50f7 load address 0x02002288
 *(.debug_info)
 .debug_info    0x00000000      0x77f main.o
 .debug_info    0x0000077f      0x3d0 /Users/lwy08/Downloads/devkitpro/libnds/lib/libnds9.a(keys.o)
 .debug_info    0x00000b4f      0x8de /Users/lwy08/Downloads/devkitpro/libnds/lib/libnds9.a(sound.o)
 .debug_info    0x0000142d      0xeb7 /Users/lwy08/Downloads/devkitpro/libnds/lib/libnds9.a(initSystem.o)
 .debug_info    0x000022e4     0x11cd /Users/lwy08/Downloads/devkitpro/libnds/lib/libnds9.a(fifosystem.o)
 .debug_info    0x000034b1      0x5c9 /Users/lwy08/Downloads/devkitpro/libnds/lib/libnds9.a(interrupts.o)
 .debug_info    0x00003a7a      0x2a6 /Users/lwy08/Downloads/devkitpro/libnds/lib/libnds9.a(libnds_exit.o)
 .debug_info    0x00003d20      0x3a1 /Users/lwy08/Downloads/devkitpro/libnds/lib/libnds9.a(timers.o)
 .debug_info    0x000040c1       0xc4 /Users/lwy08/Downloads/devkitpro/libnds/lib/libnds9.a(mpu_setup.o)
 .debug_info    0x00004185       0xbf /Users/lwy08/Downloads/devkitpro/libnds/lib/libnds9.a(biosCalls.o)
 .debug_info    0x00004244       0xc9 /Users/lwy08/Downloads/devkitpro/libnds/lib/libnds9.a(interruptDispatcher.o)
 .debug_info    0x0000430d       0xc2 /Users/lwy08/Downloads/devkitpro/libnds/lib/libnds9.a(swiSoftReset.o)
 .debug_info    0x000043cf      0x6db /Users/lwy08/Downloads/devkitpro/libnds/lib/libnds9.a(system.o)
 .debug_info    0x00004aaa      0x64d /Users/lwy08/Downloads/devkitpro/libnds/lib/libnds9.a(video.o)

.debug_abbrev   0x00000000     0x1300 load address 0x02002288
 *(.debug_abbrev)
 .debug_abbrev  0x00000000      0x178 main.o
 .debug_abbrev  0x00000178      0x176 /Users/lwy08/Downloads/devkitpro/libnds/lib/libnds9.a(keys.o)
 .debug_abbrev  0x000002ee      0x18c /Users/lwy08/Downloads/devkitpro/libnds/lib/libnds9.a(sound.o)
 .debug_abbrev  0x0000047a      0x242 /Users/lwy08/Downloads/devkitpro/libnds/lib/libnds9.a(initSystem.o)
 .debug_abbrev  0x000006bc      0x3d3 /Users/lwy08/Downloads/devkitpro/libnds/lib/libnds9.a(fifosystem.o)
 .debug_abbrev  0x00000a8f      0x21e /Users/lwy08/Downloads/devkitpro/libnds/lib/libnds9.a(interrupts.o)
 .debug_abbrev  0x00000cad      0x131 /Users/lwy08/Downloads/devkitpro/libnds/lib/libnds9.a(libnds_exit.o)
 .debug_abbrev  0x00000dde      0x197 /Users/lwy08/Downloads/devkitpro/libnds/lib/libnds9.a(timers.o)
 .debug_abbrev  0x00000f75       0x14 /Users/lwy08/Downloads/devkitpro/libnds/lib/libnds9.a(mpu_setup.o)
 .debug_abbrev  0x00000f89       0x14 /Users/lwy08/Downloads/devkitpro/libnds/lib/libnds9.a(biosCalls.o)
 .debug_abbrev  0x00000f9d       0x14 /Users/lwy08/Downloads/devkitpro/libnds/lib/libnds9.a(interruptDispatcher.o)
 .debug_abbrev  0x00000fb1       0x14 /Users/lwy08/Downloads/devkitpro/libnds/lib/libnds9.a(swiSoftReset.o)
 .debug_abbrev  0x00000fc5      0x19a /Users/lwy08/Downloads/devkitpro/libnds/lib/libnds9.a(system.o)
 .debug_abbrev  0x0000115f      0x1a1 /Users/lwy08/Downloads/devkitpro/libnds/lib/libnds9.a(video.o)

.debug_line     0x00000000     0x1dec load address 0x02002288
 *(.debug_line)
 .debug_line    0x00000000      0x1f8 main.o
 .debug_line    0x000001f8      0x242 /Users/lwy08/Downloads/devkitpro/libnds/lib/libnds9.a(keys.o)
 .debug_line    0x0000043a      0x240 /Users/lwy08/Downloads/devkitpro/libnds/lib/libnds9.a(sound.o)
 .debug_line    0x0000067a      0x355 /Users/lwy08/Downloads/devkitpro/libnds/lib/libnds9.a(initSystem.o)
 .debug_line    0x000009cf      0x715 /Users/lwy08/Downloads/devkitpro/libnds/lib/libnds9.a(fifosystem.o)
 .debug_line    0x000010e4      0x238 /Users/lwy08/Downloads/devkitpro/libnds/lib/libnds9.a(interrupts.o)
 .debug_line    0x0000131c      0x1ca /Users/lwy08/Downloads/devkitpro/libnds/lib/libnds9.a(libnds_exit.o)
 .debug_line    0x000014e6      0x1b2 /Users/lwy08/Downloads/devkitpro/libnds/lib/libnds9.a(timers.o)
 .debug_line    0x00001698       0xe1 /Users/lwy08/Downloads/devkitpro/libnds/lib/libnds9.a(mpu_setup.o)
 .debug_line    0x00001779       0xc3 /Users/lwy08/Downloads/devkitpro/libnds/lib/libnds9.a(biosCalls.o)
 .debug_line    0x0000183c       0xc2 /Users/lwy08/Downloads/devkitpro/libnds/lib/libnds9.a(interruptDispatcher.o)
 .debug_line    0x000018fe       0x91 /Users/lwy08/Downloads/devkitpro/libnds/lib/libnds9.a(swiSoftReset.o)
 .debug_line    0x0000198f      0x25c /Users/lwy08/Downloads/devkitpro/libnds/lib/libnds9.a(system.o)
 .debug_line    0x00001beb      0x201 /Users/lwy08/Downloads/devkitpro/libnds/lib/libnds9.a(video.o)

.debug_frame    0x00000000      0x86c load address 0x02002288
 *(.debug_frame)
 .debug_frame   0x00000000       0x58 main.o
 .debug_frame   0x00000058       0x8c /Users/lwy08/Downloads/devkitpro/libnds/lib/libnds9.a(keys.o)
 .debug_frame   0x000000e4      0x194 /Users/lwy08/Downloads/devkitpro/libnds/lib/libnds9.a(sound.o)
 .debug_frame   0x00000278       0x28 /Users/lwy08/Downloads/devkitpro/libnds/lib/libnds9.a(initSystem.o)
 .debug_frame   0x000002a0      0x2a4 /Users/lwy08/Downloads/devkitpro/libnds/lib/libnds9.a(fifosystem.o)
 .debug_frame   0x00000544       0xb8 /Users/lwy08/Downloads/devkitpro/libnds/lib/libnds9.a(interrupts.o)
 .debug_frame   0x000005fc       0x38 /Users/lwy08/Downloads/devkitpro/libnds/lib/libnds9.a(libnds_exit.o)
 .debug_frame   0x00000634       0xc4 /Users/lwy08/Downloads/devkitpro/libnds/lib/libnds9.a(timers.o)
 .debug_frame   0x000006f8       0xb8 /Users/lwy08/Downloads/devkitpro/libnds/lib/libnds9.a(system.o)
 .debug_frame   0x000007b0       0xbc /Users/lwy08/Downloads/devkitpro/libnds/lib/libnds9.a(video.o)

.debug_str      0x00000000     0x2532 load address 0x02002288
 *(.debug_str)
 .debug_str     0x00000000      0x56d main.o
                                0x5c7 (size before relaxing)
 .debug_str     0x0000056d      0x17b /Users/lwy08/Downloads/devkitpro/libnds/lib/libnds9.a(keys.o)
                                0x2da (size before relaxing)
 .debug_str     0x000006e8      0x4aa /Users/lwy08/Downloads/devkitpro/libnds/lib/libnds9.a(sound.o)
                                0x601 (size before relaxing)
 .debug_str     0x00000b92      0x600 /Users/lwy08/Downloads/devkitpro/libnds/lib/libnds9.a(initSystem.o)
                                0x951 (size before relaxing)
 .debug_str     0x00001192      0x534 /Users/lwy08/Downloads/devkitpro/libnds/lib/libnds9.a(fifosystem.o)
                                0x740 (size before relaxing)
 .debug_str     0x000016c6      0x12b /Users/lwy08/Downloads/devkitpro/libnds/lib/libnds9.a(interrupts.o)
                                0x379 (size before relaxing)
 .debug_str     0x000017f1      0x136 /Users/lwy08/Downloads/devkitpro/libnds/lib/libnds9.a(libnds_exit.o)
                                0x296 (size before relaxing)
 .debug_str     0x00001927       0xe8 /Users/lwy08/Downloads/devkitpro/libnds/lib/libnds9.a(timers.o)
                                0x1e2 (size before relaxing)
 .debug_str     0x00001a0f       0xc5 /Users/lwy08/Downloads/devkitpro/libnds/lib/libnds9.a(system.o)
                                0x504 (size before relaxing)
 .debug_str     0x00001ad4      0xa5e /Users/lwy08/Downloads/devkitpro/libnds/lib/libnds9.a(video.o)
                                0xb10 (size before relaxing)

.debug_loc      0x00000000     0x202d load address 0x02002288
 *(.debug_loc)
 .debug_loc     0x00000000       0x7e main.o
 .debug_loc     0x0000007e       0x20 /Users/lwy08/Downloads/devkitpro/libnds/lib/libnds9.a(keys.o)
 .debug_loc     0x0000009e      0x4d7 /Users/lwy08/Downloads/devkitpro/libnds/lib/libnds9.a(sound.o)
 .debug_loc     0x00000575       0x64 /Users/lwy08/Downloads/devkitpro/libnds/lib/libnds9.a(initSystem.o)
 .debug_loc     0x000005d9     0x1198 /Users/lwy08/Downloads/devkitpro/libnds/lib/libnds9.a(fifosystem.o)
 .debug_loc     0x00001771      0x22b /Users/lwy08/Downloads/devkitpro/libnds/lib/libnds9.a(interrupts.o)
 .debug_loc     0x0000199c       0x5c /Users/lwy08/Downloads/devkitpro/libnds/lib/libnds9.a(libnds_exit.o)
 .debug_loc     0x000019f8      0x2ae /Users/lwy08/Downloads/devkitpro/libnds/lib/libnds9.a(timers.o)
 .debug_loc     0x00001ca6      0x1ba /Users/lwy08/Downloads/devkitpro/libnds/lib/libnds9.a(system.o)
 .debug_loc     0x00001e60      0x1cd /Users/lwy08/Downloads/devkitpro/libnds/lib/libnds9.a(video.o)

.debug_macinfo
 *(.debug_macinfo)

.debug_weaknames
 *(.debug_weaknames)

.debug_funcnames
 *(.debug_funcnames)

.debug_typenames
 *(.debug_typenames)

.debug_varnames
 *(.debug_varnames)

.stack          0x00080000        0x0 load address 0x02002288
                0x00080000                _stack = .
 *(.stack)
LOAD /Users/lwy08/Downloads/devkitpro/devkitARM/bin/../lib/gcc/arm-eabi/4.6.1/../../../../arm-eabi/lib/thumb/ds_arm9_crt0.o
LOAD /Users/lwy08/Downloads/devkitpro/devkitARM/bin/../lib/gcc/arm-eabi/4.6.1/thumb/crti.o
LOAD /Users/lwy08/Downloads/devkitpro/devkitARM/bin/../lib/gcc/arm-eabi/4.6.1/thumb/crtbegin.o
LOAD main.o
LOAD /Users/lwy08/Downloads/devkitpro/libnds/lib/libnds9.a
START GROUP
LOAD /Users/lwy08/Downloads/devkitpro/devkitARM/bin/../lib/gcc/arm-eabi/4.6.1/thumb/libgcc.a
LOAD /Users/lwy08/Downloads/devkitpro/devkitARM/bin/../lib/gcc/arm-eabi/4.6.1/../../../../arm-eabi/lib/thumb/libg.a
LOAD /Users/lwy08/Downloads/devkitpro/devkitARM/bin/../lib/gcc/arm-eabi/4.6.1/../../../../arm-eabi/lib/thumb/libc.a
LOAD /Users/lwy08/Downloads/devkitpro/devkitARM/bin/../lib/gcc/arm-eabi/4.6.1/../../../../arm-eabi/lib/thumb/libsysbase.a
END GROUP
LOAD /Users/lwy08/Downloads/devkitpro/devkitARM/bin/../lib/gcc/arm-eabi/4.6.1/thumb/crtend.o
LOAD /Users/lwy08/Downloads/devkitpro/devkitARM/bin/../lib/gcc/arm-eabi/4.6.1/thumb/crtn.o
OUTPUT(/Users/lwy08/Downloads/devkitpro/examples/time/timercallback/timercallback.elf elf32-littlearm)

.debug_ranges   0x00000000      0x570 load address 0x02002288
 .debug_ranges  0x00000000       0x18 main.o
 .debug_ranges  0x00000018      0x498 /Users/lwy08/Downloads/devkitpro/libnds/lib/libnds9.a(fifosystem.o)
 .debug_ranges  0x000004b0       0x60 /Users/lwy08/Downloads/devkitpro/libnds/lib/libnds9.a(interrupts.o)
 .debug_ranges  0x00000510       0x60 /Users/lwy08/Downloads/devkitpro/libnds/lib/libnds9.a(video.o)
