Archive member included because of file (symbol)

/Users/lwy08/Downloads/devkitpro/libnds/lib/libnds9.a(image.o)
                              nehe11.o (image8to16)
/Users/lwy08/Downloads/devkitpro/libnds/lib/libnds9.a(pcx.o)
                              nehe11.o (loadPCX)
/Users/lwy08/Downloads/devkitpro/libnds/lib/libnds9.a(trig.o)
                              nehe11.o (sinLerp)
/Users/lwy08/Downloads/devkitpro/libnds/lib/libnds9.a(videoGL.o)
                              nehe11.o (glGlobalData)
/Users/lwy08/Downloads/devkitpro/libnds/lib/libnds9.a(initSystem.o)
                              /Users/lwy08/Downloads/devkitpro/devkitARM/bin/../lib/gcc/arm-eabi/4.6.1/../../../../arm-eabi/lib/thumb/ds_arm9_crt0.o (initSystem)
/Users/lwy08/Downloads/devkitpro/libnds/lib/libnds9.a(fifosystem.o)
                              /Users/lwy08/Downloads/devkitpro/libnds/lib/libnds9.a(initSystem.o) (fifoSendValue32)
/Users/lwy08/Downloads/devkitpro/libnds/lib/libnds9.a(interrupts.o)
                              /Users/lwy08/Downloads/devkitpro/libnds/lib/libnds9.a(fifosystem.o) (irqSet)
/Users/lwy08/Downloads/devkitpro/libnds/lib/libnds9.a(libnds_exit.o)
                              /Users/lwy08/Downloads/devkitpro/devkitARM/bin/../lib/gcc/arm-eabi/4.6.1/../../../../arm-eabi/lib/thumb/ds_arm9_crt0.o (__libnds_exit)
/Users/lwy08/Downloads/devkitpro/libnds/lib/libnds9.a(mpu_setup.o)
                              /Users/lwy08/Downloads/devkitpro/devkitARM/bin/../lib/gcc/arm-eabi/4.6.1/../../../../arm-eabi/lib/thumb/ds_arm9_crt0.o (__libnds_mpu_setup)
/Users/lwy08/Downloads/devkitpro/libnds/lib/libnds9.a(biosCalls.o)
                              /Users/lwy08/Downloads/devkitpro/libnds/lib/libnds9.a(fifosystem.o) (swiIntrWait)
/Users/lwy08/Downloads/devkitpro/libnds/lib/libnds9.a(interruptDispatcher.o)
                              /Users/lwy08/Downloads/devkitpro/libnds/lib/libnds9.a(interrupts.o) (IntrMain)
/Users/lwy08/Downloads/devkitpro/libnds/lib/libnds9.a(swiSoftReset.o)
                              /Users/lwy08/Downloads/devkitpro/libnds/lib/libnds9.a(fifosystem.o) (swiSoftReset)
/Users/lwy08/Downloads/devkitpro/libnds/lib/libnds9.a(dynamicArray.o)
                              /Users/lwy08/Downloads/devkitpro/libnds/lib/libnds9.a(videoGL.o) (DynamicArrayInit)
/Users/lwy08/Downloads/devkitpro/libnds/lib/libnds9.a(system.o)
                              /Users/lwy08/Downloads/devkitpro/libnds/lib/libnds9.a(initSystem.o) (systemMsgHandler)
/Users/lwy08/Downloads/devkitpro/libnds/lib/libnds9.a(video.o)
                              /Users/lwy08/Downloads/devkitpro/libnds/lib/libnds9.a(videoGL.o) (vramSetPrimaryBanks)
/Users/lwy08/Downloads/devkitpro/devkitARM/bin/../lib/gcc/arm-eabi/4.6.1/thumb/libgcc.a(_arm_addsubdf3.o)
                              nehe11.o (__aeabi_f2d)
/Users/lwy08/Downloads/devkitpro/devkitARM/bin/../lib/gcc/arm-eabi/4.6.1/thumb/libgcc.a(_arm_muldivdf3.o)
                              nehe11.o (__aeabi_dmul)
/Users/lwy08/Downloads/devkitpro/devkitARM/bin/../lib/gcc/arm-eabi/4.6.1/thumb/libgcc.a(_arm_fixdfsi.o)
                              nehe11.o (__aeabi_d2iz)
/Users/lwy08/Downloads/devkitpro/devkitARM/bin/../lib/gcc/arm-eabi/4.6.1/thumb/libgcc.a(_arm_addsubsf3.o)
                              nehe11.o (__aeabi_fadd)
/Users/lwy08/Downloads/devkitpro/devkitARM/bin/../lib/gcc/arm-eabi/4.6.1/thumb/libgcc.a(_arm_muldivsf3.o)
                              nehe11.o (__aeabi_fmul)
/Users/lwy08/Downloads/devkitpro/devkitARM/bin/../lib/gcc/arm-eabi/4.6.1/thumb/libgcc.a(_muldi3.o)
                              nehe11.o (__aeabi_lmul)
/Users/lwy08/Downloads/devkitpro/devkitARM/bin/../lib/gcc/arm-eabi/4.6.1/../../../../arm-eabi/lib/thumb/libg.a(lib_a-bsearch.o)
                              /Users/lwy08/Downloads/devkitpro/libnds/lib/libnds9.a(trig.o) (bsearch)
/Users/lwy08/Downloads/devkitpro/devkitARM/bin/../lib/gcc/arm-eabi/4.6.1/../../../../arm-eabi/lib/thumb/libg.a(lib_a-init.o)
                              /Users/lwy08/Downloads/devkitpro/devkitARM/bin/../lib/gcc/arm-eabi/4.6.1/../../../../arm-eabi/lib/thumb/ds_arm9_crt0.o (__libc_init_array)
/Users/lwy08/Downloads/devkitpro/devkitARM/bin/../lib/gcc/arm-eabi/4.6.1/../../../../arm-eabi/lib/thumb/libg.a(lib_a-malloc.o)
                              /Users/lwy08/Downloads/devkitpro/libnds/lib/libnds9.a(image.o) (malloc)
/Users/lwy08/Downloads/devkitpro/devkitARM/bin/../lib/gcc/arm-eabi/4.6.1/../../../../arm-eabi/lib/thumb/libg.a(lib_a-mallocr.o)
                              /Users/lwy08/Downloads/devkitpro/devkitARM/bin/../lib/gcc/arm-eabi/4.6.1/../../../../arm-eabi/lib/thumb/libg.a(lib_a-malloc.o) (_malloc_r)
/Users/lwy08/Downloads/devkitpro/devkitARM/bin/../lib/gcc/arm-eabi/4.6.1/../../../../arm-eabi/lib/thumb/libg.a(lib_a-memcpy.o)
                              /Users/lwy08/Downloads/devkitpro/libnds/lib/libnds9.a(fifosystem.o) (memcpy)
/Users/lwy08/Downloads/devkitpro/devkitARM/bin/../lib/gcc/arm-eabi/4.6.1/../../../../arm-eabi/lib/thumb/libg.a(lib_a-memset.o)
                              /Users/lwy08/Downloads/devkitpro/libnds/lib/libnds9.a(dynamicArray.o) (memset)
/Users/lwy08/Downloads/devkitpro/devkitARM/bin/../lib/gcc/arm-eabi/4.6.1/../../../../arm-eabi/lib/thumb/libg.a(lib_a-mlock.o)
                              /Users/lwy08/Downloads/devkitpro/devkitARM/bin/../lib/gcc/arm-eabi/4.6.1/../../../../arm-eabi/lib/thumb/libg.a(lib_a-mallocr.o) (__malloc_lock)
/Users/lwy08/Downloads/devkitpro/devkitARM/bin/../lib/gcc/arm-eabi/4.6.1/../../../../arm-eabi/lib/thumb/libg.a(lib_a-realloc.o)
                              /Users/lwy08/Downloads/devkitpro/libnds/lib/libnds9.a(dynamicArray.o) (realloc)
/Users/lwy08/Downloads/devkitpro/devkitARM/bin/../lib/gcc/arm-eabi/4.6.1/../../../../arm-eabi/lib/thumb/libg.a(lib_a-reallocr.o)
                              /Users/lwy08/Downloads/devkitpro/devkitARM/bin/../lib/gcc/arm-eabi/4.6.1/../../../../arm-eabi/lib/thumb/libg.a(lib_a-realloc.o) (_realloc_r)
/Users/lwy08/Downloads/devkitpro/devkitARM/bin/../lib/gcc/arm-eabi/4.6.1/../../../../arm-eabi/lib/thumb/libg.a(lib_a-freer.o)
                              /Users/lwy08/Downloads/devkitpro/devkitARM/bin/../lib/gcc/arm-eabi/4.6.1/../../../../arm-eabi/lib/thumb/libg.a(lib_a-malloc.o) (_free_r)
/Users/lwy08/Downloads/devkitpro/devkitARM/bin/../lib/gcc/arm-eabi/4.6.1/../../../../arm-eabi/lib/thumb/libg.a(lib_a-impure.o)
                              /Users/lwy08/Downloads/devkitpro/devkitARM/bin/../lib/gcc/arm-eabi/4.6.1/../../../../arm-eabi/lib/thumb/libg.a(lib_a-malloc.o) (_impure_ptr)
/Users/lwy08/Downloads/devkitpro/devkitARM/bin/../lib/gcc/arm-eabi/4.6.1/../../../../arm-eabi/lib/thumb/libg.a(lib_a-memmove.o)
                              /Users/lwy08/Downloads/devkitpro/devkitARM/bin/../lib/gcc/arm-eabi/4.6.1/../../../../arm-eabi/lib/thumb/libg.a(lib_a-reallocr.o) (memmove)
/Users/lwy08/Downloads/devkitpro/devkitARM/bin/../lib/gcc/arm-eabi/4.6.1/../../../../arm-eabi/lib/thumb/libsysbase.a(sbrk.o)
                              /Users/lwy08/Downloads/devkitpro/devkitARM/bin/../lib/gcc/arm-eabi/4.6.1/../../../../arm-eabi/lib/thumb/libg.a(lib_a-mallocr.o) (_sbrk_r)
/Users/lwy08/Downloads/devkitpro/devkitARM/bin/../lib/gcc/arm-eabi/4.6.1/../../../../arm-eabi/lib/thumb/libsysbase.a(times.o)
                              /Users/lwy08/Downloads/devkitpro/libnds/lib/libnds9.a(initSystem.o) (punixTime)
/Users/lwy08/Downloads/devkitpro/devkitARM/bin/../lib/gcc/arm-eabi/4.6.1/../../../../arm-eabi/lib/thumb/libsysbase.a(malloc_vars.o)
                              /Users/lwy08/Downloads/devkitpro/devkitARM/bin/../lib/gcc/arm-eabi/4.6.1/../../../../arm-eabi/lib/thumb/ds_arm9_crt0.o (fake_heap_start)
/Users/lwy08/Downloads/devkitpro/devkitARM/bin/../lib/gcc/arm-eabi/4.6.1/../../../../arm-eabi/lib/thumb/libsysbase.a(build_argv.o)
                              /Users/lwy08/Downloads/devkitpro/devkitARM/bin/../lib/gcc/arm-eabi/4.6.1/../../../../arm-eabi/lib/thumb/ds_arm9_crt0.o (build_argv)
/Users/lwy08/Downloads/devkitpro/devkitARM/bin/../lib/gcc/arm-eabi/4.6.1/../../../../arm-eabi/lib/thumb/libsysbase.a(syscall_support.o)
                              /Users/lwy08/Downloads/devkitpro/libnds/lib/libnds9.a(initSystem.o) (__syscalls)
/Users/lwy08/Downloads/devkitpro/devkitARM/bin/../lib/gcc/arm-eabi/4.6.1/../../../../arm-eabi/lib/thumb/libg.a(lib_a-errno.o)
                              /Users/lwy08/Downloads/devkitpro/devkitARM/bin/../lib/gcc/arm-eabi/4.6.1/../../../../arm-eabi/lib/thumb/libsysbase.a(times.o) (__errno)

Allocating common symbols
Common symbol       size              file

fifo_datamsg_data   0x40              /Users/lwy08/Downloads/devkitpro/libnds/lib/libnds9.a(fifosystem.o)
__dsimode           0x1               /Users/lwy08/Downloads/devkitpro/libnds/lib/libnds9.a(initSystem.o)
fifo_buffer         0x800             /Users/lwy08/Downloads/devkitpro/libnds/lib/libnds9.a(fifosystem.o)
fifo_value32_func   0x40              /Users/lwy08/Downloads/devkitpro/libnds/lib/libnds9.a(fifosystem.o)
fifo_address_func   0x40              /Users/lwy08/Downloads/devkitpro/libnds/lib/libnds9.a(fifosystem.o)
fifo_value32_data   0x40              /Users/lwy08/Downloads/devkitpro/libnds/lib/libnds9.a(fifosystem.o)
fifo_value32_queue  0x40              /Users/lwy08/Downloads/devkitpro/libnds/lib/libnds9.a(fifosystem.o)
fifo_data_queue     0x40              /Users/lwy08/Downloads/devkitpro/libnds/lib/libnds9.a(fifosystem.o)
punixTime           0x4               /Users/lwy08/Downloads/devkitpro/devkitARM/bin/../lib/gcc/arm-eabi/4.6.1/../../../../arm-eabi/lib/thumb/libsysbase.a(times.o)
fifo_address_data   0x40              /Users/lwy08/Downloads/devkitpro/libnds/lib/libnds9.a(fifosystem.o)
glGlobalData        0x4c              /Users/lwy08/Downloads/devkitpro/libnds/lib/libnds9.a(videoGL.o)
fifo_datamsg_func   0x40              /Users/lwy08/Downloads/devkitpro/libnds/lib/libnds9.a(fifosystem.o)
fifo_address_queue  0x40              /Users/lwy08/Downloads/devkitpro/libnds/lib/libnds9.a(fifosystem.o)

Memory Configuration

Name             Origin             Length             Attributes
rom              0x08000000         0x02000000
ewram            0x02000000         0x003ff000
dtcm             0x0b000000         0x00004000
vectors          0x01000000         0x00000100
itcm             0x01000100         0x00007f00
*default*        0x00000000         0xffffffff

Linker script and memory map

                0x01000000                __vectors_start = ORIGIN (vectors)
                0x01000100                __itcm_start = ORIGIN (itcm)
                0x023ff000                __ewram_end = (ORIGIN (ewram) + 0x3ff000)
                0x023ff000                __eheap_end = (ORIGIN (ewram) + 0x3ff000)
                0x0b000000                __dtcm_start = ORIGIN (dtcm)
                0x0b004000                __dtcm_top = (ORIGIN (dtcm) + 0x4000)
                0x0b003ff8                __irq_flags = (__dtcm_top - 0x8)
                0x0b003ffc                __irq_vector = (__dtcm_top - 0x4)
                0x0b003f00                __sp_svc = (__dtcm_top - 0x100)
                0x0b003e00                __sp_irq = (__sp_svc - 0x100)
                0x0b003d00                __sp_usr = (__sp_irq - 0x100)

.init           0x02000000      0x23c
                0x02000000                __text_start = .
 *(.init)
 .init          0x02000000      0x230 /Users/lwy08/Downloads/devkitpro/devkitARM/bin/../lib/gcc/arm-eabi/4.6.1/../../../../arm-eabi/lib/thumb/ds_arm9_crt0.o
                0x02000000                _start
 .init          0x02000230        0x4 /Users/lwy08/Downloads/devkitpro/devkitARM/bin/../lib/gcc/arm-eabi/4.6.1/thumb/crti.o
                0x02000230                _init
 .init          0x02000234        0x8 /Users/lwy08/Downloads/devkitpro/devkitARM/bin/../lib/gcc/arm-eabi/4.6.1/thumb/crtn.o
                0x0200023c                . = ALIGN (0x4)

.plt
 *(.plt)

.text           0x02000240     0x5550
 *(EXCLUDE_FILE(*.itcm*) .text)
 .text          0x02000240        0x0 /Users/lwy08/Downloads/devkitpro/devkitARM/bin/../lib/gcc/arm-eabi/4.6.1/../../../../arm-eabi/lib/thumb/ds_arm9_crt0.o
 .text          0x02000240        0x0 /Users/lwy08/Downloads/devkitpro/devkitARM/bin/../lib/gcc/arm-eabi/4.6.1/thumb/crti.o
 .text          0x02000240       0x6c /Users/lwy08/Downloads/devkitpro/devkitARM/bin/../lib/gcc/arm-eabi/4.6.1/thumb/crtbegin.o
 .text          0x020002ac        0x0 drunkenlogo.pcx.o
 *fill*         0x020002ac        0x4 ff
 .text          0x020002b0      0x668 nehe11.o
                0x020002b0                _Z3sinf
                0x020002e8                _Z3cosf
                0x02000320                _Z14LoadGLTexturesv
                0x02000370                _Z6InitGLv
                0x02000690                _Z11DrawGLScenev
 .text          0x02000918      0x2a0 /Users/lwy08/Downloads/devkitpro/libnds/lib/libnds9.a(image.o)
                0x02000918                image24to16
                0x020009c0                image8to16
                0x02000a2c                image8to16trans
                0x02000ac0                imageTileData
                0x02000b94                imageDestroy
 .text          0x02000bb8      0x188 /Users/lwy08/Downloads/devkitpro/libnds/lib/libnds9.a(pcx.o)
                0x02000bb8                loadPCX
 .text          0x02000d40      0x248 /Users/lwy08/Downloads/devkitpro/libnds/lib/libnds9.a(trig.o)
                0x02000d40                asinComp
                0x02000d64                sinLutLookup
                0x02000da0                sinLerp
                0x02000dd8                cosLerp
                0x02000dec                tanLutLookup
                0x02000e24                tanLerp
                0x02000ed4                asinLerp
                0x02000f50                acosLerp
                0x02000f64                atanComp
 .text          0x02000f88     0x148c /Users/lwy08/Downloads/devkitpro/libnds/lib/libnds9.a(videoGL.o)
                0x02000f88                glGetGlobals
                0x02000f90                glRotatef32i
                0x02001258                glMaterialf
                0x020012c4                glTexCoord2f32
                0x02001338                vramBlock_init
                0x020013a4                vramBlock_Construct
                0x020013cc                vramBlock_terminate
                0x020013f8                vramBlock_Deconstruct
                0x0200140c                vramBlock__allocateBlock
                0x02001568                vramBlock__deallocateBlock
                0x02001690                vramBlock_examineSpecial
                0x020018d0                vramBlock_allocateSpecial
                0x0200193c                vramBlock_allocateBlock
                0x02001970                vramBlock_deallocateBlock
                0x020019b4                vramBlock_deallocateAll
                0x020019c4                vramBlock_getAddr
                0x020019d8                vramBlock_getSize
                0x020019ec                glInit_C
                0x02001b9c                glResetTextures
                0x02001c24                removePaletteFromTexture
                0x02001c94                glGenTextures
                0x02001d34                glDeleteTextures
                0x02001e04                vramGetBank
                0x02001ec4                glBindTexture
                0x02001f24                glColorTableEXT
                0x0200208c                glAssignColorTable
                0x02002100                glTexParameter
                0x02002138                glGetTexturePointer
                0x02002158                glGetTexParameter
                0x02002178                glTexImage2D
 .text          0x02002414      0x19c /Users/lwy08/Downloads/devkitpro/libnds/lib/libnds9.a(initSystem.o)
                0x02002414                initSystem
 .text          0x020025b0      0xc88 /Users/lwy08/Downloads/devkitpro/libnds/lib/libnds9.a(fifosystem.o)
                0x02002810                fifoSendAddress
                0x0200283c                fifoSendValue32
                0x0200287c                fifoSendDatamsg
                0x020028ec                fifoGetAddress
                0x02002960                fifoSetAddressHandler
                0x020029d4                fifoGetValue32
                0x02002a48                fifoSetValue32Handler
                0x02002abc                fifoGetDatamsg
                0x02002f60                fifoSetDatamsgHandler
                0x02002ff8                fifoCheckAddress
                0x0200301c                fifoCheckDatamsg
                0x02003040                fifoCheckValue32
                0x02003064                fifoInit
 .text          0x02003238      0x1f4 /Users/lwy08/Downloads/devkitpro/libnds/lib/libnds9.a(interrupts.o)
                0x02003238                irqDummy
                0x0200323c                irqSet
                0x020032ac                irqInit
                0x020032f8                irqInitHandler
                0x02003328                irqEnable
                0x0200338c                irqDisable
                0x020033f0                irqClear
 .text          0x0200342c       0x40 /Users/lwy08/Downloads/devkitpro/libnds/lib/libnds9.a(libnds_exit.o)
                0x0200342c                systemErrorExit
                0x02003430                __libnds_exit
 .text          0x0200346c      0x1b4 /Users/lwy08/Downloads/devkitpro/libnds/lib/libnds9.a(mpu_setup.o)
                0x0200346c                __libnds_mpu_setup
                0x020035ac                memCached
                0x020035c4                memUncached
 .text          0x02003620       0x70 /Users/lwy08/Downloads/devkitpro/libnds/lib/libnds9.a(biosCalls.o)
                0x02003620                swiDelay
                0x02003624                swiIntrWait
                0x02003628                swiWaitForVBlank
                0x0200362c                swiSleep
                0x02003630                swiChangeSoundBias
                0x02003634                swiDivide
                0x02003638                swiRemainder
                0x0200363e                swiDivMod
                0x0200364a                swiCopy
                0x0200364e                swiFastCopy
                0x02003652                swiSqrt
                0x02003656                swiCRC16
                0x0200365a                swiIsDebugger
                0x0200365e                swiUnpackBits
                0x02003662                swiDecompressLZSSWram
                0x02003666                swiDecompressLZSSVramNTR
                0x0200366a                swiDecompressLZSSVramTWL
                0x0200366e                swiDecompressHuffman
                0x02003672                swiDecompressRLEWram
                0x02003676                swiDecompressRLEVram
                0x0200367a                swiWaitForIRQ
                0x0200367e                swiDecodeDelta8
                0x02003682                swiDecodeDelta16
                0x02003686                swiSetHaltCR
 .text          0x02003690        0x0 /Users/lwy08/Downloads/devkitpro/libnds/lib/libnds9.a(interruptDispatcher.o)
 .text          0x02003690       0x30 /Users/lwy08/Downloads/devkitpro/libnds/lib/libnds9.a(swiSoftReset.o)
                0x02003690                swiSoftReset
 .text          0x020036c0       0x90 /Users/lwy08/Downloads/devkitpro/libnds/lib/libnds9.a(dynamicArray.o)
                0x020036c0                DynamicArrayInit
                0x020036d8                DynamicArrayDelete
                0x020036ec                DynamicArrayGet
                0x02003704                DynamicArraySet
 .text          0x02003750       0xf0 /Users/lwy08/Downloads/devkitpro/libnds/lib/libnds9.a(system.o)
                0x02003750                systemMsgHandler
                0x02003794                systemSleep
                0x020037ac                powerValueHandler
                0x020037bc                powerOn
                0x020037e8                powerOff
                0x02003810                ledBlink
                0x02003820                getBatteryLevel
 .text          0x02003840      0x150 /Users/lwy08/Downloads/devkitpro/libnds/lib/libnds9.a(video.o)
                0x02003840                vramSetPrimaryBanks
                0x02003884                vramSetMainBanks
                0x020038c8                vramSetBanks_EFG
                0x02003900                vramRestorePrimaryBanks
                0x0200390c                vramRestoreMainBanks
                0x02003918                vramRestoreBanks_EFG
                0x02003924                setBrightness
                0x02003964                vramDefault
 .text          0x02003990      0x41c /Users/lwy08/Downloads/devkitpro/devkitARM/bin/../lib/gcc/arm-eabi/4.6.1/thumb/libgcc.a(_arm_addsubdf3.o)
                0x02003990                __aeabi_drsub
                0x02003998                __subdf3
                0x02003998                __aeabi_dsub
                0x0200399c                __aeabi_dadd
                0x0200399c                __adddf3
                0x02003cac                __aeabi_ui2d
                0x02003cac                __floatunsidf
                0x02003cd0                __floatsidf
                0x02003cd0                __aeabi_i2d
                0x02003cf8                __extendsfdf2
                0x02003cf8                __aeabi_f2d
                0x02003d38                __aeabi_ul2d
                0x02003d38                __floatundidf
                0x02003d4c                __aeabi_l2d
                0x02003d4c                __floatdidf
 .text          0x02003dac      0x49c /Users/lwy08/Downloads/devkitpro/devkitARM/bin/../lib/gcc/arm-eabi/4.6.1/thumb/libgcc.a(_arm_muldivdf3.o)
                0x02003dac                __aeabi_dmul
                0x02003dac                __muldf3
                0x0200403c                __aeabi_ddiv
                0x0200403c                __divdf3
 .text          0x02004248       0x5c /Users/lwy08/Downloads/devkitpro/devkitARM/bin/../lib/gcc/arm-eabi/4.6.1/thumb/libgcc.a(_arm_fixdfsi.o)
                0x02004248                __fixdfsi
                0x02004248                __aeabi_d2iz
 .text          0x020042a4      0x2ac /Users/lwy08/Downloads/devkitpro/devkitARM/bin/../lib/gcc/arm-eabi/4.6.1/thumb/libgcc.a(_arm_addsubsf3.o)
                0x020042a4                __aeabi_frsub
                0x020042ac                __aeabi_fsub
                0x020042ac                __subsf3
                0x020042b0                __aeabi_fadd
                0x020042b0                __addsf3
                0x0200446c                __aeabi_ui2f
                0x0200446c                __floatunsisf
                0x02004474                __floatsisf
                0x02004474                __aeabi_i2f
                0x02004494                __aeabi_ul2f
                0x02004494                __floatundisf
                0x020044a4                __aeabi_l2f
                0x020044a4                __floatdisf
 .text          0x02004550      0x2f8 /Users/lwy08/Downloads/devkitpro/devkitARM/bin/../lib/gcc/arm-eabi/4.6.1/thumb/libgcc.a(_arm_muldivsf3.o)
                0x02004550                __mulsf3
                0x02004550                __aeabi_fmul
                0x020046e8                __divsf3
                0x020046e8                __aeabi_fdiv
 .text          0x02004848       0x4c /Users/lwy08/Downloads/devkitpro/devkitARM/bin/../lib/gcc/arm-eabi/4.6.1/thumb/libgcc.a(_muldi3.o)
                0x02004848                __aeabi_lmul
                0x02004848                __muldi3
 .text          0x02004894       0x64 /Users/lwy08/Downloads/devkitpro/devkitARM/bin/../lib/gcc/arm-eabi/4.6.1/../../../../arm-eabi/lib/thumb/libg.a(lib_a-bsearch.o)
                0x02004894                bsearch
 .text          0x020048f8       0x50 /Users/lwy08/Downloads/devkitpro/devkitARM/bin/../lib/gcc/arm-eabi/4.6.1/../../../../arm-eabi/lib/thumb/libg.a(lib_a-init.o)
                0x020048f8                __libc_init_array
 .text          0x02004948       0x30 /Users/lwy08/Downloads/devkitpro/devkitARM/bin/../lib/gcc/arm-eabi/4.6.1/../../../../arm-eabi/lib/thumb/libg.a(lib_a-malloc.o)
                0x02004948                malloc
                0x02004960                free
 .text          0x02004978      0x514 /Users/lwy08/Downloads/devkitpro/devkitARM/bin/../lib/gcc/arm-eabi/4.6.1/../../../../arm-eabi/lib/thumb/libg.a(lib_a-mallocr.o)
                0x02004978                _malloc_r
 .text          0x02004e8c       0x80 /Users/lwy08/Downloads/devkitpro/devkitARM/bin/../lib/gcc/arm-eabi/4.6.1/../../../../arm-eabi/lib/thumb/libg.a(lib_a-memcpy.o)
                0x02004e8c                memcpy
 .text          0x02004f0c       0x98 /Users/lwy08/Downloads/devkitpro/devkitARM/bin/../lib/gcc/arm-eabi/4.6.1/../../../../arm-eabi/lib/thumb/libg.a(lib_a-memset.o)
                0x02004f0c                memset
 .text          0x02004fa4        0x8 /Users/lwy08/Downloads/devkitpro/devkitARM/bin/../lib/gcc/arm-eabi/4.6.1/../../../../arm-eabi/lib/thumb/libg.a(lib_a-mlock.o)
                0x02004fa4                __malloc_lock
                0x02004fa8                __malloc_unlock
 .text          0x02004fac       0x1c /Users/lwy08/Downloads/devkitpro/devkitARM/bin/../lib/gcc/arm-eabi/4.6.1/../../../../arm-eabi/lib/thumb/libg.a(lib_a-realloc.o)
                0x02004fac                realloc
 .text          0x02004fc8      0x3c4 /Users/lwy08/Downloads/devkitpro/devkitARM/bin/../lib/gcc/arm-eabi/4.6.1/../../../../arm-eabi/lib/thumb/libg.a(lib_a-reallocr.o)
                0x02004fc8                _realloc_r
 .text          0x0200538c      0x248 /Users/lwy08/Downloads/devkitpro/devkitARM/bin/../lib/gcc/arm-eabi/4.6.1/../../../../arm-eabi/lib/thumb/libg.a(lib_a-freer.o)
                0x0200538c                _malloc_trim_r
                0x02005438                _free_r
 .text          0x020055d4        0x0 /Users/lwy08/Downloads/devkitpro/devkitARM/bin/../lib/gcc/arm-eabi/4.6.1/../../../../arm-eabi/lib/thumb/libg.a(lib_a-impure.o)
 .text          0x020055d4       0xa8 /Users/lwy08/Downloads/devkitpro/devkitARM/bin/../lib/gcc/arm-eabi/4.6.1/../../../../arm-eabi/lib/thumb/libg.a(lib_a-memmove.o)
                0x020055d4                memmove
 .text          0x0200567c       0x54 /Users/lwy08/Downloads/devkitpro/devkitARM/bin/../lib/gcc/arm-eabi/4.6.1/../../../../arm-eabi/lib/thumb/libsysbase.a(sbrk.o)
                0x0200567c                _sbrk_r
 .text          0x020056d0       0x48 /Users/lwy08/Downloads/devkitpro/devkitARM/bin/../lib/gcc/arm-eabi/4.6.1/../../../../arm-eabi/lib/thumb/libsysbase.a(times.o)
                0x020056d0                _times
                0x020056e4                _times_r
                0x020056ec                _gettimeofday_r
 .text          0x02005718        0x0 /Users/lwy08/Downloads/devkitpro/devkitARM/bin/../lib/gcc/arm-eabi/4.6.1/../../../../arm-eabi/lib/thumb/libsysbase.a(malloc_vars.o)
 .text          0x02005718       0x48 /Users/lwy08/Downloads/devkitpro/devkitARM/bin/../lib/gcc/arm-eabi/4.6.1/../../../../arm-eabi/lib/thumb/libsysbase.a(build_argv.o)
                0x02005718                build_argv
 .text          0x02005760        0x0 /Users/lwy08/Downloads/devkitpro/devkitARM/bin/../lib/gcc/arm-eabi/4.6.1/../../../../arm-eabi/lib/thumb/libsysbase.a(syscall_support.o)
 .text          0x02005760        0xc /Users/lwy08/Downloads/devkitpro/devkitARM/bin/../lib/gcc/arm-eabi/4.6.1/../../../../arm-eabi/lib/thumb/libg.a(lib_a-errno.o)
                0x02005760                __errno
 .text          0x0200576c        0x0 /Users/lwy08/Downloads/devkitpro/devkitARM/bin/../lib/gcc/arm-eabi/4.6.1/thumb/crtend.o
 .text          0x0200576c        0x0 /Users/lwy08/Downloads/devkitpro/devkitARM/bin/../lib/gcc/arm-eabi/4.6.1/thumb/crtn.o
 *(.text.*)
 .text.startup  0x0200576c       0x24 nehe11.o
                0x0200576c                main
 *(.stub)
 *(.gnu.warning)
 *(.gnu.linkonce.t*)
 *(.glue_7)
 .glue_7        0x00000000        0x0 linker stubs
 *(.glue_7t)
 .glue_7t       0x00000000        0x0 linker stubs
                0x02005790                . = ALIGN (0x4)

.vfp11_veneer   0x02005790        0x0
 .vfp11_veneer  0x00000000        0x0 linker stubs

.v4_bx          0x02005790        0x0
 .v4_bx         0x00000000        0x0 linker stubs

.fini           0x02005790        0xc
 *(.fini)
 .fini          0x02005790        0x4 /Users/lwy08/Downloads/devkitpro/devkitARM/bin/../lib/gcc/arm-eabi/4.6.1/thumb/crti.o
                0x02005790                _fini
 .fini          0x02005794        0x8 /Users/lwy08/Downloads/devkitpro/devkitARM/bin/../lib/gcc/arm-eabi/4.6.1/thumb/crtn.o
                0x0200579c                __text_end = .

.rodata         0x0200579c     0x2694
 *(.rodata)
 .rodata        0x0200579c     0x231c drunkenlogo.pcx.o
                0x0200579c                drunkenlogo_pcx
                0x02007ab4                drunkenlogo_pcx_size
                0x02007ab4                drunkenlogo_pcx_end
 .rodata        0x02007ab8      0x308 /Users/lwy08/Downloads/devkitpro/libnds/lib/libnds9.a(trig.o)
                0x02007ab8                SIN_LUT
                0x02007bbc                TAN_LUT
 .rodata        0x02007dc0       0x68 /Users/lwy08/Downloads/devkitpro/libnds/lib/libnds9.a(videoGL.o)
 .rodata        0x02007e28        0x4 /Users/lwy08/Downloads/devkitpro/devkitARM/bin/../lib/gcc/arm-eabi/4.6.1/../../../../arm-eabi/lib/thumb/libg.a(lib_a-impure.o)
                0x02007e28                _global_impure_ptr
 *all.rodata*(*)
 *(.roda)
 *(.rodata.*)
 .rodata.str1.4
                0x02007e2c        0x4 /Users/lwy08/Downloads/devkitpro/devkitARM/bin/../lib/gcc/arm-eabi/4.6.1/../../../../arm-eabi/lib/thumb/libg.a(lib_a-impure.o)
 *(.gnu.linkonce.r*)
                0x02007e30                . = ALIGN (0x4)

.ARM.extab
 *(.ARM.extab* .gnu.linkonce.armextab.*)
                0x02007e30                __exidx_start = .

ARM.exidx
 *(.ARM.exidx* .gnu.linkonce.armexidx.*)
                0x02007e30                __exidx_end = .
                0x02007e30                . = ALIGN (0x4)
                0x02007e30                PROVIDE (__preinit_array_start, .)

.preinit_array
 *(.preinit_array)
                0x02007e30                PROVIDE (__preinit_array_end, .)
                0x02007e30                PROVIDE (__init_array_start, .)

.init_array     0x02007e30        0x4
 *(SORT(.init_array.*))
 *(.init_array)
 .init_array    0x02007e30        0x4 /Users/lwy08/Downloads/devkitpro/devkitARM/bin/../lib/gcc/arm-eabi/4.6.1/thumb/crtbegin.o
                0x02007e34                PROVIDE (__init_array_end, .)
                0x02007e34                PROVIDE (__fini_array_start, .)

.fini_array     0x02007e34        0x4
 *(.fini_array)
 .fini_array    0x02007e34        0x4 /Users/lwy08/Downloads/devkitpro/devkitARM/bin/../lib/gcc/arm-eabi/4.6.1/thumb/crtbegin.o
 *(SORT(.fini_array.*))
                0x02007e38                PROVIDE (__fini_array_end, .)

.ctors          0x02007e38        0x0
 *crtbegin.o(.ctors)
 *(EXCLUDE_FILE(*crtend.o) .ctors)
 *(SORT(.ctors.*))
 *(.ctors)
                0x02007e38                . = ALIGN (0x4)

.dtors          0x02007e38        0x0
 *crtbegin.o(.dtors)
 *(EXCLUDE_FILE(*crtend.o) .dtors)
 *(SORT(.dtors.*))
 *(.dtors)
                0x02007e38                . = ALIGN (0x4)

.eh_frame       0x02007e38        0x4
 *(.eh_frame)
 .eh_frame      0x02007e38        0x0 /Users/lwy08/Downloads/devkitpro/devkitARM/bin/../lib/gcc/arm-eabi/4.6.1/thumb/crtbegin.o
 .eh_frame      0x02007e38        0x4 /Users/lwy08/Downloads/devkitpro/devkitARM/bin/../lib/gcc/arm-eabi/4.6.1/thumb/crtend.o
                0x02007e3c                . = ALIGN (0x4)

.gcc_except_table
                0x02007e3c        0x0
 *(.gcc_except_table)
                0x02007e3c                . = ALIGN (0x4)

.jcr            0x02007e3c        0x4
 *(.jcr)
 .jcr           0x02007e3c        0x0 /Users/lwy08/Downloads/devkitpro/devkitARM/bin/../lib/gcc/arm-eabi/4.6.1/thumb/crtbegin.o
 .jcr           0x02007e3c        0x4 /Users/lwy08/Downloads/devkitpro/devkitARM/bin/../lib/gcc/arm-eabi/4.6.1/thumb/crtend.o

.got
 *(.got.plt)
 *(.got)
 *(.rel.got)

.ewram          0x02007e40        0x0
                0x02007e40                __ewram_start = ABSOLUTE (.)
 *(.ewram)
 *ewram.*(.text)
                0x02007e40                . = ALIGN (0x4)

.data           0x02007e40      0x858
                0x02007e40                __data_start = ABSOLUTE (.)
 *(.data)
 .data          0x02007e40        0x0 /Users/lwy08/Downloads/devkitpro/devkitARM/bin/../lib/gcc/arm-eabi/4.6.1/../../../../arm-eabi/lib/thumb/ds_arm9_crt0.o
 .data          0x02007e40        0x0 /Users/lwy08/Downloads/devkitpro/devkitARM/bin/../lib/gcc/arm-eabi/4.6.1/thumb/crti.o
 .data          0x02007e40        0x4 /Users/lwy08/Downloads/devkitpro/devkitARM/bin/../lib/gcc/arm-eabi/4.6.1/thumb/crtbegin.o
                0x02007e40                __dso_handle
 .data          0x02007e44        0x0 drunkenlogo.pcx.o
 .data          0x02007e44        0x0 nehe11.o
 .data          0x02007e44        0x0 /Users/lwy08/Downloads/devkitpro/libnds/lib/libnds9.a(image.o)
 .data          0x02007e44        0x0 /Users/lwy08/Downloads/devkitpro/libnds/lib/libnds9.a(pcx.o)
 .data          0x02007e44        0x0 /Users/lwy08/Downloads/devkitpro/libnds/lib/libnds9.a(trig.o)
 .data          0x02007e44        0x4 /Users/lwy08/Downloads/devkitpro/libnds/lib/libnds9.a(videoGL.o)
 .data          0x02007e48        0x0 /Users/lwy08/Downloads/devkitpro/libnds/lib/libnds9.a(initSystem.o)
 .data          0x02007e48       0x10 /Users/lwy08/Downloads/devkitpro/libnds/lib/libnds9.a(fifosystem.o)
                0x02007e48                fifo_freewords
                0x02007e4c                fifo_buffer_free
                0x02007e50                fifo_send_queue
                0x02007e54                fifo_receive_queue
 .data          0x02007e58        0x0 /Users/lwy08/Downloads/devkitpro/libnds/lib/libnds9.a(interrupts.o)
 .data          0x02007e58        0x0 /Users/lwy08/Downloads/devkitpro/libnds/lib/libnds9.a(libnds_exit.o)
 .data          0x02007e58        0x0 /Users/lwy08/Downloads/devkitpro/libnds/lib/libnds9.a(mpu_setup.o)
 .data          0x02007e58        0x0 /Users/lwy08/Downloads/devkitpro/libnds/lib/libnds9.a(biosCalls.o)
 .data          0x02007e58        0x0 /Users/lwy08/Downloads/devkitpro/libnds/lib/libnds9.a(interruptDispatcher.o)
 .data          0x02007e58        0x0 /Users/lwy08/Downloads/devkitpro/libnds/lib/libnds9.a(swiSoftReset.o)
 .data          0x02007e58        0x0 /Users/lwy08/Downloads/devkitpro/libnds/lib/libnds9.a(dynamicArray.o)
 .data          0x02007e58        0x0 /Users/lwy08/Downloads/devkitpro/libnds/lib/libnds9.a(system.o)
 .data          0x02007e58        0x0 /Users/lwy08/Downloads/devkitpro/libnds/lib/libnds9.a(video.o)
 .data          0x02007e58        0x0 /Users/lwy08/Downloads/devkitpro/devkitARM/bin/../lib/gcc/arm-eabi/4.6.1/thumb/libgcc.a(_arm_addsubdf3.o)
 .data          0x02007e58        0x0 /Users/lwy08/Downloads/devkitpro/devkitARM/bin/../lib/gcc/arm-eabi/4.6.1/thumb/libgcc.a(_arm_muldivdf3.o)
 .data          0x02007e58        0x0 /Users/lwy08/Downloads/devkitpro/devkitARM/bin/../lib/gcc/arm-eabi/4.6.1/thumb/libgcc.a(_arm_fixdfsi.o)
 .data          0x02007e58        0x0 /Users/lwy08/Downloads/devkitpro/devkitARM/bin/../lib/gcc/arm-eabi/4.6.1/thumb/libgcc.a(_arm_addsubsf3.o)
 .data          0x02007e58        0x0 /Users/lwy08/Downloads/devkitpro/devkitARM/bin/../lib/gcc/arm-eabi/4.6.1/thumb/libgcc.a(_arm_muldivsf3.o)
 .data          0x02007e58        0x0 /Users/lwy08/Downloads/devkitpro/devkitARM/bin/../lib/gcc/arm-eabi/4.6.1/thumb/libgcc.a(_muldi3.o)
 .data          0x02007e58        0x0 /Users/lwy08/Downloads/devkitpro/devkitARM/bin/../lib/gcc/arm-eabi/4.6.1/../../../../arm-eabi/lib/thumb/libg.a(lib_a-bsearch.o)
 .data          0x02007e58        0x0 /Users/lwy08/Downloads/devkitpro/devkitARM/bin/../lib/gcc/arm-eabi/4.6.1/../../../../arm-eabi/lib/thumb/libg.a(lib_a-init.o)
 .data          0x02007e58        0x0 /Users/lwy08/Downloads/devkitpro/devkitARM/bin/../lib/gcc/arm-eabi/4.6.1/../../../../arm-eabi/lib/thumb/libg.a(lib_a-malloc.o)
 .data          0x02007e58      0x410 /Users/lwy08/Downloads/devkitpro/devkitARM/bin/../lib/gcc/arm-eabi/4.6.1/../../../../arm-eabi/lib/thumb/libg.a(lib_a-mallocr.o)
                0x02007e58                __malloc_av_
                0x02008260                __malloc_sbrk_base
                0x02008264                __malloc_trim_threshold
 .data          0x02008268        0x0 /Users/lwy08/Downloads/devkitpro/devkitARM/bin/../lib/gcc/arm-eabi/4.6.1/../../../../arm-eabi/lib/thumb/libg.a(lib_a-memcpy.o)
 .data          0x02008268        0x0 /Users/lwy08/Downloads/devkitpro/devkitARM/bin/../lib/gcc/arm-eabi/4.6.1/../../../../arm-eabi/lib/thumb/libg.a(lib_a-memset.o)
 .data          0x02008268        0x0 /Users/lwy08/Downloads/devkitpro/devkitARM/bin/../lib/gcc/arm-eabi/4.6.1/../../../../arm-eabi/lib/thumb/libg.a(lib_a-mlock.o)
 .data          0x02008268        0x0 /Users/lwy08/Downloads/devkitpro/devkitARM/bin/../lib/gcc/arm-eabi/4.6.1/../../../../arm-eabi/lib/thumb/libg.a(lib_a-realloc.o)
 .data          0x02008268        0x0 /Users/lwy08/Downloads/devkitpro/devkitARM/bin/../lib/gcc/arm-eabi/4.6.1/../../../../arm-eabi/lib/thumb/libg.a(lib_a-reallocr.o)
 .data          0x02008268        0x0 /Users/lwy08/Downloads/devkitpro/devkitARM/bin/../lib/gcc/arm-eabi/4.6.1/../../../../arm-eabi/lib/thumb/libg.a(lib_a-freer.o)
 .data          0x02008268      0x430 /Users/lwy08/Downloads/devkitpro/devkitARM/bin/../lib/gcc/arm-eabi/4.6.1/../../../../arm-eabi/lib/thumb/libg.a(lib_a-impure.o)
                0x02008268                _impure_ptr
 .data          0x02008698        0x0 /Users/lwy08/Downloads/devkitpro/devkitARM/bin/../lib/gcc/arm-eabi/4.6.1/../../../../arm-eabi/lib/thumb/libg.a(lib_a-memmove.o)
 .data          0x02008698        0x0 /Users/lwy08/Downloads/devkitpro/devkitARM/bin/../lib/gcc/arm-eabi/4.6.1/../../../../arm-eabi/lib/thumb/libsysbase.a(sbrk.o)
 .data          0x02008698        0x0 /Users/lwy08/Downloads/devkitpro/devkitARM/bin/../lib/gcc/arm-eabi/4.6.1/../../../../arm-eabi/lib/thumb/libsysbase.a(times.o)
 .data          0x02008698        0x0 /Users/lwy08/Downloads/devkitpro/devkitARM/bin/../lib/gcc/arm-eabi/4.6.1/../../../../arm-eabi/lib/thumb/libsysbase.a(malloc_vars.o)
 .data          0x02008698        0x0 /Users/lwy08/Downloads/devkitpro/devkitARM/bin/../lib/gcc/arm-eabi/4.6.1/../../../../arm-eabi/lib/thumb/libsysbase.a(build_argv.o)
 .data          0x02008698        0x0 /Users/lwy08/Downloads/devkitpro/devkitARM/bin/../lib/gcc/arm-eabi/4.6.1/../../../../arm-eabi/lib/thumb/libsysbase.a(syscall_support.o)
 .data          0x02008698        0x0 /Users/lwy08/Downloads/devkitpro/devkitARM/bin/../lib/gcc/arm-eabi/4.6.1/../../../../arm-eabi/lib/thumb/libg.a(lib_a-errno.o)
 .data          0x02008698        0x0 /Users/lwy08/Downloads/devkitpro/devkitARM/bin/../lib/gcc/arm-eabi/4.6.1/thumb/crtend.o
 .data          0x02008698        0x0 /Users/lwy08/Downloads/devkitpro/devkitARM/bin/../lib/gcc/arm-eabi/4.6.1/thumb/crtn.o
 *(.data.*)
 *(.gnu.linkonce.d*)
                0x02008698                . = ALIGN (0x4)
                0x02008698                __data_end = ABSOLUTE (.)
                0x02008698                __dtcm_lma = .
                0x02008698                __bss_vma = .

.dtcm           0x0b000000        0x0 load address 0x02008698
 *(.dtcm)
 *(.dtcm.*)
                0x0b000000                . = ALIGN (0x4)
                0x0b000000                __dtcm_end = ABSOLUTE (.)
                0x02008698                __itcm_lma = (__dtcm_lma + SIZEOF (.dtcm))

.itcm           0x01000100      0x194 load address 0x02008698
 *(.itcm)
 .itcm          0x01000100       0xc8 /Users/lwy08/Downloads/devkitpro/libnds/lib/libnds9.a(interrupts.o)
                0x01000100                irqTable
 .itcm          0x010001c8       0xcc /Users/lwy08/Downloads/devkitpro/libnds/lib/libnds9.a(interruptDispatcher.o)
                0x010001c8                IntrMain
 *itcm.*(.text)
                0x01000294                . = ALIGN (0x4)
                0x01000294                __itcm_end = ABSOLUTE (.)
                0x0200882c                __vectors_lma = (__itcm_lma + SIZEOF (.itcm))

.vectors        0x01000000        0x0 load address 0x0200882c
 *(.vectors)
 *vectors.*(.text)
                0x01000000                . = ALIGN (0x4)
                0x01000000                __vectors_end = ABSOLUTE (.)

.sbss           0x0b000000        0x0
                0x0b000000                __sbss_start = ABSOLUTE (.)
                0x0b000000                __sbss_start__ = ABSOLUTE (.)
 *(.sbss)
                0x0b000000                . = ALIGN (0x4)
                0x0b000000                __sbss_end = ABSOLUTE (.)

.bss            0x02008698     0x3b20
                0x02008698                __bss_start = ABSOLUTE (.)
                0x02008698                __bss_start__ = ABSOLUTE (.)
 *(.dynbss)
 *(.gnu.linkonce.b*)
 *(.bss*)
 .bss           0x02008698        0x0 /Users/lwy08/Downloads/devkitpro/devkitARM/bin/../lib/gcc/arm-eabi/4.6.1/../../../../arm-eabi/lib/thumb/ds_arm9_crt0.o
 .bss           0x02008698        0x0 /Users/lwy08/Downloads/devkitpro/devkitARM/bin/../lib/gcc/arm-eabi/4.6.1/thumb/crti.o
 .bss           0x02008698       0x1c /Users/lwy08/Downloads/devkitpro/devkitARM/bin/../lib/gcc/arm-eabi/4.6.1/thumb/crtbegin.o
 .bss           0x020086b4        0x0 drunkenlogo.pcx.o
 .bss           0x020086b4     0x3018 nehe11.o
                0x020086b4                texture
                0x020086b8                points
                0x0200b6b8                xrot
                0x0200b6bc                yrot
                0x0200b6c0                zrot
                0x0200b6c4                wiggle_count
                0x0200b6c8                hold
 .bss           0x0200b6cc        0x0 /Users/lwy08/Downloads/devkitpro/libnds/lib/libnds9.a(image.o)
 .bss           0x0200b6cc        0x0 /Users/lwy08/Downloads/devkitpro/libnds/lib/libnds9.a(pcx.o)
 .bss           0x0200b6cc        0x0 /Users/lwy08/Downloads/devkitpro/libnds/lib/libnds9.a(trig.o)
 .bss           0x0200b6cc        0x8 /Users/lwy08/Downloads/devkitpro/libnds/lib/libnds9.a(videoGL.o)
 .bss           0x0200b6d4        0x0 /Users/lwy08/Downloads/devkitpro/libnds/lib/libnds9.a(initSystem.o)
 .bss           0x0200b6d4        0x8 /Users/lwy08/Downloads/devkitpro/libnds/lib/libnds9.a(fifosystem.o)
                0x0200b6d8                processing
 .bss           0x0200b6dc        0x0 /Users/lwy08/Downloads/devkitpro/libnds/lib/libnds9.a(interrupts.o)
 .bss           0x0200b6dc        0x0 /Users/lwy08/Downloads/devkitpro/libnds/lib/libnds9.a(libnds_exit.o)
 .bss           0x0200b6dc        0x0 /Users/lwy08/Downloads/devkitpro/libnds/lib/libnds9.a(mpu_setup.o)
 .bss           0x0200b6dc        0x0 /Users/lwy08/Downloads/devkitpro/libnds/lib/libnds9.a(biosCalls.o)
 .bss           0x0200b6dc        0x0 /Users/lwy08/Downloads/devkitpro/libnds/lib/libnds9.a(interruptDispatcher.o)
 .bss           0x0200b6dc        0x0 /Users/lwy08/Downloads/devkitpro/libnds/lib/libnds9.a(swiSoftReset.o)
 .bss           0x0200b6dc        0x0 /Users/lwy08/Downloads/devkitpro/libnds/lib/libnds9.a(dynamicArray.o)
 .bss           0x0200b6dc        0x0 /Users/lwy08/Downloads/devkitpro/libnds/lib/libnds9.a(system.o)
 .bss           0x0200b6dc        0x0 /Users/lwy08/Downloads/devkitpro/libnds/lib/libnds9.a(video.o)
 .bss           0x0200b6dc        0x0 /Users/lwy08/Downloads/devkitpro/devkitARM/bin/../lib/gcc/arm-eabi/4.6.1/thumb/libgcc.a(_arm_addsubdf3.o)
 .bss           0x0200b6dc        0x0 /Users/lwy08/Downloads/devkitpro/devkitARM/bin/../lib/gcc/arm-eabi/4.6.1/thumb/libgcc.a(_arm_muldivdf3.o)
 .bss           0x0200b6dc        0x0 /Users/lwy08/Downloads/devkitpro/devkitARM/bin/../lib/gcc/arm-eabi/4.6.1/thumb/libgcc.a(_arm_fixdfsi.o)
 .bss           0x0200b6dc        0x0 /Users/lwy08/Downloads/devkitpro/devkitARM/bin/../lib/gcc/arm-eabi/4.6.1/thumb/libgcc.a(_arm_addsubsf3.o)
 .bss           0x0200b6dc        0x0 /Users/lwy08/Downloads/devkitpro/devkitARM/bin/../lib/gcc/arm-eabi/4.6.1/thumb/libgcc.a(_arm_muldivsf3.o)
 .bss           0x0200b6dc        0x0 /Users/lwy08/Downloads/devkitpro/devkitARM/bin/../lib/gcc/arm-eabi/4.6.1/thumb/libgcc.a(_muldi3.o)
 .bss           0x0200b6dc        0x0 /Users/lwy08/Downloads/devkitpro/devkitARM/bin/../lib/gcc/arm-eabi/4.6.1/../../../../arm-eabi/lib/thumb/libg.a(lib_a-bsearch.o)
 .bss           0x0200b6dc        0x0 /Users/lwy08/Downloads/devkitpro/devkitARM/bin/../lib/gcc/arm-eabi/4.6.1/../../../../arm-eabi/lib/thumb/libg.a(lib_a-init.o)
 .bss           0x0200b6dc        0x0 /Users/lwy08/Downloads/devkitpro/devkitARM/bin/../lib/gcc/arm-eabi/4.6.1/../../../../arm-eabi/lib/thumb/libg.a(lib_a-malloc.o)
 .bss           0x0200b6dc       0x34 /Users/lwy08/Downloads/devkitpro/devkitARM/bin/../lib/gcc/arm-eabi/4.6.1/../../../../arm-eabi/lib/thumb/libg.a(lib_a-mallocr.o)
                0x0200b6dc                __malloc_top_pad
                0x0200b6e0                __malloc_current_mallinfo
                0x0200b708                __malloc_max_sbrked_mem
                0x0200b70c                __malloc_max_total_mem
 .bss           0x0200b710        0x0 /Users/lwy08/Downloads/devkitpro/devkitARM/bin/../lib/gcc/arm-eabi/4.6.1/../../../../arm-eabi/lib/thumb/libg.a(lib_a-memcpy.o)
 .bss           0x0200b710        0x0 /Users/lwy08/Downloads/devkitpro/devkitARM/bin/../lib/gcc/arm-eabi/4.6.1/../../../../arm-eabi/lib/thumb/libg.a(lib_a-memset.o)
 .bss           0x0200b710        0x0 /Users/lwy08/Downloads/devkitpro/devkitARM/bin/../lib/gcc/arm-eabi/4.6.1/../../../../arm-eabi/lib/thumb/libg.a(lib_a-mlock.o)
 .bss           0x0200b710        0x0 /Users/lwy08/Downloads/devkitpro/devkitARM/bin/../lib/gcc/arm-eabi/4.6.1/../../../../arm-eabi/lib/thumb/libg.a(lib_a-realloc.o)
 .bss           0x0200b710        0x0 /Users/lwy08/Downloads/devkitpro/devkitARM/bin/../lib/gcc/arm-eabi/4.6.1/../../../../arm-eabi/lib/thumb/libg.a(lib_a-reallocr.o)
 .bss           0x0200b710        0x0 /Users/lwy08/Downloads/devkitpro/devkitARM/bin/../lib/gcc/arm-eabi/4.6.1/../../../../arm-eabi/lib/thumb/libg.a(lib_a-freer.o)
 .bss           0x0200b710        0x0 /Users/lwy08/Downloads/devkitpro/devkitARM/bin/../lib/gcc/arm-eabi/4.6.1/../../../../arm-eabi/lib/thumb/libg.a(lib_a-impure.o)
 .bss           0x0200b710        0x0 /Users/lwy08/Downloads/devkitpro/devkitARM/bin/../lib/gcc/arm-eabi/4.6.1/../../../../arm-eabi/lib/thumb/libg.a(lib_a-memmove.o)
 .bss           0x0200b710        0x4 /Users/lwy08/Downloads/devkitpro/devkitARM/bin/../lib/gcc/arm-eabi/4.6.1/../../../../arm-eabi/lib/thumb/libsysbase.a(sbrk.o)
 .bss           0x0200b714        0x0 /Users/lwy08/Downloads/devkitpro/devkitARM/bin/../lib/gcc/arm-eabi/4.6.1/../../../../arm-eabi/lib/thumb/libsysbase.a(times.o)
 .bss           0x0200b714        0x8 /Users/lwy08/Downloads/devkitpro/devkitARM/bin/../lib/gcc/arm-eabi/4.6.1/../../../../arm-eabi/lib/thumb/libsysbase.a(malloc_vars.o)
                0x0200b714                fake_heap_start
                0x0200b718                fake_heap_end
 .bss           0x0200b71c        0x0 /Users/lwy08/Downloads/devkitpro/devkitARM/bin/../lib/gcc/arm-eabi/4.6.1/../../../../arm-eabi/lib/thumb/libsysbase.a(build_argv.o)
 .bss           0x0200b71c        0x8 /Users/lwy08/Downloads/devkitpro/devkitARM/bin/../lib/gcc/arm-eabi/4.6.1/../../../../arm-eabi/lib/thumb/libsysbase.a(syscall_support.o)
                0x0200b71c                __syscalls
 .bss           0x0200b724        0x0 /Users/lwy08/Downloads/devkitpro/devkitARM/bin/../lib/gcc/arm-eabi/4.6.1/../../../../arm-eabi/lib/thumb/libg.a(lib_a-errno.o)
 .bss           0x0200b724        0x0 /Users/lwy08/Downloads/devkitpro/devkitARM/bin/../lib/gcc/arm-eabi/4.6.1/thumb/crtend.o
 .bss           0x0200b724        0x0 /Users/lwy08/Downloads/devkitpro/devkitARM/bin/../lib/gcc/arm-eabi/4.6.1/thumb/crtn.o
 *(COMMON)
 COMMON         0x0200b724       0x4c /Users/lwy08/Downloads/devkitpro/libnds/lib/libnds9.a(videoGL.o)
                0x0200b724                glGlobalData
 COMMON         0x0200b770        0x1 /Users/lwy08/Downloads/devkitpro/libnds/lib/libnds9.a(initSystem.o)
                0x0200b770                __dsimode
 *fill*         0x0200b771        0x3 00
 COMMON         0x0200b774      0xa40 /Users/lwy08/Downloads/devkitpro/libnds/lib/libnds9.a(fifosystem.o)
                0x0200b774                fifo_datamsg_data
                0x0200b7b4                fifo_buffer
                0x0200bfb4                fifo_value32_func
                0x0200bff4                fifo_address_func
                0x0200c034                fifo_value32_data
                0x0200c074                fifo_value32_queue
                0x0200c0b4                fifo_data_queue
                0x0200c0f4                fifo_address_data
                0x0200c134                fifo_datamsg_func
                0x0200c174                fifo_address_queue
 COMMON         0x0200c1b4        0x4 /Users/lwy08/Downloads/devkitpro/devkitARM/bin/../lib/gcc/arm-eabi/4.6.1/../../../../arm-eabi/lib/thumb/libsysbase.a(times.o)
                0x0200c1b4                punixTime
                0x0200c1b8                . = ALIGN (0x4)
                0x0200c1b8                __bss_end__ = ABSOLUTE (.)
                0x0200c1b8                __end__ = ABSOLUTE (.)

.stab
 *(.stab)

.stabstr
 *(.stabstr)

.stab.excl
 *(.stab.excl)

.stab.exclstr
 *(.stab.exclstr)

.stab.index
 *(.stab.index)

.stab.indexstr
 *(.stab.indexstr)

.ARM.attributes
                0x00000000       0x2f load address 0x02008698
 .ARM.attributes
                0x00000000       0x23 /Users/lwy08/Downloads/devkitpro/devkitARM/bin/../lib/gcc/arm-eabi/4.6.1/../../../../arm-eabi/lib/thumb/ds_arm9_crt0.o
 .ARM.attributes
                0x00000023       0x18 /Users/lwy08/Downloads/devkitpro/devkitARM/bin/../lib/gcc/arm-eabi/4.6.1/thumb/crti.o
 .ARM.attributes
                0x0000003b       0x32 /Users/lwy08/Downloads/devkitpro/devkitARM/bin/../lib/gcc/arm-eabi/4.6.1/thumb/crtbegin.o
 .ARM.attributes
                0x0000006d       0x16 drunkenlogo.pcx.o
 .ARM.attributes
                0x00000083       0x29 nehe11.o
 .ARM.attributes
                0x000000ac       0x29 /Users/lwy08/Downloads/devkitpro/libnds/lib/libnds9.a(image.o)
 .ARM.attributes
                0x000000d5       0x29 /Users/lwy08/Downloads/devkitpro/libnds/lib/libnds9.a(pcx.o)
 .ARM.attributes
                0x000000fe       0x29 /Users/lwy08/Downloads/devkitpro/libnds/lib/libnds9.a(trig.o)
 .ARM.attributes
                0x00000127       0x29 /Users/lwy08/Downloads/devkitpro/libnds/lib/libnds9.a(videoGL.o)
 .ARM.attributes
                0x00000150       0x29 /Users/lwy08/Downloads/devkitpro/libnds/lib/libnds9.a(initSystem.o)
 .ARM.attributes
                0x00000179       0x29 /Users/lwy08/Downloads/devkitpro/libnds/lib/libnds9.a(fifosystem.o)
 .ARM.attributes
                0x000001a2       0x29 /Users/lwy08/Downloads/devkitpro/libnds/lib/libnds9.a(interrupts.o)
 .ARM.attributes
                0x000001cb       0x29 /Users/lwy08/Downloads/devkitpro/libnds/lib/libnds9.a(libnds_exit.o)
 .ARM.attributes
                0x000001f4       0x23 /Users/lwy08/Downloads/devkitpro/libnds/lib/libnds9.a(mpu_setup.o)
 .ARM.attributes
                0x00000217       0x1d /Users/lwy08/Downloads/devkitpro/libnds/lib/libnds9.a(biosCalls.o)
 .ARM.attributes
                0x00000234       0x1d /Users/lwy08/Downloads/devkitpro/libnds/lib/libnds9.a(interruptDispatcher.o)
 .ARM.attributes
                0x00000251       0x23 /Users/lwy08/Downloads/devkitpro/libnds/lib/libnds9.a(swiSoftReset.o)
 .ARM.attributes
                0x00000274       0x29 /Users/lwy08/Downloads/devkitpro/libnds/lib/libnds9.a(dynamicArray.o)
 .ARM.attributes
                0x0000029d       0x29 /Users/lwy08/Downloads/devkitpro/libnds/lib/libnds9.a(system.o)
 .ARM.attributes
                0x000002c6       0x29 /Users/lwy08/Downloads/devkitpro/libnds/lib/libnds9.a(video.o)
 .ARM.attributes
                0x000002ef       0x1a /Users/lwy08/Downloads/devkitpro/devkitARM/bin/../lib/gcc/arm-eabi/4.6.1/thumb/libgcc.a(_arm_addsubdf3.o)
 .ARM.attributes
                0x00000309       0x1a /Users/lwy08/Downloads/devkitpro/devkitARM/bin/../lib/gcc/arm-eabi/4.6.1/thumb/libgcc.a(_arm_muldivdf3.o)
 .ARM.attributes
                0x00000323       0x1a /Users/lwy08/Downloads/devkitpro/devkitARM/bin/../lib/gcc/arm-eabi/4.6.1/thumb/libgcc.a(_arm_fixdfsi.o)
 .ARM.attributes
                0x0000033d       0x1a /Users/lwy08/Downloads/devkitpro/devkitARM/bin/../lib/gcc/arm-eabi/4.6.1/thumb/libgcc.a(_arm_addsubsf3.o)
 .ARM.attributes
                0x00000357       0x1a /Users/lwy08/Downloads/devkitpro/devkitARM/bin/../lib/gcc/arm-eabi/4.6.1/thumb/libgcc.a(_arm_muldivsf3.o)
 .ARM.attributes
                0x00000371       0x32 /Users/lwy08/Downloads/devkitpro/devkitARM/bin/../lib/gcc/arm-eabi/4.6.1/thumb/libgcc.a(_muldi3.o)
 .ARM.attributes
                0x000003a3       0x32 /Users/lwy08/Downloads/devkitpro/devkitARM/bin/../lib/gcc/arm-eabi/4.6.1/../../../../arm-eabi/lib/thumb/libg.a(lib_a-bsearch.o)
 .ARM.attributes
                0x000003d5       0x32 /Users/lwy08/Downloads/devkitpro/devkitARM/bin/../lib/gcc/arm-eabi/4.6.1/../../../../arm-eabi/lib/thumb/libg.a(lib_a-init.o)
 .ARM.attributes
                0x00000407       0x32 /Users/lwy08/Downloads/devkitpro/devkitARM/bin/../lib/gcc/arm-eabi/4.6.1/../../../../arm-eabi/lib/thumb/libg.a(lib_a-malloc.o)
 .ARM.attributes
                0x00000439       0x32 /Users/lwy08/Downloads/devkitpro/devkitARM/bin/../lib/gcc/arm-eabi/4.6.1/../../../../arm-eabi/lib/thumb/libg.a(lib_a-mallocr.o)
 .ARM.attributes
                0x0000046b       0x32 /Users/lwy08/Downloads/devkitpro/devkitARM/bin/../lib/gcc/arm-eabi/4.6.1/../../../../arm-eabi/lib/thumb/libg.a(lib_a-memcpy.o)
 .ARM.attributes
                0x0000049d       0x32 /Users/lwy08/Downloads/devkitpro/devkitARM/bin/../lib/gcc/arm-eabi/4.6.1/../../../../arm-eabi/lib/thumb/libg.a(lib_a-memset.o)
 .ARM.attributes
                0x000004cf       0x32 /Users/lwy08/Downloads/devkitpro/devkitARM/bin/../lib/gcc/arm-eabi/4.6.1/../../../../arm-eabi/lib/thumb/libg.a(lib_a-mlock.o)
 .ARM.attributes
                0x00000501       0x32 /Users/lwy08/Downloads/devkitpro/devkitARM/bin/../lib/gcc/arm-eabi/4.6.1/../../../../arm-eabi/lib/thumb/libg.a(lib_a-realloc.o)
 .ARM.attributes
                0x00000533       0x32 /Users/lwy08/Downloads/devkitpro/devkitARM/bin/../lib/gcc/arm-eabi/4.6.1/../../../../arm-eabi/lib/thumb/libg.a(lib_a-reallocr.o)
 .ARM.attributes
                0x00000565       0x32 /Users/lwy08/Downloads/devkitpro/devkitARM/bin/../lib/gcc/arm-eabi/4.6.1/../../../../arm-eabi/lib/thumb/libg.a(lib_a-freer.o)
 .ARM.attributes
                0x00000597       0x32 /Users/lwy08/Downloads/devkitpro/devkitARM/bin/../lib/gcc/arm-eabi/4.6.1/../../../../arm-eabi/lib/thumb/libg.a(lib_a-impure.o)
 .ARM.attributes
                0x000005c9       0x32 /Users/lwy08/Downloads/devkitpro/devkitARM/bin/../lib/gcc/arm-eabi/4.6.1/../../../../arm-eabi/lib/thumb/libg.a(lib_a-memmove.o)
 .ARM.attributes
                0x000005fb       0x32 /Users/lwy08/Downloads/devkitpro/devkitARM/bin/../lib/gcc/arm-eabi/4.6.1/../../../../arm-eabi/lib/thumb/libsysbase.a(sbrk.o)
 .ARM.attributes
                0x0000062d       0x32 /Users/lwy08/Downloads/devkitpro/devkitARM/bin/../lib/gcc/arm-eabi/4.6.1/../../../../arm-eabi/lib/thumb/libsysbase.a(times.o)
 .ARM.attributes
                0x0000065f       0x32 /Users/lwy08/Downloads/devkitpro/devkitARM/bin/../lib/gcc/arm-eabi/4.6.1/../../../../arm-eabi/lib/thumb/libsysbase.a(malloc_vars.o)
 .ARM.attributes
                0x00000691       0x32 /Users/lwy08/Downloads/devkitpro/devkitARM/bin/../lib/gcc/arm-eabi/4.6.1/../../../../arm-eabi/lib/thumb/libsysbase.a(build_argv.o)
 .ARM.attributes
                0x000006c3       0x32 /Users/lwy08/Downloads/devkitpro/devkitARM/bin/../lib/gcc/arm-eabi/4.6.1/../../../../arm-eabi/lib/thumb/libsysbase.a(syscall_support.o)
 .ARM.attributes
                0x000006f5       0x32 /Users/lwy08/Downloads/devkitpro/devkitARM/bin/../lib/gcc/arm-eabi/4.6.1/../../../../arm-eabi/lib/thumb/libg.a(lib_a-errno.o)
 .ARM.attributes
                0x00000727       0x32 /Users/lwy08/Downloads/devkitpro/devkitARM/bin/../lib/gcc/arm-eabi/4.6.1/thumb/crtend.o
 .ARM.attributes
                0x00000759       0x18 /Users/lwy08/Downloads/devkitpro/devkitARM/bin/../lib/gcc/arm-eabi/4.6.1/thumb/crtn.o

.comment        0x00000000       0x22 load address 0x02008698
 *(.comment)
 .comment       0x00000000       0x22 /Users/lwy08/Downloads/devkitpro/devkitARM/bin/../lib/gcc/arm-eabi/4.6.1/thumb/crtbegin.o
                                 0x23 (size before relaxing)
 .comment       0x00000000       0x23 nehe11.o
 .comment       0x00000000       0x23 /Users/lwy08/Downloads/devkitpro/libnds/lib/libnds9.a(image.o)
 .comment       0x00000000       0x23 /Users/lwy08/Downloads/devkitpro/libnds/lib/libnds9.a(pcx.o)
 .comment       0x00000000       0x23 /Users/lwy08/Downloads/devkitpro/libnds/lib/libnds9.a(trig.o)
 .comment       0x00000000       0x23 /Users/lwy08/Downloads/devkitpro/libnds/lib/libnds9.a(videoGL.o)
 .comment       0x00000000       0x23 /Users/lwy08/Downloads/devkitpro/libnds/lib/libnds9.a(initSystem.o)
 .comment       0x00000000       0x23 /Users/lwy08/Downloads/devkitpro/libnds/lib/libnds9.a(fifosystem.o)
 .comment       0x00000000       0x23 /Users/lwy08/Downloads/devkitpro/libnds/lib/libnds9.a(interrupts.o)
 .comment       0x00000000       0x23 /Users/lwy08/Downloads/devkitpro/libnds/lib/libnds9.a(libnds_exit.o)
 .comment       0x00000000       0x23 /Users/lwy08/Downloads/devkitpro/libnds/lib/libnds9.a(dynamicArray.o)
 .comment       0x00000000       0x23 /Users/lwy08/Downloads/devkitpro/libnds/lib/libnds9.a(system.o)
 .comment       0x00000000       0x23 /Users/lwy08/Downloads/devkitpro/libnds/lib/libnds9.a(video.o)
 .comment       0x00000000       0x23 /Users/lwy08/Downloads/devkitpro/devkitARM/bin/../lib/gcc/arm-eabi/4.6.1/thumb/libgcc.a(_muldi3.o)
 .comment       0x00000000       0x23 /Users/lwy08/Downloads/devkitpro/devkitARM/bin/../lib/gcc/arm-eabi/4.6.1/../../../../arm-eabi/lib/thumb/libg.a(lib_a-bsearch.o)
 .comment       0x00000000       0x23 /Users/lwy08/Downloads/devkitpro/devkitARM/bin/../lib/gcc/arm-eabi/4.6.1/../../../../arm-eabi/lib/thumb/libg.a(lib_a-init.o)
 .comment       0x00000000       0x23 /Users/lwy08/Downloads/devkitpro/devkitARM/bin/../lib/gcc/arm-eabi/4.6.1/../../../../arm-eabi/lib/thumb/libg.a(lib_a-malloc.o)
 .comment       0x00000000       0x23 /Users/lwy08/Downloads/devkitpro/devkitARM/bin/../lib/gcc/arm-eabi/4.6.1/../../../../arm-eabi/lib/thumb/libg.a(lib_a-mallocr.o)
 .comment       0x00000000       0x23 /Users/lwy08/Downloads/devkitpro/devkitARM/bin/../lib/gcc/arm-eabi/4.6.1/../../../../arm-eabi/lib/thumb/libg.a(lib_a-memcpy.o)
 .comment       0x00000000       0x23 /Users/lwy08/Downloads/devkitpro/devkitARM/bin/../lib/gcc/arm-eabi/4.6.1/../../../../arm-eabi/lib/thumb/libg.a(lib_a-memset.o)
 .comment       0x00000000       0x23 /Users/lwy08/Downloads/devkitpro/devkitARM/bin/../lib/gcc/arm-eabi/4.6.1/../../../../arm-eabi/lib/thumb/libg.a(lib_a-mlock.o)
 .comment       0x00000000       0x23 /Users/lwy08/Downloads/devkitpro/devkitARM/bin/../lib/gcc/arm-eabi/4.6.1/../../../../arm-eabi/lib/thumb/libg.a(lib_a-realloc.o)
 .comment       0x00000000       0x23 /Users/lwy08/Downloads/devkitpro/devkitARM/bin/../lib/gcc/arm-eabi/4.6.1/../../../../arm-eabi/lib/thumb/libg.a(lib_a-reallocr.o)
 .comment       0x00000000       0x23 /Users/lwy08/Downloads/devkitpro/devkitARM/bin/../lib/gcc/arm-eabi/4.6.1/../../../../arm-eabi/lib/thumb/libg.a(lib_a-freer.o)
 .comment       0x00000000       0x23 /Users/lwy08/Downloads/devkitpro/devkitARM/bin/../lib/gcc/arm-eabi/4.6.1/../../../../arm-eabi/lib/thumb/libg.a(lib_a-impure.o)
 .comment       0x00000000       0x23 /Users/lwy08/Downloads/devkitpro/devkitARM/bin/../lib/gcc/arm-eabi/4.6.1/../../../../arm-eabi/lib/thumb/libg.a(lib_a-memmove.o)
 .comment       0x00000000       0x23 /Users/lwy08/Downloads/devkitpro/devkitARM/bin/../lib/gcc/arm-eabi/4.6.1/../../../../arm-eabi/lib/thumb/libsysbase.a(sbrk.o)
 .comment       0x00000000       0x23 /Users/lwy08/Downloads/devkitpro/devkitARM/bin/../lib/gcc/arm-eabi/4.6.1/../../../../arm-eabi/lib/thumb/libsysbase.a(times.o)
 .comment       0x00000000       0x23 /Users/lwy08/Downloads/devkitpro/devkitARM/bin/../lib/gcc/arm-eabi/4.6.1/../../../../arm-eabi/lib/thumb/libsysbase.a(malloc_vars.o)
 .comment       0x00000000       0x23 /Users/lwy08/Downloads/devkitpro/devkitARM/bin/../lib/gcc/arm-eabi/4.6.1/../../../../arm-eabi/lib/thumb/libsysbase.a(build_argv.o)
 .comment       0x00000000       0x23 /Users/lwy08/Downloads/devkitpro/devkitARM/bin/../lib/gcc/arm-eabi/4.6.1/../../../../arm-eabi/lib/thumb/libsysbase.a(syscall_support.o)
 .comment       0x00000000       0x23 /Users/lwy08/Downloads/devkitpro/devkitARM/bin/../lib/gcc/arm-eabi/4.6.1/../../../../arm-eabi/lib/thumb/libg.a(lib_a-errno.o)
 .comment       0x00000000       0x23 /Users/lwy08/Downloads/devkitpro/devkitARM/bin/../lib/gcc/arm-eabi/4.6.1/thumb/crtend.o

.debug
 *(.debug)

.line
 *(.line)

.debug_srcinfo
 *(.debug_srcinfo)

.debug_sfnames
 *(.debug_sfnames)

.debug_aranges  0x00000000      0x208 load address 0x02008698
 *(.debug_aranges)
 .debug_aranges
                0x00000000       0x28 nehe11.o
 .debug_aranges
                0x00000028       0x20 /Users/lwy08/Downloads/devkitpro/libnds/lib/libnds9.a(image.o)
 .debug_aranges
                0x00000048       0x20 /Users/lwy08/Downloads/devkitpro/libnds/lib/libnds9.a(pcx.o)
 .debug_aranges
                0x00000068       0x20 /Users/lwy08/Downloads/devkitpro/libnds/lib/libnds9.a(trig.o)
 .debug_aranges
                0x00000088       0x20 /Users/lwy08/Downloads/devkitpro/libnds/lib/libnds9.a(videoGL.o)
 .debug_aranges
                0x000000a8       0x20 /Users/lwy08/Downloads/devkitpro/libnds/lib/libnds9.a(initSystem.o)
 .debug_aranges
                0x000000c8       0x20 /Users/lwy08/Downloads/devkitpro/libnds/lib/libnds9.a(fifosystem.o)
 .debug_aranges
                0x000000e8       0x20 /Users/lwy08/Downloads/devkitpro/libnds/lib/libnds9.a(interrupts.o)
 .debug_aranges
                0x00000108       0x20 /Users/lwy08/Downloads/devkitpro/libnds/lib/libnds9.a(libnds_exit.o)
 .debug_aranges
                0x00000128       0x20 /Users/lwy08/Downloads/devkitpro/libnds/lib/libnds9.a(mpu_setup.o)
 .debug_aranges
                0x00000148       0x20 /Users/lwy08/Downloads/devkitpro/libnds/lib/libnds9.a(biosCalls.o)
 .debug_aranges
                0x00000168       0x20 /Users/lwy08/Downloads/devkitpro/libnds/lib/libnds9.a(interruptDispatcher.o)
 .debug_aranges
                0x00000188       0x20 /Users/lwy08/Downloads/devkitpro/libnds/lib/libnds9.a(swiSoftReset.o)
 .debug_aranges
                0x000001a8       0x20 /Users/lwy08/Downloads/devkitpro/libnds/lib/libnds9.a(dynamicArray.o)
 .debug_aranges
                0x000001c8       0x20 /Users/lwy08/Downloads/devkitpro/libnds/lib/libnds9.a(system.o)
 .debug_aranges
                0x000001e8       0x20 /Users/lwy08/Downloads/devkitpro/libnds/lib/libnds9.a(video.o)

.debug_pubnames
 *(.debug_pubnames)

.debug_info     0x00000000     0x7da5 load address 0x02008698
 *(.debug_info)
 .debug_info    0x00000000     0x1846 nehe11.o
 .debug_info    0x00001846      0x31a /Users/lwy08/Downloads/devkitpro/libnds/lib/libnds9.a(image.o)
 .debug_info    0x00001b60      0x3e1 /Users/lwy08/Downloads/devkitpro/libnds/lib/libnds9.a(pcx.o)
 .debug_info    0x00001f41      0x4c4 /Users/lwy08/Downloads/devkitpro/libnds/lib/libnds9.a(trig.o)
 .debug_info    0x00002405     0x1ea5 /Users/lwy08/Downloads/devkitpro/libnds/lib/libnds9.a(videoGL.o)
 .debug_info    0x000042aa      0xeb7 /Users/lwy08/Downloads/devkitpro/libnds/lib/libnds9.a(initSystem.o)
 .debug_info    0x00005161     0x11cd /Users/lwy08/Downloads/devkitpro/libnds/lib/libnds9.a(fifosystem.o)
 .debug_info    0x0000632e      0x5c9 /Users/lwy08/Downloads/devkitpro/libnds/lib/libnds9.a(interrupts.o)
 .debug_info    0x000068f7      0x2a6 /Users/lwy08/Downloads/devkitpro/libnds/lib/libnds9.a(libnds_exit.o)
 .debug_info    0x00006b9d       0xc4 /Users/lwy08/Downloads/devkitpro/libnds/lib/libnds9.a(mpu_setup.o)
 .debug_info    0x00006c61       0xbf /Users/lwy08/Downloads/devkitpro/libnds/lib/libnds9.a(biosCalls.o)
 .debug_info    0x00006d20       0xc9 /Users/lwy08/Downloads/devkitpro/libnds/lib/libnds9.a(interruptDispatcher.o)
 .debug_info    0x00006de9       0xc2 /Users/lwy08/Downloads/devkitpro/libnds/lib/libnds9.a(swiSoftReset.o)
 .debug_info    0x00006eab      0x1d2 /Users/lwy08/Downloads/devkitpro/libnds/lib/libnds9.a(dynamicArray.o)
 .debug_info    0x0000707d      0x6db /Users/lwy08/Downloads/devkitpro/libnds/lib/libnds9.a(system.o)
 .debug_info    0x00007758      0x64d /Users/lwy08/Downloads/devkitpro/libnds/lib/libnds9.a(video.o)

.debug_abbrev   0x00000000     0x18c0 load address 0x02008698
 *(.debug_abbrev)
 .debug_abbrev  0x00000000      0x36e nehe11.o
 .debug_abbrev  0x0000036e       0xfa /Users/lwy08/Downloads/devkitpro/libnds/lib/libnds9.a(image.o)
 .debug_abbrev  0x00000468      0x114 /Users/lwy08/Downloads/devkitpro/libnds/lib/libnds9.a(pcx.o)
 .debug_abbrev  0x0000057c      0x1ac /Users/lwy08/Downloads/devkitpro/libnds/lib/libnds9.a(trig.o)
 .debug_abbrev  0x00000728      0x3e0 /Users/lwy08/Downloads/devkitpro/libnds/lib/libnds9.a(videoGL.o)
 .debug_abbrev  0x00000b08      0x242 /Users/lwy08/Downloads/devkitpro/libnds/lib/libnds9.a(initSystem.o)
 .debug_abbrev  0x00000d4a      0x3d3 /Users/lwy08/Downloads/devkitpro/libnds/lib/libnds9.a(fifosystem.o)
 .debug_abbrev  0x0000111d      0x21e /Users/lwy08/Downloads/devkitpro/libnds/lib/libnds9.a(interrupts.o)
 .debug_abbrev  0x0000133b      0x131 /Users/lwy08/Downloads/devkitpro/libnds/lib/libnds9.a(libnds_exit.o)
 .debug_abbrev  0x0000146c       0x14 /Users/lwy08/Downloads/devkitpro/libnds/lib/libnds9.a(mpu_setup.o)
 .debug_abbrev  0x00001480       0x14 /Users/lwy08/Downloads/devkitpro/libnds/lib/libnds9.a(biosCalls.o)
 .debug_abbrev  0x00001494       0x14 /Users/lwy08/Downloads/devkitpro/libnds/lib/libnds9.a(interruptDispatcher.o)
 .debug_abbrev  0x000014a8       0x14 /Users/lwy08/Downloads/devkitpro/libnds/lib/libnds9.a(swiSoftReset.o)
 .debug_abbrev  0x000014bc       0xc9 /Users/lwy08/Downloads/devkitpro/libnds/lib/libnds9.a(dynamicArray.o)
 .debug_abbrev  0x00001585      0x19a /Users/lwy08/Downloads/devkitpro/libnds/lib/libnds9.a(system.o)
 .debug_abbrev  0x0000171f      0x1a1 /Users/lwy08/Downloads/devkitpro/libnds/lib/libnds9.a(video.o)

.debug_line     0x00000000     0x2ce7 load address 0x02008698
 *(.debug_line)
 .debug_line    0x00000000      0x5cd nehe11.o
 .debug_line    0x000005cd      0x28e /Users/lwy08/Downloads/devkitpro/libnds/lib/libnds9.a(image.o)
 .debug_line    0x0000085b      0x240 /Users/lwy08/Downloads/devkitpro/libnds/lib/libnds9.a(pcx.o)
 .debug_line    0x00000a9b      0x23d /Users/lwy08/Downloads/devkitpro/libnds/lib/libnds9.a(trig.o)
 .debug_line    0x00000cd8      0x938 /Users/lwy08/Downloads/devkitpro/libnds/lib/libnds9.a(videoGL.o)
 .debug_line    0x00001610      0x355 /Users/lwy08/Downloads/devkitpro/libnds/lib/libnds9.a(initSystem.o)
 .debug_line    0x00001965      0x715 /Users/lwy08/Downloads/devkitpro/libnds/lib/libnds9.a(fifosystem.o)
 .debug_line    0x0000207a      0x238 /Users/lwy08/Downloads/devkitpro/libnds/lib/libnds9.a(interrupts.o)
 .debug_line    0x000022b2      0x1ca /Users/lwy08/Downloads/devkitpro/libnds/lib/libnds9.a(libnds_exit.o)
 .debug_line    0x0000247c       0xe1 /Users/lwy08/Downloads/devkitpro/libnds/lib/libnds9.a(mpu_setup.o)
 .debug_line    0x0000255d       0xc3 /Users/lwy08/Downloads/devkitpro/libnds/lib/libnds9.a(biosCalls.o)
 .debug_line    0x00002620       0xc2 /Users/lwy08/Downloads/devkitpro/libnds/lib/libnds9.a(interruptDispatcher.o)
 .debug_line    0x000026e2       0x91 /Users/lwy08/Downloads/devkitpro/libnds/lib/libnds9.a(swiSoftReset.o)
 .debug_line    0x00002773      0x117 /Users/lwy08/Downloads/devkitpro/libnds/lib/libnds9.a(dynamicArray.o)
 .debug_line    0x0000288a      0x25c /Users/lwy08/Downloads/devkitpro/libnds/lib/libnds9.a(system.o)
 .debug_line    0x00002ae6      0x201 /Users/lwy08/Downloads/devkitpro/libnds/lib/libnds9.a(video.o)

.debug_frame    0x00000000      0xc24 load address 0x02008698
 *(.debug_frame)
 .debug_frame   0x00000000       0xd0 nehe11.o
 .debug_frame   0x000000d0       0xcc /Users/lwy08/Downloads/devkitpro/libnds/lib/libnds9.a(image.o)
 .debug_frame   0x0000019c       0x3c /Users/lwy08/Downloads/devkitpro/libnds/lib/libnds9.a(pcx.o)
 .debug_frame   0x000001d8       0xf4 /Users/lwy08/Downloads/devkitpro/libnds/lib/libnds9.a(trig.o)
 .debug_frame   0x000002cc      0x3b0 /Users/lwy08/Downloads/devkitpro/libnds/lib/libnds9.a(videoGL.o)
 .debug_frame   0x0000067c       0x28 /Users/lwy08/Downloads/devkitpro/libnds/lib/libnds9.a(initSystem.o)
 .debug_frame   0x000006a4      0x2a4 /Users/lwy08/Downloads/devkitpro/libnds/lib/libnds9.a(fifosystem.o)
 .debug_frame   0x00000948       0xb8 /Users/lwy08/Downloads/devkitpro/libnds/lib/libnds9.a(interrupts.o)
 .debug_frame   0x00000a00       0x38 /Users/lwy08/Downloads/devkitpro/libnds/lib/libnds9.a(libnds_exit.o)
 .debug_frame   0x00000a38       0x78 /Users/lwy08/Downloads/devkitpro/libnds/lib/libnds9.a(dynamicArray.o)
 .debug_frame   0x00000ab0       0xb8 /Users/lwy08/Downloads/devkitpro/libnds/lib/libnds9.a(system.o)
 .debug_frame   0x00000b68       0xbc /Users/lwy08/Downloads/devkitpro/libnds/lib/libnds9.a(video.o)

.debug_str      0x00000000     0x2fac load address 0x02008698
 *(.debug_str)
 .debug_str     0x00000000      0xd79 nehe11.o
                                0xe94 (size before relaxing)
 .debug_str     0x00000d79       0xb5 /Users/lwy08/Downloads/devkitpro/libnds/lib/libnds9.a(image.o)
                                0x19b (size before relaxing)
 .debug_str     0x00000e2e       0xee /Users/lwy08/Downloads/devkitpro/libnds/lib/libnds9.a(pcx.o)
                                0x1ff (size before relaxing)
 .debug_str     0x00000f1c       0xf4 /Users/lwy08/Downloads/devkitpro/libnds/lib/libnds9.a(trig.o)
                                0x1d1 (size before relaxing)
 .debug_str     0x00001010      0xd33 /Users/lwy08/Downloads/devkitpro/libnds/lib/libnds9.a(videoGL.o)
                               0x130d (size before relaxing)
 .debug_str     0x00001d43      0x763 /Users/lwy08/Downloads/devkitpro/libnds/lib/libnds9.a(initSystem.o)
                                0x951 (size before relaxing)
 .debug_str     0x000024a6      0x530 /Users/lwy08/Downloads/devkitpro/libnds/lib/libnds9.a(fifosystem.o)
                                0x740 (size before relaxing)
 .debug_str     0x000029d6      0x12b /Users/lwy08/Downloads/devkitpro/libnds/lib/libnds9.a(interrupts.o)
                                0x379 (size before relaxing)
 .debug_str     0x00002b01       0x86 /Users/lwy08/Downloads/devkitpro/libnds/lib/libnds9.a(libnds_exit.o)
                                0x296 (size before relaxing)
 .debug_str     0x00002b87       0xb5 /Users/lwy08/Downloads/devkitpro/libnds/lib/libnds9.a(dynamicArray.o)
                                0x183 (size before relaxing)
 .debug_str     0x00002c3c      0x238 /Users/lwy08/Downloads/devkitpro/libnds/lib/libnds9.a(system.o)
                                0x504 (size before relaxing)
 .debug_str     0x00002e74      0x138 /Users/lwy08/Downloads/devkitpro/libnds/lib/libnds9.a(video.o)
                                0xb10 (size before relaxing)

.debug_loc      0x00000000     0x4a1e load address 0x02008698
 *(.debug_loc)
 .debug_loc     0x00000000      0x649 nehe11.o
 .debug_loc     0x00000649      0x44f /Users/lwy08/Downloads/devkitpro/libnds/lib/libnds9.a(image.o)
 .debug_loc     0x00000a98      0x2ca /Users/lwy08/Downloads/devkitpro/libnds/lib/libnds9.a(pcx.o)
 .debug_loc     0x00000d62      0x6d3 /Users/lwy08/Downloads/devkitpro/libnds/lib/libnds9.a(trig.o)
 .debug_loc     0x00001435     0x1c5f /Users/lwy08/Downloads/devkitpro/libnds/lib/libnds9.a(videoGL.o)
 .debug_loc     0x00003094       0x64 /Users/lwy08/Downloads/devkitpro/libnds/lib/libnds9.a(initSystem.o)
 .debug_loc     0x000030f8     0x1198 /Users/lwy08/Downloads/devkitpro/libnds/lib/libnds9.a(fifosystem.o)
 .debug_loc     0x00004290      0x22b /Users/lwy08/Downloads/devkitpro/libnds/lib/libnds9.a(interrupts.o)
 .debug_loc     0x000044bb       0x5c /Users/lwy08/Downloads/devkitpro/libnds/lib/libnds9.a(libnds_exit.o)
 .debug_loc     0x00004517      0x180 /Users/lwy08/Downloads/devkitpro/libnds/lib/libnds9.a(dynamicArray.o)
 .debug_loc     0x00004697      0x1ba /Users/lwy08/Downloads/devkitpro/libnds/lib/libnds9.a(system.o)
 .debug_loc     0x00004851      0x1cd /Users/lwy08/Downloads/devkitpro/libnds/lib/libnds9.a(video.o)

.debug_macinfo
 *(.debug_macinfo)

.debug_weaknames
 *(.debug_weaknames)

.debug_funcnames
 *(.debug_funcnames)

.debug_typenames
 *(.debug_typenames)

.debug_varnames
 *(.debug_varnames)

.stack          0x00080000        0x0 load address 0x02008698
                0x00080000                _stack = .
 *(.stack)
LOAD /Users/lwy08/Downloads/devkitpro/devkitARM/bin/../lib/gcc/arm-eabi/4.6.1/../../../../arm-eabi/lib/thumb/ds_arm9_crt0.o
LOAD /Users/lwy08/Downloads/devkitpro/devkitARM/bin/../lib/gcc/arm-eabi/4.6.1/thumb/crti.o
LOAD /Users/lwy08/Downloads/devkitpro/devkitARM/bin/../lib/gcc/arm-eabi/4.6.1/thumb/crtbegin.o
LOAD drunkenlogo.pcx.o
LOAD nehe11.o
LOAD /Users/lwy08/Downloads/devkitpro/libnds/lib/libnds9.a
LOAD /Users/lwy08/Downloads/devkitpro/devkitARM/bin/../lib/gcc/arm-eabi/4.6.1/../../../../arm-eabi/lib/thumb/libstdc++.a
LOAD /Users/lwy08/Downloads/devkitpro/devkitARM/bin/../lib/gcc/arm-eabi/4.6.1/../../../../arm-eabi/lib/thumb/libm.a
START GROUP
LOAD /Users/lwy08/Downloads/devkitpro/devkitARM/bin/../lib/gcc/arm-eabi/4.6.1/thumb/libgcc.a
LOAD /Users/lwy08/Downloads/devkitpro/devkitARM/bin/../lib/gcc/arm-eabi/4.6.1/../../../../arm-eabi/lib/thumb/libg.a
LOAD /Users/lwy08/Downloads/devkitpro/devkitARM/bin/../lib/gcc/arm-eabi/4.6.1/../../../../arm-eabi/lib/thumb/libc.a
LOAD /Users/lwy08/Downloads/devkitpro/devkitARM/bin/../lib/gcc/arm-eabi/4.6.1/../../../../arm-eabi/lib/thumb/libsysbase.a
END GROUP
LOAD /Users/lwy08/Downloads/devkitpro/devkitARM/bin/../lib/gcc/arm-eabi/4.6.1/thumb/crtend.o
LOAD /Users/lwy08/Downloads/devkitpro/devkitARM/bin/../lib/gcc/arm-eabi/4.6.1/thumb/crtn.o
OUTPUT(/Users/lwy08/Downloads/devkitpro/examples/Graphics/3D/nehe/lesson11/lesson11.elf elf32-littlearm)

.debug_ranges   0x00000000     0x11e0 load address 0x02008698
 .debug_ranges  0x00000000      0x470 nehe11.o
 .debug_ranges  0x00000470       0x18 /Users/lwy08/Downloads/devkitpro/libnds/lib/libnds9.a(pcx.o)
 .debug_ranges  0x00000488       0x80 /Users/lwy08/Downloads/devkitpro/libnds/lib/libnds9.a(trig.o)
 .debug_ranges  0x00000508      0x780 /Users/lwy08/Downloads/devkitpro/libnds/lib/libnds9.a(videoGL.o)
 .debug_ranges  0x00000c88      0x498 /Users/lwy08/Downloads/devkitpro/libnds/lib/libnds9.a(fifosystem.o)
 .debug_ranges  0x00001120       0x60 /Users/lwy08/Downloads/devkitpro/libnds/lib/libnds9.a(interrupts.o)
 .debug_ranges  0x00001180       0x60 /Users/lwy08/Downloads/devkitpro/libnds/lib/libnds9.a(video.o)
