Archive member included because of file (symbol)

/Users/lwy08/Downloads/devkitpro/libnds/lib/libnds9.a(console.o)
                              keymain.o (consoleDemoInit)
/Users/lwy08/Downloads/devkitpro/libnds/lib/libnds9.a(keyboard.o)
                              keymain.o (keyboardDemoInit)
/Users/lwy08/Downloads/devkitpro/libnds/lib/libnds9.a(keys.o)
                              keymain.o (scanKeys)
/Users/lwy08/Downloads/devkitpro/libnds/lib/libnds9.a(touch.o)
                              /Users/lwy08/Downloads/devkitpro/libnds/lib/libnds9.a(keyboard.o) (touchRead)
/Users/lwy08/Downloads/devkitpro/libnds/lib/libnds9.a(initSystem.o)
                              /Users/lwy08/Downloads/devkitpro/devkitARM/bin/../lib/gcc/arm-eabi/4.6.1/../../../../arm-eabi/lib/thumb/ds_arm9_crt0.o (initSystem)
/Users/lwy08/Downloads/devkitpro/libnds/lib/libnds9.a(fifosystem.o)
                              /Users/lwy08/Downloads/devkitpro/libnds/lib/libnds9.a(initSystem.o) (fifoSendValue32)
/Users/lwy08/Downloads/devkitpro/libnds/lib/libnds9.a(interrupts.o)
                              /Users/lwy08/Downloads/devkitpro/libnds/lib/libnds9.a(fifosystem.o) (irqSet)
/Users/lwy08/Downloads/devkitpro/libnds/lib/libnds9.a(libnds_exit.o)
                              /Users/lwy08/Downloads/devkitpro/devkitARM/bin/../lib/gcc/arm-eabi/4.6.1/../../../../arm-eabi/lib/thumb/ds_arm9_crt0.o (__libnds_exit)
/Users/lwy08/Downloads/devkitpro/libnds/lib/libnds9.a(mpu_setup.o)
                              /Users/lwy08/Downloads/devkitpro/devkitARM/bin/../lib/gcc/arm-eabi/4.6.1/../../../../arm-eabi/lib/thumb/ds_arm9_crt0.o (__libnds_mpu_setup)
/Users/lwy08/Downloads/devkitpro/libnds/lib/libnds9.a(biosCalls.o)
                              /Users/lwy08/Downloads/devkitpro/libnds/lib/libnds9.a(fifosystem.o) (swiIntrWait)
/Users/lwy08/Downloads/devkitpro/libnds/lib/libnds9.a(debugprint.o)
                              /Users/lwy08/Downloads/devkitpro/libnds/lib/libnds9.a(console.o) (nocashWrite)
/Users/lwy08/Downloads/devkitpro/libnds/lib/libnds9.a(interruptDispatcher.o)
                              /Users/lwy08/Downloads/devkitpro/libnds/lib/libnds9.a(interrupts.o) (IntrMain)
/Users/lwy08/Downloads/devkitpro/libnds/lib/libnds9.a(swiSoftReset.o)
                              /Users/lwy08/Downloads/devkitpro/libnds/lib/libnds9.a(fifosystem.o) (swiSoftReset)
/Users/lwy08/Downloads/devkitpro/libnds/lib/libnds9.a(default_font.bin.o)
                              /Users/lwy08/Downloads/devkitpro/libnds/lib/libnds9.a(console.o) (default_font_bin)
/Users/lwy08/Downloads/devkitpro/libnds/lib/libnds9.a(keyboardGfx.o)
                              /Users/lwy08/Downloads/devkitpro/libnds/lib/libnds9.a(keyboard.o) (keyboardGfxTiles)
/Users/lwy08/Downloads/devkitpro/libnds/lib/libnds9.a(background.o)
                              /Users/lwy08/Downloads/devkitpro/libnds/lib/libnds9.a(keyboard.o) (bgUpdate)
/Users/lwy08/Downloads/devkitpro/libnds/lib/libnds9.a(decompress.o)
                              /Users/lwy08/Downloads/devkitpro/libnds/lib/libnds9.a(keyboard.o) (decompress)
/Users/lwy08/Downloads/devkitpro/libnds/lib/libnds9.a(system.o)
                              /Users/lwy08/Downloads/devkitpro/libnds/lib/libnds9.a(initSystem.o) (systemMsgHandler)
/Users/lwy08/Downloads/devkitpro/libnds/lib/libnds9.a(trig.o)
                              /Users/lwy08/Downloads/devkitpro/libnds/lib/libnds9.a(background.o) (sinLerp)
/Users/lwy08/Downloads/devkitpro/libnds/lib/libnds9.a(video.o)
                              /Users/lwy08/Downloads/devkitpro/libnds/lib/libnds9.a(initSystem.o) (vramDefault)
/Users/lwy08/Downloads/devkitpro/libnds/lib/libnds9.a(syscalls.o)
                              /Users/lwy08/Downloads/devkitpro/libnds/lib/libnds9.a(decompress.o) (swiDecompressLZSSVram)
/Users/lwy08/Downloads/devkitpro/devkitARM/bin/../lib/gcc/arm-eabi/4.6.1/thumb/libgcc.a(_divsi3.o)
                              /Users/lwy08/Downloads/devkitpro/libnds/lib/libnds9.a(keyboard.o) (__aeabi_idiv)
/Users/lwy08/Downloads/devkitpro/devkitARM/bin/../lib/gcc/arm-eabi/4.6.1/thumb/libgcc.a(_dvmd_tls.o)
                              /Users/lwy08/Downloads/devkitpro/devkitARM/bin/../lib/gcc/arm-eabi/4.6.1/thumb/libgcc.a(_divsi3.o) (__aeabi_idiv0)
/Users/lwy08/Downloads/devkitpro/devkitARM/bin/../lib/gcc/arm-eabi/4.6.1/../../../../arm-eabi/lib/thumb/libg.a(lib_a-bsearch.o)
                              /Users/lwy08/Downloads/devkitpro/libnds/lib/libnds9.a(trig.o) (bsearch)
/Users/lwy08/Downloads/devkitpro/devkitARM/bin/../lib/gcc/arm-eabi/4.6.1/../../../../arm-eabi/lib/thumb/libg.a(lib_a-impure.o)
                              /Users/lwy08/Downloads/devkitpro/libnds/lib/libnds9.a(console.o) (_impure_ptr)
/Users/lwy08/Downloads/devkitpro/devkitARM/bin/../lib/gcc/arm-eabi/4.6.1/../../../../arm-eabi/lib/thumb/libg.a(lib_a-init.o)
[...]
Memory Configuration

Name             Origin             Length             Attributes
rom              0x08000000         0x02000000
ewram            0x02000000         0x003ff000
dtcm             0x0b000000         0x00004000
vectors          0x01000000         0x00000100
itcm             0x01000100         0x00007f00
*default*        0x00000000         0xffffffff

Linker script and memory map

                0x01000000                __vectors_start = ORIGIN (vectors)
                0x01000100                __itcm_start = ORIGIN (itcm)
                0x023ff000                __ewram_end = (ORIGIN (ewram) + 0x3ff000)
                0x023ff000                __eheap_end = (ORIGIN (ewram) + 0x3ff000)
                0x0b000000                __dtcm_start = ORIGIN (dtcm)
                0x0b004000                __dtcm_top = (ORIGIN (dtcm) + 0x4000)
                0x0b003ff8                __irq_flags = (__dtcm_top - 0x8)
                0x0b003ffc                __irq_vector = (__dtcm_top - 0x4)
                0x0b003f00                __sp_svc = (__dtcm_top - 0x100)
                0x0b003e00                __sp_irq = (__sp_svc - 0x100)
                0x0b003d00                __sp_usr = (__sp_irq - 0x100)

.init           0x02000000      0x23c
                0x02000000                __text_start = .
 *(.init)
 .init          0x02000000      0x230 /Users/lwy08/Downloads/devkitpro/devkitARM/bin/../lib/gcc/arm-eabi/4.6.1/../../../../arm-eabi/lib/thumb/ds_arm9_crt0.o
                0x02000000                _start
 .init          0x02000230        0x4 /Users/lwy08/Downloads/devkitpro/devkitARM/bin/../lib/gcc/arm-eabi/4.6.1/thumb/crti.o
                0x02000230                _init
 .init          0x02000234        0x8 /Users/lwy08/Downloads/devkitpro/devkitARM/bin/../lib/gcc/arm-eabi/4.6.1/thumb/crtn.o
                0x0200023c                . = ALIGN (0x4)

.plt
 *(.plt)

.text           0x02000240    0x11e58
 *(EXCLUDE_FILE(*.itcm*) .text)
 .text          0x02000240        0x0 /Users/lwy08/Downloads/devkitpro/devkitARM/bin/../lib/gcc/arm-eabi/4.6.1/../../../../arm-eabi/lib/thumb/ds_arm9_crt0.o
 .text          0x02000240        0x0 /Users/lwy08/Downloads/devkitpro/devkitARM/bin/../lib/gcc/arm-eabi/4.6.1/thumb/crti.o
 .text          0x02000240       0x6c /Users/lwy08/Downloads/devkitpro/devkitARM/bin/../lib/gcc/arm-eabi/4.6.1/thumb/crtbegin.o
 .text          0x020002ac       0x14 keymain.o
                0x020002ac                OnKeyPressed
 .text          0x020002c0      0xa30 /Users/lwy08/Downloads/devkitpro/libnds/lib/libnds9.a(console.o)
                0x020002c0                nocash_write
                0x02000380                consoleGetDefault
                0x0200038c                consoleSelect
                0x0200039c                consoleDebugInit
                0x020003ec                consolePrintChar
                0x0200059c                consoleLoadFont
                0x02000834                consoleSetFont
                0x02000854                consoleInit
                0x020009b8                consoleDemoInit
                0x020009fc                con_write
                0x02000cbc                consoleClear
                0x02000ccc                consoleSetWindow
 .text          0x02000cf0      0x798 /Users/lwy08/Downloads/devkitpro/libnds/lib/libnds9.a(keyboard.o)
                0x02000cf0                keyboardGetKey
                0x02000d40                keyboardShiftState
                0x02000dd0                swapKeyGfx
                0x02000f0c                keyboardUpdate
                0x02001020                keyboardGetDefault
                0x0200102c                keyboardInit
                0x02001224                keyboardDemoInit
                0x02001250                keyboardShow
                0x0200131c                keyboardHide
                0x020013a4                keyboardRead
                0x02001434                keyboardGetChar
                0x02001460                keyboardGetString
 .text          0x02001488       0xf4 /Users/lwy08/Downloads/devkitpro/libnds/lib/libnds9.a(keys.o)
                0x02001488                scanKeys
                0x020014f4                keysHeld
                0x02001500                keysDown
                0x02001510                keysDownRepeat
                0x02001520                keysSetRepeat
                0x02001538                keysUp
                0x02001548                keysCurrent
 .text          0x0200157c       0x4c /Users/lwy08/Downloads/devkitpro/libnds/lib/libnds9.a(touch.o)
                0x0200157c                touchRead
                0x020015a4                touchReadXY
 .text          0x020015c8      0x19c /Users/lwy08/Downloads/devkitpro/libnds/lib/libnds9.a(initSystem.o)
                0x020015c8                initSystem
 .text          0x02001764      0xc88 /Users/lwy08/Downloads/devkitpro/libnds/lib/libnds9.a(fifosystem.o)
                0x020019c4                fifoSendAddress
                0x020019f0                fifoSendValue32
                0x02001a30                fifoSendDatamsg
                0x02001aa0                fifoGetAddress
                0x02001b14                fifoSetAddressHandler
                0x02001b88                fifoGetValue32
                0x02001bfc                fifoSetValue32Handler
                0x02001c70                fifoGetDatamsg
                0x02002114                fifoSetDatamsgHandler
                0x020021ac                fifoCheckAddress
                0x020021d0                fifoCheckDatamsg
                0x020021f4                fifoCheckValue32
                0x02002218                fifoInit
 .text          0x020023ec      0x1f4 /Users/lwy08/Downloads/devkitpro/libnds/lib/libnds9.a(interrupts.o)
                0x020023ec                irqDummy
                0x020023f0                irqSet
                0x02002460                irqInit
                0x020024ac                irqInitHandler
                0x020024dc                irqEnable
                0x02002540                irqDisable
                0x020025a4                irqClear
 .text          0x020025e0       0x40 /Users/lwy08/Downloads/devkitpro/libnds/lib/libnds9.a(libnds_exit.o)
                0x020025e0                systemErrorExit
                0x020025e4                __libnds_exit
 .text          0x02002620      0x1b4 /Users/lwy08/Downloads/devkitpro/libnds/lib/libnds9.a(mpu_setup.o)
                0x02002620                __libnds_mpu_setup
                0x02002760                memCached
                0x02002778                memUncached
 *fill*         0x020027d4        0xc ff
 .text          0x020027e0       0x70 /Users/lwy08/Downloads/devkitpro/libnds/lib/libnds9.a(biosCalls.o)
                0x020027e0                swiDelay
                0x020027e4                swiIntrWait
                0x020027e8                swiWaitForVBlank
                0x020027ec                swiSleep
                0x020027f0                swiChangeSoundBias
                0x020027f4                swiDivide
                0x020027f8                swiRemainder
                0x020027fe                swiDivMod
                0x0200280a                swiCopy
                0x0200280e                swiFastCopy
                0x02002812                swiSqrt
                0x02002816                swiCRC16
                0x0200281a                swiIsDebugger
                0x0200281e                swiUnpackBits
                0x02002822                swiDecompressLZSSWram
                0x02002826                swiDecompressLZSSVramNTR
                0x0200282a                swiDecompressLZSSVramTWL
                0x0200282e                swiDecompressHuffman
                0x02002832                swiDecompressRLEWram
                0x02002836                swiDecompressRLEVram
                0x0200283a                swiWaitForIRQ
                0x0200283e                swiDecodeDelta8
                0x02002842                swiDecodeDelta16
                0x02002846                swiSetHaltCR
 .text          0x02002850       0xa4 /Users/lwy08/Downloads/devkitpro/libnds/lib/libnds9.a(debugprint.o)
                0x02002850                nocashWrite
                0x02002852                nocashMessage
 .text          0x020028f4        0x0 /Users/lwy08/Downloads/devkitpro/libnds/lib/libnds9.a(interruptDispatcher.o)
 *fill*         0x020028f4        0xc ff
 .text          0x02002900       0x30 /Users/lwy08/Downloads/devkitpro/libnds/lib/libnds9.a(swiSoftReset.o)
                0x02002900                swiSoftReset
 .text          0x02002930        0x0 /Users/lwy08/Downloads/devkitpro/libnds/lib/libnds9.a(default_font.bin.o)
 .text          0x02002930        0x0 /Users/lwy08/Downloads/devkitpro/libnds/lib/libnds9.a(keyboardGfx.o)
 .text          0x02002930      0x314 /Users/lwy08/Downloads/devkitpro/libnds/lib/libnds9.a(background.o)
                0x02002930                bgIsText
                0x0200293c                checkIfText
                0x0200299c                bgUpdate
                0x02002aac                bgInit_call
                0x02002b70                bgInitSub_call
 .text          0x02002c44       0x84 /Users/lwy08/Downloads/devkitpro/libnds/lib/libnds9.a(decompress.o)
                0x02002c44                getHeader
                0x02002c48                readByte
                0x02002c4c                decompress
                0x02002c8c                decompressStream
 .text          0x02002cc8       0xf0 /Users/lwy08/Downloads/devkitpro/libnds/lib/libnds9.a(system.o)
                0x02002cc8                systemMsgHandler
                0x02002d0c                systemSleep
                0x02002d24                powerValueHandler
                0x02002d34                powerOn
                0x02002d60                powerOff
                0x02002d88                ledBlink
                0x02002d98                getBatteryLevel
 .text          0x02002db8      0x248 /Users/lwy08/Downloads/devkitpro/libnds/lib/libnds9.a(trig.o)
                0x02002db8                asinComp
                0x02002ddc                sinLutLookup
                0x02002e18                sinLerp
                0x02002e50                cosLerp
                0x02002e64                tanLutLookup
                0x02002e9c                tanLerp
                0x02002f4c                asinLerp
                0x02002fc8                acosLerp
                0x02002fdc                atanComp
 .text          0x02003000      0x150 /Users/lwy08/Downloads/devkitpro/libnds/lib/libnds9.a(video.o)
                0x02003000                vramSetPrimaryBanks
                0x02003044                vramSetMainBanks
                0x02003088                vramSetBanks_EFG
                0x020030c0                vramRestorePrimaryBanks
                0x020030cc                vramRestoreMainBanks
                0x020030d8                vramRestoreBanks_EFG
                0x020030e4                setBrightness
                0x02003124                vramDefault
 .text          0x02003150       0x1c /Users/lwy08/Downloads/devkitpro/libnds/lib/libnds9.a(syscalls.o)
                0x02003150                swiDecompressLZSSVram
 .text          0x0200316c      0x150 /Users/lwy08/Downloads/devkitpro/devkitARM/bin/../lib/gcc/arm-eabi/4.6.1/thumb/libgcc.a(_divsi3.o)
                0x0200316c                __aeabi_idiv
                0x0200316c                __divsi3
                0x0200329c                __aeabi_idivmod
 .text          0x020032bc        0x4 /Users/lwy08/Downloads/devkitpro/devkitARM/bin/../lib/gcc/arm-eabi/4.6.1/thumb/libgcc.a(_dvmd_tls.o)
                0x020032bc                __aeabi_ldiv0
                0x020032bc                __aeabi_idiv0
 .text          0x020032c0       0x64 /Users/lwy08/Downloads/devkitpro/devkitARM/bin/../lib/gcc/arm-eabi/4.6.1/../../../../arm-eabi/lib/thumb/libg.a(lib_a-bsearch.o)
                0x020032c0                bsearch
 .text          0x02003324        0x0 /Users/lwy08/Downloads/devkitpro/devkitARM/bin/../lib/gcc/arm-eabi/4.6.1/../../../../arm-eabi/lib/thumb/libg.a(lib_a-impure.o)
 .text          0x02003324       0x50 /Users/lwy08/Downloads/devkitpro/devkitARM/bin/../lib/gcc/arm-eabi/4.6.1/../../../../arm-eabi/lib/thumb/libg.a(lib_a-init.o)
                0x02003324                __libc_init_array
 .text          0x02003374       0x40 /Users/lwy08/Downloads/devkitpro/devkitARM/bin/../lib/gcc/arm-eabi/4.6.1/../../../../arm-eabi/lib/thumb/libg.a(lib_a-iprintf.o)
                0x02003374                iprintf
                0x02003398                _iprintf_r
 .text          0x020033b4       0x80 /Users/lwy08/Downloads/devkitpro/devkitARM/bin/../lib/gcc/arm-eabi/4.6.1/../../../../arm-eabi/lib/thumb/libg.a(lib_a-memcpy.o)
                0x020033b4                memcpy
 .text          0x02003434       0x40 /Users/lwy08/Downloads/devkitpro/devkitARM/bin/../lib/gcc/arm-eabi/4.6.1/../../../../arm-eabi/lib/thumb/libg.a(lib_a-scanf.o)
                0x02003434                scanf
                0x02003458                _scanf_r
 .text          0x02003474      0x118 /Users/lwy08/Downloads/devkitpro/devkitARM/bin/../lib/gcc/arm-eabi/4.6.1/../../../../arm-eabi/lib/thumb/libg.a(lib_a-setvbuf.o)
                0x02003474                setvbuf
 .text          0x0200358c       0xa0 /Users/lwy08/Downloads/devkitpro/devkitARM/bin/../lib/gcc/arm-eabi/4.6.1/../../../../arm-eabi/lib/thumb/libg.a(lib_a-siscanf.o)
                0x0200358c                siscanf
                0x020035dc                _siscanf_r
 .text          0x0200362c       0xac /Users/lwy08/Downloads/devkitpro/devkitARM/bin/../lib/gcc/arm-eabi/4.6.1/../../../../arm-eabi/lib/thumb/libg.a(lib_a-stdio.o)
                0x0200362c                __sread
                0x02003658                __seofread
                0x0200365c                __swrite
                0x02003698                __sseek
                0x020036c8                __sclose
 .text          0x020036d8       0x10 /Users/lwy08/Downloads/devkitpro/devkitARM/bin/../lib/gcc/arm-eabi/4.6.1/../../../../arm-eabi/lib/thumb/libg.a(lib_a-strlen.o)
                0x020036d8                strlen
 .text          0x020036e8      0xab0 /Users/lwy08/Downloads/devkitpro/devkitARM/bin/../lib/gcc/arm-eabi/4.6.1/../../../../arm-eabi/lib/thumb/libg.a(lib_a-svfiscanf.o)
                0x020036e8                _sungetc_r
                0x02003770                __ssrefill_r
                0x020037b4                _sfread_r
                0x02003840                __ssvfiscanf_r
 .text          0x02004198      0x180 /Users/lwy08/Downloads/devkitpro/devkitARM/bin/../lib/gcc/arm-eabi/4.6.1/../../../../arm-eabi/lib/thumb/libg.a(lib_a-ungetc.o)
                0x02004198                __submore
                0x02004220                _ungetc_r
                0x020042fc                ungetc
 .text          0x02004318      0xea8 /Users/lwy08/Downloads/devkitpro/devkitARM/bin/../lib/gcc/arm-eabi/4.6.1/../../../../arm-eabi/lib/thumb/libg.a(lib_a-vfiprintf.o)
                0x02004318                __sprint_r
                0x0200439c                _vfiprintf_r
                0x0200519c                vfiprintf
 .text          0x020051c0      0xe4c /Users/lwy08/Downloads/devkitpro/devkitARM/bin/../lib/gcc/arm-eabi/4.6.1/../../../../arm-eabi/lib/thumb/libg.a(lib_a-vfscanf.o)
                0x020051c0                __svfscanf_r
                0x02005f8c                _vfscanf_r
                0x02005fb8                __svfscanf
                0x02005fd8                vfscanf
 .text          0x0200600c       0xdc /Users/lwy08/Downloads/devkitpro/devkitARM/bin/../lib/gcc/arm-eabi/4.6.1/../../../../arm-eabi/lib/thumb/libg.a(lib_a-wcrtomb.o)
                0x0200600c                _wcrtomb_r
                0x02006070                wcrtomb
 .text          0x020060e8       0x40 /Users/lwy08/Downloads/devkitpro/devkitARM/bin/../lib/gcc/arm-eabi/4.6.1/../../../../arm-eabi/lib/thumb/libg.a(lib_a-wcsrtombs.o)
                0x020060e8                _wcsrtombs_r
                0x02006100                wcsrtombs
 .text          0x02006128      0x27c /Users/lwy08/Downloads/devkitpro/devkitARM/bin/../lib/gcc/arm-eabi/4.6.1/../../../../arm-eabi/lib/thumb/libg.a(lib_a-wctomb_r.o)
                0x02006128                __utf8_wctomb
                0x020061e8                _wctomb_r
                0x02006220                __ascii_wctomb
                0x02006240                __sjis_wctomb
                0x020062ac                __eucjp_wctomb
                0x02006328                __jis_wctomb
 .text          0x020063a4       0xbc /Users/lwy08/Downloads/devkitpro/devkitARM/bin/../lib/gcc/arm-eabi/4.6.1/../../../../arm-eabi/lib/thumb/libg.a(lib_a-wsetup.o)
                0x020063a4                __swsetup_r
 .text          0x02006460       0x10 /Users/lwy08/Downloads/devkitpro/devkitARM/bin/../lib/gcc/arm-eabi/4.6.1/../../../../arm-eabi/lib/thumb/libg.a(lib_a-ctype_.o)
                0x02006460                __set_ctype
 .text          0x02006470      0x18c /Users/lwy08/Downloads/devkitpro/devkitARM/bin/../lib/gcc/arm-eabi/4.6.1/../../../../arm-eabi/lib/thumb/libg.a(lib_a-fflush.o)
                0x02006470                _fflush_r
                0x020065cc                fflush
 .text          0x020065fc      0x1ec /Users/lwy08/Downloads/devkitpro/devkitARM/bin/../lib/gcc/arm-eabi/4.6.1/../../../../arm-eabi/lib/thumb/libg.a(lib_a-findfp.o)
                0x02006604                _cleanup_r
                0x02006664                __sfmoreglue
                0x02006694                _cleanup
                0x020066a8                __sinit
                0x020066fc                __sfp
                0x020067a0                __sfp_lock_acquire
                0x020067a4                __sfp_lock_release
                0x020067a8                __sinit_lock_acquire
                0x020067ac                __sinit_lock_release
                0x020067b0                __fp_lock_all
                0x020067cc                __fp_unlock_all
 .text          0x020067e8      0x108 /Users/lwy08/Downloads/devkitpro/devkitARM/bin/../lib/gcc/arm-eabi/4.6.1/../../../../arm-eabi/lib/thumb/libg.a(lib_a-fputwc.o)
                0x020067e8                _fputwc_r
                0x020068c4                fputwc
 .text          0x020068f0      0x190 /Users/lwy08/Downloads/devkitpro/devkitARM/bin/../lib/gcc/arm-eabi/4.6.1/../../../../arm-eabi/lib/thumb/libg.a(lib_a-fread.o)
                0x020068f0                _fread_r
                0x02006a58                fread
 .text          0x02006a80      0x248 /Users/lwy08/Downloads/devkitpro/devkitARM/bin/../lib/gcc/arm-eabi/4.6.1/../../../../arm-eabi/lib/thumb/libg.a(lib_a-freer.o)
                0x02006a80                _malloc_trim_r
                0x02006b2c                _free_r
 .text          0x02006cc8      0x31c /Users/lwy08/Downloads/devkitpro/devkitARM/bin/../lib/gcc/arm-eabi/4.6.1/../../../../arm-eabi/lib/thumb/libg.a(lib_a-fvwrite.o)
                0x02006cc8                __sfvwrite_r
 .text          0x02006fe4       0xc4 /Users/lwy08/Downloads/devkitpro/devkitARM/bin/../lib/gcc/arm-eabi/4.6.1/../../../../arm-eabi/lib/thumb/libg.a(lib_a-fwalk.o)
                0x02006fe4                _fwalk
                0x02007040                _fwalk_reent
 .text          0x020070a8       0x84 /Users/lwy08/Downloads/devkitpro/devkitARM/bin/../lib/gcc/arm-eabi/4.6.1/../../../../arm-eabi/lib/thumb/libg.a(lib_a-iswspace.o)
                0x020070a8                iswspace
 .text          0x0200712c      0x1f4 /Users/lwy08/Downloads/devkitpro/devkitARM/bin/../lib/gcc/arm-eabi/4.6.1/../../../../arm-eabi/lib/thumb/libg.a(lib_a-jp2uc.o)
                0x020072bc                _jp2uc
 .text          0x02007320      0x938 /Users/lwy08/Downloads/devkitpro/devkitARM/bin/../lib/gcc/arm-eabi/4.6.1/../../../../arm-eabi/lib/thumb/libg.a(lib_a-locale.o)
                0x020079dc                _setlocale_r
                0x02007bf8                __locale_charset
                0x02007c00                __locale_mb_cur_max
                0x02007c0c                __locale_msgcharset
                0x02007c18                __locale_cjk_lang
                0x02007c24                _localeconv_r
                0x02007c30                setlocale
                0x02007c4c                localeconv
 .text          0x02007c58       0xe4 /Users/lwy08/Downloads/devkitpro/devkitARM/bin/../lib/gcc/arm-eabi/4.6.1/../../../../arm-eabi/lib/thumb/libg.a(lib_a-makebuf.o)
                0x02007c58                __smakebuf_r
 .text          0x02007d3c       0x30 /Users/lwy08/Downloads/devkitpro/devkitARM/bin/../lib/gcc/arm-eabi/4.6.1/../../../../arm-eabi/lib/thumb/libg.a(lib_a-malloc.o)
                0x02007d3c                malloc
                0x02007d54                free
 .text          0x02007d6c      0x514 /Users/lwy08/Downloads/devkitpro/devkitARM/bin/../lib/gcc/arm-eabi/4.6.1/../../../../arm-eabi/lib/thumb/libg.a(lib_a-mallocr.o)
                0x02007d6c                _malloc_r
 .text          0x02008280       0xfc /Users/lwy08/Downloads/devkitpro/devkitARM/bin/../lib/gcc/arm-eabi/4.6.1/../../../../arm-eabi/lib/thumb/libg.a(lib_a-mbrtowc.o)
                0x02008280                _mbrtowc_r
                0x020082f4                mbrtowc
 .text          0x0200837c      0x5f8 /Users/lwy08/Downloads/devkitpro/devkitARM/bin/../lib/gcc/arm-eabi/4.6.1/../../../../arm-eabi/lib/thumb/libg.a(lib_a-mbtowc_r.o)
                0x0200837c                __utf8_mbtowc
                0x02008644                _mbtowc_r
                0x02008680                __ascii_mbtowc
                0x020086ac                __sjis_mbtowc
                0x02008768                __eucjp_mbtowc
                0x02008848                __jis_mbtowc
 .text          0x02008974       0x94 /Users/lwy08/Downloads/devkitpro/devkitARM/bin/../lib/gcc/arm-eabi/4.6.1/../../../../arm-eabi/lib/thumb/libg.a(lib_a-memchr.o)
                0x02008974                memchr
 .text          0x02008a08       0xa8 /Users/lwy08/Downloads/devkitpro/devkitARM/bin/../lib/gcc/arm-eabi/4.6.1/../../../../arm-eabi/lib/thumb/libg.a(lib_a-memmove.o)
                0x02008a08                memmove
 .text          0x02008ab0       0x98 /Users/lwy08/Downloads/devkitpro/devkitARM/bin/../lib/gcc/arm-eabi/4.6.1/../../../../arm-eabi/lib/thumb/libg.a(lib_a-memset.o)
                0x02008ab0                memset
 .text          0x02008b48        0x8 /Users/lwy08/Downloads/devkitpro/devkitARM/bin/../lib/gcc/arm-eabi/4.6.1/../../../../arm-eabi/lib/thumb/libg.a(lib_a-mlock.o)
                0x02008b48                __malloc_lock
                0x02008b4c                __malloc_unlock
 .text          0x02008b50      0x3c4 /Users/lwy08/Downloads/devkitpro/devkitARM/bin/../lib/gcc/arm-eabi/4.6.1/../../../../arm-eabi/lib/thumb/libg.a(lib_a-reallocr.o)
                0x02008b50                _realloc_r
 .text          0x02008f14      0x138 /Users/lwy08/Downloads/devkitpro/devkitARM/bin/../lib/gcc/arm-eabi/4.6.1/../../../../arm-eabi/lib/thumb/libg.a(lib_a-refill.o)
                0x02008f34                __srefill_r
 .text          0x0200904c       0x90 /Users/lwy08/Downloads/devkitpro/devkitARM/bin/../lib/gcc/arm-eabi/4.6.1/../../../../arm-eabi/lib/thumb/libg.a(lib_a-s_fpclassify.o)
                0x0200904c                __fpclassifyd
 .text          0x020090dc       0x7c /Users/lwy08/Downloads/devkitpro/devkitARM/bin/../lib/gcc/arm-eabi/4.6.1/../../../../arm-eabi/lib/thumb/libg.a(lib_a-sccl.o)
                0x020090dc                __sccl
 .text          0x02009158        0x8 /Users/lwy08/Downloads/devkitpro/devkitARM/bin/../lib/gcc/arm-eabi/4.6.1/../../../../arm-eabi/lib/thumb/libg.a(lib_a-sf_nan.o)
                0x02009158                nanf
 .text          0x02009160       0x84 /Users/lwy08/Downloads/devkitpro/devkitARM/bin/../lib/gcc/arm-eabi/4.6.1/../../../../arm-eabi/lib/thumb/libg.a(lib_a-sprintf.o)
                0x02009160                _sprintf_r
                0x020091a0                sprintf
 .text          0x020091e4       0x50 /Users/lwy08/Downloads/devkitpro/devkitARM/bin/../lib/gcc/arm-eabi/4.6.1/../../../../arm-eabi/lib/thumb/libg.a(lib_a-strcasecmp.o)
                0x020091e4                strcasecmp
 .text          0x02009234       0x58 /Users/lwy08/Downloads/devkitpro/devkitARM/bin/../lib/gcc/arm-eabi/4.6.1/../../../../arm-eabi/lib/thumb/libg.a(lib_a-strcat.o)
                0x02009234                strcat
 .text          0x0200928c       0xe4 /Users/lwy08/Downloads/devkitpro/devkitARM/bin/../lib/gcc/arm-eabi/4.6.1/../../../../arm-eabi/lib/thumb/libg.a(lib_a-strchr.o)
                0x0200928c                strchr
 .text          0x02009370       0x14 /Users/lwy08/Downloads/devkitpro/devkitARM/bin/../lib/gcc/arm-eabi/4.6.1/../../../../arm-eabi/lib/thumb/libg.a(lib_a-strcmp.o)
                0x02009370                strcmp
 .text          0x02009384       0x10 /Users/lwy08/Downloads/devkitpro/devkitARM/bin/../lib/gcc/arm-eabi/4.6.1/../../../../arm-eabi/lib/thumb/libg.a(lib_a-strcpy.o)
                0x02009384                strcpy
 .text          0x02009394       0x4c /Users/lwy08/Downloads/devkitpro/devkitARM/bin/../lib/gcc/arm-eabi/4.6.1/../../../../arm-eabi/lib/thumb/libg.a(lib_a-strlcpy.o)
                0x02009394                strlcpy
 .text          0x020093e0       0x60 /Users/lwy08/Downloads/devkitpro/devkitARM/bin/../lib/gcc/arm-eabi/4.6.1/../../../../arm-eabi/lib/thumb/libg.a(lib_a-strncasecmp.o)
                0x020093e0                strncasecmp
 .text          0x02009440       0xc0 /Users/lwy08/Downloads/devkitpro/devkitARM/bin/../lib/gcc/arm-eabi/4.6.1/../../../../arm-eabi/lib/thumb/libg.a(lib_a-strncmp.o)
                0x02009440                strncmp
 .text          0x02009500       0x78 /Users/lwy08/Downloads/devkitpro/devkitARM/bin/../lib/gcc/arm-eabi/4.6.1/../../../../arm-eabi/lib/thumb/libg.a(lib_a-strncpy.o)
                0x02009500                strncpy
 .text          0x02009578      0xe58 /Users/lwy08/Downloads/devkitpro/devkitARM/bin/../lib/gcc/arm-eabi/4.6.1/../../../../arm-eabi/lib/thumb/libg.a(lib_a-strtod.o)
                0x020095a8                _strtod_r
                0x0200a37c                strtod
                0x0200a398                strtof
 .text          0x0200a3d0      0x184 /Users/lwy08/Downloads/devkitpro/devkitARM/bin/../lib/gcc/arm-eabi/4.6.1/../../../../arm-eabi/lib/thumb/libg.a(lib_a-strtol.o)
                0x0200a3d0                _strtol_r
                0x0200a534                strtol
 *fill*         0x0200a554        0x4 ff
 .text          0x0200a558      0x210 /Users/lwy08/Downloads/devkitpro/devkitARM/bin/../lib/gcc/arm-eabi/4.6.1/../../../../arm-eabi/lib/thumb/libg.a(lib_a-strtoll_r.o)
                0x0200a558                _strtoll_r
 .text          0x0200a768      0x198 /Users/lwy08/Downloads/devkitpro/devkitARM/bin/../lib/gcc/arm-eabi/4.6.1/../../../../arm-eabi/lib/thumb/libg.a(lib_a-strtoul.o)
                0x0200a768                _strtoul_r
                0x0200a8e0                strtoul
 .text          0x0200a900      0x220 /Users/lwy08/Downloads/devkitpro/devkitARM/bin/../lib/gcc/arm-eabi/4.6.1/../../../../arm-eabi/lib/thumb/libg.a(lib_a-strtoull_r.o)
                0x0200a900                _strtoull_r
 .text          0x0200ab20     0x16f8 /Users/lwy08/Downloads/devkitpro/devkitARM/bin/../lib/gcc/arm-eabi/4.6.1/../../../../arm-eabi/lib/thumb/libg.a(lib_a-svfprintf.o)
                0x0200ab20                _svfprintf_r
 .text          0x0200c218       0xe4 /Users/lwy08/Downloads/devkitpro/devkitARM/bin/../lib/gcc/arm-eabi/4.6.1/../../../../arm-eabi/lib/thumb/libg.a(lib_a-wbuf.o)
                0x0200c218                __swbuf_r
                0x0200c2e0                __swbuf
 .text          0x0200c2fc      0x13c /Users/lwy08/Downloads/devkitpro/devkitARM/bin/../lib/gcc/arm-eabi/4.6.1/../../../../arm-eabi/lib/thumb/libg.a(lib_a-wcsnrtombs.o)
                0x0200c2fc                _wcsnrtombs_r
                0x0200c408                wcsnrtombs
 .text          0x0200c438     0x1010 /Users/lwy08/Downloads/devkitpro/devkitARM/bin/../lib/gcc/arm-eabi/4.6.1/../../../../arm-eabi/lib/thumb/libg.a(lib_a-dtoa.o)
                0x0200c594                _dtoa_r
 .text          0x0200d448       0xc0 /Users/lwy08/Downloads/devkitpro/devkitARM/bin/../lib/gcc/arm-eabi/4.6.1/../../../../arm-eabi/lib/thumb/libg.a(lib_a-fclose.o)
                0x0200d448                _fclose_r
                0x0200d4ec                fclose
 .text          0x0200d508      0x64c /Users/lwy08/Downloads/devkitpro/devkitARM/bin/../lib/gcc/arm-eabi/4.6.1/../../../../arm-eabi/lib/thumb/libg.a(lib_a-gdtoa-gethex.o)
                0x0200d5c8                __hexdig_init
                0x0200d624                __gethex
 .text          0x0200db54      0x1e0 /Users/lwy08/Downloads/devkitpro/devkitARM/bin/../lib/gcc/arm-eabi/4.6.1/../../../../arm-eabi/lib/thumb/libg.a(lib_a-gdtoa-hexnan.o)
                0x0200db54                __hexnan
 .text          0x0200dd34       0xa8 /Users/lwy08/Downloads/devkitpro/devkitARM/bin/../lib/gcc/arm-eabi/4.6.1/../../../../arm-eabi/lib/thumb/libg.a(lib_a-getenv_r.o)
                0x0200dd34                _findenv_r
                0x0200ddcc                _getenv_r
 *fill*         0x0200dddc        0x4 ff
 .text          0x0200dde0      0x988 /Users/lwy08/Downloads/devkitpro/devkitARM/bin/../lib/gcc/arm-eabi/4.6.1/../../../../arm-eabi/lib/thumb/libg.a(lib_a-mprec.o)
                0x0200dde0                _Balloc
                0x0200de34                _Bfree
                0x0200de4c                __multadd
                0x0200dee0                __s2b
                0x0200df74                __hi0bits
                0x0200dfac                __lo0bits
                0x0200e00c                __i2b
                0x0200e024                __multiply
                0x0200e194                __pow5mult
                0x0200e244                __lshift
                0x0200e314                __mcmp
                0x0200e350                __mdiff
                0x0200e43c                __ulp
                0x0200e484                __b2d
                0x0200e540                __d2b
                0x0200e610                __ratio
                0x0200e67c                _mprec_log10
                0x0200e6bc                __copybits
                0x0200e704                __any_on
 .text          0x0200e768      0xd9c /Users/lwy08/Downloads/devkitpro/devkitARM/bin/../lib/gcc/arm-eabi/4.6.1/../../../../arm-eabi/lib/thumb/libg.a(lib_a-svfiprintf.o)
                0x0200e768                __ssprint_r
                0x0200e898                _svfiprintf_r
 .text          0x0200f504       0x64 /Users/lwy08/Downloads/devkitpro/devkitARM/bin/../lib/gcc/arm-eabi/4.6.1/../../../../arm-eabi/lib/thumb/libg.a(lib_a-callocr.o)
                0x0200f504                _calloc_r
 .text          0x0200f568        0x0 /Users/lwy08/Downloads/devkitpro/devkitARM/bin/../lib/gcc/arm-eabi/4.6.1/../../../../arm-eabi/lib/thumb/libg.a(lib_a-environ.o)
 .text          0x0200f568        0x8 /Users/lwy08/Downloads/devkitpro/devkitARM/bin/../lib/gcc/arm-eabi/4.6.1/../../../../arm-eabi/lib/thumb/libg.a(lib_a-envlock.o)
                0x0200f568                __env_lock
                0x0200f56c                __env_unlock
 .text          0x0200f570      0x144 /Users/lwy08/Downloads/devkitpro/devkitARM/bin/../lib/gcc/arm-eabi/4.6.1/../../../../arm-eabi/lib/thumb/libsysbase.a(iosupport.o)
                0x0200f570                setDefaultDevice
                0x0200f584                FindDevice
                0x0200f5f4                RemoveDevice
                0x0200f618                AddDevice
                0x0200f694                GetDeviceOpTab
 .text          0x0200f6b4       0x50 /Users/lwy08/Downloads/devkitpro/devkitARM/bin/../lib/gcc/arm-eabi/4.6.1/../../../../arm-eabi/lib/thumb/libsysbase.a(close.o)
                0x0200f6b4                _close_r
 .text          0x0200f704       0x58 /Users/lwy08/Downloads/devkitpro/devkitARM/bin/../lib/gcc/arm-eabi/4.6.1/../../../../arm-eabi/lib/thumb/libsysbase.a(fstat.o)
                0x0200f704                _fstat_r
 .text          0x0200f75c        0x4 /Users/lwy08/Downloads/devkitpro/devkitARM/bin/../lib/gcc/arm-eabi/4.6.1/../../../../arm-eabi/lib/thumb/libsysbase.a(isatty.o)
                0x0200f75c                _isatty_r
 .text          0x0200f760       0x54 /Users/lwy08/Downloads/devkitpro/devkitARM/bin/../lib/gcc/arm-eabi/4.6.1/../../../../arm-eabi/lib/thumb/libsysbase.a(lseek.o)
                0x0200f760                _lseek_r
 .text          0x0200f7b4       0x54 /Users/lwy08/Downloads/devkitpro/devkitARM/bin/../lib/gcc/arm-eabi/4.6.1/../../../../arm-eabi/lib/thumb/libsysbase.a(read.o)
                0x0200f7b4                _read_r
 .text          0x0200f808       0x54 /Users/lwy08/Downloads/devkitpro/devkitARM/bin/../lib/gcc/arm-eabi/4.6.1/../../../../arm-eabi/lib/thumb/libsysbase.a(sbrk.o)
                0x0200f808                _sbrk_r
 .text          0x0200f85c       0x48 /Users/lwy08/Downloads/devkitpro/devkitARM/bin/../lib/gcc/arm-eabi/4.6.1/../../../../arm-eabi/lib/thumb/libsysbase.a(times.o)
                0x0200f85c                _times
                0x0200f870                _times_r
                0x0200f878                _gettimeofday_r
 .text          0x0200f8a4       0x54 /Users/lwy08/Downloads/devkitpro/devkitARM/bin/../lib/gcc/arm-eabi/4.6.1/../../../../arm-eabi/lib/thumb/libsysbase.a(write.o)
                0x0200f8a4                _write_r
 .text          0x0200f8f8        0x0 /Users/lwy08/Downloads/devkitpro/devkitARM/bin/../lib/gcc/arm-eabi/4.6.1/../../../../arm-eabi/lib/thumb/libsysbase.a(malloc_vars.o)
 .text          0x0200f8f8       0x48 /Users/lwy08/Downloads/devkitpro/devkitARM/bin/../lib/gcc/arm-eabi/4.6.1/../../../../arm-eabi/lib/thumb/libsysbase.a(build_argv.o)
                0x0200f8f8                build_argv
 .text          0x0200f940        0x0 /Users/lwy08/Downloads/devkitpro/devkitARM/bin/../lib/gcc/arm-eabi/4.6.1/../../../../arm-eabi/lib/thumb/libsysbase.a(syscall_support.o)
 .text          0x0200f940       0x80 /Users/lwy08/Downloads/devkitpro/devkitARM/bin/../lib/gcc/arm-eabi/4.6.1/../../../../arm-eabi/lib/thumb/libsysbase.a(handle_manager.o)
                0x0200f940                __release_handle
                0x0200f96c                __alloc_handle
                0x0200f9a4                __get_handle
 .text          0x0200f9c0      0x11c /Users/lwy08/Downloads/devkitpro/devkitARM/bin/../lib/gcc/arm-eabi/4.6.1/thumb/libgcc.a(_udivsi3.o)
                0x0200f9c0                __udivsi3
                0x0200f9c0                __aeabi_uidiv
                0x0200fabc                __aeabi_uidivmod
 .text          0x0200fadc      0x41c /Users/lwy08/Downloads/devkitpro/devkitARM/bin/../lib/gcc/arm-eabi/4.6.1/thumb/libgcc.a(_arm_addsubdf3.o)
                0x0200fadc                __aeabi_drsub
                0x0200fae4                __subdf3
                0x0200fae4                __aeabi_dsub
                0x0200fae8                __aeabi_dadd
                0x0200fae8                __adddf3
                0x0200fdf8                __aeabi_ui2d
                0x0200fdf8                __floatunsidf
                0x0200fe1c                __floatsidf
                0x0200fe1c                __aeabi_i2d
                0x0200fe44                __extendsfdf2
                0x0200fe44                __aeabi_f2d
                0x0200fe84                __aeabi_ul2d
                0x0200fe84                __floatundidf
                0x0200fe98                __aeabi_l2d
                0x0200fe98                __floatdidf
 .text          0x0200fef8      0x49c /Users/lwy08/Downloads/devkitpro/devkitARM/bin/../lib/gcc/arm-eabi/4.6.1/thumb/libgcc.a(_arm_muldivdf3.o)
                0x0200fef8                __aeabi_dmul
                0x0200fef8                __muldf3
                0x02010188                __aeabi_ddiv
                0x02010188                __divdf3
 .text          0x02010394      0x144 /Users/lwy08/Downloads/devkitpro/devkitARM/bin/../lib/gcc/arm-eabi/4.6.1/thumb/libgcc.a(_arm_cmpdf2.o)
                0x02010394                __gtdf2
                0x02010394                __gedf2
                0x0201039c                __ltdf2
                0x0201039c                __ledf2
                0x020103a4                __eqdf2
                0x020103a4                __nedf2
                0x020103a4                __cmpdf2
                0x0201042c                __aeabi_cdrcmple
                0x02010448                __aeabi_cdcmple
                0x02010448                __aeabi_cdcmpeq
                0x02010460                __aeabi_dcmpeq
                0x02010478                __aeabi_dcmplt
                0x02010490                __aeabi_dcmple
                0x020104a8                __aeabi_dcmpge
                0x020104c0                __aeabi_dcmpgt
 .text          0x020104d8       0x5c /Users/lwy08/Downloads/devkitpro/devkitARM/bin/../lib/gcc/arm-eabi/4.6.1/thumb/libgcc.a(_arm_fixdfsi.o)
                0x020104d8                __fixdfsi
                0x020104d8                __aeabi_d2iz
 .text          0x02010534       0x54 /Users/lwy08/Downloads/devkitpro/devkitARM/bin/../lib/gcc/arm-eabi/4.6.1/thumb/libgcc.a(_arm_fixunsdfsi.o)
                0x02010534                __fixunsdfsi
                0x02010534                __aeabi_d2uiz
 .text          0x02010588       0xa0 /Users/lwy08/Downloads/devkitpro/devkitARM/bin/../lib/gcc/arm-eabi/4.6.1/thumb/libgcc.a(_arm_truncdfsf2.o)
                0x02010588                __aeabi_d2f
                0x02010588                __truncdfsf2
 .text          0x02010628       0x3c /Users/lwy08/Downloads/devkitpro/devkitARM/bin/../lib/gcc/arm-eabi/4.6.1/thumb/libgcc.a(_aeabi_uldivmod.o)
                0x02010628                __aeabi_uldivmod
 .text          0x02010664       0x4c /Users/lwy08/Downloads/devkitpro/devkitARM/bin/../lib/gcc/arm-eabi/4.6.1/thumb/libgcc.a(_muldi3.o)
                0x02010664                __aeabi_lmul
                0x02010664                __muldi3
 .text          0x020106b0       0x74 /Users/lwy08/Downloads/devkitpro/devkitARM/bin/../lib/gcc/arm-eabi/4.6.1/thumb/libgcc.a(bpabi.o)
                0x020106b0                __gnu_ldivmod_helper
                0x020106ec                __gnu_uldivmod_helper
 .text          0x02010724      0xa84 /Users/lwy08/Downloads/devkitpro/devkitARM/bin/../lib/gcc/arm-eabi/4.6.1/thumb/libgcc.a(unwind-arm.o)
                0x02010a00                _Unwind_VRS_Get
                0x02010a4c                _Unwind_VRS_Set
                0x02010d8c                __aeabi_unwind_cpp_pr2
                0x02010d9c                __aeabi_unwind_cpp_pr1
                0x02010dac                __aeabi_unwind_cpp_pr0
                0x02010dbc                _Unwind_VRS_Pop
                0x02011034                _Unwind_GetCFA
                0x02011038                __gnu_Unwind_RaiseException
                0x02011098                __gnu_Unwind_ForcedUnwind
                0x020110b0                __gnu_Unwind_Resume
                0x020110f0                __gnu_Unwind_Resume_or_Rethrow
                0x02011110                _Unwind_Complete
                0x02011114                _Unwind_DeleteException
                0x0201112c                __gnu_Unwind_Backtrace
 .text          0x020111a8      0x1d8 /Users/lwy08/Downloads/devkitpro/devkitARM/bin/../lib/gcc/arm-eabi/4.6.1/thumb/libgcc.a(libunwind.o)
                0x020111a8                __restore_core_regs
                0x020111a8                restore_core_regs
                0x020111c4                __gnu_Unwind_Restore_VFP
                0x020111cc                __gnu_Unwind_Save_VFP
                0x020111d4                __gnu_Unwind_Restore_VFP_D
                0x020111dc                __gnu_Unwind_Save_VFP_D
                0x020111e4                __gnu_Unwind_Restore_VFP_D_16_to_31
                0x020111ec                __gnu_Unwind_Save_VFP_D_16_to_31
                0x020111f4                __gnu_Unwind_Restore_WMMXD
                0x02011238                __gnu_Unwind_Save_WMMXD
                0x0201127c                __gnu_Unwind_Restore_WMMXC
                0x02011290                __gnu_Unwind_Save_WMMXC
                0x020112a4                _Unwind_RaiseException
                0x020112a4                ___Unwind_RaiseException
                0x020112d0                ___Unwind_Resume
                0x020112d0                _Unwind_Resume
                0x020112fc                ___Unwind_Resume_or_Rethrow
                0x020112fc                _Unwind_Resume_or_Rethrow
                0x02011328                _Unwind_ForcedUnwind
                0x02011328                ___Unwind_ForcedUnwind
                0x02011354                _Unwind_Backtrace
                0x02011354                ___Unwind_Backtrace
 .text          0x02011380      0x3a0 /Users/lwy08/Downloads/devkitpro/devkitARM/bin/../lib/gcc/arm-eabi/4.6.1/thumb/libgcc.a(pr-support.o)
                0x020113dc                __gnu_unwind_execute
                0x020116bc                __gnu_unwind_frame
                0x020116e8                _Unwind_GetRegionStart
                0x020116f8                _Unwind_GetLanguageSpecificData
                0x02011710                _Unwind_GetDataRelBase
                0x02011718                _Unwind_GetTextRelBase
 .text          0x02011720      0x390 /Users/lwy08/Downloads/devkitpro/devkitARM/bin/../lib/gcc/arm-eabi/4.6.1/thumb/libgcc.a(_divdi3.o)
                0x02011720                __divdi3
 .text          0x02011ab0      0x358 /Users/lwy08/Downloads/devkitpro/devkitARM/bin/../lib/gcc/arm-eabi/4.6.1/thumb/libgcc.a(_udivdi3.o)
                0x02011ab0                __udivdi3
 .text          0x02011e08       0x48 /Users/lwy08/Downloads/devkitpro/devkitARM/bin/../lib/gcc/arm-eabi/4.6.1/thumb/libgcc.a(_clzsi2.o)
                0x02011e08                __clzsi2
 .text          0x02011e50       0x10 /Users/lwy08/Downloads/devkitpro/devkitARM/bin/../lib/gcc/arm-eabi/4.6.1/../../../../arm-eabi/lib/thumb/libg.a(lib_a-abort.o)
                0x02011e50                abort
 .text          0x02011e60        0xc /Users/lwy08/Downloads/devkitpro/devkitARM/bin/../lib/gcc/arm-eabi/4.6.1/../../../../arm-eabi/lib/thumb/libg.a(lib_a-errno.o)
                0x02011e60                __errno
 .text          0x02011e6c      0x194 /Users/lwy08/Downloads/devkitpro/devkitARM/bin/../lib/gcc/arm-eabi/4.6.1/../../../../arm-eabi/lib/thumb/libg.a(lib_a-signal.o)
                0x02011e6c                _init_signal_r
                0x02011eac                _signal_r
                0x02011eec                _raise_r
                0x02011f4c                __sigtramp_r
                0x02011f9c                raise
                0x02011fb4                signal
                0x02011fd0                _init_signal
                0x02011fe4                __sigtramp
 .text          0x02012000        0xc /Users/lwy08/Downloads/devkitpro/devkitARM/bin/../lib/gcc/arm-eabi/4.6.1/../../../../arm-eabi/lib/thumb/libsysbase.a(getpid.o)
                0x02012000                _getpid_r
 .text          0x0201200c        0xc /Users/lwy08/Downloads/devkitpro/devkitARM/bin/../lib/gcc/arm-eabi/4.6.1/../../../../arm-eabi/lib/thumb/libsysbase.a(kill.o)
                0x0201200c                _kill_r
 .text          0x02012018       0x18 /Users/lwy08/Downloads/devkitpro/devkitARM/bin/../lib/gcc/arm-eabi/4.6.1/../../../../arm-eabi/lib/thumb/libsysbase.a(_exit.o)
                0x02012018                _exit
 .text          0x02012030        0x0 /Users/lwy08/Downloads/devkitpro/devkitARM/bin/../lib/gcc/arm-eabi/4.6.1/thumb/crtend.o
 .text          0x02012030        0x0 /Users/lwy08/Downloads/devkitpro/devkitARM/bin/../lib/gcc/arm-eabi/4.6.1/thumb/crtn.o
 *(.text.*)
 .text.startup  0x02012030       0x58 keymain.o
                0x02012030                main
 .text.startup.stub
                0x02012088       0x10 linker stubs
 *(.stub)
 *(.gnu.warning)
 *(.gnu.linkonce.t*)
 *(.glue_7)
 .glue_7        0x00000000        0x0 linker stubs
 *(.glue_7t)
 .glue_7t       0x00000000        0x0 linker stubs
                0x02012098                . = ALIGN (0x4)

.vfp11_veneer   0x02012098        0x0
 .vfp11_veneer  0x00000000        0x0 linker stubs

.v4_bx          0x02012098        0x0
 .v4_bx         0x00000000        0x0 linker stubs

.fini           0x02012098        0xc
 *(.fini)
 .fini          0x02012098        0x4 /Users/lwy08/Downloads/devkitpro/devkitARM/bin/../lib/gcc/arm-eabi/4.6.1/thumb/crti.o
                0x02012098                _fini
 .fini          0x0201209c        0x8 /Users/lwy08/Downloads/devkitpro/devkitARM/bin/../lib/gcc/arm-eabi/4.6.1/thumb/crtn.o
                0x020120a4                __text_end = .

.rodata         0x020120a8     0x9b44
 *(.rodata)
 .rodata        0x020120a8      0x200 /Users/lwy08/Downloads/devkitpro/libnds/lib/libnds9.a(console.o)
 .rodata        0x020122a8       0x64 /Users/lwy08/Downloads/devkitpro/libnds/lib/libnds9.a(keyboard.o)
                0x020122a8                std_in
 .rodata        0x0201230c     0x2004 /Users/lwy08/Downloads/devkitpro/libnds/lib/libnds9.a(default_font.bin.o)
                0x0201230c                default_font_bin
                0x0201430c                default_font_bin_end
                0x0201430c                default_font_bin_size
 .rodata        0x02014310     0x2d0c /Users/lwy08/Downloads/devkitpro/libnds/lib/libnds9.a(keyboardGfx.o)
                0x02014310                keyboardGfxTiles
                0x020165fc                keyboardGfxMap
                0x02016ffc                keyboardGfxPal
 .rodata        0x0201701c       0x14 /Users/lwy08/Downloads/devkitpro/libnds/lib/libnds9.a(decompress.o)
 .rodata        0x02017030      0x308 /Users/lwy08/Downloads/devkitpro/libnds/lib/libnds9.a(trig.o)
                0x02017030                SIN_LUT
                0x02017134                TAN_LUT
 .rodata        0x02017338        0x4 /Users/lwy08/Downloads/devkitpro/devkitARM/bin/../lib/gcc/arm-eabi/4.6.1/../../../../arm-eabi/lib/thumb/libg.a(lib_a-impure.o)
                0x02017338                _global_impure_ptr
 .rodata        0x0201733c      0x340 /Users/lwy08/Downloads/devkitpro/devkitARM/bin/../lib/gcc/arm-eabi/4.6.1/../../../../arm-eabi/lib/thumb/libg.a(lib_a-svfiscanf.o)
 .rodata        0x0201767c      0x184 /Users/lwy08/Downloads/devkitpro/devkitARM/bin/../lib/gcc/arm-eabi/4.6.1/../../../../arm-eabi/lib/thumb/libg.a(lib_a-vfiprintf.o)
 .rodata        0x02017800      0x47c /Users/lwy08/Downloads/devkitpro/devkitARM/bin/../lib/gcc/arm-eabi/4.6.1/../../../../arm-eabi/lib/thumb/libg.a(lib_a-vfscanf.o)
 .rodata        0x02017c7c      0x104 /Users/lwy08/Downloads/devkitpro/devkitARM/bin/../lib/gcc/arm-eabi/4.6.1/../../../../arm-eabi/lib/thumb/libg.a(lib_a-ctype_.o)
                0x02017c7c                _ctype_
 .rodata        0x02017d80     0x34f0 /Users/lwy08/Downloads/devkitpro/devkitARM/bin/../lib/gcc/arm-eabi/4.6.1/../../../../arm-eabi/lib/thumb/libg.a(lib_a-jp2uc.o)
 .rodata        0x0201b270       0xf0 /Users/lwy08/Downloads/devkitpro/devkitARM/bin/../lib/gcc/arm-eabi/4.6.1/../../../../arm-eabi/lib/thumb/libg.a(lib_a-locale.o)
 .rodata        0x0201b360       0xa8 /Users/lwy08/Downloads/devkitpro/devkitARM/bin/../lib/gcc/arm-eabi/4.6.1/../../../../arm-eabi/lib/thumb/libg.a(lib_a-mbtowc_r.o)
 .rodata        0x0201b408      0x100 /Users/lwy08/Downloads/devkitpro/devkitARM/bin/../lib/gcc/arm-eabi/4.6.1/../../../../arm-eabi/lib/thumb/libg.a(lib_a-strtod.o)
 .rodata        0x0201b508      0x184 /Users/lwy08/Downloads/devkitpro/devkitARM/bin/../lib/gcc/arm-eabi/4.6.1/../../../../arm-eabi/lib/thumb/libg.a(lib_a-svfprintf.o)
 *fill*         0x0201b68c        0x4 ff
 .rodata        0x0201b690      0x128 /Users/lwy08/Downloads/devkitpro/devkitARM/bin/../lib/gcc/arm-eabi/4.6.1/../../../../arm-eabi/lib/thumb/libg.a(lib_a-mprec.o)
                0x0201b6a0                __mprec_tens
                0x0201b768                __mprec_tinytens
                0x0201b790                __mprec_bigtens
 .rodata        0x0201b7b8      0x184 /Users/lwy08/Downloads/devkitpro/devkitARM/bin/../lib/gcc/arm-eabi/4.6.1/../../../../arm-eabi/lib/thumb/libg.a(lib_a-svfiprintf.o)
 .rodata        0x0201b93c       0x64 /Users/lwy08/Downloads/devkitpro/devkitARM/bin/../lib/gcc/arm-eabi/4.6.1/../../../../arm-eabi/lib/thumb/libsysbase.a(iosupport.o)
                0x0201b93c                dotab_stdnull
 .rodata        0x0201b9a0       0x14 /Users/lwy08/Downloads/devkitpro/devkitARM/bin/../lib/gcc/arm-eabi/4.6.1/thumb/libgcc.a(unwind-arm.o)
 *all.rodata*(*)
 *(.roda)
 *(.rodata.*)
 .rodata.str1.4
                0x0201b9b4       0x26 keymain.o
                                 0x28 (size before relaxing)
 *fill*         0x0201b9da        0x2 ff
 .rodata.str1.4
                0x0201b9dc       0x49 /Users/lwy08/Downloads/devkitpro/libnds/lib/libnds9.a(console.o)
                                 0x4c (size before relaxing)
 *fill*         0x0201ba25        0x3 ff
 .rodata.str1.4
                0x0201ba28        0x6 /Users/lwy08/Downloads/devkitpro/libnds/lib/libnds9.a(keyboard.o)
                                  0x8 (size before relaxing)
 *fill*         0x0201ba2e        0x2 ff
 .rodata.str1.4
                0x0201ba30        0x2 /Users/lwy08/Downloads/devkitpro/devkitARM/bin/../lib/gcc/arm-eabi/4.6.1/../../../../arm-eabi/lib/thumb/libg.a(lib_a-impure.o)
                                  0x4 (size before relaxing)
 *fill*         0x0201ba32        0x2 ff
 .rodata.str1.4
                0x0201ba34       0x2f /Users/lwy08/Downloads/devkitpro/devkitARM/bin/../lib/gcc/arm-eabi/4.6.1/../../../../arm-eabi/lib/thumb/libg.a(lib_a-vfiprintf.o)
                                 0x30 (size before relaxing)
 *fill*         0x0201ba63        0x1 ff
 .rodata.str1.4
                0x0201ba64        0x5 /Users/lwy08/Downloads/devkitpro/devkitARM/bin/../lib/gcc/arm-eabi/4.6.1/../../../../arm-eabi/lib/thumb/libg.a(lib_a-vfscanf.o)
                                  0x8 (size before relaxing)
 *fill*         0x0201ba69        0x3 ff
 .rodata.str1.4
                0x0201ba6c       0x12 /Users/lwy08/Downloads/devkitpro/devkitARM/bin/../lib/gcc/arm-eabi/4.6.1/../../../../arm-eabi/lib/thumb/libg.a(lib_a-jp2uc.o)
                                 0x14 (size before relaxing)
 *fill*         0x0201ba7e        0x2 ff
 .rodata.str1.4
                0x0201ba80      0x112 /Users/lwy08/Downloads/devkitpro/devkitARM/bin/../lib/gcc/arm-eabi/4.6.1/../../../../arm-eabi/lib/thumb/libg.a(lib_a-locale.o)
                                0x130 (size before relaxing)
 .rodata.str1.4
                0x00000000        0x4 /Users/lwy08/Downloads/devkitpro/devkitARM/bin/../lib/gcc/arm-eabi/4.6.1/../../../../arm-eabi/lib/thumb/libg.a(lib_a-mbrtowc.o)
 *fill*         0x0201bb92        0x2 ff
 .rodata.str1.4
                0x0201bb94        0xf /Users/lwy08/Downloads/devkitpro/devkitARM/bin/../lib/gcc/arm-eabi/4.6.1/../../../../arm-eabi/lib/thumb/libg.a(lib_a-strtod.o)
                                 0x10 (size before relaxing)
 *fill*         0x0201bba3        0x1 ff
 .rodata.str1.4
                0x0201bba4       0x12 /Users/lwy08/Downloads/devkitpro/devkitARM/bin/../lib/gcc/arm-eabi/4.6.1/../../../../arm-eabi/lib/thumb/libg.a(lib_a-svfprintf.o)
                                 0x44 (size before relaxing)
 *fill*         0x0201bbb6        0x2 ff
 .rodata.str1.4
                0x0201bbb8       0x10 /Users/lwy08/Downloads/devkitpro/devkitARM/bin/../lib/gcc/arm-eabi/4.6.1/../../../../arm-eabi/lib/thumb/libg.a(lib_a-dtoa.o)
                                 0x14 (size before relaxing)
 .rodata.str1.4
                0x0201bbc8       0x1b /Users/lwy08/Downloads/devkitpro/devkitARM/bin/../lib/gcc/arm-eabi/4.6.1/../../../../arm-eabi/lib/thumb/libg.a(lib_a-gdtoa-gethex.o)
                                 0x1c (size before relaxing)
 .rodata.str1.4
                0x00000000       0x30 /Users/lwy08/Downloads/devkitpro/devkitARM/bin/../lib/gcc/arm-eabi/4.6.1/../../../../arm-eabi/lib/thumb/libg.a(lib_a-svfiprintf.o)
 *fill*         0x0201bbe3        0x1 ff
 .rodata.str1.4
                0x0201bbe4        0x8 /Users/lwy08/Downloads/devkitpro/devkitARM/bin/../lib/gcc/arm-eabi/4.6.1/../../../../arm-eabi/lib/thumb/libsysbase.a(iosupport.o)
 *(.gnu.linkonce.r*)
                0x0201bbec                . = ALIGN (0x4)

.ARM.extab      0x0201bbec       0xb4
 *(.ARM.extab* .gnu.linkonce.armextab.*)
 .ARM.extab     0x0201bbec        0x0 /Users/lwy08/Downloads/devkitpro/devkitARM/bin/../lib/gcc/arm-eabi/4.6.1/thumb/libgcc.a(bpabi.o)
 .ARM.extab     0x0201bbec       0x6c /Users/lwy08/Downloads/devkitpro/devkitARM/bin/../lib/gcc/arm-eabi/4.6.1/thumb/libgcc.a(unwind-arm.o)
 .ARM.extab     0x0201bc58       0x30 /Users/lwy08/Downloads/devkitpro/devkitARM/bin/../lib/gcc/arm-eabi/4.6.1/thumb/libgcc.a(pr-support.o)
 .ARM.extab     0x0201bc88        0xc /Users/lwy08/Downloads/devkitpro/devkitARM/bin/../lib/gcc/arm-eabi/4.6.1/thumb/libgcc.a(_divdi3.o)
 .ARM.extab     0x0201bc94        0xc /Users/lwy08/Downloads/devkitpro/devkitARM/bin/../lib/gcc/arm-eabi/4.6.1/thumb/libgcc.a(_udivdi3.o)
                0x0201bca0                __exidx_start = .

ARM.exidx       0x0201bca0       0xf8
 *(.ARM.exidx* .gnu.linkonce.armexidx.*)
 .ARM.exidx     0x0201bca0        0x8 /Users/lwy08/Downloads/devkitpro/devkitARM/bin/../lib/gcc/arm-eabi/4.6.1/thumb/libgcc.a(bpabi.o)
                                 0x10 (size before relaxing)
 .ARM.exidx     0x0201bca8       0xa0 /Users/lwy08/Downloads/devkitpro/devkitARM/bin/../lib/gcc/arm-eabi/4.6.1/thumb/libgcc.a(unwind-arm.o)
                                 0xc0 (size before relaxing)
 .ARM.exidx     0x0201bd48       0x38 /Users/lwy08/Downloads/devkitpro/devkitARM/bin/../lib/gcc/arm-eabi/4.6.1/thumb/libgcc.a(pr-support.o)
                                 0x48 (size before relaxing)
 .ARM.exidx     0x0201bd80        0x8 /Users/lwy08/Downloads/devkitpro/devkitARM/bin/../lib/gcc/arm-eabi/4.6.1/thumb/libgcc.a(_divdi3.o)
 .ARM.exidx     0x0201bd88       0x10 /Users/lwy08/Downloads/devkitpro/devkitARM/bin/../lib/gcc/arm-eabi/4.6.1/thumb/libgcc.a(_udivdi3.o)
                                  0x8 (size before relaxing)
                0x0201bd98                __exidx_end = .
                0x0201bd98                . = ALIGN (0x4)
                0x0201bd98                PROVIDE (__preinit_array_start, .)

.preinit_array
 *(.preinit_array)
                0x0201bd98                PROVIDE (__preinit_array_end, .)
                0x0201bd98                PROVIDE (__init_array_start, .)

.init_array     0x0201bd98        0x4
 *(SORT(.init_array.*))
 *(.init_array)
 .init_array    0x0201bd98        0x4 /Users/lwy08/Downloads/devkitpro/devkitARM/bin/../lib/gcc/arm-eabi/4.6.1/thumb/crtbegin.o
                0x0201bd9c                PROVIDE (__init_array_end, .)
                0x0201bd9c                PROVIDE (__fini_array_start, .)

.fini_array     0x0201bd9c        0x4
 *(.fini_array)
 .fini_array    0x0201bd9c        0x4 /Users/lwy08/Downloads/devkitpro/devkitARM/bin/../lib/gcc/arm-eabi/4.6.1/thumb/crtbegin.o
 *(SORT(.fini_array.*))
                0x0201bda0                PROVIDE (__fini_array_end, .)

.ctors          0x0201bda0        0x0
 *crtbegin.o(.ctors)
 *(EXCLUDE_FILE(*crtend.o) .ctors)
 *(SORT(.ctors.*))
 *(.ctors)
                0x0201bda0                . = ALIGN (0x4)

.dtors          0x0201bda0        0x0
 *crtbegin.o(.dtors)
 *(EXCLUDE_FILE(*crtend.o) .dtors)
 *(SORT(.dtors.*))
 *(.dtors)
                0x0201bda0                . = ALIGN (0x4)

.eh_frame       0x0201bda0        0x4
 *(.eh_frame)
 .eh_frame      0x0201bda0        0x0 /Users/lwy08/Downloads/devkitpro/devkitARM/bin/../lib/gcc/arm-eabi/4.6.1/thumb/crtbegin.o
 .eh_frame      0x0201bda0        0x4 /Users/lwy08/Downloads/devkitpro/devkitARM/bin/../lib/gcc/arm-eabi/4.6.1/thumb/crtend.o
                0x0201bda4                . = ALIGN (0x4)

.gcc_except_table
                0x0201bda4        0x0
 *(.gcc_except_table)
                0x0201bda4                . = ALIGN (0x4)

.jcr            0x0201bda4        0x4
 *(.jcr)
 .jcr           0x0201bda4        0x0 /Users/lwy08/Downloads/devkitpro/devkitARM/bin/../lib/gcc/arm-eabi/4.6.1/thumb/crtbegin.o
 .jcr           0x0201bda4        0x4 /Users/lwy08/Downloads/devkitpro/devkitARM/bin/../lib/gcc/arm-eabi/4.6.1/thumb/crtend.o

.got
 *(.got.plt)
 *(.got)
 *(.rel.got)

.ewram          0x0201bda8        0x0
                0x0201bda8                __ewram_start = ABSOLUTE (.)
 *(.ewram)
 *ewram.*(.text)
                0x0201bda8                . = ALIGN (0x4)

.data           0x0201bda8     0x10b0
                0x0201bda8                __data_start = ABSOLUTE (.)
 *(.data)
 .data          0x0201bda8        0x0 /Users/lwy08/Downloads/devkitpro/devkitARM/bin/../lib/gcc/arm-eabi/4.6.1/../../../../arm-eabi/lib/thumb/ds_arm9_crt0.o
 .data          0x0201bda8        0x0 /Users/lwy08/Downloads/devkitpro/devkitARM/bin/../lib/gcc/arm-eabi/4.6.1/thumb/crti.o
 .data          0x0201bda8        0x4 /Users/lwy08/Downloads/devkitpro/devkitARM/bin/../lib/gcc/arm-eabi/4.6.1/thumb/crtbegin.o
                0x0201bda8                __dso_handle
 .data          0x0201bdac        0x0 keymain.o
 .data          0x0201bdac       0x64 /Users/lwy08/Downloads/devkitpro/libnds/lib/libnds9.a(console.o)
                0x0201bdac                currentConsole
                0x0201bdb0                defaultConsole
 .data          0x0201be10      0x58c /Users/lwy08/Downloads/devkitpro/libnds/lib/libnds9.a(keyboard.o)
                0x0201be10                curKeyboard
                0x0201be14                lastKey
                0x0201be18                defaultKeyboard
                0x0201be74                lowerCase
                0x0201be88                capsLock
                0x0201be9c                SimpleKbdUpper
                0x0201c11c                SimpleKbdLower
 .data          0x0201c39c        0x3 /Users/lwy08/Downloads/devkitpro/libnds/lib/libnds9.a(keys.o)
 .data          0x0201c39f        0x0 /Users/lwy08/Downloads/devkitpro/libnds/lib/libnds9.a(touch.o)
 .data          0x0201c39f        0x0 /Users/lwy08/Downloads/devkitpro/libnds/lib/libnds9.a(initSystem.o)
 *fill*         0x0201c39f        0x1 ff
 .data          0x0201c3a0       0x10 /Users/lwy08/Downloads/devkitpro/libnds/lib/libnds9.a(fifosystem.o)
                0x0201c3a0                fifo_freewords
                0x0201c3a4                fifo_buffer_free
                0x0201c3a8                fifo_send_queue
                0x0201c3ac                fifo_receive_queue
 .data          0x0201c3b0        0x0 /Users/lwy08/Downloads/devkitpro/libnds/lib/libnds9.a(interrupts.o)
 .data          0x0201c3b0        0x0 /Users/lwy08/Downloads/devkitpro/libnds/lib/libnds9.a(libnds_exit.o)
 .data          0x0201c3b0        0x0 /Users/lwy08/Downloads/devkitpro/libnds/lib/libnds9.a(mpu_setup.o)
 .data          0x0201c3b0        0x0 /Users/lwy08/Downloads/devkitpro/libnds/lib/libnds9.a(biosCalls.o)
 .data          0x0201c3b0        0x0 /Users/lwy08/Downloads/devkitpro/libnds/lib/libnds9.a(debugprint.o)
 .data          0x0201c3b0        0x0 /Users/lwy08/Downloads/devkitpro/libnds/lib/libnds9.a(interruptDispatcher.o)
 .data          0x0201c3b0        0x0 /Users/lwy08/Downloads/devkitpro/libnds/lib/libnds9.a(swiSoftReset.o)
 .data          0x0201c3b0        0x0 /Users/lwy08/Downloads/devkitpro/libnds/lib/libnds9.a(default_font.bin.o)
 .data          0x0201c3b0        0x0 /Users/lwy08/Downloads/devkitpro/libnds/lib/libnds9.a(keyboardGfx.o)
 .data          0x0201c3b0       0x60 /Users/lwy08/Downloads/devkitpro/libnds/lib/libnds9.a(background.o)
                0x0201c3b0                bgScrollTable
                0x0201c3d0                bgTransform
                0x0201c3f0                bgControl
 .data          0x0201c410        0xc /Users/lwy08/Downloads/devkitpro/libnds/lib/libnds9.a(decompress.o)
                0x0201c410                decomStream
 .data          0x0201c41c        0x0 /Users/lwy08/Downloads/devkitpro/libnds/lib/libnds9.a(system.o)
 .data          0x0201c41c        0x0 /Users/lwy08/Downloads/devkitpro/libnds/lib/libnds9.a(trig.o)
 .data          0x0201c41c        0x0 /Users/lwy08/Downloads/devkitpro/libnds/lib/libnds9.a(video.o)
 .data          0x0201c41c        0x0 /Users/lwy08/Downloads/devkitpro/libnds/lib/libnds9.a(syscalls.o)
 .data          0x0201c41c        0x0 /Users/lwy08/Downloads/devkitpro/devkitARM/bin/../lib/gcc/arm-eabi/4.6.1/thumb/libgcc.a(_divsi3.o)
 .data          0x0201c41c        0x0 /Users/lwy08/Downloads/devkitpro/devkitARM/bin/../lib/gcc/arm-eabi/4.6.1/thumb/libgcc.a(_dvmd_tls.o)
 .data          0x0201c41c        0x0 /Users/lwy08/Downloads/devkitpro/devkitARM/bin/../lib/gcc/arm-eabi/4.6.1/../../../../arm-eabi/lib/thumb/libg.a(lib_a-bsearch.o)
 *fill*         0x0201c41c        0x4 ff
 .data          0x0201c420      0x430 /Users/lwy08/Downloads/devkitpro/devkitARM/bin/../lib/gcc/arm-eabi/4.6.1/../../../../arm-eabi/lib/thumb/libg.a(lib_a-impure.o)
                0x0201c420                _impure_ptr
 .data          0x0201c850        0x0 /Users/lwy08/Downloads/devkitpro/devkitARM/bin/../lib/gcc/arm-eabi/4.6.1/../../../../arm-eabi/lib/thumb/libg.a(lib_a-init.o)
 .data          0x0201c850        0x0 /Users/lwy08/Downloads/devkitpro/devkitARM/bin/../lib/gcc/arm-eabi/4.6.1/../../../../arm-eabi/lib/thumb/libg.a(lib_a-iprintf.o)
 .data          0x0201c850        0x0 /Users/lwy08/Downloads/devkitpro/devkitARM/bin/../lib/gcc/arm-eabi/4.6.1/../../../../arm-eabi/lib/thumb/libg.a(lib_a-memcpy.o)
 .data          0x0201c850        0x0 /Users/lwy08/Downloads/devkitpro/devkitARM/bin/../lib/gcc/arm-eabi/4.6.1/../../../../arm-eabi/lib/thumb/libg.a(lib_a-scanf.o)
 .data          0x0201c850        0x0 /Users/lwy08/Downloads/devkitpro/devkitARM/bin/../lib/gcc/arm-eabi/4.6.1/../../../../arm-eabi/lib/thumb/libg.a(lib_a-setvbuf.o)
 .data          0x0201c850        0x0 /Users/lwy08/Downloads/devkitpro/devkitARM/bin/../lib/gcc/arm-eabi/4.6.1/../../../../arm-eabi/lib/thumb/libg.a(lib_a-siscanf.o)
 .data          0x0201c850        0x0 /Users/lwy08/Downloads/devkitpro/devkitARM/bin/../lib/gcc/arm-eabi/4.6.1/../../../../arm-eabi/lib/thumb/libg.a(lib_a-stdio.o)
 .data          0x0201c850        0x0 /Users/lwy08/Downloads/devkitpro/devkitARM/bin/../lib/gcc/arm-eabi/4.6.1/../../../../arm-eabi/lib/thumb/libg.a(lib_a-strlen.o)
 .data          0x0201c850        0x0 /Users/lwy08/Downloads/devkitpro/devkitARM/bin/../lib/gcc/arm-eabi/4.6.1/../../../../arm-eabi/lib/thumb/libg.a(lib_a-svfiscanf.o)
 .data          0x0201c850        0x0 /Users/lwy08/Downloads/devkitpro/devkitARM/bin/../lib/gcc/arm-eabi/4.6.1/../../../../arm-eabi/lib/thumb/libg.a(lib_a-ungetc.o)
 .data          0x0201c850        0x0 /Users/lwy08/Downloads/devkitpro/devkitARM/bin/../lib/gcc/arm-eabi/4.6.1/../../../../arm-eabi/lib/thumb/libg.a(lib_a-vfiprintf.o)
 .data          0x0201c850        0x0 /Users/lwy08/Downloads/devkitpro/devkitARM/bin/../lib/gcc/arm-eabi/4.6.1/../../../../arm-eabi/lib/thumb/libg.a(lib_a-vfscanf.o)
 .data          0x0201c850        0x0 /Users/lwy08/Downloads/devkitpro/devkitARM/bin/../lib/gcc/arm-eabi/4.6.1/../../../../arm-eabi/lib/thumb/libg.a(lib_a-wcrtomb.o)
 .data          0x0201c850        0x0 /Users/lwy08/Downloads/devkitpro/devkitARM/bin/../lib/gcc/arm-eabi/4.6.1/../../../../arm-eabi/lib/thumb/libg.a(lib_a-wcsrtombs.o)
 .data          0x0201c850        0x4 /Users/lwy08/Downloads/devkitpro/devkitARM/bin/../lib/gcc/arm-eabi/4.6.1/../../../../arm-eabi/lib/thumb/libg.a(lib_a-wctomb_r.o)
                0x0201c850                __wctomb
 .data          0x0201c854        0x0 /Users/lwy08/Downloads/devkitpro/devkitARM/bin/../lib/gcc/arm-eabi/4.6.1/../../../../arm-eabi/lib/thumb/libg.a(lib_a-wsetup.o)
 .data          0x0201c854        0x4 /Users/lwy08/Downloads/devkitpro/devkitARM/bin/../lib/gcc/arm-eabi/4.6.1/../../../../arm-eabi/lib/thumb/libg.a(lib_a-ctype_.o)
                0x0201c854                __ctype_ptr__
 .data          0x0201c858        0x0 /Users/lwy08/Downloads/devkitpro/devkitARM/bin/../lib/gcc/arm-eabi/4.6.1/../../../../arm-eabi/lib/thumb/libg.a(lib_a-fflush.o)
 .data          0x0201c858        0x0 /Users/lwy08/Downloads/devkitpro/devkitARM/bin/../lib/gcc/arm-eabi/4.6.1/../../../../arm-eabi/lib/thumb/libg.a(lib_a-findfp.o)
 .data          0x0201c858        0x0 /Users/lwy08/Downloads/devkitpro/devkitARM/bin/../lib/gcc/arm-eabi/4.6.1/../../../../arm-eabi/lib/thumb/libg.a(lib_a-fputwc.o)
 .data          0x0201c858        0x0 /Users/lwy08/Downloads/devkitpro/devkitARM/bin/../lib/gcc/arm-eabi/4.6.1/../../../../arm-eabi/lib/thumb/libg.a(lib_a-fread.o)
 .data          0x0201c858        0x0 /Users/lwy08/Downloads/devkitpro/devkitARM/bin/../lib/gcc/arm-eabi/4.6.1/../../../../arm-eabi/lib/thumb/libg.a(lib_a-freer.o)
 .data          0x0201c858        0x0 /Users/lwy08/Downloads/devkitpro/devkitARM/bin/../lib/gcc/arm-eabi/4.6.1/../../../../arm-eabi/lib/thumb/libg.a(lib_a-fvwrite.o)
 .data          0x0201c858        0x0 /Users/lwy08/Downloads/devkitpro/devkitARM/bin/../lib/gcc/arm-eabi/4.6.1/../../../../arm-eabi/lib/thumb/libg.a(lib_a-fwalk.o)
 .data          0x0201c858        0x0 /Users/lwy08/Downloads/devkitpro/devkitARM/bin/../lib/gcc/arm-eabi/4.6.1/../../../../arm-eabi/lib/thumb/libg.a(lib_a-iswspace.o)
 .data          0x0201c858        0x0 /Users/lwy08/Downloads/devkitpro/devkitARM/bin/../lib/gcc/arm-eabi/4.6.1/../../../../arm-eabi/lib/thumb/libg.a(lib_a-jp2uc.o)
 .data          0x0201c858      0x17c /Users/lwy08/Downloads/devkitpro/devkitARM/bin/../lib/gcc/arm-eabi/4.6.1/../../../../arm-eabi/lib/thumb/libg.a(lib_a-locale.o)
                0x0201c858                __default_locale
                0x0201c978                __mb_cur_max
 .data          0x0201c9d4        0x0 /Users/lwy08/Downloads/devkitpro/devkitARM/bin/../lib/gcc/arm-eabi/4.6.1/../../../../arm-eabi/lib/thumb/libg.a(lib_a-makebuf.o)
 .data          0x0201c9d4        0x0 /Users/lwy08/Downloads/devkitpro/devkitARM/bin/../lib/gcc/arm-eabi/4.6.1/../../../../arm-eabi/lib/thumb/libg.a(lib_a-malloc.o)
 .data          0x0201c9d4      0x410 /Users/lwy08/Downloads/devkitpro/devkitARM/bin/../lib/gcc/arm-eabi/4.6.1/../../../../arm-eabi/lib/thumb/libg.a(lib_a-mallocr.o)
                0x0201c9d4                __malloc_av_
                0x0201cddc                __malloc_sbrk_base
                0x0201cde0                __malloc_trim_threshold
 .data          0x0201cde4        0x0 /Users/lwy08/Downloads/devkitpro/devkitARM/bin/../lib/gcc/arm-eabi/4.6.1/../../../../arm-eabi/lib/thumb/libg.a(lib_a-mbrtowc.o)
 .data          0x0201cde4        0x4 /Users/lwy08/Downloads/devkitpro/devkitARM/bin/../lib/gcc/arm-eabi/4.6.1/../../../../arm-eabi/lib/thumb/libg.a(lib_a-mbtowc_r.o)
                0x0201cde4                __mbtowc
 .data          0x0201cde8        0x0 /Users/lwy08/Downloads/devkitpro/devkitARM/bin/../lib/gcc/arm-eabi/4.6.1/../../../../arm-eabi/lib/thumb/libg.a(lib_a-memchr.o)
 .data          0x0201cde8        0x0 /Users/lwy08/Downloads/devkitpro/devkitARM/bin/../lib/gcc/arm-eabi/4.6.1/../../../../arm-eabi/lib/thumb/libg.a(lib_a-memmove.o)
 .data          0x0201cde8        0x0 /Users/lwy08/Downloads/devkitpro/devkitARM/bin/../lib/gcc/arm-eabi/4.6.1/../../../../arm-eabi/lib/thumb/libg.a(lib_a-memset.o)
 .data          0x0201cde8        0x0 /Users/lwy08/Downloads/devkitpro/devkitARM/bin/../lib/gcc/arm-eabi/4.6.1/../../../../arm-eabi/lib/thumb/libg.a(lib_a-mlock.o)
 .data          0x0201cde8        0x0 /Users/lwy08/Downloads/devkitpro/devkitARM/bin/../lib/gcc/arm-eabi/4.6.1/../../../../arm-eabi/lib/thumb/libg.a(lib_a-reallocr.o)
 .data          0x0201cde8        0x0 /Users/lwy08/Downloads/devkitpro/devkitARM/bin/../lib/gcc/arm-eabi/4.6.1/../../../../arm-eabi/lib/thumb/libg.a(lib_a-refill.o)
 .data          0x0201cde8        0x0 /Users/lwy08/Downloads/devkitpro/devkitARM/bin/../lib/gcc/arm-eabi/4.6.1/../../../../arm-eabi/lib/thumb/libg.a(lib_a-s_fpclassify.o)
 .data          0x0201cde8        0x0 /Users/lwy08/Downloads/devkitpro/devkitARM/bin/../lib/gcc/arm-eabi/4.6.1/../../../../arm-eabi/lib/thumb/libg.a(lib_a-sccl.o)
 .data          0x0201cde8        0x0 /Users/lwy08/Downloads/devkitpro/devkitARM/bin/../lib/gcc/arm-eabi/4.6.1/../../../../arm-eabi/lib/thumb/libg.a(lib_a-sf_nan.o)
 .data          0x0201cde8        0x0 /Users/lwy08/Downloads/devkitpro/devkitARM/bin/../lib/gcc/arm-eabi/4.6.1/../../../../arm-eabi/lib/thumb/libg.a(lib_a-sprintf.o)
 .data          0x0201cde8        0x0 /Users/lwy08/Downloads/devkitpro/devkitARM/bin/../lib/gcc/arm-eabi/4.6.1/../../../../arm-eabi/lib/thumb/libg.a(lib_a-strcasecmp.o)
 .data          0x0201cde8        0x0 /Users/lwy08/Downloads/devkitpro/devkitARM/bin/../lib/gcc/arm-eabi/4.6.1/../../../../arm-eabi/lib/thumb/libg.a(lib_a-strcat.o)
 .data          0x0201cde8        0x0 /Users/lwy08/Downloads/devkitpro/devkitARM/bin/../lib/gcc/arm-eabi/4.6.1/../../../../arm-eabi/lib/thumb/libg.a(lib_a-strchr.o)
 .data          0x0201cde8        0x0 /Users/lwy08/Downloads/devkitpro/devkitARM/bin/../lib/gcc/arm-eabi/4.6.1/../../../../arm-eabi/lib/thumb/libg.a(lib_a-strcmp.o)
 .data          0x0201cde8        0x0 /Users/lwy08/Downloads/devkitpro/devkitARM/bin/../lib/gcc/arm-eabi/4.6.1/../../../../arm-eabi/lib/thumb/libg.a(lib_a-strcpy.o)
 .data          0x0201cde8        0x0 /Users/lwy08/Downloads/devkitpro/devkitARM/bin/../lib/gcc/arm-eabi/4.6.1/../../../../arm-eabi/lib/thumb/libg.a(lib_a-strlcpy.o)
 .data          0x0201cde8        0x0 /Users/lwy08/Downloads/devkitpro/devkitARM/bin/../lib/gcc/arm-eabi/4.6.1/../../../../arm-eabi/lib/thumb/libg.a(lib_a-strncasecmp.o)
 .data          0x0201cde8        0x0 /Users/lwy08/Downloads/devkitpro/devkitARM/bin/../lib/gcc/arm-eabi/4.6.1/../../../../arm-eabi/lib/thumb/libg.a(lib_a-strncmp.o)
 .data          0x0201cde8        0x0 /Users/lwy08/Downloads/devkitpro/devkitARM/bin/../lib/gcc/arm-eabi/4.6.1/../../../../arm-eabi/lib/thumb/libg.a(lib_a-strncpy.o)
 .data          0x0201cde8       0x28 /Users/lwy08/Downloads/devkitpro/devkitARM/bin/../lib/gcc/arm-eabi/4.6.1/../../../../arm-eabi/lib/thumb/libg.a(lib_a-strtod.o)
 .data          0x0201ce10        0x0 /Users/lwy08/Downloads/devkitpro/devkitARM/bin/../lib/gcc/arm-eabi/4.6.1/../../../../arm-eabi/lib/thumb/libg.a(lib_a-strtol.o)
 .data          0x0201ce10        0x0 /Users/lwy08/Downloads/devkitpro/devkitARM/bin/../lib/gcc/arm-eabi/4.6.1/../../../../arm-eabi/lib/thumb/libg.a(lib_a-strtoll_r.o)
 .data          0x0201ce10        0x0 /Users/lwy08/Downloads/devkitpro/devkitARM/bin/../lib/gcc/arm-eabi/4.6.1/../../../../arm-eabi/lib/thumb/libg.a(lib_a-strtoul.o)
 .data          0x0201ce10        0x0 /Users/lwy08/Downloads/devkitpro/devkitARM/bin/../lib/gcc/arm-eabi/4.6.1/../../../../arm-eabi/lib/thumb/libg.a(lib_a-strtoull_r.o)
 .data          0x0201ce10        0x0 /Users/lwy08/Downloads/devkitpro/devkitARM/bin/../lib/gcc/arm-eabi/4.6.1/../../../../arm-eabi/lib/thumb/libg.a(lib_a-svfprintf.o)
 .data          0x0201ce10        0x0 /Users/lwy08/Downloads/devkitpro/devkitARM/bin/../lib/gcc/arm-eabi/4.6.1/../../../../arm-eabi/lib/thumb/libg.a(lib_a-wbuf.o)
 .data          0x0201ce10        0x0 /Users/lwy08/Downloads/devkitpro/devkitARM/bin/../lib/gcc/arm-eabi/4.6.1/../../../../arm-eabi/lib/thumb/libg.a(lib_a-wcsnrtombs.o)
 .data          0x0201ce10        0x0 /Users/lwy08/Downloads/devkitpro/devkitARM/bin/../lib/gcc/arm-eabi/4.6.1/../../../../arm-eabi/lib/thumb/libg.a(lib_a-dtoa.o)
 .data          0x0201ce10        0x0 /Users/lwy08/Downloads/devkitpro/devkitARM/bin/../lib/gcc/arm-eabi/4.6.1/../../../../arm-eabi/lib/thumb/libg.a(lib_a-fclose.o)
 .data          0x0201ce10        0x0 /Users/lwy08/Downloads/devkitpro/devkitARM/bin/../lib/gcc/arm-eabi/4.6.1/../../../../arm-eabi/lib/thumb/libg.a(lib_a-gdtoa-gethex.o)
 .data          0x0201ce10        0x0 /Users/lwy08/Downloads/devkitpro/devkitARM/bin/../lib/gcc/arm-eabi/4.6.1/../../../../arm-eabi/lib/thumb/libg.a(lib_a-gdtoa-hexnan.o)
 .data          0x0201ce10        0x0 /Users/lwy08/Downloads/devkitpro/devkitARM/bin/../lib/gcc/arm-eabi/4.6.1/../../../../arm-eabi/lib/thumb/libg.a(lib_a-getenv_r.o)
 .data          0x0201ce10        0x0 /Users/lwy08/Downloads/devkitpro/devkitARM/bin/../lib/gcc/arm-eabi/4.6.1/../../../../arm-eabi/lib/thumb/libg.a(lib_a-mprec.o)
 .data          0x0201ce10        0x0 /Users/lwy08/Downloads/devkitpro/devkitARM/bin/../lib/gcc/arm-eabi/4.6.1/../../../../arm-eabi/lib/thumb/libg.a(lib_a-svfiprintf.o)
 .data          0x0201ce10        0x0 /Users/lwy08/Downloads/devkitpro/devkitARM/bin/../lib/gcc/arm-eabi/4.6.1/../../../../arm-eabi/lib/thumb/libg.a(lib_a-callocr.o)
 .data          0x0201ce10        0x4 /Users/lwy08/Downloads/devkitpro/devkitARM/bin/../lib/gcc/arm-eabi/4.6.1/../../../../arm-eabi/lib/thumb/libg.a(lib_a-environ.o)
                0x0201ce10                environ
 .data          0x0201ce14        0x0 /Users/lwy08/Downloads/devkitpro/devkitARM/bin/../lib/gcc/arm-eabi/4.6.1/../../../../arm-eabi/lib/thumb/libg.a(lib_a-envlock.o)
 .data          0x0201ce14       0x44 /Users/lwy08/Downloads/devkitpro/devkitARM/bin/../lib/gcc/arm-eabi/4.6.1/../../../../arm-eabi/lib/thumb/libsysbase.a(iosupport.o)
                0x0201ce18                devoptab_list
 .data          0x0201ce58        0x0 /Users/lwy08/Downloads/devkitpro/devkitARM/bin/../lib/gcc/arm-eabi/4.6.1/../../../../arm-eabi/lib/thumb/libsysbase.a(close.o)
 .data          0x0201ce58        0x0 /Users/lwy08/Downloads/devkitpro/devkitARM/bin/../lib/gcc/arm-eabi/4.6.1/../../../../arm-eabi/lib/thumb/libsysbase.a(fstat.o)
 .data          0x0201ce58        0x0 /Users/lwy08/Downloads/devkitpro/devkitARM/bin/../lib/gcc/arm-eabi/4.6.1/../../../../arm-eabi/lib/thumb/libsysbase.a(isatty.o)
 .data          0x0201ce58        0x0 /Users/lwy08/Downloads/devkitpro/devkitARM/bin/../lib/gcc/arm-eabi/4.6.1/../../../../arm-eabi/lib/thumb/libsysbase.a(lseek.o)
 .data          0x0201ce58        0x0 /Users/lwy08/Downloads/devkitpro/devkitARM/bin/../lib/gcc/arm-eabi/4.6.1/../../../../arm-eabi/lib/thumb/libsysbase.a(read.o)
 .data          0x0201ce58        0x0 /Users/lwy08/Downloads/devkitpro/devkitARM/bin/../lib/gcc/arm-eabi/4.6.1/../../../../arm-eabi/lib/thumb/libsysbase.a(sbrk.o)
 .data          0x0201ce58        0x0 /Users/lwy08/Downloads/devkitpro/devkitARM/bin/../lib/gcc/arm-eabi/4.6.1/../../../../arm-eabi/lib/thumb/libsysbase.a(times.o)
 .data          0x0201ce58        0x0 /Users/lwy08/Downloads/devkitpro/devkitARM/bin/../lib/gcc/arm-eabi/4.6.1/../../../../arm-eabi/lib/thumb/libsysbase.a(write.o)
 .data          0x0201ce58        0x0 /Users/lwy08/Downloads/devkitpro/devkitARM/bin/../lib/gcc/arm-eabi/4.6.1/../../../../arm-eabi/lib/thumb/libsysbase.a(malloc_vars.o)
 .data          0x0201ce58        0x0 /Users/lwy08/Downloads/devkitpro/devkitARM/bin/../lib/gcc/arm-eabi/4.6.1/../../../../arm-eabi/lib/thumb/libsysbase.a(build_argv.o)
 .data          0x0201ce58        0x0 /Users/lwy08/Downloads/devkitpro/devkitARM/bin/../lib/gcc/arm-eabi/4.6.1/../../../../arm-eabi/lib/thumb/libsysbase.a(syscall_support.o)
 .data          0x0201ce58        0x0 /Users/lwy08/Downloads/devkitpro/devkitARM/bin/../lib/gcc/arm-eabi/4.6.1/../../../../arm-eabi/lib/thumb/libsysbase.a(handle_manager.o)
 .data          0x0201ce58        0x0 /Users/lwy08/Downloads/devkitpro/devkitARM/bin/../lib/gcc/arm-eabi/4.6.1/thumb/libgcc.a(_udivsi3.o)
 .data          0x0201ce58        0x0 /Users/lwy08/Downloads/devkitpro/devkitARM/bin/../lib/gcc/arm-eabi/4.6.1/thumb/libgcc.a(_arm_addsubdf3.o)
 .data          0x0201ce58        0x0 /Users/lwy08/Downloads/devkitpro/devkitARM/bin/../lib/gcc/arm-eabi/4.6.1/thumb/libgcc.a(_arm_muldivdf3.o)
 .data          0x0201ce58        0x0 /Users/lwy08/Downloads/devkitpro/devkitARM/bin/../lib/gcc/arm-eabi/4.6.1/thumb/libgcc.a(_arm_cmpdf2.o)
 .data          0x0201ce58        0x0 /Users/lwy08/Downloads/devkitpro/devkitARM/bin/../lib/gcc/arm-eabi/4.6.1/thumb/libgcc.a(_arm_fixdfsi.o)
 .data          0x0201ce58        0x0 /Users/lwy08/Downloads/devkitpro/devkitARM/bin/../lib/gcc/arm-eabi/4.6.1/thumb/libgcc.a(_arm_fixunsdfsi.o)
 .data          0x0201ce58        0x0 /Users/lwy08/Downloads/devkitpro/devkitARM/bin/../lib/gcc/arm-eabi/4.6.1/thumb/libgcc.a(_arm_truncdfsf2.o)
 .data          0x0201ce58        0x0 /Users/lwy08/Downloads/devkitpro/devkitARM/bin/../lib/gcc/arm-eabi/4.6.1/thumb/libgcc.a(_aeabi_uldivmod.o)
 .data          0x0201ce58        0x0 /Users/lwy08/Downloads/devkitpro/devkitARM/bin/../lib/gcc/arm-eabi/4.6.1/thumb/libgcc.a(_muldi3.o)
 .data          0x0201ce58        0x0 /Users/lwy08/Downloads/devkitpro/devkitARM/bin/../lib/gcc/arm-eabi/4.6.1/thumb/libgcc.a(bpabi.o)
 .data          0x0201ce58        0x0 /Users/lwy08/Downloads/devkitpro/devkitARM/bin/../lib/gcc/arm-eabi/4.6.1/thumb/libgcc.a(unwind-arm.o)
 .data          0x0201ce58        0x0 /Users/lwy08/Downloads/devkitpro/devkitARM/bin/../lib/gcc/arm-eabi/4.6.1/thumb/libgcc.a(libunwind.o)
 .data          0x0201ce58        0x0 /Users/lwy08/Downloads/devkitpro/devkitARM/bin/../lib/gcc/arm-eabi/4.6.1/thumb/libgcc.a(pr-support.o)
 .data          0x0201ce58        0x0 /Users/lwy08/Downloads/devkitpro/devkitARM/bin/../lib/gcc/arm-eabi/4.6.1/thumb/libgcc.a(_divdi3.o)
 .data          0x0201ce58        0x0 /Users/lwy08/Downloads/devkitpro/devkitARM/bin/../lib/gcc/arm-eabi/4.6.1/thumb/libgcc.a(_udivdi3.o)
 .data          0x0201ce58        0x0 /Users/lwy08/Downloads/devkitpro/devkitARM/bin/../lib/gcc/arm-eabi/4.6.1/thumb/libgcc.a(_clzsi2.o)
 .data          0x0201ce58        0x0 /Users/lwy08/Downloads/devkitpro/devkitARM/bin/../lib/gcc/arm-eabi/4.6.1/../../../../arm-eabi/lib/thumb/libg.a(lib_a-abort.o)
 .data          0x0201ce58        0x0 /Users/lwy08/Downloads/devkitpro/devkitARM/bin/../lib/gcc/arm-eabi/4.6.1/../../../../arm-eabi/lib/thumb/libg.a(lib_a-errno.o)
 .data          0x0201ce58        0x0 /Users/lwy08/Downloads/devkitpro/devkitARM/bin/../lib/gcc/arm-eabi/4.6.1/../../../../arm-eabi/lib/thumb/libg.a(lib_a-signal.o)
 .data          0x0201ce58        0x0 /Users/lwy08/Downloads/devkitpro/devkitARM/bin/../lib/gcc/arm-eabi/4.6.1/../../../../arm-eabi/lib/thumb/libsysbase.a(getpid.o)
 .data          0x0201ce58        0x0 /Users/lwy08/Downloads/devkitpro/devkitARM/bin/../lib/gcc/arm-eabi/4.6.1/../../../../arm-eabi/lib/thumb/libsysbase.a(kill.o)
 .data          0x0201ce58        0x0 /Users/lwy08/Downloads/devkitpro/devkitARM/bin/../lib/gcc/arm-eabi/4.6.1/../../../../arm-eabi/lib/thumb/libsysbase.a(_exit.o)
 .data          0x0201ce58        0x0 /Users/lwy08/Downloads/devkitpro/devkitARM/bin/../lib/gcc/arm-eabi/4.6.1/thumb/crtend.o
 .data          0x0201ce58        0x0 /Users/lwy08/Downloads/devkitpro/devkitARM/bin/../lib/gcc/arm-eabi/4.6.1/thumb/crtn.o
 *(.data.*)
 *(.gnu.linkonce.d*)
                0x0201ce58                . = ALIGN (0x4)
                0x0201ce58                __data_end = ABSOLUTE (.)
                0x0201ce58                __dtcm_lma = .
                0x0201ce58                __bss_vma = .

.dtcm           0x0b000000        0x0 load address 0x0201ce58
 *(.dtcm)
 *(.dtcm.*)
                0x0b000000                . = ALIGN (0x4)
                0x0b000000                __dtcm_end = ABSOLUTE (.)
                0x0201ce58                __itcm_lma = (__dtcm_lma + SIZEOF (.dtcm))

.itcm           0x01000100      0x194 load address 0x0201ce58
 *(.itcm)
 .itcm          0x01000100       0xc8 /Users/lwy08/Downloads/devkitpro/libnds/lib/libnds9.a(interrupts.o)
                0x01000100                irqTable
 .itcm          0x010001c8       0xcc /Users/lwy08/Downloads/devkitpro/libnds/lib/libnds9.a(interruptDispatcher.o)
                0x010001c8                IntrMain
 *itcm.*(.text)
                0x01000294                . = ALIGN (0x4)
                0x01000294                __itcm_end = ABSOLUTE (.)
                0x0201cfec                __vectors_lma = (__itcm_lma + SIZEOF (.itcm))

.vectors        0x01000000        0x0 load address 0x0201cfec
 *(.vectors)
 *vectors.*(.text)
                0x01000000                . = ALIGN (0x4)
                0x01000000                __vectors_end = ABSOLUTE (.)

.sbss           0x0b000000        0x0
                0x0b000000                __sbss_start = ABSOLUTE (.)
                0x0b000000                __sbss_start__ = ABSOLUTE (.)
 *(.sbss)
                0x0b000000                . = ALIGN (0x4)
                0x0b000000                __sbss_end = ABSOLUTE (.)

.bss            0x0201ce58     0x2130
                0x0201ce58                __bss_start = ABSOLUTE (.)
                0x0201ce58                __bss_start__ = ABSOLUTE (.)
 *(.dynbss)
 *(.gnu.linkonce.b*)
 *(.bss*)
 .bss           0x0201ce58        0x0 /Users/lwy08/Downloads/devkitpro/devkitARM/bin/../lib/gcc/arm-eabi/4.6.1/../../../../arm-eabi/lib/thumb/ds_arm9_crt0.o
 .bss           0x0201ce58        0x0 /Users/lwy08/Downloads/devkitpro/devkitARM/bin/../lib/gcc/arm-eabi/4.6.1/thumb/crti.o
 .bss           0x0201ce58       0x1c /Users/lwy08/Downloads/devkitpro/devkitARM/bin/../lib/gcc/arm-eabi/4.6.1/thumb/crtbegin.o
 .bss           0x0201ce74        0x0 keymain.o
 .bss           0x0201ce74        0x0 /Users/lwy08/Downloads/devkitpro/libnds/lib/libnds9.a(console.o)
 .bss           0x0201ce74       0x14 /Users/lwy08/Downloads/devkitpro/libnds/lib/libnds9.a(keyboard.o)
                0x0201ce7c                keyBufferLength
                0x0201ce80                keyBufferOffset
                0x0201ce84                stdioRead
 .bss           0x0201ce88        0x6 /Users/lwy08/Downloads/devkitpro/libnds/lib/libnds9.a(keys.o)
 .bss           0x0201ce8e        0x0 /Users/lwy08/Downloads/devkitpro/libnds/lib/libnds9.a(touch.o)
 .bss           0x0201ce8e        0x0 /Users/lwy08/Downloads/devkitpro/libnds/lib/libnds9.a(initSystem.o)
 *fill*         0x0201ce8e        0x2 00
 .bss           0x0201ce90        0x8 /Users/lwy08/Downloads/devkitpro/libnds/lib/libnds9.a(fifosystem.o)
                0x0201ce94                processing
 .bss           0x0201ce98        0x0 /Users/lwy08/Downloads/devkitpro/libnds/lib/libnds9.a(interrupts.o)
 .bss           0x0201ce98        0x0 /Users/lwy08/Downloads/devkitpro/libnds/lib/libnds9.a(libnds_exit.o)
 .bss           0x0201ce98        0x0 /Users/lwy08/Downloads/devkitpro/libnds/lib/libnds9.a(mpu_setup.o)
 .bss           0x0201ce98        0x0 /Users/lwy08/Downloads/devkitpro/libnds/lib/libnds9.a(biosCalls.o)
 .bss           0x0201ce98        0x0 /Users/lwy08/Downloads/devkitpro/libnds/lib/libnds9.a(debugprint.o)
 .bss           0x0201ce98        0x0 /Users/lwy08/Downloads/devkitpro/libnds/lib/libnds9.a(interruptDispatcher.o)
 .bss           0x0201ce98        0x0 /Users/lwy08/Downloads/devkitpro/libnds/lib/libnds9.a(swiSoftReset.o)
 .bss           0x0201ce98        0x0 /Users/lwy08/Downloads/devkitpro/libnds/lib/libnds9.a(default_font.bin.o)
 .bss           0x0201ce98        0x0 /Users/lwy08/Downloads/devkitpro/libnds/lib/libnds9.a(keyboardGfx.o)
 .bss           0x0201ce98        0x0 /Users/lwy08/Downloads/devkitpro/libnds/lib/libnds9.a(background.o)
 .bss           0x0201ce98        0x0 /Users/lwy08/Downloads/devkitpro/libnds/lib/libnds9.a(decompress.o)
 .bss           0x0201ce98        0x0 /Users/lwy08/Downloads/devkitpro/libnds/lib/libnds9.a(system.o)
 .bss           0x0201ce98        0x0 /Users/lwy08/Downloads/devkitpro/libnds/lib/libnds9.a(trig.o)
 .bss           0x0201ce98        0x0 /Users/lwy08/Downloads/devkitpro/libnds/lib/libnds9.a(video.o)
 .bss           0x0201ce98        0x0 /Users/lwy08/Downloads/devkitpro/libnds/lib/libnds9.a(syscalls.o)
 .bss           0x0201ce98        0x0 /Users/lwy08/Downloads/devkitpro/devkitARM/bin/../lib/gcc/arm-eabi/4.6.1/thumb/libgcc.a(_divsi3.o)
 .bss           0x0201ce98        0x0 /Users/lwy08/Downloads/devkitpro/devkitARM/bin/../lib/gcc/arm-eabi/4.6.1/thumb/libgcc.a(_dvmd_tls.o)
 .bss           0x0201ce98        0x0 /Users/lwy08/Downloads/devkitpro/devkitARM/bin/../lib/gcc/arm-eabi/4.6.1/../../../../arm-eabi/lib/thumb/libg.a(lib_a-bsearch.o)
 .bss           0x0201ce98        0x0 /Users/lwy08/Downloads/devkitpro/devkitARM/bin/../lib/gcc/arm-eabi/4.6.1/../../../../arm-eabi/lib/thumb/libg.a(lib_a-impure.o)
 .bss           0x0201ce98        0x0 /Users/lwy08/Downloads/devkitpro/devkitARM/bin/../lib/gcc/arm-eabi/4.6.1/../../../../arm-eabi/lib/thumb/libg.a(lib_a-init.o)
 .bss           0x0201ce98        0x0 /Users/lwy08/Downloads/devkitpro/devkitARM/bin/../lib/gcc/arm-eabi/4.6.1/../../../../arm-eabi/lib/thumb/libg.a(lib_a-iprintf.o)
 .bss           0x0201ce98        0x0 /Users/lwy08/Downloads/devkitpro/devkitARM/bin/../lib/gcc/arm-eabi/4.6.1/../../../../arm-eabi/lib/thumb/libg.a(lib_a-memcpy.o)
 .bss           0x0201ce98        0x0 /Users/lwy08/Downloads/devkitpro/devkitARM/bin/../lib/gcc/arm-eabi/4.6.1/../../../../arm-eabi/lib/thumb/libg.a(lib_a-scanf.o)
 .bss           0x0201ce98        0x0 /Users/lwy08/Downloads/devkitpro/devkitARM/bin/../lib/gcc/arm-eabi/4.6.1/../../../../arm-eabi/lib/thumb/libg.a(lib_a-setvbuf.o)
 .bss           0x0201ce98        0x0 /Users/lwy08/Downloads/devkitpro/devkitARM/bin/../lib/gcc/arm-eabi/4.6.1/../../../../arm-eabi/lib/thumb/libg.a(lib_a-siscanf.o)
 .bss           0x0201ce98        0x0 /Users/lwy08/Downloads/devkitpro/devkitARM/bin/../lib/gcc/arm-eabi/4.6.1/../../../../arm-eabi/lib/thumb/libg.a(lib_a-stdio.o)
 .bss           0x0201ce98        0x0 /Users/lwy08/Downloads/devkitpro/devkitARM/bin/../lib/gcc/arm-eabi/4.6.1/../../../../arm-eabi/lib/thumb/libg.a(lib_a-strlen.o)
 .bss           0x0201ce98        0x0 /Users/lwy08/Downloads/devkitpro/devkitARM/bin/../lib/gcc/arm-eabi/4.6.1/../../../../arm-eabi/lib/thumb/libg.a(lib_a-svfiscanf.o)
 .bss           0x0201ce98        0x0 /Users/lwy08/Downloads/devkitpro/devkitARM/bin/../lib/gcc/arm-eabi/4.6.1/../../../../arm-eabi/lib/thumb/libg.a(lib_a-ungetc.o)
 .bss           0x0201ce98        0x0 /Users/lwy08/Downloads/devkitpro/devkitARM/bin/../lib/gcc/arm-eabi/4.6.1/../../../../arm-eabi/lib/thumb/libg.a(lib_a-vfiprintf.o)
 .bss           0x0201ce98        0x0 /Users/lwy08/Downloads/devkitpro/devkitARM/bin/../lib/gcc/arm-eabi/4.6.1/../../../../arm-eabi/lib/thumb/libg.a(lib_a-vfscanf.o)
 .bss           0x0201ce98        0x0 /Users/lwy08/Downloads/devkitpro/devkitARM/bin/../lib/gcc/arm-eabi/4.6.1/../../../../arm-eabi/lib/thumb/libg.a(lib_a-wcrtomb.o)
 .bss           0x0201ce98        0x0 /Users/lwy08/Downloads/devkitpro/devkitARM/bin/../lib/gcc/arm-eabi/4.6.1/../../../../arm-eabi/lib/thumb/libg.a(lib_a-wcsrtombs.o)
 .bss           0x0201ce98        0x0 /Users/lwy08/Downloads/devkitpro/devkitARM/bin/../lib/gcc/arm-eabi/4.6.1/../../../../arm-eabi/lib/thumb/libg.a(lib_a-wctomb_r.o)
 .bss           0x0201ce98        0x0 /Users/lwy08/Downloads/devkitpro/devkitARM/bin/../lib/gcc/arm-eabi/4.6.1/../../../../arm-eabi/lib/thumb/libg.a(lib_a-wsetup.o)
 .bss           0x0201ce98        0x0 /Users/lwy08/Downloads/devkitpro/devkitARM/bin/../lib/gcc/arm-eabi/4.6.1/../../../../arm-eabi/lib/thumb/libg.a(lib_a-ctype_.o)
 .bss           0x0201ce98        0x0 /Users/lwy08/Downloads/devkitpro/devkitARM/bin/../lib/gcc/arm-eabi/4.6.1/../../../../arm-eabi/lib/thumb/libg.a(lib_a-fflush.o)
 .bss           0x0201ce98        0x0 /Users/lwy08/Downloads/devkitpro/devkitARM/bin/../lib/gcc/arm-eabi/4.6.1/../../../../arm-eabi/lib/thumb/libg.a(lib_a-findfp.o)
 .bss           0x0201ce98        0x0 /Users/lwy08/Downloads/devkitpro/devkitARM/bin/../lib/gcc/arm-eabi/4.6.1/../../../../arm-eabi/lib/thumb/libg.a(lib_a-fputwc.o)
 .bss           0x0201ce98        0x0 /Users/lwy08/Downloads/devkitpro/devkitARM/bin/../lib/gcc/arm-eabi/4.6.1/../../../../arm-eabi/lib/thumb/libg.a(lib_a-fread.o)
 .bss           0x0201ce98        0x0 /Users/lwy08/Downloads/devkitpro/devkitARM/bin/../lib/gcc/arm-eabi/4.6.1/../../../../arm-eabi/lib/thumb/libg.a(lib_a-freer.o)
 .bss           0x0201ce98        0x0 /Users/lwy08/Downloads/devkitpro/devkitARM/bin/../lib/gcc/arm-eabi/4.6.1/../../../../arm-eabi/lib/thumb/libg.a(lib_a-fvwrite.o)
 .bss           0x0201ce98        0x0 /Users/lwy08/Downloads/devkitpro/devkitARM/bin/../lib/gcc/arm-eabi/4.6.1/../../../../arm-eabi/lib/thumb/libg.a(lib_a-fwalk.o)
 .bss           0x0201ce98        0x0 /Users/lwy08/Downloads/devkitpro/devkitARM/bin/../lib/gcc/arm-eabi/4.6.1/../../../../arm-eabi/lib/thumb/libg.a(lib_a-iswspace.o)
 .bss           0x0201ce98        0x0 /Users/lwy08/Downloads/devkitpro/devkitARM/bin/../lib/gcc/arm-eabi/4.6.1/../../../../arm-eabi/lib/thumb/libg.a(lib_a-jp2uc.o)
 .bss           0x0201ce98      0x2b8 /Users/lwy08/Downloads/devkitpro/devkitARM/bin/../lib/gcc/arm-eabi/4.6.1/../../../../arm-eabi/lib/thumb/libg.a(lib_a-locale.o)
                0x0201d144                _PathLocale
                0x0201d148                __mlocale_changed
                0x0201d14c                __nlocale_changed
 .bss           0x0201d150        0x0 /Users/lwy08/Downloads/devkitpro/devkitARM/bin/../lib/gcc/arm-eabi/4.6.1/../../../../arm-eabi/lib/thumb/libg.a(lib_a-makebuf.o)
 .bss           0x0201d150        0x0 /Users/lwy08/Downloads/devkitpro/devkitARM/bin/../lib/gcc/arm-eabi/4.6.1/../../../../arm-eabi/lib/thumb/libg.a(lib_a-malloc.o)
 .bss           0x0201d150       0x34 /Users/lwy08/Downloads/devkitpro/devkitARM/bin/../lib/gcc/arm-eabi/4.6.1/../../../../arm-eabi/lib/thumb/libg.a(lib_a-mallocr.o)
                0x0201d150                __malloc_top_pad
                0x0201d154                __malloc_current_mallinfo
                0x0201d17c                __malloc_max_sbrked_mem
                0x0201d180                __malloc_max_total_mem
 .bss           0x0201d184        0x0 /Users/lwy08/Downloads/devkitpro/devkitARM/bin/../lib/gcc/arm-eabi/4.6.1/../../../../arm-eabi/lib/thumb/libg.a(lib_a-mbrtowc.o)
 .bss           0x0201d184        0x0 /Users/lwy08/Downloads/devkitpro/devkitARM/bin/../lib/gcc/arm-eabi/4.6.1/../../../../arm-eabi/lib/thumb/libg.a(lib_a-mbtowc_r.o)
 .bss           0x0201d184        0x0 /Users/lwy08/Downloads/devkitpro/devkitARM/bin/../lib/gcc/arm-eabi/4.6.1/../../../../arm-eabi/lib/thumb/libg.a(lib_a-memchr.o)
 .bss           0x0201d184        0x0 /Users/lwy08/Downloads/devkitpro/devkitARM/bin/../lib/gcc/arm-eabi/4.6.1/../../../../arm-eabi/lib/thumb/libg.a(lib_a-memmove.o)
 .bss           0x0201d184        0x0 /Users/lwy08/Downloads/devkitpro/devkitARM/bin/../lib/gcc/arm-eabi/4.6.1/../../../../arm-eabi/lib/thumb/libg.a(lib_a-memset.o)
 .bss           0x0201d184        0x0 /Users/lwy08/Downloads/devkitpro/devkitARM/bin/../lib/gcc/arm-eabi/4.6.1/../../../../arm-eabi/lib/thumb/libg.a(lib_a-mlock.o)
 .bss           0x0201d184        0x0 /Users/lwy08/Downloads/devkitpro/devkitARM/bin/../lib/gcc/arm-eabi/4.6.1/../../../../arm-eabi/lib/thumb/libg.a(lib_a-reallocr.o)
 .bss           0x0201d184        0x0 /Users/lwy08/Downloads/devkitpro/devkitARM/bin/../lib/gcc/arm-eabi/4.6.1/../../../../arm-eabi/lib/thumb/libg.a(lib_a-refill.o)
 .bss           0x0201d184        0x0 /Users/lwy08/Downloads/devkitpro/devkitARM/bin/../lib/gcc/arm-eabi/4.6.1/../../../../arm-eabi/lib/thumb/libg.a(lib_a-s_fpclassify.o)
 .bss           0x0201d184        0x0 /Users/lwy08/Downloads/devkitpro/devkitARM/bin/../lib/gcc/arm-eabi/4.6.1/../../../../arm-eabi/lib/thumb/libg.a(lib_a-sccl.o)
 .bss           0x0201d184        0x0 /Users/lwy08/Downloads/devkitpro/devkitARM/bin/../lib/gcc/arm-eabi/4.6.1/../../../../arm-eabi/lib/thumb/libg.a(lib_a-sf_nan.o)
 .bss           0x0201d184        0x0 /Users/lwy08/Downloads/devkitpro/devkitARM/bin/../lib/gcc/arm-eabi/4.6.1/../../../../arm-eabi/lib/thumb/libg.a(lib_a-sprintf.o)
 .bss           0x0201d184        0x0 /Users/lwy08/Downloads/devkitpro/devkitARM/bin/../lib/gcc/arm-eabi/4.6.1/../../../../arm-eabi/lib/thumb/libg.a(lib_a-strcasecmp.o)
 .bss           0x0201d184        0x0 /Users/lwy08/Downloads/devkitpro/devkitARM/bin/../lib/gcc/arm-eabi/4.6.1/../../../../arm-eabi/lib/thumb/libg.a(lib_a-strcat.o)
 .bss           0x0201d184        0x0 /Users/lwy08/Downloads/devkitpro/devkitARM/bin/../lib/gcc/arm-eabi/4.6.1/../../../../arm-eabi/lib/thumb/libg.a(lib_a-strchr.o)
 .bss           0x0201d184        0x0 /Users/lwy08/Downloads/devkitpro/devkitARM/bin/../lib/gcc/arm-eabi/4.6.1/../../../../arm-eabi/lib/thumb/libg.a(lib_a-strcmp.o)
 .bss           0x0201d184        0x0 /Users/lwy08/Downloads/devkitpro/devkitARM/bin/../lib/gcc/arm-eabi/4.6.1/../../../../arm-eabi/lib/thumb/libg.a(lib_a-strcpy.o)
 .bss           0x0201d184        0x0 /Users/lwy08/Downloads/devkitpro/devkitARM/bin/../lib/gcc/arm-eabi/4.6.1/../../../../arm-eabi/lib/thumb/libg.a(lib_a-strlcpy.o)
 .bss           0x0201d184        0x0 /Users/lwy08/Downloads/devkitpro/devkitARM/bin/../lib/gcc/arm-eabi/4.6.1/../../../../arm-eabi/lib/thumb/libg.a(lib_a-strncasecmp.o)
 .bss           0x0201d184        0x0 /Users/lwy08/Downloads/devkitpro/devkitARM/bin/../lib/gcc/arm-eabi/4.6.1/../../../../arm-eabi/lib/thumb/libg.a(lib_a-strncmp.o)
 .bss           0x0201d184        0x0 /Users/lwy08/Downloads/devkitpro/devkitARM/bin/../lib/gcc/arm-eabi/4.6.1/../../../../arm-eabi/lib/thumb/libg.a(lib_a-strncpy.o)
 .bss           0x0201d184        0x0 /Users/lwy08/Downloads/devkitpro/devkitARM/bin/../lib/gcc/arm-eabi/4.6.1/../../../../arm-eabi/lib/thumb/libg.a(lib_a-strtod.o)
 .bss           0x0201d184        0x0 /Users/lwy08/Downloads/devkitpro/devkitARM/bin/../lib/gcc/arm-eabi/4.6.1/../../../../arm-eabi/lib/thumb/libg.a(lib_a-strtol.o)
 .bss           0x0201d184        0x0 /Users/lwy08/Downloads/devkitpro/devkitARM/bin/../lib/gcc/arm-eabi/4.6.1/../../../../arm-eabi/lib/thumb/libg.a(lib_a-strtoll_r.o)
 .bss           0x0201d184        0x0 /Users/lwy08/Downloads/devkitpro/devkitARM/bin/../lib/gcc/arm-eabi/4.6.1/../../../../arm-eabi/lib/thumb/libg.a(lib_a-strtoul.o)