Archive member included because of file (symbol)

/Users/lwy08/Downloads/devkitpro/libnds/lib/libnds9.a(console.o)
                              template.o (consoleSelect)
/Users/lwy08/Downloads/devkitpro/libnds/lib/libnds9.a(touch.o)
                              template.o (touchRead)
/Users/lwy08/Downloads/devkitpro/libnds/lib/libnds9.a(initSystem.o)
                              /Users/lwy08/Downloads/devkitpro/devkitARM/bin/../lib/gcc/arm-eabi/4.6.1/../../../../arm-eabi/lib/thumb/ds_arm9_crt0.o (initSystem)
/Users/lwy08/Downloads/devkitpro/libnds/lib/libnds9.a(fifosystem.o)
                              /Users/lwy08/Downloads/devkitpro/libnds/lib/libnds9.a(initSystem.o) (fifoSendValue32)
/Users/lwy08/Downloads/devkitpro/libnds/lib/libnds9.a(interrupts.o)
                              /Users/lwy08/Downloads/devkitpro/libnds/lib/libnds9.a(fifosystem.o) (irqSet)
/Users/lwy08/Downloads/devkitpro/libnds/lib/libnds9.a(libnds_exit.o)
                              /Users/lwy08/Downloads/devkitpro/devkitARM/bin/../lib/gcc/arm-eabi/4.6.1/../../../../arm-eabi/lib/thumb/ds_arm9_crt0.o (__libnds_exit)
/Users/lwy08/Downloads/devkitpro/libnds/lib/libnds9.a(mpu_setup.o)
                              /Users/lwy08/Downloads/devkitpro/devkitARM/bin/../lib/gcc/arm-eabi/4.6.1/../../../../arm-eabi/lib/thumb/ds_arm9_crt0.o (__libnds_mpu_setup)
/Users/lwy08/Downloads/devkitpro/libnds/lib/libnds9.a(biosCalls.o)
                              /Users/lwy08/Downloads/devkitpro/libnds/lib/libnds9.a(fifosystem.o) (swiIntrWait)
/Users/lwy08/Downloads/devkitpro/libnds/lib/libnds9.a(debugprint.o)
                              /Users/lwy08/Downloads/devkitpro/libnds/lib/libnds9.a(console.o) (nocashWrite)
/Users/lwy08/Downloads/devkitpro/libnds/lib/libnds9.a(interruptDispatcher.o)
                              /Users/lwy08/Downloads/devkitpro/libnds/lib/libnds9.a(interrupts.o) (IntrMain)
/Users/lwy08/Downloads/devkitpro/libnds/lib/libnds9.a(swiSoftReset.o)
                              /Users/lwy08/Downloads/devkitpro/libnds/lib/libnds9.a(fifosystem.o) (swiSoftReset)
/Users/lwy08/Downloads/devkitpro/libnds/lib/libnds9.a(default_font.bin.o)
                              /Users/lwy08/Downloads/devkitpro/libnds/lib/libnds9.a(console.o) (default_font_bin)
/Users/lwy08/Downloads/devkitpro/libnds/lib/libnds9.a(background.o)
                              /Users/lwy08/Downloads/devkitpro/libnds/lib/libnds9.a(console.o) (bgState)
/Users/lwy08/Downloads/devkitpro/libnds/lib/libnds9.a(system.o)
                              /Users/lwy08/Downloads/devkitpro/libnds/lib/libnds9.a(initSystem.o) (systemMsgHandler)
/Users/lwy08/Downloads/devkitpro/libnds/lib/libnds9.a(trig.o)
                              /Users/lwy08/Downloads/devkitpro/libnds/lib/libnds9.a(background.o) (sinLerp)
/Users/lwy08/Downloads/devkitpro/libnds/lib/libnds9.a(video.o)
                              /Users/lwy08/Downloads/devkitpro/libnds/lib/libnds9.a(initSystem.o) (vramDefault)
/Users/lwy08/Downloads/devkitpro/devkitARM/bin/../lib/gcc/arm-eabi/4.6.1/thumb/libgcc.a(_divsi3.o)
                              /Users/lwy08/Downloads/devkitpro/libnds/lib/libnds9.a(console.o) (__aeabi_idivmod)
/Users/lwy08/Downloads/devkitpro/devkitARM/bin/../lib/gcc/arm-eabi/4.6.1/thumb/libgcc.a(_dvmd_tls.o)
                              /Users/lwy08/Downloads/devkitpro/devkitARM/bin/../lib/gcc/arm-eabi/4.6.1/thumb/libgcc.a(_divsi3.o) (__aeabi_idiv0)
/Users/lwy08/Downloads/devkitpro/devkitARM/bin/../lib/gcc/arm-eabi/4.6.1/../../../../arm-eabi/lib/thumb/libg.a(lib_a-bsearch.o)
                              /Users/lwy08/Downloads/devkitpro/libnds/lib/libnds9.a(trig.o) (bsearch)
/Users/lwy08/Downloads/devkitpro/devkitARM/bin/../lib/gcc/arm-eabi/4.6.1/../../../../arm-eabi/lib/thumb/libg.a(lib_a-impure.o)
                              /Users/lwy08/Downloads/devkitpro/libnds/lib/libnds9.a(console.o) (_impure_ptr)
/Users/lwy08/Downloads/devkitpro/devkitARM/bin/../lib/gcc/arm-eabi/4.6.1/../../../../arm-eabi/lib/thumb/libg.a(lib_a-init.o)
                              /Users/lwy08/Downloads/devkitpro/devkitARM/bin/../lib/gcc/arm-eabi/4.6.1/../../../../arm-eabi/lib/thumb/ds_arm9_crt0.o (__libc_init_array)
/Users/lwy08/Downloads/devkitpro/devkitARM/bin/../lib/gcc/arm-eabi/4.6.1/../../../../arm-eabi/lib/thumb/libg.a(lib_a-iprintf.o)
                              template.o (iprintf)
/Users/lwy08/Downloads/devkitpro/devkitARM/bin/../lib/gcc/arm-eabi/4.6.1/../../../../arm-eabi/lib/thumb/libg.a(lib_a-memcpy.o)
                              /Users/lwy08/Downloads/devkitpro/libnds/lib/libnds9.a(console.o) (memcpy)
/Users/lwy08/Downloads/devkitpro/devkitARM/bin/../lib/gcc/arm-eabi/4.6.1/../../../../arm-eabi/lib/thumb/libg.a(lib_a-setvbuf.o)
                              /Users/lwy08/Downloads/devkitpro/libnds/lib/libnds9.a(console.o) (setvbuf)
/Users/lwy08/Downloads/devkitpro/devkitARM/bin/../lib/gcc/arm-eabi/4.6.1/../../../../arm-eabi/lib/thumb/libg.a(lib_a-siscanf.o)
[...]
Memory Configuration

Name             Origin             Length             Attributes
rom              0x08000000         0x02000000
ewram            0x02000000         0x003ff000
dtcm             0x0b000000         0x00004000
vectors          0x01000000         0x00000100
itcm             0x01000100         0x00007f00
*default*        0x00000000         0xffffffff

Linker script and memory map

                0x01000000                __vectors_start = ORIGIN (vectors)
                0x01000100                __itcm_start = ORIGIN (itcm)
                0x023ff000                __ewram_end = (ORIGIN (ewram) + 0x3ff000)
                0x023ff000                __eheap_end = (ORIGIN (ewram) + 0x3ff000)
                0x0b000000                __dtcm_start = ORIGIN (dtcm)
                0x0b004000                __dtcm_top = (ORIGIN (dtcm) + 0x4000)
                0x0b003ff8                __irq_flags = (__dtcm_top - 0x8)
                0x0b003ffc                __irq_vector = (__dtcm_top - 0x4)
                0x0b003f00                __sp_svc = (__dtcm_top - 0x100)
                0x0b003e00                __sp_irq = (__sp_svc - 0x100)
                0x0b003d00                __sp_usr = (__sp_irq - 0x100)

.init           0x02000000      0x23c
                0x02000000                __text_start = .
 *(.init)
 .init          0x02000000      0x230 /Users/lwy08/Downloads/devkitpro/devkitARM/bin/../lib/gcc/arm-eabi/4.6.1/../../../../arm-eabi/lib/thumb/ds_arm9_crt0.o
                0x02000000                _start
 .init          0x02000230        0x4 /Users/lwy08/Downloads/devkitpro/devkitARM/bin/../lib/gcc/arm-eabi/4.6.1/thumb/crti.o
                0x02000230                _init
 .init          0x02000234        0x8 /Users/lwy08/Downloads/devkitpro/devkitARM/bin/../lib/gcc/arm-eabi/4.6.1/thumb/crtn.o
                0x0200023c                . = ALIGN (0x4)

.plt
 *(.plt)

.text           0x02000240     0xa2a0
 *(EXCLUDE_FILE(*.itcm*) .text)
 .text          0x02000240        0x0 /Users/lwy08/Downloads/devkitpro/devkitARM/bin/../lib/gcc/arm-eabi/4.6.1/../../../../arm-eabi/lib/thumb/ds_arm9_crt0.o
 .text          0x02000240        0x0 /Users/lwy08/Downloads/devkitpro/devkitARM/bin/../lib/gcc/arm-eabi/4.6.1/thumb/crti.o
 .text          0x02000240       0x6c /Users/lwy08/Downloads/devkitpro/devkitARM/bin/../lib/gcc/arm-eabi/4.6.1/thumb/crtbegin.o
 .text          0x020002ac        0x0 template.o
 .text          0x020002ac      0xa30 /Users/lwy08/Downloads/devkitpro/libnds/lib/libnds9.a(console.o)
                0x020002ac                nocash_write
                0x0200036c                consoleGetDefault
                0x02000378                consoleSelect
                0x02000388                consoleDebugInit
                0x020003d8                consolePrintChar
                0x02000588                consoleLoadFont
                0x02000820                consoleSetFont
                0x02000840                consoleInit
                0x020009a4                consoleDemoInit
                0x020009e8                con_write
                0x02000ca8                consoleClear
                0x02000cb8                consoleSetWindow
 .text          0x02000cdc       0x4c /Users/lwy08/Downloads/devkitpro/libnds/lib/libnds9.a(touch.o)
                0x02000cdc                touchRead
                0x02000d04                touchReadXY
 .text          0x02000d28      0x19c /Users/lwy08/Downloads/devkitpro/libnds/lib/libnds9.a(initSystem.o)
                0x02000d28                initSystem
 .text          0x02000ec4      0xc88 /Users/lwy08/Downloads/devkitpro/libnds/lib/libnds9.a(fifosystem.o)
                0x02001124                fifoSendAddress
                0x02001150                fifoSendValue32
                0x02001190                fifoSendDatamsg
                0x02001200                fifoGetAddress
                0x02001274                fifoSetAddressHandler
                0x020012e8                fifoGetValue32
                0x0200135c                fifoSetValue32Handler
                0x020013d0                fifoGetDatamsg
                0x02001874                fifoSetDatamsgHandler
                0x0200190c                fifoCheckAddress
                0x02001930                fifoCheckDatamsg
                0x02001954                fifoCheckValue32
                0x02001978                fifoInit
 .text          0x02001b4c      0x1f4 /Users/lwy08/Downloads/devkitpro/libnds/lib/libnds9.a(interrupts.o)
                0x02001b4c                irqDummy
                0x02001b50                irqSet
                0x02001bc0                irqInit
                0x02001c0c                irqInitHandler
                0x02001c3c                irqEnable
                0x02001ca0                irqDisable
                0x02001d04                irqClear
 .text          0x02001d40       0x40 /Users/lwy08/Downloads/devkitpro/libnds/lib/libnds9.a(libnds_exit.o)
                0x02001d40                systemErrorExit
                0x02001d44                __libnds_exit
 .text          0x02001d80      0x1b4 /Users/lwy08/Downloads/devkitpro/libnds/lib/libnds9.a(mpu_setup.o)
                0x02001d80                __libnds_mpu_setup
                0x02001ec0                memCached
                0x02001ed8                memUncached
 *fill*         0x02001f34        0xc ff
 .text          0x02001f40       0x70 /Users/lwy08/Downloads/devkitpro/libnds/lib/libnds9.a(biosCalls.o)
                0x02001f40                swiDelay
                0x02001f44                swiIntrWait
                0x02001f48                swiWaitForVBlank
                0x02001f4c                swiSleep
                0x02001f50                swiChangeSoundBias
                0x02001f54                swiDivide
                0x02001f58                swiRemainder
                0x02001f5e                swiDivMod
                0x02001f6a                swiCopy
                0x02001f6e                swiFastCopy
                0x02001f72                swiSqrt
                0x02001f76                swiCRC16
                0x02001f7a                swiIsDebugger
                0x02001f7e                swiUnpackBits
                0x02001f82                swiDecompressLZSSWram
                0x02001f86                swiDecompressLZSSVramNTR
                0x02001f8a                swiDecompressLZSSVramTWL
                0x02001f8e                swiDecompressHuffman
                0x02001f92                swiDecompressRLEWram
                0x02001f96                swiDecompressRLEVram
                0x02001f9a                swiWaitForIRQ
                0x02001f9e                swiDecodeDelta8
                0x02001fa2                swiDecodeDelta16
                0x02001fa6                swiSetHaltCR
 .text          0x02001fb0       0xa4 /Users/lwy08/Downloads/devkitpro/libnds/lib/libnds9.a(debugprint.o)
                0x02001fb0                nocashWrite
                0x02001fb2                nocashMessage
 .text          0x02002054        0x0 /Users/lwy08/Downloads/devkitpro/libnds/lib/libnds9.a(interruptDispatcher.o)
 *fill*         0x02002054        0xc ff
 .text          0x02002060       0x30 /Users/lwy08/Downloads/devkitpro/libnds/lib/libnds9.a(swiSoftReset.o)
                0x02002060                swiSoftReset
 .text          0x02002090        0x0 /Users/lwy08/Downloads/devkitpro/libnds/lib/libnds9.a(default_font.bin.o)
 .text          0x02002090      0x314 /Users/lwy08/Downloads/devkitpro/libnds/lib/libnds9.a(background.o)
                0x02002090                bgIsText
                0x0200209c                checkIfText
                0x020020fc                bgUpdate
                0x0200220c                bgInit_call
                0x020022d0                bgInitSub_call
 .text          0x020023a4       0xf0 /Users/lwy08/Downloads/devkitpro/libnds/lib/libnds9.a(system.o)
                0x020023a4                systemMsgHandler
                0x020023e8                systemSleep
                0x02002400                powerValueHandler
                0x02002410                powerOn
                0x0200243c                powerOff
                0x02002464                ledBlink
                0x02002474                getBatteryLevel
 .text          0x02002494      0x248 /Users/lwy08/Downloads/devkitpro/libnds/lib/libnds9.a(trig.o)
                0x02002494                asinComp
                0x020024b8                sinLutLookup
                0x020024f4                sinLerp
                0x0200252c                cosLerp
                0x02002540                tanLutLookup
                0x02002578                tanLerp
                0x02002628                asinLerp
                0x020026a4                acosLerp
                0x020026b8                atanComp
 .text          0x020026dc      0x150 /Users/lwy08/Downloads/devkitpro/libnds/lib/libnds9.a(video.o)
                0x020026dc                vramSetPrimaryBanks
                0x02002720                vramSetMainBanks
                0x02002764                vramSetBanks_EFG
                0x0200279c                vramRestorePrimaryBanks
                0x020027a8                vramRestoreMainBanks
                0x020027b4                vramRestoreBanks_EFG
                0x020027c0                setBrightness
                0x02002800                vramDefault
 .text          0x0200282c      0x150 /Users/lwy08/Downloads/devkitpro/devkitARM/bin/../lib/gcc/arm-eabi/4.6.1/thumb/libgcc.a(_divsi3.o)
                0x0200282c                __aeabi_idiv
                0x0200282c                __divsi3
                0x0200295c                __aeabi_idivmod
 .text          0x0200297c        0x4 /Users/lwy08/Downloads/devkitpro/devkitARM/bin/../lib/gcc/arm-eabi/4.6.1/thumb/libgcc.a(_dvmd_tls.o)
                0x0200297c                __aeabi_ldiv0
                0x0200297c                __aeabi_idiv0
 .text          0x02002980       0x64 /Users/lwy08/Downloads/devkitpro/devkitARM/bin/../lib/gcc/arm-eabi/4.6.1/../../../../arm-eabi/lib/thumb/libg.a(lib_a-bsearch.o)
                0x02002980                bsearch
 .text          0x020029e4        0x0 /Users/lwy08/Downloads/devkitpro/devkitARM/bin/../lib/gcc/arm-eabi/4.6.1/../../../../arm-eabi/lib/thumb/libg.a(lib_a-impure.o)
 .text          0x020029e4       0x50 /Users/lwy08/Downloads/devkitpro/devkitARM/bin/../lib/gcc/arm-eabi/4.6.1/../../../../arm-eabi/lib/thumb/libg.a(lib_a-init.o)
                0x020029e4                __libc_init_array
 .text          0x02002a34       0x40 /Users/lwy08/Downloads/devkitpro/devkitARM/bin/../lib/gcc/arm-eabi/4.6.1/../../../../arm-eabi/lib/thumb/libg.a(lib_a-iprintf.o)
                0x02002a34                iprintf
                0x02002a58                _iprintf_r
 .text          0x02002a74       0x80 /Users/lwy08/Downloads/devkitpro/devkitARM/bin/../lib/gcc/arm-eabi/4.6.1/../../../../arm-eabi/lib/thumb/libg.a(lib_a-memcpy.o)
                0x02002a74                memcpy
 .text          0x02002af4      0x118 /Users/lwy08/Downloads/devkitpro/devkitARM/bin/../lib/gcc/arm-eabi/4.6.1/../../../../arm-eabi/lib/thumb/libg.a(lib_a-setvbuf.o)
                0x02002af4                setvbuf
 .text          0x02002c0c       0xa0 /Users/lwy08/Downloads/devkitpro/devkitARM/bin/../lib/gcc/arm-eabi/4.6.1/../../../../arm-eabi/lib/thumb/libg.a(lib_a-siscanf.o)
                0x02002c0c                siscanf
                0x02002c5c                _siscanf_r
 .text          0x02002cac       0xac /Users/lwy08/Downloads/devkitpro/devkitARM/bin/../lib/gcc/arm-eabi/4.6.1/../../../../arm-eabi/lib/thumb/libg.a(lib_a-stdio.o)
                0x02002cac                __sread
                0x02002cd8                __seofread
                0x02002cdc                __swrite
                0x02002d18                __sseek
                0x02002d48                __sclose
 .text          0x02002d58       0x10 /Users/lwy08/Downloads/devkitpro/devkitARM/bin/../lib/gcc/arm-eabi/4.6.1/../../../../arm-eabi/lib/thumb/libg.a(lib_a-strlen.o)
                0x02002d58                strlen
 .text          0x02002d68      0xab0 /Users/lwy08/Downloads/devkitpro/devkitARM/bin/../lib/gcc/arm-eabi/4.6.1/../../../../arm-eabi/lib/thumb/libg.a(lib_a-svfiscanf.o)
                0x02002d68                _sungetc_r
                0x02002df0                __ssrefill_r
                0x02002e34                _sfread_r
                0x02002ec0                __ssvfiscanf_r
 .text          0x02003818      0x180 /Users/lwy08/Downloads/devkitpro/devkitARM/bin/../lib/gcc/arm-eabi/4.6.1/../../../../arm-eabi/lib/thumb/libg.a(lib_a-ungetc.o)
                0x02003818                __submore
                0x020038a0                _ungetc_r
                0x0200397c                ungetc
 .text          0x02003998      0xea8 /Users/lwy08/Downloads/devkitpro/devkitARM/bin/../lib/gcc/arm-eabi/4.6.1/../../../../arm-eabi/lib/thumb/libg.a(lib_a-vfiprintf.o)
                0x02003998                __sprint_r
                0x02003a1c                _vfiprintf_r
                0x0200481c                vfiprintf
 .text          0x02004840       0xdc /Users/lwy08/Downloads/devkitpro/devkitARM/bin/../lib/gcc/arm-eabi/4.6.1/../../../../arm-eabi/lib/thumb/libg.a(lib_a-wcrtomb.o)
                0x02004840                _wcrtomb_r
                0x020048a4                wcrtomb
 .text          0x0200491c       0x40 /Users/lwy08/Downloads/devkitpro/devkitARM/bin/../lib/gcc/arm-eabi/4.6.1/../../../../arm-eabi/lib/thumb/libg.a(lib_a-wcsrtombs.o)
                0x0200491c                _wcsrtombs_r
                0x02004934                wcsrtombs
 .text          0x0200495c      0x27c /Users/lwy08/Downloads/devkitpro/devkitARM/bin/../lib/gcc/arm-eabi/4.6.1/../../../../arm-eabi/lib/thumb/libg.a(lib_a-wctomb_r.o)
                0x0200495c                __utf8_wctomb
                0x02004a1c                _wctomb_r
                0x02004a54                __ascii_wctomb
                0x02004a74                __sjis_wctomb
                0x02004ae0                __eucjp_wctomb
                0x02004b5c                __jis_wctomb
 .text          0x02004bd8       0xbc /Users/lwy08/Downloads/devkitpro/devkitARM/bin/../lib/gcc/arm-eabi/4.6.1/../../../../arm-eabi/lib/thumb/libg.a(lib_a-wsetup.o)
                0x02004bd8                __swsetup_r
 .text          0x02004c94       0x10 /Users/lwy08/Downloads/devkitpro/devkitARM/bin/../lib/gcc/arm-eabi/4.6.1/../../../../arm-eabi/lib/thumb/libg.a(lib_a-ctype_.o)
                0x02004c94                __set_ctype
 .text          0x02004ca4      0x18c /Users/lwy08/Downloads/devkitpro/devkitARM/bin/../lib/gcc/arm-eabi/4.6.1/../../../../arm-eabi/lib/thumb/libg.a(lib_a-fflush.o)
                0x02004ca4                _fflush_r
                0x02004e00                fflush
 .text          0x02004e30      0x1ec /Users/lwy08/Downloads/devkitpro/devkitARM/bin/../lib/gcc/arm-eabi/4.6.1/../../../../arm-eabi/lib/thumb/libg.a(lib_a-findfp.o)
                0x02004e38                _cleanup_r
                0x02004e98                __sfmoreglue
                0x02004ec8                _cleanup
                0x02004edc                __sinit
                0x02004f30                __sfp
                0x02004fd4                __sfp_lock_acquire
                0x02004fd8                __sfp_lock_release
                0x02004fdc                __sinit_lock_acquire
                0x02004fe0                __sinit_lock_release
                0x02004fe4                __fp_lock_all
                0x02005000                __fp_unlock_all
 .text          0x0200501c      0x108 /Users/lwy08/Downloads/devkitpro/devkitARM/bin/../lib/gcc/arm-eabi/4.6.1/../../../../arm-eabi/lib/thumb/libg.a(lib_a-fputwc.o)
                0x0200501c                _fputwc_r
                0x020050f8                fputwc
 .text          0x02005124      0x248 /Users/lwy08/Downloads/devkitpro/devkitARM/bin/../lib/gcc/arm-eabi/4.6.1/../../../../arm-eabi/lib/thumb/libg.a(lib_a-freer.o)
                0x02005124                _malloc_trim_r
                0x020051d0                _free_r
 .text          0x0200536c      0x31c /Users/lwy08/Downloads/devkitpro/devkitARM/bin/../lib/gcc/arm-eabi/4.6.1/../../../../arm-eabi/lib/thumb/libg.a(lib_a-fvwrite.o)
                0x0200536c                __sfvwrite_r
 .text          0x02005688       0xc4 /Users/lwy08/Downloads/devkitpro/devkitARM/bin/../lib/gcc/arm-eabi/4.6.1/../../../../arm-eabi/lib/thumb/libg.a(lib_a-fwalk.o)
                0x02005688                _fwalk
                0x020056e4                _fwalk_reent
 .text          0x0200574c       0x84 /Users/lwy08/Downloads/devkitpro/devkitARM/bin/../lib/gcc/arm-eabi/4.6.1/../../../../arm-eabi/lib/thumb/libg.a(lib_a-iswspace.o)
                0x0200574c                iswspace
 .text          0x020057d0      0x1f4 /Users/lwy08/Downloads/devkitpro/devkitARM/bin/../lib/gcc/arm-eabi/4.6.1/../../../../arm-eabi/lib/thumb/libg.a(lib_a-jp2uc.o)
                0x02005960                _jp2uc
 .text          0x020059c4      0x938 /Users/lwy08/Downloads/devkitpro/devkitARM/bin/../lib/gcc/arm-eabi/4.6.1/../../../../arm-eabi/lib/thumb/libg.a(lib_a-locale.o)
                0x02006080                _setlocale_r
                0x0200629c                __locale_charset
                0x020062a4                __locale_mb_cur_max
                0x020062b0                __locale_msgcharset
                0x020062bc                __locale_cjk_lang
                0x020062c8                _localeconv_r
                0x020062d4                setlocale
                0x020062f0                localeconv
 .text          0x020062fc       0xe4 /Users/lwy08/Downloads/devkitpro/devkitARM/bin/../lib/gcc/arm-eabi/4.6.1/../../../../arm-eabi/lib/thumb/libg.a(lib_a-makebuf.o)
                0x020062fc                __smakebuf_r
 .text          0x020063e0       0x30 /Users/lwy08/Downloads/devkitpro/devkitARM/bin/../lib/gcc/arm-eabi/4.6.1/../../../../arm-eabi/lib/thumb/libg.a(lib_a-malloc.o)
                0x020063e0                malloc
                0x020063f8                free
 .text          0x02006410      0x514 /Users/lwy08/Downloads/devkitpro/devkitARM/bin/../lib/gcc/arm-eabi/4.6.1/../../../../arm-eabi/lib/thumb/libg.a(lib_a-mallocr.o)
                0x02006410                _malloc_r
 .text          0x02006924       0xfc /Users/lwy08/Downloads/devkitpro/devkitARM/bin/../lib/gcc/arm-eabi/4.6.1/../../../../arm-eabi/lib/thumb/libg.a(lib_a-mbrtowc.o)
                0x02006924                _mbrtowc_r
                0x02006998                mbrtowc
 .text          0x02006a20      0x5f8 /Users/lwy08/Downloads/devkitpro/devkitARM/bin/../lib/gcc/arm-eabi/4.6.1/../../../../arm-eabi/lib/thumb/libg.a(lib_a-mbtowc_r.o)
                0x02006a20                __utf8_mbtowc
                0x02006ce8                _mbtowc_r
                0x02006d24                __ascii_mbtowc
                0x02006d50                __sjis_mbtowc
                0x02006e0c                __eucjp_mbtowc
                0x02006eec                __jis_mbtowc
 .text          0x02007018       0x94 /Users/lwy08/Downloads/devkitpro/devkitARM/bin/../lib/gcc/arm-eabi/4.6.1/../../../../arm-eabi/lib/thumb/libg.a(lib_a-memchr.o)
                0x02007018                memchr
 .text          0x020070ac       0xa8 /Users/lwy08/Downloads/devkitpro/devkitARM/bin/../lib/gcc/arm-eabi/4.6.1/../../../../arm-eabi/lib/thumb/libg.a(lib_a-memmove.o)
                0x020070ac                memmove
 .text          0x02007154       0x98 /Users/lwy08/Downloads/devkitpro/devkitARM/bin/../lib/gcc/arm-eabi/4.6.1/../../../../arm-eabi/lib/thumb/libg.a(lib_a-memset.o)
                0x02007154                memset
 .text          0x020071ec        0x8 /Users/lwy08/Downloads/devkitpro/devkitARM/bin/../lib/gcc/arm-eabi/4.6.1/../../../../arm-eabi/lib/thumb/libg.a(lib_a-mlock.o)
                0x020071ec                __malloc_lock
                0x020071f0                __malloc_unlock
 .text          0x020071f4      0x3c4 /Users/lwy08/Downloads/devkitpro/devkitARM/bin/../lib/gcc/arm-eabi/4.6.1/../../../../arm-eabi/lib/thumb/libg.a(lib_a-reallocr.o)
                0x020071f4                _realloc_r
 .text          0x020075b8       0x7c /Users/lwy08/Downloads/devkitpro/devkitARM/bin/../lib/gcc/arm-eabi/4.6.1/../../../../arm-eabi/lib/thumb/libg.a(lib_a-sccl.o)
                0x020075b8                __sccl
 .text          0x02007634       0x50 /Users/lwy08/Downloads/devkitpro/devkitARM/bin/../lib/gcc/arm-eabi/4.6.1/../../../../arm-eabi/lib/thumb/libg.a(lib_a-strcasecmp.o)
                0x02007634                strcasecmp
 .text          0x02007684       0x58 /Users/lwy08/Downloads/devkitpro/devkitARM/bin/../lib/gcc/arm-eabi/4.6.1/../../../../arm-eabi/lib/thumb/libg.a(lib_a-strcat.o)
                0x02007684                strcat
 .text          0x020076dc       0xe4 /Users/lwy08/Downloads/devkitpro/devkitARM/bin/../lib/gcc/arm-eabi/4.6.1/../../../../arm-eabi/lib/thumb/libg.a(lib_a-strchr.o)
                0x020076dc                strchr
 .text          0x020077c0       0x14 /Users/lwy08/Downloads/devkitpro/devkitARM/bin/../lib/gcc/arm-eabi/4.6.1/../../../../arm-eabi/lib/thumb/libg.a(lib_a-strcmp.o)
                0x020077c0                strcmp
 .text          0x020077d4       0x10 /Users/lwy08/Downloads/devkitpro/devkitARM/bin/../lib/gcc/arm-eabi/4.6.1/../../../../arm-eabi/lib/thumb/libg.a(lib_a-strcpy.o)
                0x020077d4                strcpy
 .text          0x020077e4       0x4c /Users/lwy08/Downloads/devkitpro/devkitARM/bin/../lib/gcc/arm-eabi/4.6.1/../../../../arm-eabi/lib/thumb/libg.a(lib_a-strlcpy.o)
                0x020077e4                strlcpy
 .text          0x02007830       0x60 /Users/lwy08/Downloads/devkitpro/devkitARM/bin/../lib/gcc/arm-eabi/4.6.1/../../../../arm-eabi/lib/thumb/libg.a(lib_a-strncasecmp.o)
                0x02007830                strncasecmp
 .text          0x02007890       0xc0 /Users/lwy08/Downloads/devkitpro/devkitARM/bin/../lib/gcc/arm-eabi/4.6.1/../../../../arm-eabi/lib/thumb/libg.a(lib_a-strncmp.o)
                0x02007890                strncmp
 .text          0x02007950       0x78 /Users/lwy08/Downloads/devkitpro/devkitARM/bin/../lib/gcc/arm-eabi/4.6.1/../../../../arm-eabi/lib/thumb/libg.a(lib_a-strncpy.o)
                0x02007950                strncpy
 .text          0x020079c8      0x184 /Users/lwy08/Downloads/devkitpro/devkitARM/bin/../lib/gcc/arm-eabi/4.6.1/../../../../arm-eabi/lib/thumb/libg.a(lib_a-strtol.o)
                0x020079c8                _strtol_r
                0x02007b2c                strtol
 *fill*         0x02007b4c        0x4 ff
 .text          0x02007b50      0x210 /Users/lwy08/Downloads/devkitpro/devkitARM/bin/../lib/gcc/arm-eabi/4.6.1/../../../../arm-eabi/lib/thumb/libg.a(lib_a-strtoll_r.o)
                0x02007b50                _strtoll_r
 .text          0x02007d60      0x198 /Users/lwy08/Downloads/devkitpro/devkitARM/bin/../lib/gcc/arm-eabi/4.6.1/../../../../arm-eabi/lib/thumb/libg.a(lib_a-strtoul.o)
                0x02007d60                _strtoul_r
                0x02007ed8                strtoul
 .text          0x02007ef8      0x220 /Users/lwy08/Downloads/devkitpro/devkitARM/bin/../lib/gcc/arm-eabi/4.6.1/../../../../arm-eabi/lib/thumb/libg.a(lib_a-strtoull_r.o)
                0x02007ef8                _strtoull_r
 .text          0x02008118       0xe4 /Users/lwy08/Downloads/devkitpro/devkitARM/bin/../lib/gcc/arm-eabi/4.6.1/../../../../arm-eabi/lib/thumb/libg.a(lib_a-wbuf.o)
                0x02008118                __swbuf_r
                0x020081e0                __swbuf
 .text          0x020081fc      0x13c /Users/lwy08/Downloads/devkitpro/devkitARM/bin/../lib/gcc/arm-eabi/4.6.1/../../../../arm-eabi/lib/thumb/libg.a(lib_a-wcsnrtombs.o)
                0x020081fc                _wcsnrtombs_r
                0x02008308                wcsnrtombs
 .text          0x02008338       0xc0 /Users/lwy08/Downloads/devkitpro/devkitARM/bin/../lib/gcc/arm-eabi/4.6.1/../../../../arm-eabi/lib/thumb/libg.a(lib_a-fclose.o)
                0x02008338                _fclose_r
                0x020083dc                fclose
 .text          0x020083f8       0xa8 /Users/lwy08/Downloads/devkitpro/devkitARM/bin/../lib/gcc/arm-eabi/4.6.1/../../../../arm-eabi/lib/thumb/libg.a(lib_a-getenv_r.o)
                0x020083f8                _findenv_r
                0x02008490                _getenv_r
 .text          0x020084a0        0x0 /Users/lwy08/Downloads/devkitpro/devkitARM/bin/../lib/gcc/arm-eabi/4.6.1/../../../../arm-eabi/lib/thumb/libg.a(lib_a-environ.o)
 .text          0x020084a0        0x8 /Users/lwy08/Downloads/devkitpro/devkitARM/bin/../lib/gcc/arm-eabi/4.6.1/../../../../arm-eabi/lib/thumb/libg.a(lib_a-envlock.o)
                0x020084a0                __env_lock
                0x020084a4                __env_unlock
 .text          0x020084a8      0x144 /Users/lwy08/Downloads/devkitpro/devkitARM/bin/../lib/gcc/arm-eabi/4.6.1/../../../../arm-eabi/lib/thumb/libsysbase.a(iosupport.o)
                0x020084a8                setDefaultDevice
                0x020084bc                FindDevice
                0x0200852c                RemoveDevice
                0x02008550                AddDevice
                0x020085cc                GetDeviceOpTab
 .text          0x020085ec       0x50 /Users/lwy08/Downloads/devkitpro/devkitARM/bin/../lib/gcc/arm-eabi/4.6.1/../../../../arm-eabi/lib/thumb/libsysbase.a(close.o)
                0x020085ec                _close_r
 .text          0x0200863c       0x58 /Users/lwy08/Downloads/devkitpro/devkitARM/bin/../lib/gcc/arm-eabi/4.6.1/../../../../arm-eabi/lib/thumb/libsysbase.a(fstat.o)
                0x0200863c                _fstat_r
 .text          0x02008694        0x4 /Users/lwy08/Downloads/devkitpro/devkitARM/bin/../lib/gcc/arm-eabi/4.6.1/../../../../arm-eabi/lib/thumb/libsysbase.a(isatty.o)
                0x02008694                _isatty_r
 .text          0x02008698       0x54 /Users/lwy08/Downloads/devkitpro/devkitARM/bin/../lib/gcc/arm-eabi/4.6.1/../../../../arm-eabi/lib/thumb/libsysbase.a(lseek.o)
                0x02008698                _lseek_r
 .text          0x020086ec       0x54 /Users/lwy08/Downloads/devkitpro/devkitARM/bin/../lib/gcc/arm-eabi/4.6.1/../../../../arm-eabi/lib/thumb/libsysbase.a(read.o)
                0x020086ec                _read_r
 .text          0x02008740       0x54 /Users/lwy08/Downloads/devkitpro/devkitARM/bin/../lib/gcc/arm-eabi/4.6.1/../../../../arm-eabi/lib/thumb/libsysbase.a(sbrk.o)
                0x02008740                _sbrk_r
 .text          0x02008794       0x48 /Users/lwy08/Downloads/devkitpro/devkitARM/bin/../lib/gcc/arm-eabi/4.6.1/../../../../arm-eabi/lib/thumb/libsysbase.a(times.o)
                0x02008794                _times
                0x020087a8                _times_r
                0x020087b0                _gettimeofday_r
 .text          0x020087dc       0x54 /Users/lwy08/Downloads/devkitpro/devkitARM/bin/../lib/gcc/arm-eabi/4.6.1/../../../../arm-eabi/lib/thumb/libsysbase.a(write.o)
                0x020087dc                _write_r
 .text          0x02008830        0x0 /Users/lwy08/Downloads/devkitpro/devkitARM/bin/../lib/gcc/arm-eabi/4.6.1/../../../../arm-eabi/lib/thumb/libsysbase.a(malloc_vars.o)
 .text          0x02008830       0x48 /Users/lwy08/Downloads/devkitpro/devkitARM/bin/../lib/gcc/arm-eabi/4.6.1/../../../../arm-eabi/lib/thumb/libsysbase.a(build_argv.o)
                0x02008830                build_argv
 .text          0x02008878        0x0 /Users/lwy08/Downloads/devkitpro/devkitARM/bin/../lib/gcc/arm-eabi/4.6.1/../../../../arm-eabi/lib/thumb/libsysbase.a(syscall_support.o)
 .text          0x02008878       0x80 /Users/lwy08/Downloads/devkitpro/devkitARM/bin/../lib/gcc/arm-eabi/4.6.1/../../../../arm-eabi/lib/thumb/libsysbase.a(handle_manager.o)
                0x02008878                __release_handle
                0x020088a4                __alloc_handle
                0x020088dc                __get_handle
 .text          0x020088f8      0x11c /Users/lwy08/Downloads/devkitpro/devkitARM/bin/../lib/gcc/arm-eabi/4.6.1/thumb/libgcc.a(_udivsi3.o)
                0x020088f8                __udivsi3
                0x020088f8                __aeabi_uidiv
                0x020089f4                __aeabi_uidivmod
 .text          0x02008a14       0x3c /Users/lwy08/Downloads/devkitpro/devkitARM/bin/../lib/gcc/arm-eabi/4.6.1/thumb/libgcc.a(_aeabi_uldivmod.o)
                0x02008a14                __aeabi_uldivmod
 .text          0x02008a50       0x4c /Users/lwy08/Downloads/devkitpro/devkitARM/bin/../lib/gcc/arm-eabi/4.6.1/thumb/libgcc.a(_muldi3.o)
                0x02008a50                __aeabi_lmul
                0x02008a50                __muldi3
 .text          0x02008a9c       0x74 /Users/lwy08/Downloads/devkitpro/devkitARM/bin/../lib/gcc/arm-eabi/4.6.1/thumb/libgcc.a(bpabi.o)
                0x02008a9c                __gnu_ldivmod_helper
                0x02008ad8                __gnu_uldivmod_helper
 .text          0x02008b10      0xa84 /Users/lwy08/Downloads/devkitpro/devkitARM/bin/../lib/gcc/arm-eabi/4.6.1/thumb/libgcc.a(unwind-arm.o)
                0x02008dec                _Unwind_VRS_Get
                0x02008e38                _Unwind_VRS_Set
                0x02009178                __aeabi_unwind_cpp_pr2
                0x02009188                __aeabi_unwind_cpp_pr1
                0x02009198                __aeabi_unwind_cpp_pr0
                0x020091a8                _Unwind_VRS_Pop
                0x02009420                _Unwind_GetCFA
                0x02009424                __gnu_Unwind_RaiseException
                0x02009484                __gnu_Unwind_ForcedUnwind
                0x0200949c                __gnu_Unwind_Resume
                0x020094dc                __gnu_Unwind_Resume_or_Rethrow
                0x020094fc                _Unwind_Complete
                0x02009500                _Unwind_DeleteException
                0x02009518                __gnu_Unwind_Backtrace
 .text          0x02009594      0x1d8 /Users/lwy08/Downloads/devkitpro/devkitARM/bin/../lib/gcc/arm-eabi/4.6.1/thumb/libgcc.a(libunwind.o)
                0x02009594                __restore_core_regs
                0x02009594                restore_core_regs
                0x020095b0                __gnu_Unwind_Restore_VFP
                0x020095b8                __gnu_Unwind_Save_VFP
                0x020095c0                __gnu_Unwind_Restore_VFP_D
                0x020095c8                __gnu_Unwind_Save_VFP_D
                0x020095d0                __gnu_Unwind_Restore_VFP_D_16_to_31
                0x020095d8                __gnu_Unwind_Save_VFP_D_16_to_31
                0x020095e0                __gnu_Unwind_Restore_WMMXD
                0x02009624                __gnu_Unwind_Save_WMMXD
                0x02009668                __gnu_Unwind_Restore_WMMXC
                0x0200967c                __gnu_Unwind_Save_WMMXC
                0x02009690                _Unwind_RaiseException
                0x02009690                ___Unwind_RaiseException
                0x020096bc                ___Unwind_Resume
                0x020096bc                _Unwind_Resume
                0x020096e8                ___Unwind_Resume_or_Rethrow
                0x020096e8                _Unwind_Resume_or_Rethrow
                0x02009714                _Unwind_ForcedUnwind
                0x02009714                ___Unwind_ForcedUnwind
                0x02009740                _Unwind_Backtrace
                0x02009740                ___Unwind_Backtrace
 .text          0x0200976c      0x3a0 /Users/lwy08/Downloads/devkitpro/devkitARM/bin/../lib/gcc/arm-eabi/4.6.1/thumb/libgcc.a(pr-support.o)
                0x020097c8                __gnu_unwind_execute
                0x02009aa8                __gnu_unwind_frame
                0x02009ad4                _Unwind_GetRegionStart
                0x02009ae4                _Unwind_GetLanguageSpecificData
                0x02009afc                _Unwind_GetDataRelBase
                0x02009b04                _Unwind_GetTextRelBase
 .text          0x02009b0c      0x390 /Users/lwy08/Downloads/devkitpro/devkitARM/bin/../lib/gcc/arm-eabi/4.6.1/thumb/libgcc.a(_divdi3.o)
                0x02009b0c                __divdi3
 .text          0x02009e9c      0x358 /Users/lwy08/Downloads/devkitpro/devkitARM/bin/../lib/gcc/arm-eabi/4.6.1/thumb/libgcc.a(_udivdi3.o)
                0x02009e9c                __udivdi3
 .text          0x0200a1f4       0x48 /Users/lwy08/Downloads/devkitpro/devkitARM/bin/../lib/gcc/arm-eabi/4.6.1/thumb/libgcc.a(_clzsi2.o)
                0x0200a1f4                __clzsi2
 .text          0x0200a23c       0x10 /Users/lwy08/Downloads/devkitpro/devkitARM/bin/../lib/gcc/arm-eabi/4.6.1/../../../../arm-eabi/lib/thumb/libg.a(lib_a-abort.o)
                0x0200a23c                abort
 .text          0x0200a24c        0xc /Users/lwy08/Downloads/devkitpro/devkitARM/bin/../lib/gcc/arm-eabi/4.6.1/../../../../arm-eabi/lib/thumb/libg.a(lib_a-errno.o)
                0x0200a24c                __errno
 .text          0x0200a258      0x194 /Users/lwy08/Downloads/devkitpro/devkitARM/bin/../lib/gcc/arm-eabi/4.6.1/../../../../arm-eabi/lib/thumb/libg.a(lib_a-signal.o)
                0x0200a258                _init_signal_r
                0x0200a298                _signal_r
                0x0200a2d8                _raise_r
                0x0200a338                __sigtramp_r
                0x0200a388                raise
                0x0200a3a0                signal
                0x0200a3bc                _init_signal
                0x0200a3d0                __sigtramp
 .text          0x0200a3ec        0xc /Users/lwy08/Downloads/devkitpro/devkitARM/bin/../lib/gcc/arm-eabi/4.6.1/../../../../arm-eabi/lib/thumb/libsysbase.a(getpid.o)
                0x0200a3ec                _getpid_r
 .text          0x0200a3f8        0xc /Users/lwy08/Downloads/devkitpro/devkitARM/bin/../lib/gcc/arm-eabi/4.6.1/../../../../arm-eabi/lib/thumb/libsysbase.a(kill.o)
                0x0200a3f8                _kill_r
 .text          0x0200a404       0x18 /Users/lwy08/Downloads/devkitpro/devkitARM/bin/../lib/gcc/arm-eabi/4.6.1/../../../../arm-eabi/lib/thumb/libsysbase.a(_exit.o)
                0x0200a404                _exit
 .text          0x0200a41c        0x0 /Users/lwy08/Downloads/devkitpro/devkitARM/bin/../lib/gcc/arm-eabi/4.6.1/thumb/crtend.o
 .text          0x0200a41c        0x0 /Users/lwy08/Downloads/devkitpro/devkitARM/bin/../lib/gcc/arm-eabi/4.6.1/thumb/crtn.o
 *(.text.*)
 .text.startup  0x0200a41c       0xb0 template.o
                0x0200a41c                main
 *fill*         0x0200a4cc        0x4 ff
 .text.startup.stub
                0x0200a4d0       0x10 linker stubs
 *(.stub)
 *(.gnu.warning)
 *(.gnu.linkonce.t*)
 *(.glue_7)
 .glue_7        0x00000000        0x0 linker stubs
 *(.glue_7t)
 .glue_7t       0x00000000        0x0 linker stubs
                0x0200a4e0                . = ALIGN (0x4)

.vfp11_veneer   0x0200a4e0        0x0
 .vfp11_veneer  0x00000000        0x0 linker stubs

.v4_bx          0x0200a4e0        0x0
 .v4_bx         0x00000000        0x0 linker stubs

.fini           0x0200a4e0        0xc
 *(.fini)
 .fini          0x0200a4e0        0x4 /Users/lwy08/Downloads/devkitpro/devkitARM/bin/../lib/gcc/arm-eabi/4.6.1/thumb/crti.o
                0x0200a4e0                _fini
 .fini          0x0200a4e4        0x8 /Users/lwy08/Downloads/devkitpro/devkitARM/bin/../lib/gcc/arm-eabi/4.6.1/thumb/crtn.o
                0x0200a4ec                __text_end = .

.rodata         0x0200a4ec     0x6400
 *(.rodata)
 .rodata        0x0200a4ec      0x200 /Users/lwy08/Downloads/devkitpro/libnds/lib/libnds9.a(console.o)
 .rodata        0x0200a6ec     0x2004 /Users/lwy08/Downloads/devkitpro/libnds/lib/libnds9.a(default_font.bin.o)
                0x0200a6ec                default_font_bin
                0x0200c6ec                default_font_bin_end
                0x0200c6ec                default_font_bin_size
 .rodata        0x0200c6f0      0x308 /Users/lwy08/Downloads/devkitpro/libnds/lib/libnds9.a(trig.o)
                0x0200c6f0                SIN_LUT
                0x0200c7f4                TAN_LUT
 .rodata        0x0200c9f8        0x4 /Users/lwy08/Downloads/devkitpro/devkitARM/bin/../lib/gcc/arm-eabi/4.6.1/../../../../arm-eabi/lib/thumb/libg.a(lib_a-impure.o)
                0x0200c9f8                _global_impure_ptr
 .rodata        0x0200c9fc      0x340 /Users/lwy08/Downloads/devkitpro/devkitARM/bin/../lib/gcc/arm-eabi/4.6.1/../../../../arm-eabi/lib/thumb/libg.a(lib_a-svfiscanf.o)
 .rodata        0x0200cd3c      0x184 /Users/lwy08/Downloads/devkitpro/devkitARM/bin/../lib/gcc/arm-eabi/4.6.1/../../../../arm-eabi/lib/thumb/libg.a(lib_a-vfiprintf.o)
 .rodata        0x0200cec0      0x104 /Users/lwy08/Downloads/devkitpro/devkitARM/bin/../lib/gcc/arm-eabi/4.6.1/../../../../arm-eabi/lib/thumb/libg.a(lib_a-ctype_.o)
                0x0200cec0                _ctype_
 .rodata        0x0200cfc4     0x34f0 /Users/lwy08/Downloads/devkitpro/devkitARM/bin/../lib/gcc/arm-eabi/4.6.1/../../../../arm-eabi/lib/thumb/libg.a(lib_a-jp2uc.o)
 .rodata        0x020104b4       0xf0 /Users/lwy08/Downloads/devkitpro/devkitARM/bin/../lib/gcc/arm-eabi/4.6.1/../../../../arm-eabi/lib/thumb/libg.a(lib_a-locale.o)
 .rodata        0x020105a4       0xa8 /Users/lwy08/Downloads/devkitpro/devkitARM/bin/../lib/gcc/arm-eabi/4.6.1/../../../../arm-eabi/lib/thumb/libg.a(lib_a-mbtowc_r.o)
 .rodata        0x0201064c       0x64 /Users/lwy08/Downloads/devkitpro/devkitARM/bin/../lib/gcc/arm-eabi/4.6.1/../../../../arm-eabi/lib/thumb/libsysbase.a(iosupport.o)
                0x0201064c                dotab_stdnull
 .rodata        0x020106b0       0x14 /Users/lwy08/Downloads/devkitpro/devkitARM/bin/../lib/gcc/arm-eabi/4.6.1/thumb/libgcc.a(unwind-arm.o)
 *all.rodata*(*)
 *(.roda)
 *(.rodata.*)
 .rodata.str1.4
                0x020106c4       0x76 template.o
                                 0x78 (size before relaxing)
 *fill*         0x0201073a        0x2 ff
 .rodata.str1.4
                0x0201073c       0x49 /Users/lwy08/Downloads/devkitpro/libnds/lib/libnds9.a(console.o)
                                 0x4c (size before relaxing)
 *fill*         0x02010785        0x3 ff
 .rodata.str1.4
                0x02010788        0x2 /Users/lwy08/Downloads/devkitpro/devkitARM/bin/../lib/gcc/arm-eabi/4.6.1/../../../../arm-eabi/lib/thumb/libg.a(lib_a-impure.o)
                                  0x4 (size before relaxing)
 *fill*         0x0201078a        0x2 ff
 .rodata.str1.4
                0x0201078c       0x2f /Users/lwy08/Downloads/devkitpro/devkitARM/bin/../lib/gcc/arm-eabi/4.6.1/../../../../arm-eabi/lib/thumb/libg.a(lib_a-vfiprintf.o)
                                 0x30 (size before relaxing)
 *fill*         0x020107bb        0x1 ff
 .rodata.str1.4
                0x020107bc       0x12 /Users/lwy08/Downloads/devkitpro/devkitARM/bin/../lib/gcc/arm-eabi/4.6.1/../../../../arm-eabi/lib/thumb/libg.a(lib_a-jp2uc.o)
                                 0x14 (size before relaxing)
 *fill*         0x020107ce        0x2 ff
 .rodata.str1.4
                0x020107d0      0x112 /Users/lwy08/Downloads/devkitpro/devkitARM/bin/../lib/gcc/arm-eabi/4.6.1/../../../../arm-eabi/lib/thumb/libg.a(lib_a-locale.o)
                                0x130 (size before relaxing)
 .rodata.str1.4
                0x00000000        0x4 /Users/lwy08/Downloads/devkitpro/devkitARM/bin/../lib/gcc/arm-eabi/4.6.1/../../../../arm-eabi/lib/thumb/libg.a(lib_a-mbrtowc.o)
 *fill*         0x020108e2        0x2 ff
 .rodata.str1.4
                0x020108e4        0x8 /Users/lwy08/Downloads/devkitpro/devkitARM/bin/../lib/gcc/arm-eabi/4.6.1/../../../../arm-eabi/lib/thumb/libsysbase.a(iosupport.o)
 *(.gnu.linkonce.r*)
                0x020108ec                . = ALIGN (0x4)

.ARM.extab      0x020108ec       0xb4
 *(.ARM.extab* .gnu.linkonce.armextab.*)
 .ARM.extab     0x020108ec        0x0 /Users/lwy08/Downloads/devkitpro/devkitARM/bin/../lib/gcc/arm-eabi/4.6.1/thumb/libgcc.a(bpabi.o)
 .ARM.extab     0x020108ec       0x6c /Users/lwy08/Downloads/devkitpro/devkitARM/bin/../lib/gcc/arm-eabi/4.6.1/thumb/libgcc.a(unwind-arm.o)
 .ARM.extab     0x02010958       0x30 /Users/lwy08/Downloads/devkitpro/devkitARM/bin/../lib/gcc/arm-eabi/4.6.1/thumb/libgcc.a(pr-support.o)
 .ARM.extab     0x02010988        0xc /Users/lwy08/Downloads/devkitpro/devkitARM/bin/../lib/gcc/arm-eabi/4.6.1/thumb/libgcc.a(_divdi3.o)
 .ARM.extab     0x02010994        0xc /Users/lwy08/Downloads/devkitpro/devkitARM/bin/../lib/gcc/arm-eabi/4.6.1/thumb/libgcc.a(_udivdi3.o)
                0x020109a0                __exidx_start = .

ARM.exidx       0x020109a0       0xf8
 *(.ARM.exidx* .gnu.linkonce.armexidx.*)
 .ARM.exidx     0x020109a0        0x8 /Users/lwy08/Downloads/devkitpro/devkitARM/bin/../lib/gcc/arm-eabi/4.6.1/thumb/libgcc.a(bpabi.o)
                                 0x10 (size before relaxing)
 .ARM.exidx     0x020109a8       0xa0 /Users/lwy08/Downloads/devkitpro/devkitARM/bin/../lib/gcc/arm-eabi/4.6.1/thumb/libgcc.a(unwind-arm.o)
                                 0xc0 (size before relaxing)
 .ARM.exidx     0x02010a48       0x38 /Users/lwy08/Downloads/devkitpro/devkitARM/bin/../lib/gcc/arm-eabi/4.6.1/thumb/libgcc.a(pr-support.o)
                                 0x48 (size before relaxing)
 .ARM.exidx     0x02010a80        0x8 /Users/lwy08/Downloads/devkitpro/devkitARM/bin/../lib/gcc/arm-eabi/4.6.1/thumb/libgcc.a(_divdi3.o)
 .ARM.exidx     0x02010a88       0x10 /Users/lwy08/Downloads/devkitpro/devkitARM/bin/../lib/gcc/arm-eabi/4.6.1/thumb/libgcc.a(_udivdi3.o)
                                  0x8 (size before relaxing)
                0x02010a98                __exidx_end = .
                0x02010a98                . = ALIGN (0x4)
                0x02010a98                PROVIDE (__preinit_array_start, .)

.preinit_array
 *(.preinit_array)
                0x02010a98                PROVIDE (__preinit_array_end, .)
                0x02010a98                PROVIDE (__init_array_start, .)

.init_array     0x02010a98        0x4
 *(SORT(.init_array.*))
 *(.init_array)
 .init_array    0x02010a98        0x4 /Users/lwy08/Downloads/devkitpro/devkitARM/bin/../lib/gcc/arm-eabi/4.6.1/thumb/crtbegin.o
                0x02010a9c                PROVIDE (__init_array_end, .)
                0x02010a9c                PROVIDE (__fini_array_start, .)

.fini_array     0x02010a9c        0x4
 *(.fini_array)
 .fini_array    0x02010a9c        0x4 /Users/lwy08/Downloads/devkitpro/devkitARM/bin/../lib/gcc/arm-eabi/4.6.1/thumb/crtbegin.o
 *(SORT(.fini_array.*))
                0x02010aa0                PROVIDE (__fini_array_end, .)

.ctors          0x02010aa0        0x0
 *crtbegin.o(.ctors)
 *(EXCLUDE_FILE(*crtend.o) .ctors)
 *(SORT(.ctors.*))
 *(.ctors)
                0x02010aa0                . = ALIGN (0x4)

.dtors          0x02010aa0        0x0
 *crtbegin.o(.dtors)
 *(EXCLUDE_FILE(*crtend.o) .dtors)
 *(SORT(.dtors.*))
 *(.dtors)
                0x02010aa0                . = ALIGN (0x4)

.eh_frame       0x02010aa0        0x4
 *(.eh_frame)
 .eh_frame      0x02010aa0        0x0 /Users/lwy08/Downloads/devkitpro/devkitARM/bin/../lib/gcc/arm-eabi/4.6.1/thumb/crtbegin.o
 .eh_frame      0x02010aa0        0x4 /Users/lwy08/Downloads/devkitpro/devkitARM/bin/../lib/gcc/arm-eabi/4.6.1/thumb/crtend.o
                0x02010aa4                . = ALIGN (0x4)

.gcc_except_table
                0x02010aa4        0x0
 *(.gcc_except_table)
                0x02010aa4                . = ALIGN (0x4)

.jcr            0x02010aa4        0x4
 *(.jcr)
 .jcr           0x02010aa4        0x0 /Users/lwy08/Downloads/devkitpro/devkitARM/bin/../lib/gcc/arm-eabi/4.6.1/thumb/crtbegin.o
 .jcr           0x02010aa4        0x4 /Users/lwy08/Downloads/devkitpro/devkitARM/bin/../lib/gcc/arm-eabi/4.6.1/thumb/crtend.o

.got
 *(.got.plt)
 *(.got)
 *(.rel.got)

.ewram          0x02010aa8        0x0
                0x02010aa8                __ewram_start = ABSOLUTE (.)
 *(.ewram)
 *ewram.*(.text)
                0x02010aa8                . = ALIGN (0x4)

.data           0x02010aa8      0xae8
                0x02010aa8                __data_start = ABSOLUTE (.)
 *(.data)
 .data          0x02010aa8        0x0 /Users/lwy08/Downloads/devkitpro/devkitARM/bin/../lib/gcc/arm-eabi/4.6.1/../../../../arm-eabi/lib/thumb/ds_arm9_crt0.o
 .data          0x02010aa8        0x0 /Users/lwy08/Downloads/devkitpro/devkitARM/bin/../lib/gcc/arm-eabi/4.6.1/thumb/crti.o
 .data          0x02010aa8        0x4 /Users/lwy08/Downloads/devkitpro/devkitARM/bin/../lib/gcc/arm-eabi/4.6.1/thumb/crtbegin.o
                0x02010aa8                __dso_handle
 .data          0x02010aac        0x0 template.o
 .data          0x02010aac       0x64 /Users/lwy08/Downloads/devkitpro/libnds/lib/libnds9.a(console.o)
                0x02010aac                currentConsole
                0x02010ab0                defaultConsole
 .data          0x02010b10        0x0 /Users/lwy08/Downloads/devkitpro/libnds/lib/libnds9.a(touch.o)
 .data          0x02010b10        0x0 /Users/lwy08/Downloads/devkitpro/libnds/lib/libnds9.a(initSystem.o)
 .data          0x02010b10       0x10 /Users/lwy08/Downloads/devkitpro/libnds/lib/libnds9.a(fifosystem.o)
                0x02010b10                fifo_freewords
                0x02010b14                fifo_buffer_free
                0x02010b18                fifo_send_queue
                0x02010b1c                fifo_receive_queue
 .data          0x02010b20        0x0 /Users/lwy08/Downloads/devkitpro/libnds/lib/libnds9.a(interrupts.o)
 .data          0x02010b20        0x0 /Users/lwy08/Downloads/devkitpro/libnds/lib/libnds9.a(libnds_exit.o)
 .data          0x02010b20        0x0 /Users/lwy08/Downloads/devkitpro/libnds/lib/libnds9.a(mpu_setup.o)
 .data          0x02010b20        0x0 /Users/lwy08/Downloads/devkitpro/libnds/lib/libnds9.a(biosCalls.o)
 .data          0x02010b20        0x0 /Users/lwy08/Downloads/devkitpro/libnds/lib/libnds9.a(debugprint.o)
 .data          0x02010b20        0x0 /Users/lwy08/Downloads/devkitpro/libnds/lib/libnds9.a(interruptDispatcher.o)
 .data          0x02010b20        0x0 /Users/lwy08/Downloads/devkitpro/libnds/lib/libnds9.a(swiSoftReset.o)
 .data          0x02010b20        0x0 /Users/lwy08/Downloads/devkitpro/libnds/lib/libnds9.a(default_font.bin.o)
 .data          0x02010b20       0x60 /Users/lwy08/Downloads/devkitpro/libnds/lib/libnds9.a(background.o)
                0x02010b20                bgScrollTable
                0x02010b40                bgTransform
                0x02010b60                bgControl
 .data          0x02010b80        0x0 /Users/lwy08/Downloads/devkitpro/libnds/lib/libnds9.a(system.o)
 .data          0x02010b80        0x0 /Users/lwy08/Downloads/devkitpro/libnds/lib/libnds9.a(trig.o)
 .data          0x02010b80        0x0 /Users/lwy08/Downloads/devkitpro/libnds/lib/libnds9.a(video.o)
 .data          0x02010b80        0x0 /Users/lwy08/Downloads/devkitpro/devkitARM/bin/../lib/gcc/arm-eabi/4.6.1/thumb/libgcc.a(_divsi3.o)
 .data          0x02010b80        0x0 /Users/lwy08/Downloads/devkitpro/devkitARM/bin/../lib/gcc/arm-eabi/4.6.1/thumb/libgcc.a(_dvmd_tls.o)
 .data          0x02010b80        0x0 /Users/lwy08/Downloads/devkitpro/devkitARM/bin/../lib/gcc/arm-eabi/4.6.1/../../../../arm-eabi/lib/thumb/libg.a(lib_a-bsearch.o)
 *fill*         0x02010b80        0x0 ff
 .data          0x02010b80      0x430 /Users/lwy08/Downloads/devkitpro/devkitARM/bin/../lib/gcc/arm-eabi/4.6.1/../../../../arm-eabi/lib/thumb/libg.a(lib_a-impure.o)
                0x02010b80                _impure_ptr
 .data          0x02010fb0        0x0 /Users/lwy08/Downloads/devkitpro/devkitARM/bin/../lib/gcc/arm-eabi/4.6.1/../../../../arm-eabi/lib/thumb/libg.a(lib_a-init.o)
 .data          0x02010fb0        0x0 /Users/lwy08/Downloads/devkitpro/devkitARM/bin/../lib/gcc/arm-eabi/4.6.1/../../../../arm-eabi/lib/thumb/libg.a(lib_a-iprintf.o)
 .data          0x02010fb0        0x0 /Users/lwy08/Downloads/devkitpro/devkitARM/bin/../lib/gcc/arm-eabi/4.6.1/../../../../arm-eabi/lib/thumb/libg.a(lib_a-memcpy.o)
 .data          0x02010fb0        0x0 /Users/lwy08/Downloads/devkitpro/devkitARM/bin/../lib/gcc/arm-eabi/4.6.1/../../../../arm-eabi/lib/thumb/libg.a(lib_a-setvbuf.o)
 .data          0x02010fb0        0x0 /Users/lwy08/Downloads/devkitpro/devkitARM/bin/../lib/gcc/arm-eabi/4.6.1/../../../../arm-eabi/lib/thumb/libg.a(lib_a-siscanf.o)
 .data          0x02010fb0        0x0 /Users/lwy08/Downloads/devkitpro/devkitARM/bin/../lib/gcc/arm-eabi/4.6.1/../../../../arm-eabi/lib/thumb/libg.a(lib_a-stdio.o)
 .data          0x02010fb0        0x0 /Users/lwy08/Downloads/devkitpro/devkitARM/bin/../lib/gcc/arm-eabi/4.6.1/../../../../arm-eabi/lib/thumb/libg.a(lib_a-strlen.o)
 .data          0x02010fb0        0x0 /Users/lwy08/Downloads/devkitpro/devkitARM/bin/../lib/gcc/arm-eabi/4.6.1/../../../../arm-eabi/lib/thumb/libg.a(lib_a-svfiscanf.o)
 .data          0x02010fb0        0x0 /Users/lwy08/Downloads/devkitpro/devkitARM/bin/../lib/gcc/arm-eabi/4.6.1/../../../../arm-eabi/lib/thumb/libg.a(lib_a-ungetc.o)
 .data          0x02010fb0        0x0 /Users/lwy08/Downloads/devkitpro/devkitARM/bin/../lib/gcc/arm-eabi/4.6.1/../../../../arm-eabi/lib/thumb/libg.a(lib_a-vfiprintf.o)
 .data          0x02010fb0        0x0 /Users/lwy08/Downloads/devkitpro/devkitARM/bin/../lib/gcc/arm-eabi/4.6.1/../../../../arm-eabi/lib/thumb/libg.a(lib_a-wcrtomb.o)
 .data          0x02010fb0        0x0 /Users/lwy08/Downloads/devkitpro/devkitARM/bin/../lib/gcc/arm-eabi/4.6.1/../../../../arm-eabi/lib/thumb/libg.a(lib_a-wcsrtombs.o)
 .data          0x02010fb0        0x4 /Users/lwy08/Downloads/devkitpro/devkitARM/bin/../lib/gcc/arm-eabi/4.6.1/../../../../arm-eabi/lib/thumb/libg.a(lib_a-wctomb_r.o)
                0x02010fb0                __wctomb
 .data          0x02010fb4        0x0 /Users/lwy08/Downloads/devkitpro/devkitARM/bin/../lib/gcc/arm-eabi/4.6.1/../../../../arm-eabi/lib/thumb/libg.a(lib_a-wsetup.o)
 .data          0x02010fb4        0x4 /Users/lwy08/Downloads/devkitpro/devkitARM/bin/../lib/gcc/arm-eabi/4.6.1/../../../../arm-eabi/lib/thumb/libg.a(lib_a-ctype_.o)
                0x02010fb4                __ctype_ptr__
 .data          0x02010fb8        0x0 /Users/lwy08/Downloads/devkitpro/devkitARM/bin/../lib/gcc/arm-eabi/4.6.1/../../../../arm-eabi/lib/thumb/libg.a(lib_a-fflush.o)
 .data          0x02010fb8        0x0 /Users/lwy08/Downloads/devkitpro/devkitARM/bin/../lib/gcc/arm-eabi/4.6.1/../../../../arm-eabi/lib/thumb/libg.a(lib_a-findfp.o)
 .data          0x02010fb8        0x0 /Users/lwy08/Downloads/devkitpro/devkitARM/bin/../lib/gcc/arm-eabi/4.6.1/../../../../arm-eabi/lib/thumb/libg.a(lib_a-fputwc.o)
 .data          0x02010fb8        0x0 /Users/lwy08/Downloads/devkitpro/devkitARM/bin/../lib/gcc/arm-eabi/4.6.1/../../../../arm-eabi/lib/thumb/libg.a(lib_a-freer.o)
 .data          0x02010fb8        0x0 /Users/lwy08/Downloads/devkitpro/devkitARM/bin/../lib/gcc/arm-eabi/4.6.1/../../../../arm-eabi/lib/thumb/libg.a(lib_a-fvwrite.o)
 .data          0x02010fb8        0x0 /Users/lwy08/Downloads/devkitpro/devkitARM/bin/../lib/gcc/arm-eabi/4.6.1/../../../../arm-eabi/lib/thumb/libg.a(lib_a-fwalk.o)
 .data          0x02010fb8        0x0 /Users/lwy08/Downloads/devkitpro/devkitARM/bin/../lib/gcc/arm-eabi/4.6.1/../../../../arm-eabi/lib/thumb/libg.a(lib_a-iswspace.o)
 .data          0x02010fb8        0x0 /Users/lwy08/Downloads/devkitpro/devkitARM/bin/../lib/gcc/arm-eabi/4.6.1/../../../../arm-eabi/lib/thumb/libg.a(lib_a-jp2uc.o)
 .data          0x02010fb8      0x17c /Users/lwy08/Downloads/devkitpro/devkitARM/bin/../lib/gcc/arm-eabi/4.6.1/../../../../arm-eabi/lib/thumb/libg.a(lib_a-locale.o)
                0x02010fb8                __default_locale
                0x020110d8                __mb_cur_max
 .data          0x02011134        0x0 /Users/lwy08/Downloads/devkitpro/devkitARM/bin/../lib/gcc/arm-eabi/4.6.1/../../../../arm-eabi/lib/thumb/libg.a(lib_a-makebuf.o)
 .data          0x02011134        0x0 /Users/lwy08/Downloads/devkitpro/devkitARM/bin/../lib/gcc/arm-eabi/4.6.1/../../../../arm-eabi/lib/thumb/libg.a(lib_a-malloc.o)
 .data          0x02011134      0x410 /Users/lwy08/Downloads/devkitpro/devkitARM/bin/../lib/gcc/arm-eabi/4.6.1/../../../../arm-eabi/lib/thumb/libg.a(lib_a-mallocr.o)
                0x02011134                __malloc_av_
                0x0201153c                __malloc_sbrk_base
                0x02011540                __malloc_trim_threshold
 .data          0x02011544        0x0 /Users/lwy08/Downloads/devkitpro/devkitARM/bin/../lib/gcc/arm-eabi/4.6.1/../../../../arm-eabi/lib/thumb/libg.a(lib_a-mbrtowc.o)
 .data          0x02011544        0x4 /Users/lwy08/Downloads/devkitpro/devkitARM/bin/../lib/gcc/arm-eabi/4.6.1/../../../../arm-eabi/lib/thumb/libg.a(lib_a-mbtowc_r.o)
                0x02011544                __mbtowc
 .data          0x02011548        0x0 /Users/lwy08/Downloads/devkitpro/devkitARM/bin/../lib/gcc/arm-eabi/4.6.1/../../../../arm-eabi/lib/thumb/libg.a(lib_a-memchr.o)
 .data          0x02011548        0x0 /Users/lwy08/Downloads/devkitpro/devkitARM/bin/../lib/gcc/arm-eabi/4.6.1/../../../../arm-eabi/lib/thumb/libg.a(lib_a-memmove.o)
 .data          0x02011548        0x0 /Users/lwy08/Downloads/devkitpro/devkitARM/bin/../lib/gcc/arm-eabi/4.6.1/../../../../arm-eabi/lib/thumb/libg.a(lib_a-memset.o)
 .data          0x02011548        0x0 /Users/lwy08/Downloads/devkitpro/devkitARM/bin/../lib/gcc/arm-eabi/4.6.1/../../../../arm-eabi/lib/thumb/libg.a(lib_a-mlock.o)
 .data          0x02011548        0x0 /Users/lwy08/Downloads/devkitpro/devkitARM/bin/../lib/gcc/arm-eabi/4.6.1/../../../../arm-eabi/lib/thumb/libg.a(lib_a-reallocr.o)
 .data          0x02011548        0x0 /Users/lwy08/Downloads/devkitpro/devkitARM/bin/../lib/gcc/arm-eabi/4.6.1/../../../../arm-eabi/lib/thumb/libg.a(lib_a-sccl.o)
 .data          0x02011548        0x0 /Users/lwy08/Downloads/devkitpro/devkitARM/bin/../lib/gcc/arm-eabi/4.6.1/../../../../arm-eabi/lib/thumb/libg.a(lib_a-strcasecmp.o)
 .data          0x02011548        0x0 /Users/lwy08/Downloads/devkitpro/devkitARM/bin/../lib/gcc/arm-eabi/4.6.1/../../../../arm-eabi/lib/thumb/libg.a(lib_a-strcat.o)
 .data          0x02011548        0x0 /Users/lwy08/Downloads/devkitpro/devkitARM/bin/../lib/gcc/arm-eabi/4.6.1/../../../../arm-eabi/lib/thumb/libg.a(lib_a-strchr.o)
 .data          0x02011548        0x0 /Users/lwy08/Downloads/devkitpro/devkitARM/bin/../lib/gcc/arm-eabi/4.6.1/../../../../arm-eabi/lib/thumb/libg.a(lib_a-strcmp.o)
 .data          0x02011548        0x0 /Users/lwy08/Downloads/devkitpro/devkitARM/bin/../lib/gcc/arm-eabi/4.6.1/../../../../arm-eabi/lib/thumb/libg.a(lib_a-strcpy.o)
 .data          0x02011548        0x0 /Users/lwy08/Downloads/devkitpro/devkitARM/bin/../lib/gcc/arm-eabi/4.6.1/../../../../arm-eabi/lib/thumb/libg.a(lib_a-strlcpy.o)
 .data          0x02011548        0x0 /Users/lwy08/Downloads/devkitpro/devkitARM/bin/../lib/gcc/arm-eabi/4.6.1/../../../../arm-eabi/lib/thumb/libg.a(lib_a-strncasecmp.o)
 .data          0x02011548        0x0 /Users/lwy08/Downloads/devkitpro/devkitARM/bin/../lib/gcc/arm-eabi/4.6.1/../../../../arm-eabi/lib/thumb/libg.a(lib_a-strncmp.o)
 .data          0x02011548        0x0 /Users/lwy08/Downloads/devkitpro/devkitARM/bin/../lib/gcc/arm-eabi/4.6.1/../../../../arm-eabi/lib/thumb/libg.a(lib_a-strncpy.o)
 .data          0x02011548        0x0 /Users/lwy08/Downloads/devkitpro/devkitARM/bin/../lib/gcc/arm-eabi/4.6.1/../../../../arm-eabi/lib/thumb/libg.a(lib_a-strtol.o)
 .data          0x02011548        0x0 /Users/lwy08/Downloads/devkitpro/devkitARM/bin/../lib/gcc/arm-eabi/4.6.1/../../../../arm-eabi/lib/thumb/libg.a(lib_a-strtoll_r.o)
 .data          0x02011548        0x0 /Users/lwy08/Downloads/devkitpro/devkitARM/bin/../lib/gcc/arm-eabi/4.6.1/../../../../arm-eabi/lib/thumb/libg.a(lib_a-strtoul.o)
 .data          0x02011548        0x0 /Users/lwy08/Downloads/devkitpro/devkitARM/bin/../lib/gcc/arm-eabi/4.6.1/../../../../arm-eabi/lib/thumb/libg.a(lib_a-strtoull_r.o)
 .data          0x02011548        0x0 /Users/lwy08/Downloads/devkitpro/devkitARM/bin/../lib/gcc/arm-eabi/4.6.1/../../../../arm-eabi/lib/thumb/libg.a(lib_a-wbuf.o)
 .data          0x02011548        0x0 /Users/lwy08/Downloads/devkitpro/devkitARM/bin/../lib/gcc/arm-eabi/4.6.1/../../../../arm-eabi/lib/thumb/libg.a(lib_a-wcsnrtombs.o)
 .data          0x02011548        0x0 /Users/lwy08/Downloads/devkitpro/devkitARM/bin/../lib/gcc/arm-eabi/4.6.1/../../../../arm-eabi/lib/thumb/libg.a(lib_a-fclose.o)
 .data          0x02011548        0x0 /Users/lwy08/Downloads/devkitpro/devkitARM/bin/../lib/gcc/arm-eabi/4.6.1/../../../../arm-eabi/lib/thumb/libg.a(lib_a-getenv_r.o)
 .data          0x02011548        0x4 /Users/lwy08/Downloads/devkitpro/devkitARM/bin/../lib/gcc/arm-eabi/4.6.1/../../../../arm-eabi/lib/thumb/libg.a(lib_a-environ.o)
                0x02011548                environ
 .data          0x0201154c        0x0 /Users/lwy08/Downloads/devkitpro/devkitARM/bin/../lib/gcc/arm-eabi/4.6.1/../../../../arm-eabi/lib/thumb/libg.a(lib_a-envlock.o)
 .data          0x0201154c       0x44 /Users/lwy08/Downloads/devkitpro/devkitARM/bin/../lib/gcc/arm-eabi/4.6.1/../../../../arm-eabi/lib/thumb/libsysbase.a(iosupport.o)
                0x02011550                devoptab_list
 .data          0x02011590        0x0 /Users/lwy08/Downloads/devkitpro/devkitARM/bin/../lib/gcc/arm-eabi/4.6.1/../../../../arm-eabi/lib/thumb/libsysbase.a(close.o)
 .data          0x02011590        0x0 /Users/lwy08/Downloads/devkitpro/devkitARM/bin/../lib/gcc/arm-eabi/4.6.1/../../../../arm-eabi/lib/thumb/libsysbase.a(fstat.o)
 .data          0x02011590        0x0 /Users/lwy08/Downloads/devkitpro/devkitARM/bin/../lib/gcc/arm-eabi/4.6.1/../../../../arm-eabi/lib/thumb/libsysbase.a(isatty.o)
 .data          0x02011590        0x0 /Users/lwy08/Downloads/devkitpro/devkitARM/bin/../lib/gcc/arm-eabi/4.6.1/../../../../arm-eabi/lib/thumb/libsysbase.a(lseek.o)
 .data          0x02011590        0x0 /Users/lwy08/Downloads/devkitpro/devkitARM/bin/../lib/gcc/arm-eabi/4.6.1/../../../../arm-eabi/lib/thumb/libsysbase.a(read.o)
 .data          0x02011590        0x0 /Users/lwy08/Downloads/devkitpro/devkitARM/bin/../lib/gcc/arm-eabi/4.6.1/../../../../arm-eabi/lib/thumb/libsysbase.a(sbrk.o)
 .data          0x02011590        0x0 /Users/lwy08/Downloads/devkitpro/devkitARM/bin/../lib/gcc/arm-eabi/4.6.1/../../../../arm-eabi/lib/thumb/libsysbase.a(times.o)
 .data          0x02011590        0x0 /Users/lwy08/Downloads/devkitpro/devkitARM/bin/../lib/gcc/arm-eabi/4.6.1/../../../../arm-eabi/lib/thumb/libsysbase.a(write.o)
 .data          0x02011590        0x0 /Users/lwy08/Downloads/devkitpro/devkitARM/bin/../lib/gcc/arm-eabi/4.6.1/../../../../arm-eabi/lib/thumb/libsysbase.a(malloc_vars.o)
 .data          0x02011590        0x0 /Users/lwy08/Downloads/devkitpro/devkitARM/bin/../lib/gcc/arm-eabi/4.6.1/../../../../arm-eabi/lib/thumb/libsysbase.a(build_argv.o)
 .data          0x02011590        0x0 /Users/lwy08/Downloads/devkitpro/devkitARM/bin/../lib/gcc/arm-eabi/4.6.1/../../../../arm-eabi/lib/thumb/libsysbase.a(syscall_support.o)
 .data          0x02011590        0x0 /Users/lwy08/Downloads/devkitpro/devkitARM/bin/../lib/gcc/arm-eabi/4.6.1/../../../../arm-eabi/lib/thumb/libsysbase.a(handle_manager.o)
 .data          0x02011590        0x0 /Users/lwy08/Downloads/devkitpro/devkitARM/bin/../lib/gcc/arm-eabi/4.6.1/thumb/libgcc.a(_udivsi3.o)
 .data          0x02011590        0x0 /Users/lwy08/Downloads/devkitpro/devkitARM/bin/../lib/gcc/arm-eabi/4.6.1/thumb/libgcc.a(_aeabi_uldivmod.o)
 .data          0x02011590        0x0 /Users/lwy08/Downloads/devkitpro/devkitARM/bin/../lib/gcc/arm-eabi/4.6.1/thumb/libgcc.a(_muldi3.o)
 .data          0x02011590        0x0 /Users/lwy08/Downloads/devkitpro/devkitARM/bin/../lib/gcc/arm-eabi/4.6.1/thumb/libgcc.a(bpabi.o)
 .data          0x02011590        0x0 /Users/lwy08/Downloads/devkitpro/devkitARM/bin/../lib/gcc/arm-eabi/4.6.1/thumb/libgcc.a(unwind-arm.o)
 .data          0x02011590        0x0 /Users/lwy08/Downloads/devkitpro/devkitARM/bin/../lib/gcc/arm-eabi/4.6.1/thumb/libgcc.a(libunwind.o)
 .data          0x02011590        0x0 /Users/lwy08/Downloads/devkitpro/devkitARM/bin/../lib/gcc/arm-eabi/4.6.1/thumb/libgcc.a(pr-support.o)
 .data          0x02011590        0x0 /Users/lwy08/Downloads/devkitpro/devkitARM/bin/../lib/gcc/arm-eabi/4.6.1/thumb/libgcc.a(_divdi3.o)
 .data          0x02011590        0x0 /Users/lwy08/Downloads/devkitpro/devkitARM/bin/../lib/gcc/arm-eabi/4.6.1/thumb/libgcc.a(_udivdi3.o)
 .data          0x02011590        0x0 /Users/lwy08/Downloads/devkitpro/devkitARM/bin/../lib/gcc/arm-eabi/4.6.1/thumb/libgcc.a(_clzsi2.o)
 .data          0x02011590        0x0 /Users/lwy08/Downloads/devkitpro/devkitARM/bin/../lib/gcc/arm-eabi/4.6.1/../../../../arm-eabi/lib/thumb/libg.a(lib_a-abort.o)
 .data          0x02011590        0x0 /Users/lwy08/Downloads/devkitpro/devkitARM/bin/../lib/gcc/arm-eabi/4.6.1/../../../../arm-eabi/lib/thumb/libg.a(lib_a-errno.o)
 .data          0x02011590        0x0 /Users/lwy08/Downloads/devkitpro/devkitARM/bin/../lib/gcc/arm-eabi/4.6.1/../../../../arm-eabi/lib/thumb/libg.a(lib_a-signal.o)
 .data          0x02011590        0x0 /Users/lwy08/Downloads/devkitpro/devkitARM/bin/../lib/gcc/arm-eabi/4.6.1/../../../../arm-eabi/lib/thumb/libsysbase.a(getpid.o)
 .data          0x02011590        0x0 /Users/lwy08/Downloads/devkitpro/devkitARM/bin/../lib/gcc/arm-eabi/4.6.1/../../../../arm-eabi/lib/thumb/libsysbase.a(kill.o)
 .data          0x02011590        0x0 /Users/lwy08/Downloads/devkitpro/devkitARM/bin/../lib/gcc/arm-eabi/4.6.1/../../../../arm-eabi/lib/thumb/libsysbase.a(_exit.o)
 .data          0x02011590        0x0 /Users/lwy08/Downloads/devkitpro/devkitARM/bin/../lib/gcc/arm-eabi/4.6.1/thumb/crtend.o
 .data          0x02011590        0x0 /Users/lwy08/Downloads/devkitpro/devkitARM/bin/../lib/gcc/arm-eabi/4.6.1/thumb/crtn.o
 *(.data.*)
 *(.gnu.linkonce.d*)
                0x02011590                . = ALIGN (0x4)
                0x02011590                __data_end = ABSOLUTE (.)
                0x02011590                __dtcm_lma = .
                0x02011590                __bss_vma = .

.dtcm           0x0b000000        0x0 load address 0x02011590
 *(.dtcm)
 *(.dtcm.*)
                0x0b000000                . = ALIGN (0x4)
                0x0b000000                __dtcm_end = ABSOLUTE (.)
                0x02011590                __itcm_lma = (__dtcm_lma + SIZEOF (.dtcm))

.itcm           0x01000100      0x194 load address 0x02011590
 *(.itcm)
 .itcm          0x01000100       0xc8 /Users/lwy08/Downloads/devkitpro/libnds/lib/libnds9.a(interrupts.o)
                0x01000100                irqTable
 .itcm          0x010001c8       0xcc /Users/lwy08/Downloads/devkitpro/libnds/lib/libnds9.a(interruptDispatcher.o)
                0x010001c8                IntrMain
 *itcm.*(.text)
                0x01000294                . = ALIGN (0x4)
                0x01000294                __itcm_end = ABSOLUTE (.)
                0x02011724                __vectors_lma = (__itcm_lma + SIZEOF (.itcm))

.vectors        0x01000000        0x0 load address 0x02011724
 *(.vectors)
 *vectors.*(.text)
                0x01000000                . = ALIGN (0x4)
                0x01000000                __vectors_end = ABSOLUTE (.)

.sbss           0x0b000000        0x0
                0x0b000000                __sbss_start = ABSOLUTE (.)
                0x0b000000                __sbss_start__ = ABSOLUTE (.)
 *(.sbss)
                0x0b000000                . = ALIGN (0x4)
                0x0b000000                __sbss_end = ABSOLUTE (.)

.bss            0x02011590     0x1f14
                0x02011590                __bss_start = ABSOLUTE (.)
                0x02011590                __bss_start__ = ABSOLUTE (.)
 *(.dynbss)
 *(.gnu.linkonce.b*)
 *(.bss*)
 .bss           0x02011590        0x0 /Users/lwy08/Downloads/devkitpro/devkitARM/bin/../lib/gcc/arm-eabi/4.6.1/../../../../arm-eabi/lib/thumb/ds_arm9_crt0.o
 .bss           0x02011590        0x0 /Users/lwy08/Downloads/devkitpro/devkitARM/bin/../lib/gcc/arm-eabi/4.6.1/thumb/crti.o
 .bss           0x02011590       0x1c /Users/lwy08/Downloads/devkitpro/devkitARM/bin/../lib/gcc/arm-eabi/4.6.1/thumb/crtbegin.o
 .bss           0x020115ac        0x0 template.o
 .bss           0x020115ac        0x0 /Users/lwy08/Downloads/devkitpro/libnds/lib/libnds9.a(console.o)
 .bss           0x020115ac        0x0 /Users/lwy08/Downloads/devkitpro/libnds/lib/libnds9.a(touch.o)
 .bss           0x020115ac        0x0 /Users/lwy08/Downloads/devkitpro/libnds/lib/libnds9.a(initSystem.o)
 .bss           0x020115ac        0x8 /Users/lwy08/Downloads/devkitpro/libnds/lib/libnds9.a(fifosystem.o)
                0x020115b0                processing
 .bss           0x020115b4        0x0 /Users/lwy08/Downloads/devkitpro/libnds/lib/libnds9.a(interrupts.o)
 .bss           0x020115b4        0x0 /Users/lwy08/Downloads/devkitpro/libnds/lib/libnds9.a(libnds_exit.o)
 .bss           0x020115b4        0x0 /Users/lwy08/Downloads/devkitpro/libnds/lib/libnds9.a(mpu_setup.o)
 .bss           0x020115b4        0x0 /Users/lwy08/Downloads/devkitpro/libnds/lib/libnds9.a(biosCalls.o)
 .bss           0x020115b4        0x0 /Users/lwy08/Downloads/devkitpro/libnds/lib/libnds9.a(debugprint.o)
 .bss           0x020115b4        0x0 /Users/lwy08/Downloads/devkitpro/libnds/lib/libnds9.a(interruptDispatcher.o)
 .bss           0x020115b4        0x0 /Users/lwy08/Downloads/devkitpro/libnds/lib/libnds9.a(swiSoftReset.o)
 .bss           0x020115b4        0x0 /Users/lwy08/Downloads/devkitpro/libnds/lib/libnds9.a(default_font.bin.o)
 .bss           0x020115b4        0x0 /Users/lwy08/Downloads/devkitpro/libnds/lib/libnds9.a(background.o)
 .bss           0x020115b4        0x0 /Users/lwy08/Downloads/devkitpro/libnds/lib/libnds9.a(system.o)
 .bss           0x020115b4        0x0 /Users/lwy08/Downloads/devkitpro/libnds/lib/libnds9.a(trig.o)
 .bss           0x020115b4        0x0 /Users/lwy08/Downloads/devkitpro/libnds/lib/libnds9.a(video.o)
 .bss           0x020115b4        0x0 /Users/lwy08/Downloads/devkitpro/devkitARM/bin/../lib/gcc/arm-eabi/4.6.1/thumb/libgcc.a(_divsi3.o)
 .bss           0x020115b4        0x0 /Users/lwy08/Downloads/devkitpro/devkitARM/bin/../lib/gcc/arm-eabi/4.6.1/thumb/libgcc.a(_dvmd_tls.o)
 .bss           0x020115b4        0x0 /Users/lwy08/Downloads/devkitpro/devkitARM/bin/../lib/gcc/arm-eabi/4.6.1/../../../../arm-eabi/lib/thumb/libg.a(lib_a-bsearch.o)
 .bss           0x020115b4        0x0 /Users/lwy08/Downloads/devkitpro/devkitARM/bin/../lib/gcc/arm-eabi/4.6.1/../../../../arm-eabi/lib/thumb/libg.a(lib_a-impure.o)
 .bss           0x020115b4        0x0 /Users/lwy08/Downloads/devkitpro/devkitARM/bin/../lib/gcc/arm-eabi/4.6.1/../../../../arm-eabi/lib/thumb/libg.a(lib_a-init.o)
 .bss           0x020115b4        0x0 /Users/lwy08/Downloads/devkitpro/devkitARM/bin/../lib/gcc/arm-eabi/4.6.1/../../../../arm-eabi/lib/thumb/libg.a(lib_a-iprintf.o)
 .bss           0x020115b4        0x0 /Users/lwy08/Downloads/devkitpro/devkitARM/bin/../lib/gcc/arm-eabi/4.6.1/../../../../arm-eabi/lib/thumb/libg.a(lib_a-memcpy.o)
 .bss           0x020115b4        0x0 /Users/lwy08/Downloads/devkitpro/devkitARM/bin/../lib/gcc/arm-eabi/4.6.1/../../../../arm-eabi/lib/thumb/libg.a(lib_a-setvbuf.o)
 .bss           0x020115b4        0x0 /Users/lwy08/Downloads/devkitpro/devkitARM/bin/../lib/gcc/arm-eabi/4.6.1/../../../../arm-eabi/lib/thumb/libg.a(lib_a-siscanf.o)
 .bss           0x020115b4        0x0 /Users/lwy08/Downloads/devkitpro/devkitARM/bin/../lib/gcc/arm-eabi/4.6.1/../../../../arm-eabi/lib/thumb/libg.a(lib_a-stdio.o)
 .bss           0x020115b4        0x0 /Users/lwy08/Downloads/devkitpro/devkitARM/bin/../lib/gcc/arm-eabi/4.6.1/../../../../arm-eabi/lib/thumb/libg.a(lib_a-strlen.o)
 .bss           0x020115b4        0x0 /Users/lwy08/Downloads/devkitpro/devkitARM/bin/../lib/gcc/arm-eabi/4.6.1/../../../../arm-eabi/lib/thumb/libg.a(lib_a-svfiscanf.o)
 .bss           0x020115b4        0x0 /Users/lwy08/Downloads/devkitpro/devkitARM/bin/../lib/gcc/arm-eabi/4.6.1/../../../../arm-eabi/lib/thumb/libg.a(lib_a-ungetc.o)
 .bss           0x020115b4        0x0 /Users/lwy08/Downloads/devkitpro/devkitARM/bin/../lib/gcc/arm-eabi/4.6.1/../../../../arm-eabi/lib/thumb/libg.a(lib_a-vfiprintf.o)
 .bss           0x020115b4        0x0 /Users/lwy08/Downloads/devkitpro/devkitARM/bin/../lib/gcc/arm-eabi/4.6.1/../../../../arm-eabi/lib/thumb/libg.a(lib_a-wcrtomb.o)
 .bss           0x020115b4        0x0 /Users/lwy08/Downloads/devkitpro/devkitARM/bin/../lib/gcc/arm-eabi/4.6.1/../../../../arm-eabi/lib/thumb/libg.a(lib_a-wcsrtombs.o)
 .bss           0x020115b4        0x0 /Users/lwy08/Downloads/devkitpro/devkitARM/bin/../lib/gcc/arm-eabi/4.6.1/../../../../arm-eabi/lib/thumb/libg.a(lib_a-wctomb_r.o)
 .bss           0x020115b4        0x0 /Users/lwy08/Downloads/devkitpro/devkitARM/bin/../lib/gcc/arm-eabi/4.6.1/../../../../arm-eabi/lib/thumb/libg.a(lib_a-wsetup.o)
 .bss           0x020115b4        0x0 /Users/lwy08/Downloads/devkitpro/devkitARM/bin/../lib/gcc/arm-eabi/4.6.1/../../../../arm-eabi/lib/thumb/libg.a(lib_a-ctype_.o)
 .bss           0x020115b4        0x0 /Users/lwy08/Downloads/devkitpro/devkitARM/bin/../lib/gcc/arm-eabi/4.6.1/../../../../arm-eabi/lib/thumb/libg.a(lib_a-fflush.o)
 .bss           0x020115b4        0x0 /Users/lwy08/Downloads/devkitpro/devkitARM/bin/../lib/gcc/arm-eabi/4.6.1/../../../../arm-eabi/lib/thumb/libg.a(lib_a-findfp.o)
 .bss           0x020115b4        0x0 /Users/lwy08/Downloads/devkitpro/devkitARM/bin/../lib/gcc/arm-eabi/4.6.1/../../../../arm-eabi/lib/thumb/libg.a(lib_a-fputwc.o)
 .bss           0x020115b4        0x0 /Users/lwy08/Downloads/devkitpro/devkitARM/bin/../lib/gcc/arm-eabi/4.6.1/../../../../arm-eabi/lib/thumb/libg.a(lib_a-freer.o)
 .bss           0x020115b4        0x0 /Users/lwy08/Downloads/devkitpro/devkitARM/bin/../lib/gcc/arm-eabi/4.6.1/../../../../arm-eabi/lib/thumb/libg.a(lib_a-fvwrite.o)
 .bss           0x020115b4        0x0 /Users/lwy08/Downloads/devkitpro/devkitARM/bin/../lib/gcc/arm-eabi/4.6.1/../../../../arm-eabi/lib/thumb/libg.a(lib_a-fwalk.o)
 .bss           0x020115b4        0x0 /Users/lwy08/Downloads/devkitpro/devkitARM/bin/../lib/gcc/arm-eabi/4.6.1/../../../../arm-eabi/lib/thumb/libg.a(lib_a-iswspace.o)
 .bss           0x020115b4        0x0 /Users/lwy08/Downloads/devkitpro/devkitARM/bin/../lib/gcc/arm-eabi/4.6.1/../../../../arm-eabi/lib/thumb/libg.a(lib_a-jp2uc.o)
 .bss           0x020115b4      0x2b8 /Users/lwy08/Downloads/devkitpro/devkitARM/bin/../lib/gcc/arm-eabi/4.6.1/../../../../arm-eabi/lib/thumb/libg.a(lib_a-locale.o)
                0x02011860                _PathLocale
                0x02011864                __mlocale_changed
                0x02011868                __nlocale_changed
 .bss           0x0201186c        0x0 /Users/lwy08/Downloads/devkitpro/devkitARM/bin/../lib/gcc/arm-eabi/4.6.1/../../../../arm-eabi/lib/thumb/libg.a(lib_a-makebuf.o)
 .bss           0x0201186c        0x0 /Users/lwy08/Downloads/devkitpro/devkitARM/bin/../lib/gcc/arm-eabi/4.6.1/../../../../arm-eabi/lib/thumb/libg.a(lib_a-malloc.o)
 .bss           0x0201186c       0x34 /Users/lwy08/Downloads/devkitpro/devkitARM/bin/../lib/gcc/arm-eabi/4.6.1/../../../../arm-eabi/lib/thumb/libg.a(lib_a-mallocr.o)
                0x0201186c                __malloc_top_pad
                0x02011870                __malloc_current_mallinfo
                0x02011898                __malloc_max_sbrked_mem
                0x0201189c                __malloc_max_total_mem
 .bss           0x020118a0        0x0 /Users/lwy08/Downloads/devkitpro/devkitARM/bin/../lib/gcc/arm-eabi/4.6.1/../../../../arm-eabi/lib/thumb/libg.a(lib_a-mbrtowc.o)
 .bss           0x020118a0        0x0 /Users/lwy08/Downloads/devkitpro/devkitARM/bin/../lib/gcc/arm-eabi/4.6.1/../../../../arm-eabi/lib/thumb/libg.a(lib_a-mbtowc_r.o)
 .bss           0x020118a0        0x0 /Users/lwy08/Downloads/devkitpro/devkitARM/bin/../lib/gcc/arm-eabi/4.6.1/../../../../arm-eabi/lib/thumb/libg.a(lib_a-memchr.o)
 .bss           0x020118a0        0x0 /Users/lwy08/Downloads/devkitpro/devkitARM/bin/../lib/gcc/arm-eabi/4.6.1/../../../../arm-eabi/lib/thumb/libg.a(lib_a-memmove.o)
 .bss           0x020118a0        0x0 /Users/lwy08/Downloads/devkitpro/devkitARM/bin/../lib/gcc/arm-eabi/4.6.1/../../../../arm-eabi/lib/thumb/libg.a(lib_a-memset.o)
 .bss           0x020118a0        0x0 /Users/lwy08/Downloads/devkitpro/devkitARM/bin/../lib/gcc/arm-eabi/4.6.1/../../../../arm-eabi/lib/thumb/libg.a(lib_a-mlock.o)
 .bss           0x020118a0        0x0 /Users/lwy08/Downloads/devkitpro/devkitARM/bin/../lib/gcc/arm-eabi/4.6.1/../../../../arm-eabi/lib/thumb/libg.a(lib_a-reallocr.o)
 .bss           0x020118a0        0x0 /Users/lwy08/Downloads/devkitpro/devkitARM/bin/../lib/gcc/arm-eabi/4.6.1/../../../../arm-eabi/lib/thumb/libg.a(lib_a-sccl.o)
 .bss           0x020118a0        0x0 /Users/lwy08/Downloads/devkitpro/devkitARM/bin/../lib/gcc/arm-eabi/4.6.1/../../../../arm-eabi/lib/thumb/libg.a(lib_a-strcasecmp.o)
 .bss           0x020118a0        0x0 /Users/lwy08/Downloads/devkitpro/devkitARM/bin/../lib/gcc/arm-eabi/4.6.1/../../../../arm-eabi/lib/thumb/libg.a(lib_a-strcat.o)
 .bss           0x020118a0        0x0 /Users/lwy08/Downloads/devkitpro/devkitARM/bin/../lib/gcc/arm-eabi/4.6.1/../../../../arm-eabi/lib/thumb/libg.a(lib_a-strchr.o)
 .bss           0x020118a0        0x0 /Users/lwy08/Downloads/devkitpro/devkitARM/bin/../lib/gcc/arm-eabi/4.6.1/../../../../arm-eabi/lib/thumb/libg.a(lib_a-strcmp.o)
 .bss           0x020118a0        0x0 /Users/lwy08/Downloads/devkitpro/devkitARM/bin/../lib/gcc/arm-eabi/4.6.1/../../../../arm-eabi/lib/thumb/libg.a(lib_a-strcpy.o)
 .bss           0x020118a0        0x0 /Users/lwy08/Downloads/devkitpro/devkitARM/bin/../lib/gcc/arm-eabi/4.6.1/../../../../arm-eabi/lib/thumb/libg.a(lib_a-strlcpy.o)
 .bss           0x020118a0        0x0 /Users/lwy08/Downloads/devkitpro/devkitARM/bin/../lib/gcc/arm-eabi/4.6.1/../../../../arm-eabi/lib/thumb/libg.a(lib_a-strncasecmp.o)
 .bss           0x020118a0        0x0 /Users/lwy08/Downloads/devkitpro/devkitARM/bin/../lib/gcc/arm-eabi/4.6.1/../../../../arm-eabi/lib/thumb/libg.a(lib_a-strncmp.o)
 .bss           0x020118a0        0x0 /Users/lwy08/Downloads/devkitpro/devkitARM/bin/../lib/gcc/arm-eabi/4.6.1/../../../../arm-eabi/lib/thumb/libg.a(lib_a-strncpy.o)
 .bss           0x020118a0        0x0 /Users/lwy08/Downloads/devkitpro/devkitARM/bin/../lib/gcc/arm-eabi/4.6.1/../../../../arm-eabi/lib/thumb/libg.a(lib_a-strtol.o)
 .bss           0x020118a0        0x0 /Users/lwy08/Downloads/devkitpro/devkitARM/bin/../lib/gcc/arm-eabi/4.6.1/../../../../arm-eabi/lib/thumb/libg.a(lib_a-strtoll_r.o)
 .bss           0x020118a0        0x0 /Users/lwy08/Downloads/devkitpro/devkitARM/bin/../lib/gcc/arm-eabi/4.6.1/../../../../arm-eabi/lib/thumb/libg.a(lib_a-strtoul.o)
 .bss           0x020118a0        0x0 /Users/lwy08/Downloads/devkitpro/devkitARM/bin/../lib/gcc/arm-eabi/4.6.1/../../../../arm-eabi/lib/thumb/libg.a(lib_a-strtoull_r.o)
 .bss           0x020118a0        0x0 /Users/lwy08/Downloads/devkitpro/devkitARM/bin/../lib/gcc/arm-eabi/4.6.1/../../../../arm-eabi/lib/thumb/libg.a(lib_a-wbuf.o)
 .bss           0x020118a0        0x0 /Users/lwy08/Downloads/devkitpro/devkitARM/bin/../lib/gcc/arm-eabi/4.6.1/../../../../arm-eabi/lib/thumb/libg.a(lib_a-wcsnrtombs.o)
 .bss           0x020118a0        0x0 /Users/lwy08/Downloads/devkitpro/devkitARM/bin/../lib/gcc/arm-eabi/4.6.1/../../../../arm-eabi/lib/thumb/libg.a(lib_a-fclose.o)
 .bss           0x020118a0        0x0 /Users/lwy08/Downloads/devkitpro/devkitARM/bin/../lib/gcc/arm-eabi/4.6.1/../../../../arm-eabi/lib/thumb/libg.a(lib_a-getenv_r.o)
 .bss           0x020118a0        0x4 /Users/lwy08/Downloads/devkitpro/devkitARM/bin/../lib/gcc/arm-eabi/4.6.1/../../../../arm-eabi/lib/thumb/libg.a(lib_a-environ.o)
 .bss           0x020118a4        0x0 /Users/lwy08/Downloads/devkitpro/devkitARM/bin/../lib/gcc/arm-eabi/4.6.1/../../../../arm-eabi/lib/thumb/libg.a(lib_a-envlock.o)
 .bss           0x020118a4        0x0 /Users/lwy08/Downloads/devkitpro/devkitARM/bin/../lib/gcc/arm-eabi/4.6.1/../../../../arm-eabi/lib/thumb/libsysbase.a(iosupport.o)
 .bss           0x020118a4        0x0 /Users/lwy08/Downloads/devkitpro/devkitARM/bin/../lib/gcc/arm-eabi/4.6.1/../../../../arm-eabi/lib/thumb/libsysbase.a(close.o)
 .bss           0x020118a4        0x0 /Users/lwy08/Downloads/devkitpro/devkitARM/bin/../lib/gcc/arm-eabi/4.6.1/../../../../arm-eabi/lib/thumb/libsysbase.a(fstat.o)
 .bss           0x020118a4        0x0 /Users/lwy08/Downloads/devkitpro/devkitARM/bin/../lib/gcc/arm-eabi/4.6.1/../../../../arm-eabi/lib/thumb/libsysbase.a(isatty.o)
 .bss           0x020118a4        0x0 /Users/lwy08/Downloads/devkitpro/devkitARM/bin/../lib/gcc/arm-eabi/4.6.1/../../../../arm-eabi/lib/thumb/libsysbase.a(lseek.o)
 .bss           0x020118a4        0x0 /Users/lwy08/Downloads/devkitpro/devkitARM/bin/../lib/gcc/arm-eabi/4.6.1/../../../../arm-eabi/lib/thumb/libsysbase.a(read.o)
 .bss           0x020118a4        0x4 /Users/lwy08/Downloads/devkitpro/devkitARM/bin/../lib/gcc/arm-eabi/4.6.1/../../../../arm-eabi/lib/thumb/libsysbase.a(sbrk.o)
 .bss           0x020118a8        0x0 /Users/lwy08/Downloads/devkitpro/devkitARM/bin/../lib/gcc/arm-eabi/4.6.1/../../../../arm-eabi/lib/thumb/libsysbase.a(times.o)
 .bss           0x020118a8        0x0 /Users/lwy08/Downloads/devkitpro/devkitARM/bin/../lib/gcc/arm-eabi/4.6.1/../../../../arm-eabi/lib/thumb/libsysbase.a(write.o)
 .bss           0x020118a8        0x8 /Users/lwy08/Downloads/devkitpro/devkitARM/bin/../lib/gcc/arm-eabi/4.6.1/../../../../arm-eabi/lib/thumb/libsysbase.a(malloc_vars.o)
                0x020118a8                fake_heap_start
                0x020118ac                fake_heap_end
 .bss           0x020118b0        0x0 /Users/lwy08/Downloads/devkitpro/devkitARM/bin/../lib/gcc/arm-eabi/4.6.1/../../../../arm-eabi/lib/thumb/libsysbase.a(build_argv.o)
 .bss           0x020118b0        0x8 /Users/lwy08/Downloads/devkitpro/devkitARM/bin/../lib/gcc/arm-eabi/4.6.1/../../../../arm-eabi/lib/thumb/libsysbase.a(syscall_support.o)
                0x020118b0                __syscalls
 .bss           0x020118b8     0x1000 /Users/lwy08/Downloads/devkitpro/devkitARM/bin/../lib/gcc/arm-eabi/4.6.1/../../../../arm-eabi/lib/thumb/libsysbase.a(handle_manager.o)
 .bss           0x020128b8        0x0 /Users/lwy08/Downloads/devkitpro/devkitARM/bin/../lib/gcc/arm-eabi/4.6.1/thumb/libgcc.a(_udivsi3.o)
 .bss           0x020128b8        0x0 /Users/lwy08/Downloads/devkitpro/devkitARM/bin/../lib/gcc/arm-eabi/4.6.1/thumb/libgcc.a(_aeabi_uldivmod.o)
 .bss           0x020128b8        0x0 /Users/lwy08/Downloads/devkitpro/devkitARM/bin/../lib/gcc/arm-eabi/4.6.1/thumb/libgcc.a(_muldi3.o)
 .bss           0x020128b8        0x0 /Users/lwy08/Downloads/devkitpro/devkitARM/bin/../lib/gcc/arm-eabi/4.6.1/thumb/libgcc.a(bpabi.o)
 .bss           0x020128b8        0x0 /Users/lwy08/Downloads/devkitpro/devkitARM/bin/../lib/gcc/arm-eabi/4.6.1/thumb/libgcc.a(unwind-arm.o)
 .bss           0x020128b8        0x0 /Users/lwy08/Downloads/devkitpro/devkitARM/bin/../lib/gcc/arm-eabi/4.6.1/thumb/libgcc.a(libunwind.o)
 .bss           0x020128b8        0x0 /Users/lwy08/Downloads/devkitpro/devkitARM/bin/../lib/gcc/arm-eabi/4.6.1/thumb/libgcc.a(pr-support.o)
 .bss           0x020128b8        0x0 /Users/lwy08/Downloads/devkitpro/devkitARM/bin/../lib/gcc/arm-eabi/4.6.1/thumb/libgcc.a(_divdi3.o)
 .bss           0x020128b8        0x0 /Users/lwy08/Downloads/devkitpro/devkitARM/bin/../lib/gcc/arm-eabi/4.6.1/thumb/libgcc.a(_udivdi3.o)
 .bss           0x020128b8        0x0 /Users/lwy08/Downloads/devkitpro/devkitARM/bin/../lib/gcc/arm-eabi/4.6.1/thumb/libgcc.a(_clzsi2.o)
 .bss           0x020128b8        0x0 /Users/lwy08/Downloads/devkitpro/devkitARM/bin/../lib/gcc/arm-eabi/4.6.1/../../../../arm-eabi/lib/thumb/libg.a(lib_a-abort.o)
 .bss           0x020128b8        0x0 /Users/lwy08/Downloads/devkitpro/devkitARM/bin/../lib/gcc/arm-eabi/4.6.1/../../../../arm-eabi/lib/thumb/libg.a(lib_a-errno.o)
 .bss           0x020128b8        0x0 /Users/lwy08/Downloads/devkitpro/devkitARM/bin/../lib/gcc/arm-eabi/4.6.1/../../../../arm-eabi/lib/thumb/libg.a(lib_a-signal.o)
 .bss           0x020128b8        0x0 /Users/lwy08/Downloads/devkitpro/devkitARM/bin/../lib/gcc/arm-eabi/4.6.1/../../../../arm-eabi/lib/thumb/libsysbase.a(getpid.o)
 .bss           0x020128b8        0x0 /Users/lwy08/Downloads/devkitpro/devkitARM/bin/../lib/gcc/arm-eabi/4.6.1/../../../../arm-eabi/lib/thumb/libsysbase.a(kill.o)
 .bss           0x020128b8        0x0 /Users/lwy08/Downloads/devkitpro/devkitARM/bin/../lib/gcc/arm-eabi/4.6.1/../../../../arm-eabi/lib/thumb/libsysbase.a(_exit.o)
 .bss           0x020128b8        0x0 /Users/lwy08/Downloads/devkitpro/devkitARM/bin/../lib/gcc/arm-eabi/4.6.1/thumb/crtend.o
 .bss           0x020128b8        0x0 /Users/lwy08/Downloads/devkitpro/devkitARM/bin/../lib/gcc/arm-eabi/4.6.1/thumb/crtn.o
 *(COMMON)
 COMMON         0x020128b8       0x5c /Users/lwy08/Downloads/devkitpro/libnds/lib/libnds9.a(console.o)
                0x020128b8                currentCopy
 COMMON         0x02012914        0x1 /Users/lwy08/Downloads/devkitpro/libnds/lib/libnds9.a(initSystem.o)
                0x02012914                __dsimode
 *fill*         0x02012915        0x3 00
 COMMON         0x02012918      0xa40 /Users/lwy08/Downloads/devkitpro/libnds/lib/libnds9.a(fifosystem.o)
                0x02012918                fifo_datamsg_data
                0x02012958                fifo_buffer
                0x02013158                fifo_value32_func
                0x02013198                fifo_address_func
                0x020131d8                fifo_value32_data
                0x02013218                fifo_value32_queue
                0x02013258                fifo_data_queue
                0x02013298                fifo_address_data
                0x020132d8                fifo_datamsg_func
                0x02013318                fifo_address_queue
 COMMON         0x02013358      0x148 /Users/lwy08/Downloads/devkitpro/libnds/lib/libnds9.a(background.o)
                0x02013358                bgState
                0x02013498                bgIsTextLut
 COMMON         0x020134a0        0x4 /Users/lwy08/Downloads/devkitpro/devkitARM/bin/../lib/gcc/arm-eabi/4.6.1/../../../../arm-eabi/lib/thumb/libsysbase.a(times.o)
                0x020134a0                punixTime
                0x020134a4                . = ALIGN (0x4)
                0x020134a4                __bss_end__ = ABSOLUTE (.)
                0x020134a4                __end__ = ABSOLUTE (.)

.stab
 *(.stab)

.stabstr
 *(.stabstr)

.stab.excl
 *(.stab.excl)

.stab.exclstr
 *(.stab.exclstr)

.stab.index
 *(.stab.index)

.stab.indexstr
 *(.stab.indexstr)

.ARM.attributes
                0x00000000       0x2f load address 0x02011590
 .ARM.attributes
                0x00000000       0x23 /Users/lwy08/Downloads/devkitpro/devkitARM/bin/../lib/gcc/arm-eabi/4.6.1/../../../../arm-eabi/lib/thumb/ds_arm9_crt0.o
 .ARM.attributes
                0x00000023       0x18 /Users/lwy08/Downloads/devkitpro/devkitARM/bin/../lib/gcc/arm-eabi/4.6.1/thumb/crti.o
 .ARM.attributes
                0x0000003b       0x32 /Users/lwy08/Downloads/devkitpro/devkitARM/bin/../lib/gcc/arm-eabi/4.6.1/thumb/crtbegin.o
 .ARM.attributes
                0x0000006d       0x29 template.o
 .ARM.attributes
                0x00000096       0x29 /Users/lwy08/Downloads/devkitpro/libnds/lib/libnds9.a(console.o)
 .ARM.attributes
                0x000000bf       0x29 /Users/lwy08/Downloads/devkitpro/libnds/lib/libnds9.a(touch.o)
 .ARM.attributes
                0x000000e8       0x29 /Users/lwy08/Downloads/devkitpro/libnds/lib/libnds9.a(initSystem.o)
 .ARM.attributes
                0x00000111       0x29 /Users/lwy08/Downloads/devkitpro/libnds/lib/libnds9.a(fifosystem.o)
 .ARM.attributes
                0x0000013a       0x29 /Users/lwy08/Downloads/devkitpro/libnds/lib/libnds9.a(interrupts.o)
 .ARM.attributes
                0x00000163       0x29 /Users/lwy08/Downloads/devkitpro/libnds/lib/libnds9.a(libnds_exit.o)
 .ARM.attributes
                0x0000018c       0x23 /Users/lwy08/Downloads/devkitpro/libnds/lib/libnds9.a(mpu_setup.o)
 .ARM.attributes
                0x000001af       0x1d /Users/lwy08/Downloads/devkitpro/libnds/lib/libnds9.a(biosCalls.o)
 .ARM.attributes
                0x000001cc       0x1d /Users/lwy08/Downloads/devkitpro/libnds/lib/libnds9.a(debugprint.o)
 .ARM.attributes
                0x000001e9       0x1d /Users/lwy08/Downloads/devkitpro/libnds/lib/libnds9.a(interruptDispatcher.o)
 .ARM.attributes
                0x00000206       0x23 /Users/lwy08/Downloads/devkitpro/libnds/lib/libnds9.a(swiSoftReset.o)
 .ARM.attributes
                0x00000229       0x16 /Users/lwy08/Downloads/devkitpro/libnds/lib/libnds9.a(default_font.bin.o)
 .ARM.attributes
                0x0000023f       0x29 /Users/lwy08/Downloads/devkitpro/libnds/lib/libnds9.a(background.o)
 .ARM.attributes
                0x00000268       0x29 /Users/lwy08/Downloads/devkitpro/libnds/lib/libnds9.a(system.o)
 .ARM.attributes
                0x00000291       0x29 /Users/lwy08/Downloads/devkitpro/libnds/lib/libnds9.a(trig.o)
 .ARM.attributes
                0x000002ba       0x29 /Users/lwy08/Downloads/devkitpro/libnds/lib/libnds9.a(video.o)
 .ARM.attributes
                0x000002e3       0x1a /Users/lwy08/Downloads/devkitpro/devkitARM/bin/../lib/gcc/arm-eabi/4.6.1/thumb/libgcc.a(_divsi3.o)
 .ARM.attributes
                0x000002fd       0x18 /Users/lwy08/Downloads/devkitpro/devkitARM/bin/../lib/gcc/arm-eabi/4.6.1/thumb/libgcc.a(_dvmd_tls.o)
 .ARM.attributes
                0x00000315       0x32 /Users/lwy08/Downloads/devkitpro/devkitARM/bin/../lib/gcc/arm-eabi/4.6.1/../../../../arm-eabi/lib/thumb/libg.a(lib_a-bsearch.o)
 .ARM.attributes
                0x00000347       0x32 /Users/lwy08/Downloads/devkitpro/devkitARM/bin/../lib/gcc/arm-eabi/4.6.1/../../../../arm-eabi/lib/thumb/libg.a(lib_a-impure.o)
 .ARM.attributes
                0x00000379       0x32 /Users/lwy08/Downloads/devkitpro/devkitARM/bin/../lib/gcc/arm-eabi/4.6.1/../../../../arm-eabi/lib/thumb/libg.a(lib_a-init.o)
 .ARM.attributes
                0x000003ab       0x32 /Users/lwy08/Downloads/devkitpro/devkitARM/bin/../lib/gcc/arm-eabi/4.6.1/../../../../arm-eabi/lib/thumb/libg.a(lib_a-iprintf.o)
 .ARM.attributes
                0x000003dd       0x32 /Users/lwy08/Downloads/devkitpro/devkitARM/bin/../lib/gcc/arm-eabi/4.6.1/../../../../arm-eabi/lib/thumb/libg.a(lib_a-memcpy.o)
 .ARM.attributes
                0x0000040f       0x32 /Users/lwy08/Downloads/devkitpro/devkitARM/bin/../lib/gcc/arm-eabi/4.6.1/../../../../arm-eabi/lib/thumb/libg.a(lib_a-setvbuf.o)
 .ARM.attributes
                0x00000441       0x32 /Users/lwy08/Downloads/devkitpro/devkitARM/bin/../lib/gcc/arm-eabi/4.6.1/../../../../arm-eabi/lib/thumb/libg.a(lib_a-siscanf.o)
 .ARM.attributes
                0x00000473       0x32 /Users/lwy08/Downloads/devkitpro/devkitARM/bin/../lib/gcc/arm-eabi/4.6.1/../../../../arm-eabi/lib/thumb/libg.a(lib_a-stdio.o)
 .ARM.attributes
                0x000004a5       0x32 /Users/lwy08/Downloads/devkitpro/devkitARM/bin/../lib/gcc/arm-eabi/4.6.1/../../../../arm-eabi/lib/thumb/libg.a(lib_a-strlen.o)
 .ARM.attributes
                0x000004d7       0x32 /Users/lwy08/Downloads/devkitpro/devkitARM/bin/../lib/gcc/arm-eabi/4.6.1/../../../../arm-eabi/lib/thumb/libg.a(lib_a-svfiscanf.o)
 .ARM.attributes
                0x00000509       0x32 /Users/lwy08/Downloads/devkitpro/devkitARM/bin/../lib/gcc/arm-eabi/4.6.1/../../../../arm-eabi/lib/thumb/libg.a(lib_a-ungetc.o)
 .ARM.attributes
                0x0000053b       0x32 /Users/lwy08/Downloads/devkitpro/devkitARM/bin/../lib/gcc/arm-eabi/4.6.1/../../../../arm-eabi/lib/thumb/libg.a(lib_a-vfiprintf.o)
 .ARM.attributes
                0x0000056d       0x32 /Users/lwy08/Downloads/devkitpro/devkitARM/bin/../lib/gcc/arm-eabi/4.6.1/../../../../arm-eabi/lib/thumb/libg.a(lib_a-wcrtomb.o)
 .ARM.attributes
                0x0000059f       0x32 /Users/lwy08/Downloads/devkitpro/devkitARM/bin/../lib/gcc/arm-eabi/4.6.1/../../../../arm-eabi/lib/thumb/libg.a(lib_a-wcsrtombs.o)
 .ARM.attributes
                0x000005d1       0x32 /Users/lwy08/Downloads/devkitpro/devkitARM/bin/../lib/gcc/arm-eabi/4.6.1/../../../../arm-eabi/lib/thumb/libg.a(lib_a-wctomb_r.o)
 .ARM.attributes
                0x00000603       0x32 /Users/lwy08/Downloads/devkitpro/devkitARM/bin/../lib/gcc/arm-eabi/4.6.1/../../../../arm-eabi/lib/thumb/libg.a(lib_a-wsetup.o)
 .ARM.attributes
                0x00000635       0x32 /Users/lwy08/Downloads/devkitpro/devkitARM/bin/../lib/gcc/arm-eabi/4.6.1/../../../../arm-eabi/lib/thumb/libg.a(lib_a-ctype_.o)
 .ARM.attributes
                0x00000667       0x32 /Users/lwy08/Downloads/devkitpro/devkitARM/bin/../lib/gcc/arm-eabi/4.6.1/../../../../arm-eabi/lib/thumb/libg.a(lib_a-fflush.o)
 .ARM.attributes
                0x00000699       0x32 /Users/lwy08/Downloads/devkitpro/devkitARM/bin/../lib/gcc/arm-eabi/4.6.1/../../../../arm-eabi/lib/thumb/libg.a(lib_a-findfp.o)
 .ARM.attributes
                0x000006cb       0x32 /Users/lwy08/Downloads/devkitpro/devkitARM/bin/../lib/gcc/arm-eabi/4.6.1/../../../../arm-eabi/lib/thumb/libg.a(lib_a-fputwc.o)
 .ARM.attributes
                0x000006fd       0x32 /Users/lwy08/Downloads/devkitpro/devkitARM/bin/../lib/gcc/arm-eabi/4.6.1/../../../../arm-eabi/lib/thumb/libg.a(lib_a-freer.o)
 .ARM.attributes
                0x0000072f       0x32 /Users/lwy08/Downloads/devkitpro/devkitARM/bin/../lib/gcc/arm-eabi/4.6.1/../../../../arm-eabi/lib/thumb/libg.a(lib_a-fvwrite.o)
 .ARM.attributes
                0x00000761       0x32 /Users/lwy08/Downloads/devkitpro/devkitARM/bin/../lib/gcc/arm-eabi/4.6.1/../../../../arm-eabi/lib/thumb/libg.a(lib_a-fwalk.o)
 .ARM.attributes
                0x00000793       0x32 /Users/lwy08/Downloads/devkitpro/devkitARM/bin/../lib/gcc/arm-eabi/4.6.1/../../../../arm-eabi/lib/thumb/libg.a(lib_a-iswspace.o)
 .ARM.attributes
                0x000007c5       0x32 /Users/lwy08/Downloads/devkitpro/devkitARM/bin/../lib/gcc/arm-eabi/4.6.1/../../../../arm-eabi/lib/thumb/libg.a(lib_a-jp2uc.o)
 .ARM.attributes
                0x000007f7       0x32 /Users/lwy08/Downloads/devkitpro/devkitARM/bin/../lib/gcc/arm-eabi/4.6.1/../../../../arm-eabi/lib/thumb/libg.a(lib_a-locale.o)
 .ARM.attributes
                0x00000829       0x32 /Users/lwy08/Downloads/devkitpro/devkitARM/bin/../lib/gcc/arm-eabi/4.6.1/../../../../arm-eabi/lib/thumb/libg.a(lib_a-makebuf.o)
 .ARM.attributes
                0x0000085b       0x32 /Users/lwy08/Downloads/devkitpro/devkitARM/bin/../lib/gcc/arm-eabi/4.6.1/../../../../arm-eabi/lib/thumb/libg.a(lib_a-malloc.o)
 .ARM.attributes
                0x0000088d       0x32 /Users/lwy08/Downloads/devkitpro/devkitARM/bin/../lib/gcc/arm-eabi/4.6.1/../../../../arm-eabi/lib/thumb/libg.a(lib_a-mallocr.o)
 .ARM.attributes
                0x000008bf       0x32 /Users/lwy08/Downloads/devkitpro/devkitARM/bin/../lib/gcc/arm-eabi/4.6.1/../../../../arm-eabi/lib/thumb/libg.a(lib_a-mbrtowc.o)
 .ARM.attributes
                0x000008f1       0x32 /Users/lwy08/Downloads/devkitpro/devkitARM/bin/../lib/gcc/arm-eabi/4.6.1/../../../../arm-eabi/lib/thumb/libg.a(lib_a-mbtowc_r.o)
 .ARM.attributes
                0x00000923       0x32 /Users/lwy08/Downloads/devkitpro/devkitARM/bin/../lib/gcc/arm-eabi/4.6.1/../../../../arm-eabi/lib/thumb/libg.a(lib_a-memchr.o)
 .ARM.attributes
                0x00000955       0x32 /Users/lwy08/Downloads/devkitpro/devkitARM/bin/../lib/gcc/arm-eabi/4.6.1/../../../../arm-eabi/lib/thumb/libg.a(lib_a-memmove.o)
 .ARM.attributes
                0x00000987       0x32 /Users/lwy08/Downloads/devkitpro/devkitARM/bin/../lib/gcc/arm-eabi/4.6.1/../../../../arm-eabi/lib/thumb/libg.a(lib_a-memset.o)
 .ARM.attributes
                0x000009b9       0x32 /Users/lwy08/Downloads/devkitpro/devkitARM/bin/../lib/gcc/arm-eabi/4.6.1/../../../../arm-eabi/lib/thumb/libg.a(lib_a-mlock.o)
 .ARM.attributes
                0x000009eb       0x32 /Users/lwy08/Downloads/devkitpro/devkitARM/bin/../lib/gcc/arm-eabi/4.6.1/../../../../arm-eabi/lib/thumb/libg.a(lib_a-reallocr.o)
 .ARM.attributes
                0x00000a1d       0x32 /Users/lwy08/Downloads/devkitpro/devkitARM/bin/../lib/gcc/arm-eabi/4.6.1/../../../../arm-eabi/lib/thumb/libg.a(lib_a-sccl.o)
 .ARM.attributes
                0x00000a4f       0x32 /Users/lwy08/Downloads/devkitpro/devkitARM/bin/../lib/gcc/arm-eabi/4.6.1/../../../../arm-eabi/lib/thumb/libg.a(lib_a-strcasecmp.o)
 .ARM.attributes
                0x00000a81       0x32 /Users/lwy08/Downloads/devkitpro/devkitARM/bin/../lib/gcc/arm-eabi/4.6.1/../../../../arm-eabi/lib/thumb/libg.a(lib_a-strcat.o)
 .ARM.attributes
                0x00000ab3       0x32 /Users/lwy08/Downloads/devkitpro/devkitARM/bin/../lib/gcc/arm-eabi/4.6.1/../../../../arm-eabi/lib/thumb/libg.a(lib_a-strchr.o)
 .ARM.attributes
                0x00000ae5       0x32 /Users/lwy08/Downloads/devkitpro/devkitARM/bin/../lib/gcc/arm-eabi/4.6.1/../../../../arm-eabi/lib/thumb/libg.a(lib_a-strcmp.o)
 .ARM.attributes
                0x00000b17       0x32 /Users/lwy08/Downloads/devkitpro/devkitARM/bin/../lib/gcc/arm-eabi/4.6.1/../../../../arm-eabi/lib/thumb/libg.a(lib_a-strcpy.o)
 .ARM.attributes
                0x00000b49       0x32 /Users/lwy08/Downloads/devkitpro/devkitARM/bin/../lib/gcc/arm-eabi/4.6.1/../../../../arm-eabi/lib/thumb/libg.a(lib_a-strlcpy.o)
 .ARM.attributes
                0x00000b7b       0x32 /Users/lwy08/Downloads/devkitpro/devkitARM/bin/../lib/gcc/arm-eabi/4.6.1/../../../../arm-eabi/lib/thumb/libg.a(lib_a-strncasecmp.o)
 .ARM.attributes
                0x00000bad       0x32 /Users/lwy08/Downloads/devkitpro/devkitARM/bin/../lib/gcc/arm-eabi/4.6.1/../../../../arm-eabi/lib/thumb/libg.a(lib_a-strncmp.o)
 .ARM.attributes
                0x00000bdf       0x32 /Users/lwy08/Downloads/devkitpro/devkitARM/bin/../lib/gcc/arm-eabi/4.6.1/../../../../arm-eabi/lib/thumb/libg.a(lib_a-strncpy.o)
 .ARM.attributes
                0x00000c11       0x32 /Users/lwy08/Downloads/devkitpro/devkitARM/bin/../lib/gcc/arm-eabi/4.6.1/../../../../arm-eabi/lib/thumb/libg.a(lib_a-strtol.o)
 .ARM.attributes