Archive member included because of file (symbol)

/Users/lwy08/Downloads/devkitpro/libnds/lib/libfilesystem.a(nitrofs.o)
                              directory.o (nitroFSInit)
/Users/lwy08/Downloads/devkitpro/libnds/lib/libfat.a(libfat.o)
                              /Users/lwy08/Downloads/devkitpro/libnds/lib/libfilesystem.a(nitrofs.o) (fatInitDefault)
/Users/lwy08/Downloads/devkitpro/libnds/lib/libfat.a(partition.o)
                              /Users/lwy08/Downloads/devkitpro/libnds/lib/libfat.a(libfat.o) (_FAT_partition_constructor)
/Users/lwy08/Downloads/devkitpro/libnds/lib/libfat.a(cache.o)
                              /Users/lwy08/Downloads/devkitpro/libnds/lib/libfat.a(partition.o) (_FAT_cache_constructor)
/Users/lwy08/Downloads/devkitpro/libnds/lib/libfat.a(directory.o)
                              /Users/lwy08/Downloads/devkitpro/libnds/lib/libfat.a(libfat.o) (_FAT_directory_getVolumeLabel)
/Users/lwy08/Downloads/devkitpro/libnds/lib/libfat.a(disc.o)
                              /Users/lwy08/Downloads/devkitpro/libnds/lib/libfat.a(libfat.o) (_FAT_disc_interfaces)
/Users/lwy08/Downloads/devkitpro/libnds/lib/libfat.a(fatdir.o)
                              /Users/lwy08/Downloads/devkitpro/libnds/lib/libfat.a(libfat.o) (_FAT_stat_r)
/Users/lwy08/Downloads/devkitpro/libnds/lib/libfat.a(fatfile.o)
                              /Users/lwy08/Downloads/devkitpro/libnds/lib/libfat.a(libfat.o) (_FAT_open_r)
/Users/lwy08/Downloads/devkitpro/libnds/lib/libfat.a(file_allocation_table.o)
                              /Users/lwy08/Downloads/devkitpro/libnds/lib/libfat.a(directory.o) (_FAT_fat_nextCluster)
/Users/lwy08/Downloads/devkitpro/libnds/lib/libfat.a(filetime.o)
                              /Users/lwy08/Downloads/devkitpro/libnds/lib/libfat.a(fatdir.o) (_FAT_filetime_getTimeFromRTC)
/Users/lwy08/Downloads/devkitpro/libnds/lib/libfat.a(lock.o)
                              /Users/lwy08/Downloads/devkitpro/libnds/lib/libfat.a(partition.o) (_FAT_lock_init)
/Users/lwy08/Downloads/devkitpro/libnds/lib/libnds9.a(console.o)
                              directory.o (consoleDemoInit)
/Users/lwy08/Downloads/devkitpro/libnds/lib/libnds9.a(keys.o)
                              directory.o (scanKeys)
/Users/lwy08/Downloads/devkitpro/libnds/lib/libnds9.a(dldi.o)
                              /Users/lwy08/Downloads/devkitpro/libnds/lib/libfat.a(disc.o) (dldiGetInternal)
/Users/lwy08/Downloads/devkitpro/libnds/lib/libnds9.a(dsi_sd.o)
                              /Users/lwy08/Downloads/devkitpro/libnds/lib/libfat.a(disc.o) (__io_dsisd)
/Users/lwy08/Downloads/devkitpro/libnds/lib/libnds9.a(initSystem.o)
                              /Users/lwy08/Downloads/devkitpro/devkitARM/bin/../lib/gcc/arm-eabi/4.6.1/../../../../arm-eabi/lib/thumb/ds_arm9_crt0.o (initSystem)
/Users/lwy08/Downloads/devkitpro/libnds/lib/libnds9.a(card.o)
                              /Users/lwy08/Downloads/devkitpro/libnds/lib/libfilesystem.a(nitrofs.o) (cardParamCommand)
/Users/lwy08/Downloads/devkitpro/libnds/lib/libnds9.a(fifosystem.o)
                              /Users/lwy08/Downloads/devkitpro/libnds/lib/libnds9.a(dsi_sd.o) (fifoSendValue32)
/Users/lwy08/Downloads/devkitpro/libnds/lib/libnds9.a(interrupts.o)
                              /Users/lwy08/Downloads/devkitpro/libnds/lib/libnds9.a(fifosystem.o) (irqSet)
/Users/lwy08/Downloads/devkitpro/libnds/lib/libnds9.a(libnds_exit.o)
                              /Users/lwy08/Downloads/devkitpro/devkitARM/bin/../lib/gcc/arm-eabi/4.6.1/../../../../arm-eabi/lib/thumb/ds_arm9_crt0.o (__libnds_exit)
/Users/lwy08/Downloads/devkitpro/libnds/lib/libnds9.a(dcache.o)
                              /Users/lwy08/Downloads/devkitpro/libnds/lib/libnds9.a(dsi_sd.o) (DC_FlushRange)
/Users/lwy08/Downloads/devkitpro/libnds/lib/libnds9.a(dldi_stub.o)
                              /Users/lwy08/Downloads/devkitpro/libnds/lib/libnds9.a(dldi.o) (_io_dldi_stub)
/Users/lwy08/Downloads/devkitpro/libnds/lib/libnds9.a(mpu_setup.o)
                              /Users/lwy08/Downloads/devkitpro/devkitARM/bin/../lib/gcc/arm-eabi/4.6.1/../../../../arm-eabi/lib/thumb/ds_arm9_crt0.o (__libnds_mpu_setup)
/Users/lwy08/Downloads/devkitpro/libnds/lib/libnds9.a(biosCalls.o)
                              /Users/lwy08/Downloads/devkitpro/libnds/lib/libnds9.a(card.o) (swiDelay)
/Users/lwy08/Downloads/devkitpro/libnds/lib/libnds9.a(debugprint.o)
                              /Users/lwy08/Downloads/devkitpro/libnds/lib/libnds9.a(console.o) (nocashWrite)
/Users/lwy08/Downloads/devkitpro/libnds/lib/libnds9.a(interruptDispatcher.o)
                              /Users/lwy08/Downloads/devkitpro/libnds/lib/libnds9.a(interrupts.o) (IntrMain)
/Users/lwy08/Downloads/devkitpro/libnds/lib/libnds9.a(swiSoftReset.o)
                              /Users/lwy08/Downloads/devkitpro/libnds/lib/libnds9.a(fifosystem.o) (swiSoftReset)
/Users/lwy08/Downloads/devkitpro/libnds/lib/libnds9.a(default_font.bin.o)
[...]
Memory Configuration

Name             Origin             Length             Attributes
rom              0x08000000         0x02000000
ewram            0x02000000         0x003ff000
dtcm             0x0b000000         0x00004000
vectors          0x01000000         0x00000100
itcm             0x01000100         0x00007f00
*default*        0x00000000         0xffffffff

Linker script and memory map

                0x01000000                __vectors_start = ORIGIN (vectors)
                0x01000100                __itcm_start = ORIGIN (itcm)
                0x023ff000                __ewram_end = (ORIGIN (ewram) + 0x3ff000)
                0x023ff000                __eheap_end = (ORIGIN (ewram) + 0x3ff000)
                0x0b000000                __dtcm_start = ORIGIN (dtcm)
                0x0b004000                __dtcm_top = (ORIGIN (dtcm) + 0x4000)
                0x0b003ff8                __irq_flags = (__dtcm_top - 0x8)
                0x0b003ffc                __irq_vector = (__dtcm_top - 0x4)
                0x0b003f00                __sp_svc = (__dtcm_top - 0x100)
                0x0b003e00                __sp_irq = (__sp_svc - 0x100)
                0x0b003d00                __sp_usr = (__sp_irq - 0x100)

.init           0x02000000      0x23c
                0x02000000                __text_start = .
 *(.init)
 .init          0x02000000      0x230 /Users/lwy08/Downloads/devkitpro/devkitARM/bin/../lib/gcc/arm-eabi/4.6.1/../../../../arm-eabi/lib/thumb/ds_arm9_crt0.o
                0x02000000                _start
 .init          0x02000230        0x4 /Users/lwy08/Downloads/devkitpro/devkitARM/bin/../lib/gcc/arm-eabi/4.6.1/thumb/crti.o
                0x02000230                _init
 .init          0x02000234        0x8 /Users/lwy08/Downloads/devkitpro/devkitARM/bin/../lib/gcc/arm-eabi/4.6.1/thumb/crtn.o
                0x0200023c                . = ALIGN (0x4)

.plt
 *(.plt)

.text           0x02000240    0x209c0
 *(EXCLUDE_FILE(*.itcm*) .text)
 .text          0x02000240        0x0 /Users/lwy08/Downloads/devkitpro/devkitARM/bin/../lib/gcc/arm-eabi/4.6.1/../../../../arm-eabi/lib/thumb/ds_arm9_crt0.o
 .text          0x02000240        0x0 /Users/lwy08/Downloads/devkitpro/devkitARM/bin/../lib/gcc/arm-eabi/4.6.1/thumb/crti.o
 .text          0x02000240       0x6c /Users/lwy08/Downloads/devkitpro/devkitARM/bin/../lib/gcc/arm-eabi/4.6.1/thumb/crtbegin.o
 .text          0x020002ac      0x108 directory.o
                0x020002ac                dirlist
 .text          0x020003b4      0xb34 /Users/lwy08/Downloads/devkitpro/libnds/lib/libfilesystem.a(nitrofs.o)
                0x02000dc8                nitroFSInit
 .text          0x02000ee8      0x340 /Users/lwy08/Downloads/devkitpro/libnds/lib/libfat.a(libfat.o)
                0x02000ee8                fatMount
                0x02000f9c                fatMountSimple
                0x02000fb0                fatUnmount
                0x02000fe8                fatInit
                0x02001140                fatInitDefault
                0x0200114c                fatGetVolumeLabel
 .text          0x02001228      0x754 /Users/lwy08/Downloads/devkitpro/libnds/lib/libfat.a(partition.o)
                0x02001228                FindFirstValidPartition_buf
                0x020013cc                FindFirstValidPartition
                0x020013f4                _FAT_partition_getPartitionFromPath
                0x02001408                _FAT_partition_createFSinfo
                0x020014c8                _FAT_partition_readFSinfo
                0x02001588                _FAT_partition_constructor_buf
                0x02001840                _FAT_partition_constructor
                0x02001884                _FAT_partition_writeFSinfo
                0x0200193c                _FAT_partition_destructor
 .text          0x0200197c      0x4d0 /Users/lwy08/Downloads/devkitpro/libnds/lib/libfat.a(cache.o)
                0x02001a74                _FAT_cache_constructor
                0x02001b10                _FAT_cache_readSectors
                0x02001b6c                _FAT_cache_readPartialSector
                0x02001bb8                _FAT_cache_readLittleEndianValue
                0x02001c18                _FAT_cache_writePartialSector
                0x02001c70                _FAT_cache_writeLittleEndianValue
                0x02001cb8                _FAT_cache_eraseWritePartialSector
                0x02001d20                _FAT_cache_writeSectors
                0x02001d88                _FAT_cache_flush
                0x02001dec                _FAT_cache_destructor
                0x02001e20                _FAT_cache_invalidate
 .text          0x02001e4c     0x13b4 /Users/lwy08/Downloads/devkitpro/libnds/lib/libfat.a(directory.o)
                0x020020c4                _FAT_directory_entryGetCluster
                0x020020ec                _FAT_directory_getNextEntry
                0x020022d4                _FAT_directory_getFirstEntry
                0x02002384                _FAT_directory_getRootEntry
                0x020023e0                _FAT_directory_getVolumeLabel
                0x02002490                _FAT_directory_entryFromPosition
                0x020025c4                _FAT_directory_entryFromPath
                0x020027a8                _FAT_directory_removeEntry
                0x0200287c                _FAT_directory_addEntry
                0x020030fc                _FAT_directory_chdir
                0x02003138                _FAT_directory_entryStat
 .text          0x02003200        0x8 /Users/lwy08/Downloads/devkitpro/libnds/lib/libfat.a(disc.o)
 .text          0x02003208      0x904 /Users/lwy08/Downloads/devkitpro/libnds/lib/libfat.a(fatdir.o)
                0x02003208                _FAT_stat_r
                0x0200329c                _FAT_link_r
                0x020032a8                _FAT_unlink_r
                0x0200341c                _FAT_chdir_r
                0x0200348c                _FAT_rename_r
                0x02003658                _FAT_mkdir_r
                0x020038d0                _FAT_statvfs_r
                0x0200395c                _FAT_diropen_r
                0x02003a1c                _FAT_dirreset_r
                0x02003a68                _FAT_dirnext_r
                0x02003aec                _FAT_dirclose_r
 .text          0x02003b0c     0x131c /Users/lwy08/Downloads/devkitpro/libnds/lib/libfat.a(fatfile.o)
                0x02003d94                _FAT_findEntry
                0x02003dd0                FAT_getAttr
                0x02003df8                FAT_setAttr
                0x02003e18                _FAT_open_r
                0x02004140                _FAT_syncToDisc
                0x02004220                _FAT_close_r
                0x0200428c                _FAT_read_r
                0x020045f4                _FAT_write_r
                0x02004a8c                _FAT_seek_r
                0x02004bdc                _FAT_fstat_r
                0x02004c78                _FAT_ftruncate_r
                0x02004de8                _FAT_fsync_r
 .text          0x02004e28      0x4b0 /Users/lwy08/Downloads/devkitpro/libnds/lib/libfat.a(file_allocation_table.o)
                0x02004f78                _FAT_fat_nextCluster
                0x02005094                _FAT_fat_linkFreeCluster
                0x0200512c                _FAT_fat_linkFreeClusterCleared
                0x0200519c                _FAT_fat_clearLinks
                0x020051f8                _FAT_fat_trimChain
                0x0200527c                _FAT_fat_lastCluster
                0x020052b0                _FAT_fat_freeClusterCount
 .text          0x020052d8       0xb8 /Users/lwy08/Downloads/devkitpro/libnds/lib/libfat.a(filetime.o)
                0x020052d8                _FAT_filetime_getTimeFromRTC
                0x02005318                _FAT_filetime_getDateFromRTC
                0x02005358                _FAT_filetime_to_time_t
 .text          0x02005390       0x10 /Users/lwy08/Downloads/devkitpro/libnds/lib/libfat.a(lock.o)
                0x02005390                _FAT_lock_init
                0x02005394                _FAT_lock_deinit
                0x02005398                _FAT_lock
                0x0200539c                _FAT_unlock
 .text          0x020053a0      0xa30 /Users/lwy08/Downloads/devkitpro/libnds/lib/libnds9.a(console.o)
                0x020053a0                nocash_write
                0x02005460                consoleGetDefault
                0x0200546c                consoleSelect
                0x0200547c                consoleDebugInit
                0x020054cc                consolePrintChar
                0x0200567c                consoleLoadFont
                0x02005914                consoleSetFont
                0x02005934                consoleInit
                0x02005a98                consoleDemoInit
                0x02005adc                con_write
                0x02005d9c                consoleClear
                0x02005dac                consoleSetWindow
 .text          0x02005dd0       0xf4 /Users/lwy08/Downloads/devkitpro/libnds/lib/libnds9.a(keys.o)
                0x02005dd0                scanKeys
                0x02005e3c                keysHeld
                0x02005e48                keysDown
                0x02005e58                keysDownRepeat
                0x02005e68                keysSetRepeat
                0x02005e80                keysUp
                0x02005e90                keysCurrent
 .text          0x02005ec4      0x23c /Users/lwy08/Downloads/devkitpro/libnds/lib/libnds9.a(dldi.o)
                0x02005ec4                dldiGetInternal
                0x02005efc                dldiIsValid
                0x02005f34                dldiFixDriverAddresses
                0x0200600c                dldiLoadFromFile
                0x020060f4                dldiFree
 .text          0x02006100      0x108 /Users/lwy08/Downloads/devkitpro/libnds/lib/libnds9.a(dsi_sd.o)
                0x02006100                sdio_IsInserted
                0x02006110                sdio_ClearStatus
                0x02006120                sdio_Shutdown
                0x02006130                sdio_WriteSectors
                0x02006184                sdio_ReadSectors
                0x020061d8                sdio_Startup
 .text          0x02006208      0x19c /Users/lwy08/Downloads/devkitpro/libnds/lib/libnds9.a(initSystem.o)
                0x02006208                initSystem
 .text          0x020063a4      0x238 /Users/lwy08/Downloads/devkitpro/libnds/lib/libnds9.a(card.o)
                0x020063a4                cardWriteCommand
                0x020063c8                cardPolledTransfer
                0x02006418                cardStartTransfer
                0x02006474                cardWriteAndRead
                0x020064b8                cardParamCommand
                0x020064e8                cardReadID
                0x02006510                cardReset
                0x02006584                cardReadHeader
 .text          0x020065dc      0xc88 /Users/lwy08/Downloads/devkitpro/libnds/lib/libnds9.a(fifosystem.o)
                0x0200683c                fifoSendAddress
                0x02006868                fifoSendValue32
                0x020068a8                fifoSendDatamsg
                0x02006918                fifoGetAddress
                0x0200698c                fifoSetAddressHandler
                0x02006a00                fifoGetValue32
                0x02006a74                fifoSetValue32Handler
                0x02006ae8                fifoGetDatamsg
                0x02006f8c                fifoSetDatamsgHandler
                0x02007024                fifoCheckAddress
                0x02007048                fifoCheckDatamsg
                0x0200706c                fifoCheckValue32
                0x02007090                fifoInit
 .text          0x02007264      0x1f4 /Users/lwy08/Downloads/devkitpro/libnds/lib/libnds9.a(interrupts.o)
                0x02007264                irqDummy
                0x02007268                irqSet
                0x020072d8                irqInit
                0x02007324                irqInitHandler
                0x02007354                irqEnable
                0x020073b8                irqDisable
                0x0200741c                irqClear
 .text          0x02007458       0x40 /Users/lwy08/Downloads/devkitpro/libnds/lib/libnds9.a(libnds_exit.o)
                0x02007458                systemErrorExit
                0x0200745c                __libnds_exit
 .text          0x02007498       0x70 /Users/lwy08/Downloads/devkitpro/libnds/lib/libnds9.a(dcache.o)
                0x02007498                DC_FlushAll
                0x020074c4                DC_FlushRange
                0x020074e0                DC_InvalidateAll
                0x020074ec                DC_InvalidateRange
 *fill*         0x02007508       0x38 ff
 .text          0x02007540     0x8000 /Users/lwy08/Downloads/devkitpro/libnds/lib/libnds9.a(dldi_stub.o)
                0x02007540                _io_dldi_stub
 .text          0x0200f540      0x1b4 /Users/lwy08/Downloads/devkitpro/libnds/lib/libnds9.a(mpu_setup.o)
                0x0200f540                __libnds_mpu_setup
                0x0200f680                memCached
                0x0200f698                memUncached
 *fill*         0x0200f6f4        0xc ff
 .text          0x0200f700       0x70 /Users/lwy08/Downloads/devkitpro/libnds/lib/libnds9.a(biosCalls.o)
                0x0200f700                swiDelay
                0x0200f704                swiIntrWait
                0x0200f708                swiWaitForVBlank
                0x0200f70c                swiSleep
                0x0200f710                swiChangeSoundBias
                0x0200f714                swiDivide
                0x0200f718                swiRemainder
                0x0200f71e                swiDivMod
                0x0200f72a                swiCopy
                0x0200f72e                swiFastCopy
                0x0200f732                swiSqrt
                0x0200f736                swiCRC16
                0x0200f73a                swiIsDebugger
                0x0200f73e                swiUnpackBits
                0x0200f742                swiDecompressLZSSWram
                0x0200f746                swiDecompressLZSSVramNTR
                0x0200f74a                swiDecompressLZSSVramTWL
                0x0200f74e                swiDecompressHuffman
                0x0200f752                swiDecompressRLEWram
                0x0200f756                swiDecompressRLEVram
                0x0200f75a                swiWaitForIRQ
                0x0200f75e                swiDecodeDelta8
                0x0200f762                swiDecodeDelta16
                0x0200f766                swiSetHaltCR
 .text          0x0200f770       0xa4 /Users/lwy08/Downloads/devkitpro/libnds/lib/libnds9.a(debugprint.o)
                0x0200f770                nocashWrite
                0x0200f772                nocashMessage
 .text          0x0200f814        0x0 /Users/lwy08/Downloads/devkitpro/libnds/lib/libnds9.a(interruptDispatcher.o)
 *fill*         0x0200f814        0xc ff
 .text          0x0200f820       0x30 /Users/lwy08/Downloads/devkitpro/libnds/lib/libnds9.a(swiSoftReset.o)
                0x0200f820                swiSoftReset
 .text          0x0200f850        0x0 /Users/lwy08/Downloads/devkitpro/libnds/lib/libnds9.a(default_font.bin.o)
 .text          0x0200f850      0x314 /Users/lwy08/Downloads/devkitpro/libnds/lib/libnds9.a(background.o)
                0x0200f850                bgIsText
                0x0200f85c                checkIfText
                0x0200f8bc                bgUpdate
                0x0200f9cc                bgInit_call
                0x0200fa90                bgInitSub_call
 .text          0x0200fb64       0xf0 /Users/lwy08/Downloads/devkitpro/libnds/lib/libnds9.a(system.o)
                0x0200fb64                systemMsgHandler
                0x0200fba8                systemSleep
                0x0200fbc0                powerValueHandler
                0x0200fbd0                powerOn
                0x0200fbfc                powerOff
                0x0200fc24                ledBlink
                0x0200fc34                getBatteryLevel
 .text          0x0200fc54      0x248 /Users/lwy08/Downloads/devkitpro/libnds/lib/libnds9.a(trig.o)
                0x0200fc54                asinComp
                0x0200fc78                sinLutLookup
                0x0200fcb4                sinLerp
                0x0200fcec                cosLerp
                0x0200fd00                tanLutLookup
                0x0200fd38                tanLerp
                0x0200fde8                asinLerp
                0x0200fe64                acosLerp
                0x0200fe78                atanComp
 .text          0x0200fe9c      0x150 /Users/lwy08/Downloads/devkitpro/libnds/lib/libnds9.a(video.o)
                0x0200fe9c                vramSetPrimaryBanks
                0x0200fee0                vramSetMainBanks
                0x0200ff24                vramSetBanks_EFG
                0x0200ff5c                vramRestorePrimaryBanks
                0x0200ff68                vramRestoreMainBanks
                0x0200ff74                vramRestoreBanks_EFG
                0x0200ff80                setBrightness
                0x0200ffc0                vramDefault
 .text          0x0200ffec      0x11c /Users/lwy08/Downloads/devkitpro/devkitARM/bin/../lib/gcc/arm-eabi/4.6.1/thumb/libgcc.a(_udivsi3.o)
                0x0200ffec                __udivsi3
                0x0200ffec                __aeabi_uidiv
                0x020100e8                __aeabi_uidivmod
 .text          0x02010108      0x150 /Users/lwy08/Downloads/devkitpro/devkitARM/bin/../lib/gcc/arm-eabi/4.6.1/thumb/libgcc.a(_divsi3.o)
                0x02010108                __aeabi_idiv
                0x02010108                __divsi3
                0x02010238                __aeabi_idivmod
 .text          0x02010258        0x4 /Users/lwy08/Downloads/devkitpro/devkitARM/bin/../lib/gcc/arm-eabi/4.6.1/thumb/libgcc.a(_dvmd_tls.o)
                0x02010258                __aeabi_ldiv0
                0x02010258                __aeabi_idiv0
 .text          0x0201025c       0x4c /Users/lwy08/Downloads/devkitpro/devkitARM/bin/../lib/gcc/arm-eabi/4.6.1/thumb/libgcc.a(_muldi3.o)
                0x0201025c                __aeabi_lmul
                0x0201025c                __muldi3
 .text          0x020102a8       0x64 /Users/lwy08/Downloads/devkitpro/devkitARM/bin/../lib/gcc/arm-eabi/4.6.1/../../../../arm-eabi/lib/thumb/libg.a(lib_a-bsearch.o)
                0x020102a8                bsearch
 .text          0x0201030c       0x10 /Users/lwy08/Downloads/devkitpro/devkitARM/bin/../lib/gcc/arm-eabi/4.6.1/../../../../arm-eabi/lib/thumb/libg.a(lib_a-ctype_.o)
                0x0201030c                __set_ctype
 .text          0x0201031c       0xc0 /Users/lwy08/Downloads/devkitpro/devkitARM/bin/../lib/gcc/arm-eabi/4.6.1/../../../../arm-eabi/lib/thumb/libg.a(lib_a-fclose.o)
                0x0201031c                _fclose_r
                0x020103c0                fclose
 .text          0x020103dc      0x18c /Users/lwy08/Downloads/devkitpro/devkitARM/bin/../lib/gcc/arm-eabi/4.6.1/../../../../arm-eabi/lib/thumb/libg.a(lib_a-fflush.o)
                0x020103dc                _fflush_r
                0x02010538                fflush
 .text          0x02010568      0x1ec /Users/lwy08/Downloads/devkitpro/devkitARM/bin/../lib/gcc/arm-eabi/4.6.1/../../../../arm-eabi/lib/thumb/libg.a(lib_a-findfp.o)
                0x02010570                _cleanup_r
                0x020105d0                __sfmoreglue
                0x02010600                _cleanup
                0x02010614                __sinit
                0x02010668                __sfp
                0x0201070c                __sfp_lock_acquire
                0x02010710                __sfp_lock_release
                0x02010714                __sinit_lock_acquire
                0x02010718                __sinit_lock_release
                0x0201071c                __fp_lock_all
                0x02010738                __fp_unlock_all
 .text          0x02010754       0xb0 /Users/lwy08/Downloads/devkitpro/devkitARM/bin/../lib/gcc/arm-eabi/4.6.1/../../../../arm-eabi/lib/thumb/libg.a(lib_a-fopen.o)
                0x02010754                _fopen_r
                0x020107e8                fopen
 .text          0x02010804      0x190 /Users/lwy08/Downloads/devkitpro/devkitARM/bin/../lib/gcc/arm-eabi/4.6.1/../../../../arm-eabi/lib/thumb/libg.a(lib_a-fread.o)
                0x02010804                _fread_r
                0x0201096c                fread
 .text          0x02010994      0x248 /Users/lwy08/Downloads/devkitpro/devkitARM/bin/../lib/gcc/arm-eabi/4.6.1/../../../../arm-eabi/lib/thumb/libg.a(lib_a-freer.o)
                0x02010994                _malloc_trim_r
                0x02010a40                _free_r
 .text          0x02010bdc      0x32c /Users/lwy08/Downloads/devkitpro/devkitARM/bin/../lib/gcc/arm-eabi/4.6.1/../../../../arm-eabi/lib/thumb/libg.a(lib_a-fseek.o)
                0x02010bdc                _fseek_r
                0x02010ee4                fseek
 .text          0x02010f08       0x9c /Users/lwy08/Downloads/devkitpro/devkitARM/bin/../lib/gcc/arm-eabi/4.6.1/../../../../arm-eabi/lib/thumb/libg.a(lib_a-ftell.o)
                0x02010f08                _ftell_r
                0x02010f88                ftell
 .text          0x02010fa4       0xc4 /Users/lwy08/Downloads/devkitpro/devkitARM/bin/../lib/gcc/arm-eabi/4.6.1/../../../../arm-eabi/lib/thumb/libg.a(lib_a-fwalk.o)
                0x02010fa4                _fwalk
                0x02011000                _fwalk_reent
 .text          0x02011068        0x0 /Users/lwy08/Downloads/devkitpro/devkitARM/bin/../lib/gcc/arm-eabi/4.6.1/../../../../arm-eabi/lib/thumb/libg.a(lib_a-impure.o)
 .text          0x02011068       0x50 /Users/lwy08/Downloads/devkitpro/devkitARM/bin/../lib/gcc/arm-eabi/4.6.1/../../../../arm-eabi/lib/thumb/libg.a(lib_a-init.o)
                0x02011068                __libc_init_array
 .text          0x020110b8       0x40 /Users/lwy08/Downloads/devkitpro/devkitARM/bin/../lib/gcc/arm-eabi/4.6.1/../../../../arm-eabi/lib/thumb/libg.a(lib_a-iprintf.o)
                0x020110b8                iprintf
                0x020110dc                _iprintf_r
 .text          0x020110f8       0x10 /Users/lwy08/Downloads/devkitpro/devkitARM/bin/../lib/gcc/arm-eabi/4.6.1/../../../../arm-eabi/lib/thumb/libg.a(lib_a-lcltime_r.o)
                0x020110f8                localtime_r
 .text          0x02011108      0x938 /Users/lwy08/Downloads/devkitpro/devkitARM/bin/../lib/gcc/arm-eabi/4.6.1/../../../../arm-eabi/lib/thumb/libg.a(lib_a-locale.o)
                0x020117c4                _setlocale_r
                0x020119e0                __locale_charset
                0x020119e8                __locale_mb_cur_max
                0x020119f4                __locale_msgcharset
                0x02011a00                __locale_cjk_lang
                0x02011a0c                _localeconv_r
                0x02011a18                setlocale
                0x02011a34                localeconv
 .text          0x02011a40       0xe4 /Users/lwy08/Downloads/devkitpro/devkitARM/bin/../lib/gcc/arm-eabi/4.6.1/../../../../arm-eabi/lib/thumb/libg.a(lib_a-makebuf.o)
                0x02011a40                __smakebuf_r
 .text          0x02011b24       0x30 /Users/lwy08/Downloads/devkitpro/devkitARM/bin/../lib/gcc/arm-eabi/4.6.1/../../../../arm-eabi/lib/thumb/libg.a(lib_a-malloc.o)
                0x02011b24                malloc
                0x02011b3c                free
 .text          0x02011b54      0x514 /Users/lwy08/Downloads/devkitpro/devkitARM/bin/../lib/gcc/arm-eabi/4.6.1/../../../../arm-eabi/lib/thumb/libg.a(lib_a-mallocr.o)
                0x02011b54                _malloc_r
 .text          0x02012068       0xfc /Users/lwy08/Downloads/devkitpro/devkitARM/bin/../lib/gcc/arm-eabi/4.6.1/../../../../arm-eabi/lib/thumb/libg.a(lib_a-mbrtowc.o)
                0x02012068                _mbrtowc_r
                0x020120dc                mbrtowc
 .text          0x02012164       0x40 /Users/lwy08/Downloads/devkitpro/devkitARM/bin/../lib/gcc/arm-eabi/4.6.1/../../../../arm-eabi/lib/thumb/libg.a(lib_a-mbsrtowcs.o)
                0x02012164                _mbsrtowcs_r
                0x0201217c                mbsrtowcs
 .text          0x020121a4      0x5f8 /Users/lwy08/Downloads/devkitpro/devkitARM/bin/../lib/gcc/arm-eabi/4.6.1/../../../../arm-eabi/lib/thumb/libg.a(lib_a-mbtowc_r.o)
                0x020121a4                __utf8_mbtowc
                0x0201246c                _mbtowc_r
                0x020124a8                __ascii_mbtowc
                0x020124d4                __sjis_mbtowc
                0x02012590                __eucjp_mbtowc
                0x02012670                __jis_mbtowc
 .text          0x0201279c       0x64 /Users/lwy08/Downloads/devkitpro/devkitARM/bin/../lib/gcc/arm-eabi/4.6.1/../../../../arm-eabi/lib/thumb/libg.a(lib_a-memcmp.o)
                0x0201279c                memcmp
 .text          0x02012800       0x80 /Users/lwy08/Downloads/devkitpro/devkitARM/bin/../lib/gcc/arm-eabi/4.6.1/../../../../arm-eabi/lib/thumb/libg.a(lib_a-memcpy.o)
                0x02012800                memcpy
 .text          0x02012880       0xa8 /Users/lwy08/Downloads/devkitpro/devkitARM/bin/../lib/gcc/arm-eabi/4.6.1/../../../../arm-eabi/lib/thumb/libg.a(lib_a-memmove.o)
                0x02012880                memmove
 .text          0x02012928       0x98 /Users/lwy08/Downloads/devkitpro/devkitARM/bin/../lib/gcc/arm-eabi/4.6.1/../../../../arm-eabi/lib/thumb/libg.a(lib_a-memset.o)
                0x02012928                memset
 .text          0x020129c0      0x474 /Users/lwy08/Downloads/devkitpro/devkitARM/bin/../lib/gcc/arm-eabi/4.6.1/../../../../arm-eabi/lib/thumb/libg.a(lib_a-mktime.o)
                0x02012ba0                mktime
 .text          0x02012e34      0x488 /Users/lwy08/Downloads/devkitpro/devkitARM/bin/../lib/gcc/arm-eabi/4.6.1/../../../../arm-eabi/lib/thumb/libg.a(lib_a-mktm_r.o)
                0x02012e34                __tzcalc_limits
                0x02012fcc                _mktm_r
 .text          0x020132bc        0x8 /Users/lwy08/Downloads/devkitpro/devkitARM/bin/../lib/gcc/arm-eabi/4.6.1/../../../../arm-eabi/lib/thumb/libg.a(lib_a-mlock.o)
                0x020132bc                __malloc_lock
                0x020132c0                __malloc_unlock
 .text          0x020132c4       0x40 /Users/lwy08/Downloads/devkitpro/devkitARM/bin/../lib/gcc/arm-eabi/4.6.1/../../../../arm-eabi/lib/thumb/libg.a(lib_a-printf.o)
                0x020132c4                _printf_r
                0x020132e0                printf
 .text          0x02013304       0x84 /Users/lwy08/Downloads/devkitpro/devkitARM/bin/../lib/gcc/arm-eabi/4.6.1/../../../../arm-eabi/lib/thumb/libg.a(lib_a-puts.o)
                0x02013304                _puts_r
                0x02013370                puts
 .text          0x02013388      0x138 /Users/lwy08/Downloads/devkitpro/devkitARM/bin/../lib/gcc/arm-eabi/4.6.1/../../../../arm-eabi/lib/thumb/libg.a(lib_a-refill.o)
                0x020133a8                __srefill_r
 .text          0x020134c0      0x118 /Users/lwy08/Downloads/devkitpro/devkitARM/bin/../lib/gcc/arm-eabi/4.6.1/../../../../arm-eabi/lib/thumb/libg.a(lib_a-setvbuf.o)
                0x020134c0                setvbuf
 .text          0x020135d8       0xa0 /Users/lwy08/Downloads/devkitpro/devkitARM/bin/../lib/gcc/arm-eabi/4.6.1/../../../../arm-eabi/lib/thumb/libg.a(lib_a-siscanf.o)
                0x020135d8                siscanf
                0x02013628                _siscanf_r
 .text          0x02013678       0x84 /Users/lwy08/Downloads/devkitpro/devkitARM/bin/../lib/gcc/arm-eabi/4.6.1/../../../../arm-eabi/lib/thumb/libg.a(lib_a-sprintf.o)
                0x02013678                _sprintf_r
                0x020136b8                sprintf
 .text          0x020136fc       0xac /Users/lwy08/Downloads/devkitpro/devkitARM/bin/../lib/gcc/arm-eabi/4.6.1/../../../../arm-eabi/lib/thumb/libg.a(lib_a-stdio.o)
                0x020136fc                __sread
                0x02013728                __seofread
                0x0201372c                __swrite
                0x02013768                __sseek
                0x02013798                __sclose
 .text          0x020137a8       0x50 /Users/lwy08/Downloads/devkitpro/devkitARM/bin/../lib/gcc/arm-eabi/4.6.1/../../../../arm-eabi/lib/thumb/libg.a(lib_a-strcasecmp.o)
                0x020137a8                strcasecmp
 .text          0x020137f8       0x58 /Users/lwy08/Downloads/devkitpro/devkitARM/bin/../lib/gcc/arm-eabi/4.6.1/../../../../arm-eabi/lib/thumb/libg.a(lib_a-strcat.o)
                0x020137f8                strcat
 .text          0x02013850       0xe4 /Users/lwy08/Downloads/devkitpro/devkitARM/bin/../lib/gcc/arm-eabi/4.6.1/../../../../arm-eabi/lib/thumb/libg.a(lib_a-strchr.o)
                0x02013850                strchr
 .text          0x02013934       0x14 /Users/lwy08/Downloads/devkitpro/devkitARM/bin/../lib/gcc/arm-eabi/4.6.1/../../../../arm-eabi/lib/thumb/libg.a(lib_a-strcmp.o)
                0x02013934                strcmp
 .text          0x02013948       0x10 /Users/lwy08/Downloads/devkitpro/devkitARM/bin/../lib/gcc/arm-eabi/4.6.1/../../../../arm-eabi/lib/thumb/libg.a(lib_a-strcpy.o)
                0x02013948                strcpy
 .text          0x02013958       0x4c /Users/lwy08/Downloads/devkitpro/devkitARM/bin/../lib/gcc/arm-eabi/4.6.1/../../../../arm-eabi/lib/thumb/libg.a(lib_a-strlcpy.o)
                0x02013958                strlcpy
 .text          0x020139a4       0x10 /Users/lwy08/Downloads/devkitpro/devkitARM/bin/../lib/gcc/arm-eabi/4.6.1/../../../../arm-eabi/lib/thumb/libg.a(lib_a-strlen.o)
                0x020139a4                strlen
 .text          0x020139b4       0x60 /Users/lwy08/Downloads/devkitpro/devkitARM/bin/../lib/gcc/arm-eabi/4.6.1/../../../../arm-eabi/lib/thumb/libg.a(lib_a-strncasecmp.o)
                0x020139b4                strncasecmp
 .text          0x02013a14       0xc0 /Users/lwy08/Downloads/devkitpro/devkitARM/bin/../lib/gcc/arm-eabi/4.6.1/../../../../arm-eabi/lib/thumb/libg.a(lib_a-strncmp.o)
                0x02013a14                strncmp
 .text          0x02013ad4       0x78 /Users/lwy08/Downloads/devkitpro/devkitARM/bin/../lib/gcc/arm-eabi/4.6.1/../../../../arm-eabi/lib/thumb/libg.a(lib_a-strncpy.o)
                0x02013ad4                strncpy
 .text          0x02013b4c       0x30 /Users/lwy08/Downloads/devkitpro/devkitARM/bin/../lib/gcc/arm-eabi/4.6.1/../../../../arm-eabi/lib/thumb/libg.a(lib_a-strnlen.o)
                0x02013b4c                strnlen
 .text          0x02013b7c       0x50 /Users/lwy08/Downloads/devkitpro/devkitARM/bin/../lib/gcc/arm-eabi/4.6.1/../../../../arm-eabi/lib/thumb/libg.a(lib_a-strpbrk.o)
                0x02013b7c                strpbrk
 .text          0x02013bcc       0x2c /Users/lwy08/Downloads/devkitpro/devkitARM/bin/../lib/gcc/arm-eabi/4.6.1/../../../../arm-eabi/lib/thumb/libg.a(lib_a-strrchr.o)
                0x02013bcc                strrchr
 .text          0x02013bf8      0x184 /Users/lwy08/Downloads/devkitpro/devkitARM/bin/../lib/gcc/arm-eabi/4.6.1/../../../../arm-eabi/lib/thumb/libg.a(lib_a-strtol.o)
                0x02013bf8                _strtol_r
                0x02013d5c                strtol
 .text          0x02013d7c      0xab0 /Users/lwy08/Downloads/devkitpro/devkitARM/bin/../lib/gcc/arm-eabi/4.6.1/../../../../arm-eabi/lib/thumb/libg.a(lib_a-svfiscanf.o)
                0x02013d7c                _sungetc_r
                0x02013e04                __ssrefill_r
                0x02013e48                _sfread_r
                0x02013ed4                __ssvfiscanf_r
 *fill*         0x0201482c        0x4 ff
 .text          0x02014830     0x16f8 /Users/lwy08/Downloads/devkitpro/devkitARM/bin/../lib/gcc/arm-eabi/4.6.1/../../../../arm-eabi/lib/thumb/libg.a(lib_a-svfprintf.o)
                0x02014830                _svfprintf_r
 .text          0x02015f28       0x18 /Users/lwy08/Downloads/devkitpro/devkitARM/bin/../lib/gcc/arm-eabi/4.6.1/../../../../arm-eabi/lib/thumb/libg.a(lib_a-sysclose.o)
                0x02015f28                close
 .text          0x02015f40       0x20 /Users/lwy08/Downloads/devkitpro/devkitARM/bin/../lib/gcc/arm-eabi/4.6.1/../../../../arm-eabi/lib/thumb/libg.a(lib_a-syslseek.o)
                0x02015f40                lseek
 .text          0x02015f60       0x28 /Users/lwy08/Downloads/devkitpro/devkitARM/bin/../lib/gcc/arm-eabi/4.6.1/../../../../arm-eabi/lib/thumb/libg.a(lib_a-sysopen.o)
                0x02015f60                open
 .text          0x02015f88       0x20 /Users/lwy08/Downloads/devkitpro/devkitARM/bin/../lib/gcc/arm-eabi/4.6.1/../../../../arm-eabi/lib/thumb/libg.a(lib_a-sysread.o)
                0x02015f88                read
 .text          0x02015fa8       0x30 /Users/lwy08/Downloads/devkitpro/devkitARM/bin/../lib/gcc/arm-eabi/4.6.1/../../../../arm-eabi/lib/thumb/libg.a(lib_a-time.o)
                0x02015fa8                time
 .text          0x02015fd8      0x728 /Users/lwy08/Downloads/devkitpro/devkitARM/bin/../lib/gcc/arm-eabi/4.6.1/../../../../arm-eabi/lib/thumb/libg.a(lib_a-towlower.o)
                0x02015fd8                towlower
 .text          0x02016700      0x9ec /Users/lwy08/Downloads/devkitpro/devkitARM/bin/../lib/gcc/arm-eabi/4.6.1/../../../../arm-eabi/lib/thumb/libg.a(lib_a-towupper.o)
                0x02016700                towupper
 .text          0x020170ec        0x8 /Users/lwy08/Downloads/devkitpro/devkitARM/bin/../lib/gcc/arm-eabi/4.6.1/../../../../arm-eabi/lib/thumb/libg.a(lib_a-tzlock.o)
                0x020170ec                __tz_lock
                0x020170f0                __tz_unlock
 .text          0x020170f4        0x0 /Users/lwy08/Downloads/devkitpro/devkitARM/bin/../lib/gcc/arm-eabi/4.6.1/../../../../arm-eabi/lib/thumb/libg.a(lib_a-tzvars.o)
 .text          0x020170f4      0x180 /Users/lwy08/Downloads/devkitpro/devkitARM/bin/../lib/gcc/arm-eabi/4.6.1/../../../../arm-eabi/lib/thumb/libg.a(lib_a-ungetc.o)
                0x020170f4                __submore
                0x0201717c                _ungetc_r
                0x02017258                ungetc
 .text          0x02017274      0xea8 /Users/lwy08/Downloads/devkitpro/devkitARM/bin/../lib/gcc/arm-eabi/4.6.1/../../../../arm-eabi/lib/thumb/libg.a(lib_a-vfiprintf.o)
                0x02017274                __sprint_r
                0x020172f8                _vfiprintf_r
                0x020180f8                vfiprintf
 *fill*         0x0201811c        0x4 ff
 .text          0x02018120     0x18f0 /Users/lwy08/Downloads/devkitpro/devkitARM/bin/../lib/gcc/arm-eabi/4.6.1/../../../../arm-eabi/lib/thumb/libg.a(lib_a-vfprintf.o)
                0x02018120                _vfprintf_r
                0x020199e8                vfprintf
 .text          0x02019a10       0xdc /Users/lwy08/Downloads/devkitpro/devkitARM/bin/../lib/gcc/arm-eabi/4.6.1/../../../../arm-eabi/lib/thumb/libg.a(lib_a-wcrtomb.o)
                0x02019a10                _wcrtomb_r
                0x02019a74                wcrtomb
 .text          0x02019aec       0x40 /Users/lwy08/Downloads/devkitpro/devkitARM/bin/../lib/gcc/arm-eabi/4.6.1/../../../../arm-eabi/lib/thumb/libg.a(lib_a-wcsrtombs.o)
                0x02019aec                _wcsrtombs_r
                0x02019b04                wcsrtombs
 .text          0x02019b2c       0x54 /Users/lwy08/Downloads/devkitpro/devkitARM/bin/../lib/gcc/arm-eabi/4.6.1/../../../../arm-eabi/lib/thumb/libg.a(lib_a-wctob.o)
                0x02019b2c                wctob
 .text          0x02019b80      0x27c /Users/lwy08/Downloads/devkitpro/devkitARM/bin/../lib/gcc/arm-eabi/4.6.1/../../../../arm-eabi/lib/thumb/libg.a(lib_a-wctomb_r.o)
                0x02019b80                __utf8_wctomb
                0x02019c40                _wctomb_r
                0x02019c78                __ascii_wctomb
                0x02019c98                __sjis_wctomb
                0x02019d04                __eucjp_wctomb
                0x02019d80                __jis_wctomb
 .text          0x02019dfc       0xbc /Users/lwy08/Downloads/devkitpro/devkitARM/bin/../lib/gcc/arm-eabi/4.6.1/../../../../arm-eabi/lib/thumb/libg.a(lib_a-wsetup.o)
                0x02019dfc                __swsetup_r
 .text          0x02019eb8       0x40 /Users/lwy08/Downloads/devkitpro/devkitARM/bin/../lib/gcc/arm-eabi/4.6.1/../../../../arm-eabi/lib/thumb/libg.a(lib_a-div.o)
                0x02019eb8                div
 .text          0x02019ef8     0x1010 /Users/lwy08/Downloads/devkitpro/devkitARM/bin/../lib/gcc/arm-eabi/4.6.1/../../../../arm-eabi/lib/thumb/libg.a(lib_a-dtoa.o)
                0x0201a054                _dtoa_r
 .text          0x0201af08       0x70 /Users/lwy08/Downloads/devkitpro/devkitARM/bin/../lib/gcc/arm-eabi/4.6.1/../../../../arm-eabi/lib/thumb/libg.a(lib_a-flags.o)
                0x0201af08                __sflags
 .text          0x0201af78      0x108 /Users/lwy08/Downloads/devkitpro/devkitARM/bin/../lib/gcc/arm-eabi/4.6.1/../../../../arm-eabi/lib/thumb/libg.a(lib_a-fputwc.o)
                0x0201af78                _fputwc_r
                0x0201b054                fputwc
 .text          0x0201b080      0x31c /Users/lwy08/Downloads/devkitpro/devkitARM/bin/../lib/gcc/arm-eabi/4.6.1/../../../../arm-eabi/lib/thumb/libg.a(lib_a-fvwrite.o)
                0x0201b080                __sfvwrite_r
 .text          0x0201b39c       0xa8 /Users/lwy08/Downloads/devkitpro/devkitARM/bin/../lib/gcc/arm-eabi/4.6.1/../../../../arm-eabi/lib/thumb/libg.a(lib_a-getenv_r.o)
                0x0201b39c                _findenv_r
                0x0201b434                _getenv_r
 .text          0x0201b444        0x8 /Users/lwy08/Downloads/devkitpro/devkitARM/bin/../lib/gcc/arm-eabi/4.6.1/../../../../arm-eabi/lib/thumb/libg.a(lib_a-gettzinfo.o)
                0x0201b444                __gettzinfo
 .text          0x0201b44c       0x84 /Users/lwy08/Downloads/devkitpro/devkitARM/bin/../lib/gcc/arm-eabi/4.6.1/../../../../arm-eabi/lib/thumb/libg.a(lib_a-iswspace.o)
                0x0201b44c                iswspace
 .text          0x0201b4d0      0x1f4 /Users/lwy08/Downloads/devkitpro/devkitARM/bin/../lib/gcc/arm-eabi/4.6.1/../../../../arm-eabi/lib/thumb/libg.a(lib_a-jp2uc.o)
                0x0201b660                _jp2uc
 .text          0x0201b6c4       0xe4 /Users/lwy08/Downloads/devkitpro/devkitARM/bin/../lib/gcc/arm-eabi/4.6.1/../../../../arm-eabi/lib/thumb/libg.a(lib_a-mbsnrtowcs.o)
                0x0201b6c4                _mbsnrtowcs_r
                0x0201b77c                mbsnrtowcs
 .text          0x0201b7a8       0x94 /Users/lwy08/Downloads/devkitpro/devkitARM/bin/../lib/gcc/arm-eabi/4.6.1/../../../../arm-eabi/lib/thumb/libg.a(lib_a-memchr.o)
                0x0201b7a8                memchr
 *fill*         0x0201b83c        0x4 ff
 .text          0x0201b840      0x988 /Users/lwy08/Downloads/devkitpro/devkitARM/bin/../lib/gcc/arm-eabi/4.6.1/../../../../arm-eabi/lib/thumb/libg.a(lib_a-mprec.o)
                0x0201b840                _Balloc
                0x0201b894                _Bfree
                0x0201b8ac                __multadd
                0x0201b940                __s2b
                0x0201b9d4                __hi0bits
                0x0201ba0c                __lo0bits
                0x0201ba6c                __i2b
                0x0201ba84                __multiply
                0x0201bbf4                __pow5mult
                0x0201bca4                __lshift
                0x0201bd74                __mcmp
                0x0201bdb0                __mdiff
                0x0201be9c                __ulp
                0x0201bee4                __b2d
                0x0201bfa0                __d2b
                0x0201c070                __ratio
                0x0201c0dc                _mprec_log10
                0x0201c11c                __copybits
                0x0201c164                __any_on
 .text          0x0201c1c8      0x3c4 /Users/lwy08/Downloads/devkitpro/devkitARM/bin/../lib/gcc/arm-eabi/4.6.1/../../../../arm-eabi/lib/thumb/libg.a(lib_a-reallocr.o)
                0x0201c1c8                _realloc_r
 .text          0x0201c58c       0x90 /Users/lwy08/Downloads/devkitpro/devkitARM/bin/../lib/gcc/arm-eabi/4.6.1/../../../../arm-eabi/lib/thumb/libg.a(lib_a-s_fpclassify.o)
                0x0201c58c                __fpclassifyd
 .text          0x0201c61c       0x7c /Users/lwy08/Downloads/devkitpro/devkitARM/bin/../lib/gcc/arm-eabi/4.6.1/../../../../arm-eabi/lib/thumb/libg.a(lib_a-sccl.o)
                0x0201c61c                __sccl
 .text          0x0201c698      0x210 /Users/lwy08/Downloads/devkitpro/devkitARM/bin/../lib/gcc/arm-eabi/4.6.1/../../../../arm-eabi/lib/thumb/libg.a(lib_a-strtoll_r.o)
                0x0201c698                _strtoll_r
 .text          0x0201c8a8      0x198 /Users/lwy08/Downloads/devkitpro/devkitARM/bin/../lib/gcc/arm-eabi/4.6.1/../../../../arm-eabi/lib/thumb/libg.a(lib_a-strtoul.o)
                0x0201c8a8                _strtoul_r
                0x0201ca20                strtoul
 .text          0x0201ca40      0x220 /Users/lwy08/Downloads/devkitpro/devkitARM/bin/../lib/gcc/arm-eabi/4.6.1/../../../../arm-eabi/lib/thumb/libg.a(lib_a-strtoull_r.o)
                0x0201ca40                _strtoull_r
 .text          0x0201cc60      0xd9c /Users/lwy08/Downloads/devkitpro/devkitARM/bin/../lib/gcc/arm-eabi/4.6.1/../../../../arm-eabi/lib/thumb/libg.a(lib_a-svfiprintf.o)
                0x0201cc60                __ssprint_r
                0x0201cd90                _svfiprintf_r
 .text          0x0201d9fc       0xe4 /Users/lwy08/Downloads/devkitpro/devkitARM/bin/../lib/gcc/arm-eabi/4.6.1/../../../../arm-eabi/lib/thumb/libg.a(lib_a-wbuf.o)
                0x0201d9fc                __swbuf_r
                0x0201dac4                __swbuf
 .text          0x0201dae0      0x13c /Users/lwy08/Downloads/devkitpro/devkitARM/bin/../lib/gcc/arm-eabi/4.6.1/../../../../arm-eabi/lib/thumb/libg.a(lib_a-wcsnrtombs.o)
                0x0201dae0                _wcsnrtombs_r
                0x0201dbec                wcsnrtombs
 .text          0x0201dc1c       0x64 /Users/lwy08/Downloads/devkitpro/devkitARM/bin/../lib/gcc/arm-eabi/4.6.1/../../../../arm-eabi/lib/thumb/libg.a(lib_a-callocr.o)
                0x0201dc1c                _calloc_r
 .text          0x0201dc80        0x0 /Users/lwy08/Downloads/devkitpro/devkitARM/bin/../lib/gcc/arm-eabi/4.6.1/../../../../arm-eabi/lib/thumb/libg.a(lib_a-environ.o)
 .text          0x0201dc80        0x8 /Users/lwy08/Downloads/devkitpro/devkitARM/bin/../lib/gcc/arm-eabi/4.6.1/../../../../arm-eabi/lib/thumb/libg.a(lib_a-envlock.o)
                0x0201dc80                __env_lock
                0x0201dc84                __env_unlock
 .text          0x0201dc88      0x144 /Users/lwy08/Downloads/devkitpro/devkitARM/bin/../lib/gcc/arm-eabi/4.6.1/../../../../arm-eabi/lib/thumb/libsysbase.a(iosupport.o)
                0x0201dc88                setDefaultDevice
                0x0201dc9c                FindDevice
                0x0201dd0c                RemoveDevice
                0x0201dd30                AddDevice
                0x0201ddac                GetDeviceOpTab
 .text          0x0201ddcc       0x50 /Users/lwy08/Downloads/devkitpro/devkitARM/bin/../lib/gcc/arm-eabi/4.6.1/../../../../arm-eabi/lib/thumb/libsysbase.a(close.o)
                0x0201ddcc                _close_r
 .text          0x0201de1c       0x58 /Users/lwy08/Downloads/devkitpro/devkitARM/bin/../lib/gcc/arm-eabi/4.6.1/../../../../arm-eabi/lib/thumb/libsysbase.a(fstat.o)
                0x0201de1c                _fstat_r
 .text          0x0201de74        0x4 /Users/lwy08/Downloads/devkitpro/devkitARM/bin/../lib/gcc/arm-eabi/4.6.1/../../../../arm-eabi/lib/thumb/libsysbase.a(isatty.o)
                0x0201de74                _isatty_r
 .text          0x0201de78       0x54 /Users/lwy08/Downloads/devkitpro/devkitARM/bin/../lib/gcc/arm-eabi/4.6.1/../../../../arm-eabi/lib/thumb/libsysbase.a(lseek.o)
                0x0201de78                _lseek_r
 .text          0x0201decc       0xa0 /Users/lwy08/Downloads/devkitpro/devkitARM/bin/../lib/gcc/arm-eabi/4.6.1/../../../../arm-eabi/lib/thumb/libsysbase.a(open.o)
                0x0201decc                _open_r
 .text          0x0201df6c       0x54 /Users/lwy08/Downloads/devkitpro/devkitARM/bin/../lib/gcc/arm-eabi/4.6.1/../../../../arm-eabi/lib/thumb/libsysbase.a(read.o)
                0x0201df6c                _read_r
 .text          0x0201dfc0       0x54 /Users/lwy08/Downloads/devkitpro/devkitARM/bin/../lib/gcc/arm-eabi/4.6.1/../../../../arm-eabi/lib/thumb/libsysbase.a(sbrk.o)
                0x0201dfc0                _sbrk_r
 .text          0x0201e014       0x48 /Users/lwy08/Downloads/devkitpro/devkitARM/bin/../lib/gcc/arm-eabi/4.6.1/../../../../arm-eabi/lib/thumb/libsysbase.a(times.o)
                0x0201e014                _times
                0x0201e028                _times_r
                0x0201e030                _gettimeofday_r
 .text          0x0201e05c       0x54 /Users/lwy08/Downloads/devkitpro/devkitARM/bin/../lib/gcc/arm-eabi/4.6.1/../../../../arm-eabi/lib/thumb/libsysbase.a(write.o)
                0x0201e05c                _write_r
 .text          0x0201e0b0        0x0 /Users/lwy08/Downloads/devkitpro/devkitARM/bin/../lib/gcc/arm-eabi/4.6.1/../../../../arm-eabi/lib/thumb/libsysbase.a(malloc_vars.o)
 .text          0x0201e0b0      0x248 /Users/lwy08/Downloads/devkitpro/devkitARM/bin/../lib/gcc/arm-eabi/4.6.1/../../../../arm-eabi/lib/thumb/libsysbase.a(chdir.o)
                0x0201e0b0                _concatenate_path
                0x0201e1c8                chdir
                0x0201e2a8                getcwd
 .text          0x0201e2f8       0x48 /Users/lwy08/Downloads/devkitpro/devkitARM/bin/../lib/gcc/arm-eabi/4.6.1/../../../../arm-eabi/lib/thumb/libsysbase.a(build_argv.o)
                0x0201e2f8                build_argv
 .text          0x0201e340        0x0 /Users/lwy08/Downloads/devkitpro/devkitARM/bin/../lib/gcc/arm-eabi/4.6.1/../../../../arm-eabi/lib/thumb/libsysbase.a(syscall_support.o)
 .text          0x0201e340       0x80 /Users/lwy08/Downloads/devkitpro/devkitARM/bin/../lib/gcc/arm-eabi/4.6.1/../../../../arm-eabi/lib/thumb/libsysbase.a(handle_manager.o)
                0x0201e340                __release_handle
                0x0201e36c                __alloc_handle
                0x0201e3a4                __get_handle
 .text          0x0201e3c0      0x350 /Users/lwy08/Downloads/devkitpro/devkitARM/bin/../lib/gcc/arm-eabi/4.6.1/../../../../arm-eabi/lib/thumb/libsysbase.a(dirent.o)
                0x0201e404                opendir
                0x0201e4a8                closedir
                0x0201e508                readdir
                0x0201e5b8                readdir_r
                0x0201e648                rewinddir
                0x0201e684                seekdir
                0x0201e6f8                telldir
 .text          0x0201e710      0x41c /Users/lwy08/Downloads/devkitpro/devkitARM/bin/../lib/gcc/arm-eabi/4.6.1/thumb/libgcc.a(_arm_addsubdf3.o)
                0x0201e710                __aeabi_drsub
                0x0201e718                __subdf3
                0x0201e718                __aeabi_dsub
                0x0201e71c                __aeabi_dadd
                0x0201e71c                __adddf3
                0x0201ea2c                __aeabi_ui2d
                0x0201ea2c                __floatunsidf
                0x0201ea50                __floatsidf
                0x0201ea50                __aeabi_i2d
                0x0201ea78                __extendsfdf2
                0x0201ea78                __aeabi_f2d
                0x0201eab8                __aeabi_ul2d
                0x0201eab8                __floatundidf
                0x0201eacc                __aeabi_l2d
                0x0201eacc                __floatdidf
 .text          0x0201eb2c      0x49c /Users/lwy08/Downloads/devkitpro/devkitARM/bin/../lib/gcc/arm-eabi/4.6.1/thumb/libgcc.a(_arm_muldivdf3.o)
                0x0201eb2c                __aeabi_dmul
                0x0201eb2c                __muldf3
                0x0201edbc                __aeabi_ddiv
                0x0201edbc                __divdf3
 .text          0x0201efc8      0x144 /Users/lwy08/Downloads/devkitpro/devkitARM/bin/../lib/gcc/arm-eabi/4.6.1/thumb/libgcc.a(_arm_cmpdf2.o)
                0x0201efc8                __gtdf2
                0x0201efc8                __gedf2
                0x0201efd0                __ltdf2
                0x0201efd0                __ledf2
                0x0201efd8                __eqdf2
                0x0201efd8                __nedf2
                0x0201efd8                __cmpdf2
                0x0201f060                __aeabi_cdrcmple
                0x0201f07c                __aeabi_cdcmple
                0x0201f07c                __aeabi_cdcmpeq
                0x0201f094                __aeabi_dcmpeq
                0x0201f0ac                __aeabi_dcmplt
                0x0201f0c4                __aeabi_dcmple
                0x0201f0dc                __aeabi_dcmpge
                0x0201f0f4                __aeabi_dcmpgt
 .text          0x0201f10c       0x5c /Users/lwy08/Downloads/devkitpro/devkitARM/bin/../lib/gcc/arm-eabi/4.6.1/thumb/libgcc.a(_arm_fixdfsi.o)
                0x0201f10c                __fixdfsi
                0x0201f10c                __aeabi_d2iz
 .text          0x0201f168       0x3c /Users/lwy08/Downloads/devkitpro/devkitARM/bin/../lib/gcc/arm-eabi/4.6.1/thumb/libgcc.a(_aeabi_uldivmod.o)
                0x0201f168                __aeabi_uldivmod
 .text          0x0201f1a4       0x74 /Users/lwy08/Downloads/devkitpro/devkitARM/bin/../lib/gcc/arm-eabi/4.6.1/thumb/libgcc.a(bpabi.o)
                0x0201f1a4                __gnu_ldivmod_helper
                0x0201f1e0                __gnu_uldivmod_helper
 .text          0x0201f218      0xa84 /Users/lwy08/Downloads/devkitpro/devkitARM/bin/../lib/gcc/arm-eabi/4.6.1/thumb/libgcc.a(unwind-arm.o)
                0x0201f4f4                _Unwind_VRS_Get
                0x0201f540                _Unwind_VRS_Set
                0x0201f880                __aeabi_unwind_cpp_pr2
                0x0201f890                __aeabi_unwind_cpp_pr1
                0x0201f8a0                __aeabi_unwind_cpp_pr0
                0x0201f8b0                _Unwind_VRS_Pop
                0x0201fb28                _Unwind_GetCFA
                0x0201fb2c                __gnu_Unwind_RaiseException
                0x0201fb8c                __gnu_Unwind_ForcedUnwind
                0x0201fba4                __gnu_Unwind_Resume
                0x0201fbe4                __gnu_Unwind_Resume_or_Rethrow
                0x0201fc04                _Unwind_Complete
                0x0201fc08                _Unwind_DeleteException
                0x0201fc20                __gnu_Unwind_Backtrace
 .text          0x0201fc9c      0x1d8 /Users/lwy08/Downloads/devkitpro/devkitARM/bin/../lib/gcc/arm-eabi/4.6.1/thumb/libgcc.a(libunwind.o)
                0x0201fc9c                __restore_core_regs
                0x0201fc9c                restore_core_regs
                0x0201fcb8                __gnu_Unwind_Restore_VFP
                0x0201fcc0                __gnu_Unwind_Save_VFP
                0x0201fcc8                __gnu_Unwind_Restore_VFP_D
                0x0201fcd0                __gnu_Unwind_Save_VFP_D
                0x0201fcd8                __gnu_Unwind_Restore_VFP_D_16_to_31
                0x0201fce0                __gnu_Unwind_Save_VFP_D_16_to_31
                0x0201fce8                __gnu_Unwind_Restore_WMMXD
                0x0201fd2c                __gnu_Unwind_Save_WMMXD
                0x0201fd70                __gnu_Unwind_Restore_WMMXC
                0x0201fd84                __gnu_Unwind_Save_WMMXC
                0x0201fd98                _Unwind_RaiseException
                0x0201fd98                ___Unwind_RaiseException
                0x0201fdc4                ___Unwind_Resume
                0x0201fdc4                _Unwind_Resume
                0x0201fdf0                ___Unwind_Resume_or_Rethrow
                0x0201fdf0                _Unwind_Resume_or_Rethrow
                0x0201fe1c                _Unwind_ForcedUnwind
                0x0201fe1c                ___Unwind_ForcedUnwind
                0x0201fe48                _Unwind_Backtrace
                0x0201fe48                ___Unwind_Backtrace
 .text          0x0201fe74      0x3a0 /Users/lwy08/Downloads/devkitpro/devkitARM/bin/../lib/gcc/arm-eabi/4.6.1/thumb/libgcc.a(pr-support.o)
                0x0201fed0                __gnu_unwind_execute
                0x020201b0                __gnu_unwind_frame
                0x020201dc                _Unwind_GetRegionStart
                0x020201ec                _Unwind_GetLanguageSpecificData
                0x02020204                _Unwind_GetDataRelBase
                0x0202020c                _Unwind_GetTextRelBase
 .text          0x02020214      0x390 /Users/lwy08/Downloads/devkitpro/devkitARM/bin/../lib/gcc/arm-eabi/4.6.1/thumb/libgcc.a(_divdi3.o)
                0x02020214                __divdi3
 .text          0x020205a4      0x358 /Users/lwy08/Downloads/devkitpro/devkitARM/bin/../lib/gcc/arm-eabi/4.6.1/thumb/libgcc.a(_udivdi3.o)
                0x020205a4                __udivdi3
 .text          0x020208fc       0x48 /Users/lwy08/Downloads/devkitpro/devkitARM/bin/../lib/gcc/arm-eabi/4.6.1/thumb/libgcc.a(_clzsi2.o)
                0x020208fc                __clzsi2
 .text          0x02020944       0x10 /Users/lwy08/Downloads/devkitpro/devkitARM/bin/../lib/gcc/arm-eabi/4.6.1/../../../../arm-eabi/lib/thumb/libg.a(lib_a-abort.o)
                0x02020944                abort
 .text          0x02020954        0xc /Users/lwy08/Downloads/devkitpro/devkitARM/bin/../lib/gcc/arm-eabi/4.6.1/../../../../arm-eabi/lib/thumb/libg.a(lib_a-errno.o)
                0x02020954                __errno
 .text          0x02020960      0x194 /Users/lwy08/Downloads/devkitpro/devkitARM/bin/../lib/gcc/arm-eabi/4.6.1/../../../../arm-eabi/lib/thumb/libg.a(lib_a-signal.o)
                0x02020960                _init_signal_r
                0x020209a0                _signal_r
                0x020209e0                _raise_r
                0x02020a40                __sigtramp_r
                0x02020a90                raise
                0x02020aa8                signal
                0x02020ac4                _init_signal
                0x02020ad8                __sigtramp
 .text          0x02020af4        0xc /Users/lwy08/Downloads/devkitpro/devkitARM/bin/../lib/gcc/arm-eabi/4.6.1/../../../../arm-eabi/lib/thumb/libsysbase.a(getpid.o)
                0x02020af4                _getpid_r
 .text          0x02020b00        0xc /Users/lwy08/Downloads/devkitpro/devkitARM/bin/../lib/gcc/arm-eabi/4.6.1/../../../../arm-eabi/lib/thumb/libsysbase.a(kill.o)
                0x02020b00                _kill_r
 .text          0x02020b0c       0x18 /Users/lwy08/Downloads/devkitpro/devkitARM/bin/../lib/gcc/arm-eabi/4.6.1/../../../../arm-eabi/lib/thumb/libsysbase.a(_exit.o)
                0x02020b0c                _exit
 .text          0x02020b24        0x0 /Users/lwy08/Downloads/devkitpro/devkitARM/bin/../lib/gcc/arm-eabi/4.6.1/thumb/crtend.o
 .text          0x02020b24        0x0 /Users/lwy08/Downloads/devkitpro/devkitARM/bin/../lib/gcc/arm-eabi/4.6.1/thumb/crtn.o
 *(.text.*)
 .text.startup  0x02020b24       0xc8 directory.o
                0x02020b24                main
 *fill*         0x02020bec        0x4 ff
 .text.startup.stub
                0x02020bf0       0x10 linker stubs
 *(.stub)
 *(.gnu.warning)
 *(.gnu.linkonce.t*)
 *(.glue_7)
 .glue_7        0x00000000        0x0 linker stubs
 *(.glue_7t)
 .glue_7t       0x00000000        0x0 linker stubs
                0x02020c00                . = ALIGN (0x4)

.vfp11_veneer   0x02020c00        0x0
 .vfp11_veneer  0x00000000        0x0 linker stubs

.v4_bx          0x02020c00        0x0
 .v4_bx         0x00000000        0x0 linker stubs

.fini           0x02020c00        0xc
 *(.fini)
 .fini          0x02020c00        0x4 /Users/lwy08/Downloads/devkitpro/devkitARM/bin/../lib/gcc/arm-eabi/4.6.1/thumb/crti.o
                0x02020c00                _fini
 .fini          0x02020c04        0x8 /Users/lwy08/Downloads/devkitpro/devkitARM/bin/../lib/gcc/arm-eabi/4.6.1/thumb/crtn.o
                0x02020c0c                __text_end = .

.rodata         0x02020c10     0x75ec
 *(.rodata)
 .rodata        0x02020c10       0x64 /Users/lwy08/Downloads/devkitpro/libnds/lib/libfat.a(libfat.o)
 .rodata        0x02020c74        0xc /Users/lwy08/Downloads/devkitpro/libnds/lib/libfat.a(partition.o)
 .rodata        0x02020c80       0x54 /Users/lwy08/Downloads/devkitpro/libnds/lib/libfat.a(directory.o)
 .rodata        0x02020cd4       0x18 /Users/lwy08/Downloads/devkitpro/libnds/lib/libfat.a(disc.o)
                0x02020cd4                _FAT_disc_interfaces
 .rodata        0x02020cec      0x200 /Users/lwy08/Downloads/devkitpro/libnds/lib/libnds9.a(console.o)
 .rodata        0x02020eec        0xc /Users/lwy08/Downloads/devkitpro/libnds/lib/libnds9.a(dldi.o)
                0x02020eec                DLDI_MAGIC_STRING_BACKWARDS
                0x02020ef4                DLDI_MAGIC_NUMBER
 .rodata        0x02020ef8       0x20 /Users/lwy08/Downloads/devkitpro/libnds/lib/libnds9.a(dsi_sd.o)
                0x02020ef8                __io_dsisd
 .rodata        0x02020f18     0x2004 /Users/lwy08/Downloads/devkitpro/libnds/lib/libnds9.a(default_font.bin.o)
                0x02020f18                default_font_bin
                0x02022f18                default_font_bin_end
                0x02022f18                default_font_bin_size
 .rodata        0x02022f1c      0x308 /Users/lwy08/Downloads/devkitpro/libnds/lib/libnds9.a(trig.o)
                0x02022f1c                SIN_LUT
                0x02023020                TAN_LUT
 .rodata        0x02023224      0x104 /Users/lwy08/Downloads/devkitpro/devkitARM/bin/../lib/gcc/arm-eabi/4.6.1/../../../../arm-eabi/lib/thumb/libg.a(lib_a-ctype_.o)
                0x02023224                _ctype_
 .rodata        0x02023328        0x4 /Users/lwy08/Downloads/devkitpro/devkitARM/bin/../lib/gcc/arm-eabi/4.6.1/../../../../arm-eabi/lib/thumb/libg.a(lib_a-impure.o)
                0x02023328                _global_impure_ptr
 .rodata        0x0202332c       0xf0 /Users/lwy08/Downloads/devkitpro/devkitARM/bin/../lib/gcc/arm-eabi/4.6.1/../../../../arm-eabi/lib/thumb/libg.a(lib_a-locale.o)
 .rodata        0x0202341c       0xa8 /Users/lwy08/Downloads/devkitpro/devkitARM/bin/../lib/gcc/arm-eabi/4.6.1/../../../../arm-eabi/lib/thumb/libg.a(lib_a-mbtowc_r.o)
 .rodata        0x020234c4       0x60 /Users/lwy08/Downloads/devkitpro/devkitARM/bin/../lib/gcc/arm-eabi/4.6.1/../../../../arm-eabi/lib/thumb/libg.a(lib_a-mktime.o)
 .rodata        0x02023524       0x68 /Users/lwy08/Downloads/devkitpro/devkitARM/bin/../lib/gcc/arm-eabi/4.6.1/../../../../arm-eabi/lib/thumb/libg.a(lib_a-mktm_r.o)
 .rodata        0x0202358c      0x340 /Users/lwy08/Downloads/devkitpro/devkitARM/bin/../lib/gcc/arm-eabi/4.6.1/../../../../arm-eabi/lib/thumb/libg.a(lib_a-svfiscanf.o)
 .rodata        0x020238cc      0x184 /Users/lwy08/Downloads/devkitpro/devkitARM/bin/../lib/gcc/arm-eabi/4.6.1/../../../../arm-eabi/lib/thumb/libg.a(lib_a-svfprintf.o)
 .rodata        0x02023a50      0x580 /Users/lwy08/Downloads/devkitpro/devkitARM/bin/../lib/gcc/arm-eabi/4.6.1/../../../../arm-eabi/lib/thumb/libg.a(lib_a-towlower.o)
 .rodata        0x02023fd0      0x3e4 /Users/lwy08/Downloads/devkitpro/devkitARM/bin/../lib/gcc/arm-eabi/4.6.1/../../../../arm-eabi/lib/thumb/libg.a(lib_a-towupper.o)
 .rodata        0x020243b4      0x184 /Users/lwy08/Downloads/devkitpro/devkitARM/bin/../lib/gcc/arm-eabi/4.6.1/../../../../arm-eabi/lib/thumb/libg.a(lib_a-vfiprintf.o)
 .rodata        0x02024538      0x184 /Users/lwy08/Downloads/devkitpro/devkitARM/bin/../lib/gcc/arm-eabi/4.6.1/../../../../arm-eabi/lib/thumb/libg.a(lib_a-vfprintf.o)
 .rodata        0x020246bc     0x34f0 /Users/lwy08/Downloads/devkitpro/devkitARM/bin/../lib/gcc/arm-eabi/4.6.1/../../../../arm-eabi/lib/thumb/libg.a(lib_a-jp2uc.o)
 *fill*         0x02027bac        0x4 ff
 .rodata        0x02027bb0      0x128 /Users/lwy08/Downloads/devkitpro/devkitARM/bin/../lib/gcc/arm-eabi/4.6.1/../../../../arm-eabi/lib/thumb/libg.a(lib_a-mprec.o)
                0x02027bc0                __mprec_tens
                0x02027c88                __mprec_tinytens
                0x02027cb0                __mprec_bigtens
 .rodata        0x02027cd8      0x184 /Users/lwy08/Downloads/devkitpro/devkitARM/bin/../lib/gcc/arm-eabi/4.6.1/../../../../arm-eabi/lib/thumb/libg.a(lib_a-svfiprintf.o)
 .rodata        0x02027e5c       0x64 /Users/lwy08/Downloads/devkitpro/devkitARM/bin/../lib/gcc/arm-eabi/4.6.1/../../../../arm-eabi/lib/thumb/libsysbase.a(iosupport.o)
                0x02027e5c                dotab_stdnull
 .rodata        0x02027ec0        0xc /Users/lwy08/Downloads/devkitpro/devkitARM/bin/../lib/gcc/arm-eabi/4.6.1/../../../../arm-eabi/lib/thumb/libsysbase.a(chdir.o)
                0x02027ec0                DIRECTORY_PARENT
                0x02027ec4                DIRECTORY_THIS
                0x02027ec8                DIRECTORY_SEPARATOR
 .rodata        0x02027ecc       0x14 /Users/lwy08/Downloads/devkitpro/devkitARM/bin/../lib/gcc/arm-eabi/4.6.1/thumb/libgcc.a(unwind-arm.o)
 *all.rodata*(*)
 *(.roda)
 *(.rodata.*)
 .rodata.str1.4
                0x02027ee0      0x11a directory.o
                                0x120 (size before relaxing)
 *fill*         0x02027ffa        0x2 ff
 .rodata.str1.4
                0x02027ffc       0x16 /Users/lwy08/Downloads/devkitpro/libnds/lib/libfilesystem.a(nitrofs.o)
                                 0x20 (size before relaxing)
 *fill*         0x02028012        0x2 ff
 .rodata.str1.4
                0x02028014       0x10 /Users/lwy08/Downloads/devkitpro/libnds/lib/libfat.a(libfat.o)
                                 0x14 (size before relaxing)
 .rodata.str1.4
                0x00000000        0x8 /Users/lwy08/Downloads/devkitpro/libnds/lib/libfat.a(directory.o)
 .rodata.str1.4
                0x00000000        0x8 /Users/lwy08/Downloads/devkitpro/libnds/lib/libfat.a(disc.o)
 .rodata.str1.4
                0x02028024        0x5 /Users/lwy08/Downloads/devkitpro/libnds/lib/libfat.a(fatdir.o)
                                  0x8 (size before relaxing)
 *fill*         0x02028029        0x3 ff
 .rodata.str1.4
                0x0202802c       0x49 /Users/lwy08/Downloads/devkitpro/libnds/lib/libnds9.a(console.o)
                                 0x4c (size before relaxing)
 *fill*         0x02028075        0x3 ff
 .rodata.str1.4
                0x02028078        0x2 /Users/lwy08/Downloads/devkitpro/devkitARM/bin/../lib/gcc/arm-eabi/4.6.1/../../../../arm-eabi/lib/thumb/libg.a(lib_a-impure.o)
                                  0x4 (size before relaxing)
 *fill*         0x0202807a        0x2 ff
 .rodata.str1.4
                0x0202807c      0x120 /Users/lwy08/Downloads/devkitpro/devkitARM/bin/../lib/gcc/arm-eabi/4.6.1/../../../../arm-eabi/lib/thumb/libg.a(lib_a-locale.o)
                                0x130 (size before relaxing)
 .rodata.str1.4
                0x00000000        0x4 /Users/lwy08/Downloads/devkitpro/devkitARM/bin/../lib/gcc/arm-eabi/4.6.1/../../../../arm-eabi/lib/thumb/libg.a(lib_a-mbrtowc.o)
 .rodata.str1.4
                0x00000000      0x120 /Users/lwy08/Downloads/devkitpro/devkitARM/bin/../lib/gcc/arm-eabi/4.6.1/../../../../arm-eabi/lib/thumb/libg.a(lib_a-puts.o)
                                  0x4 (size before relaxing)
 .rodata.str1.4
                0x0202819c       0x42 /Users/lwy08/Downloads/devkitpro/devkitARM/bin/../lib/gcc/arm-eabi/4.6.1/../../../../arm-eabi/lib/thumb/libg.a(lib_a-svfprintf.o)
                                 0x44 (size before relaxing)
 *fill*         0x020281de        0x2 ff
 .rodata.str1.4
                0x020281e0        0x4 /Users/lwy08/Downloads/devkitpro/devkitARM/bin/../lib/gcc/arm-eabi/4.6.1/../../../../arm-eabi/lib/thumb/libg.a(lib_a-tzvars.o)
 .rodata.str1.4
                0x00000000       0x30 /Users/lwy08/Downloads/devkitpro/devkitARM/bin/../lib/gcc/arm-eabi/4.6.1/../../../../arm-eabi/lib/thumb/libg.a(lib_a-vfiprintf.o)
 .rodata.str1.4
                0x00000000       0x44 /Users/lwy08/Downloads/devkitpro/devkitARM/bin/../lib/gcc/arm-eabi/4.6.1/../../../../arm-eabi/lib/thumb/libg.a(lib_a-vfprintf.o)
 .rodata.str1.4
                0x020281e4       0x10 /Users/lwy08/Downloads/devkitpro/devkitARM/bin/../lib/gcc/arm-eabi/4.6.1/../../../../arm-eabi/lib/thumb/libg.a(lib_a-dtoa.o)
                                 0x14 (size before relaxing)
 .rodata.str1.4
                0x00000000       0x14 /Users/lwy08/Downloads/devkitpro/devkitARM/bin/../lib/gcc/arm-eabi/4.6.1/../../../../arm-eabi/lib/thumb/libg.a(lib_a-jp2uc.o)
 .rodata.str1.4
                0x00000000       0x30 /Users/lwy08/Downloads/devkitpro/devkitARM/bin/../lib/gcc/arm-eabi/4.6.1/../../../../arm-eabi/lib/thumb/libg.a(lib_a-svfiprintf.o)
 .rodata.str1.4
                0x020281f4        0x8 /Users/lwy08/Downloads/devkitpro/devkitARM/bin/../lib/gcc/arm-eabi/4.6.1/../../../../arm-eabi/lib/thumb/libsysbase.a(iosupport.o)
 *(.gnu.linkonce.r*)
                0x020281fc                . = ALIGN (0x4)

.ARM.extab      0x020281fc       0xb4
 *(.ARM.extab* .gnu.linkonce.armextab.*)
 .ARM.extab     0x020281fc        0x0 /Users/lwy08/Downloads/devkitpro/devkitARM/bin/../lib/gcc/arm-eabi/4.6.1/thumb/libgcc.a(bpabi.o)
 .ARM.extab     0x020281fc       0x6c /Users/lwy08/Downloads/devkitpro/devkitARM/bin/../lib/gcc/arm-eabi/4.6.1/thumb/libgcc.a(unwind-arm.o)
 .ARM.extab     0x02028268       0x30 /Users/lwy08/Downloads/devkitpro/devkitARM/bin/../lib/gcc/arm-eabi/4.6.1/thumb/libgcc.a(pr-support.o)
 .ARM.extab     0x02028298        0xc /Users/lwy08/Downloads/devkitpro/devkitARM/bin/../lib/gcc/arm-eabi/4.6.1/thumb/libgcc.a(_divdi3.o)
 .ARM.extab     0x020282a4        0xc /Users/lwy08/Downloads/devkitpro/devkitARM/bin/../lib/gcc/arm-eabi/4.6.1/thumb/libgcc.a(_udivdi3.o)
                0x020282b0                __exidx_start = .

ARM.exidx       0x020282b0       0xf8
 *(.ARM.exidx* .gnu.linkonce.armexidx.*)
 .ARM.exidx     0x020282b0        0x8 /Users/lwy08/Downloads/devkitpro/devkitARM/bin/../lib/gcc/arm-eabi/4.6.1/thumb/libgcc.a(bpabi.o)
                                 0x10 (size before relaxing)
 .ARM.exidx     0x020282b8       0xa0 /Users/lwy08/Downloads/devkitpro/devkitARM/bin/../lib/gcc/arm-eabi/4.6.1/thumb/libgcc.a(unwind-arm.o)
                                 0xc0 (size before relaxing)
 .ARM.exidx     0x02028358       0x38 /Users/lwy08/Downloads/devkitpro/devkitARM/bin/../lib/gcc/arm-eabi/4.6.1/thumb/libgcc.a(pr-support.o)
                                 0x48 (size before relaxing)
 .ARM.exidx     0x02028390        0x8 /Users/lwy08/Downloads/devkitpro/devkitARM/bin/../lib/gcc/arm-eabi/4.6.1/thumb/libgcc.a(_divdi3.o)
 .ARM.exidx     0x02028398       0x10 /Users/lwy08/Downloads/devkitpro/devkitARM/bin/../lib/gcc/arm-eabi/4.6.1/thumb/libgcc.a(_udivdi3.o)
                                  0x8 (size before relaxing)
                0x020283a8                __exidx_end = .
                0x020283a8                . = ALIGN (0x4)
                0x020283a8                PROVIDE (__preinit_array_start, .)

.preinit_array
 *(.preinit_array)
                0x020283a8                PROVIDE (__preinit_array_end, .)
                0x020283a8                PROVIDE (__init_array_start, .)

.init_array     0x020283a8        0x4
 *(SORT(.init_array.*))
 *(.init_array)
 .init_array    0x020283a8        0x4 /Users/lwy08/Downloads/devkitpro/devkitARM/bin/../lib/gcc/arm-eabi/4.6.1/thumb/crtbegin.o
                0x020283ac                PROVIDE (__init_array_end, .)
                0x020283ac                PROVIDE (__fini_array_start, .)

.fini_array     0x020283ac        0x4
 *(.fini_array)
 .fini_array    0x020283ac        0x4 /Users/lwy08/Downloads/devkitpro/devkitARM/bin/../lib/gcc/arm-eabi/4.6.1/thumb/crtbegin.o
 *(SORT(.fini_array.*))
                0x020283b0                PROVIDE (__fini_array_end, .)

.ctors          0x020283b0        0x0
 *crtbegin.o(.ctors)
 *(EXCLUDE_FILE(*crtend.o) .ctors)
 *(SORT(.ctors.*))
 *(.ctors)
                0x020283b0                . = ALIGN (0x4)

.dtors          0x020283b0        0x0
 *crtbegin.o(.dtors)
 *(EXCLUDE_FILE(*crtend.o) .dtors)
 *(SORT(.dtors.*))
 *(.dtors)
                0x020283b0                . = ALIGN (0x4)

.eh_frame       0x020283b0        0x4
 *(.eh_frame)
 .eh_frame      0x020283b0        0x0 /Users/lwy08/Downloads/devkitpro/devkitARM/bin/../lib/gcc/arm-eabi/4.6.1/thumb/crtbegin.o
 .eh_frame      0x020283b0        0x4 /Users/lwy08/Downloads/devkitpro/devkitARM/bin/../lib/gcc/arm-eabi/4.6.1/thumb/crtend.o
                0x020283b4                . = ALIGN (0x4)

.gcc_except_table
                0x020283b4        0x0
 *(.gcc_except_table)
                0x020283b4                . = ALIGN (0x4)

.jcr            0x020283b4        0x4
 *(.jcr)
 .jcr           0x020283b4        0x0 /Users/lwy08/Downloads/devkitpro/devkitARM/bin/../lib/gcc/arm-eabi/4.6.1/thumb/crtbegin.o
 .jcr           0x020283b4        0x4 /Users/lwy08/Downloads/devkitpro/devkitARM/bin/../lib/gcc/arm-eabi/4.6.1/thumb/crtend.o

.got
 *(.got.plt)
 *(.got)
 *(.rel.got)

.ewram          0x020283b8        0x0
                0x020283b8                __ewram_start = ABSOLUTE (.)
 *(.ewram)
 *ewram.*(.text)
                0x020283b8                . = ALIGN (0x4)

.data           0x020283b8      0xfac
                0x020283b8                __data_start = ABSOLUTE (.)
 *(.data)
 .data          0x020283b8        0x0 /Users/lwy08/Downloads/devkitpro/devkitARM/bin/../lib/gcc/arm-eabi/4.6.1/../../../../arm-eabi/lib/thumb/ds_arm9_crt0.o
 .data          0x020283b8        0x0 /Users/lwy08/Downloads/devkitpro/devkitARM/bin/../lib/gcc/arm-eabi/4.6.1/thumb/crti.o
 .data          0x020283b8        0x4 /Users/lwy08/Downloads/devkitpro/devkitARM/bin/../lib/gcc/arm-eabi/4.6.1/thumb/crtbegin.o
                0x020283b8                __dso_handle
 .data          0x020283bc        0x0 directory.o
 .data          0x020283bc       0x70 /Users/lwy08/Downloads/devkitpro/libnds/lib/libfilesystem.a(nitrofs.o)
                0x020283c0                syspaths
                0x020283c8                nitroFSdevoptab
 .data          0x0202842c        0x0 /Users/lwy08/Downloads/devkitpro/libnds/lib/libfat.a(libfat.o)
 .data          0x0202842c        0x0 /Users/lwy08/Downloads/devkitpro/libnds/lib/libfat.a(partition.o)
 .data          0x0202842c        0x0 /Users/lwy08/Downloads/devkitpro/libnds/lib/libfat.a(cache.o)
 .data          0x0202842c        0x0 /Users/lwy08/Downloads/devkitpro/libnds/lib/libfat.a(directory.o)
 .data          0x0202842c        0x0 /Users/lwy08/Downloads/devkitpro/libnds/lib/libfat.a(disc.o)
 .data          0x0202842c        0x0 /Users/lwy08/Downloads/devkitpro/libnds/lib/libfat.a(fatdir.o)
 .data          0x0202842c        0x0 /Users/lwy08/Downloads/devkitpro/libnds/lib/libfat.a(fatfile.o)
 .data          0x0202842c        0x0 /Users/lwy08/Downloads/devkitpro/libnds/lib/libfat.a(file_allocation_table.o)
 .data          0x0202842c        0x0 /Users/lwy08/Downloads/devkitpro/libnds/lib/libfat.a(filetime.o)
 .data          0x0202842c        0x0 /Users/lwy08/Downloads/devkitpro/libnds/lib/libfat.a(lock.o)
 .data          0x0202842c       0x64 /Users/lwy08/Downloads/devkitpro/libnds/lib/libnds9.a(console.o)
                0x0202842c                currentConsole
                0x02028430                defaultConsole
 .data          0x02028490        0x3 /Users/lwy08/Downloads/devkitpro/libnds/lib/libnds9.a(keys.o)
 *fill*         0x02028493        0x1 ff
 .data          0x02028494        0x4 /Users/lwy08/Downloads/devkitpro/libnds/lib/libnds9.a(dldi.o)
                0x02028494                io_dldi_data
 .data          0x02028498        0x0 /Users/lwy08/Downloads/devkitpro/libnds/lib/libnds9.a(dsi_sd.o)
 .data          0x02028498        0x0 /Users/lwy08/Downloads/devkitpro/libnds/lib/libnds9.a(initSystem.o)
 .data          0x02028498        0x0 /Users/lwy08/Downloads/devkitpro/libnds/lib/libnds9.a(card.o)
 .data          0x02028498       0x10 /Users/lwy08/Downloads/devkitpro/libnds/lib/libnds9.a(fifosystem.o)
                0x02028498                fifo_freewords
                0x0202849c                fifo_buffer_free
                0x020284a0                fifo_send_queue
                0x020284a4                fifo_receive_queue
 .data          0x020284a8        0x0 /Users/lwy08/Downloads/devkitpro/libnds/lib/libnds9.a(interrupts.o)
 .data          0x020284a8        0x0 /Users/lwy08/Downloads/devkitpro/libnds/lib/libnds9.a(libnds_exit.o)
 .data          0x020284a8        0x0 /Users/lwy08/Downloads/devkitpro/libnds/lib/libnds9.a(dcache.o)
 .data          0x020284a8        0x0 /Users/lwy08/Downloads/devkitpro/libnds/lib/libnds9.a(dldi_stub.o)
 .data          0x020284a8        0x0 /Users/lwy08/Downloads/devkitpro/libnds/lib/libnds9.a(mpu_setup.o)
 .data          0x020284a8        0x0 /Users/lwy08/Downloads/devkitpro/libnds/lib/libnds9.a(biosCalls.o)
 .data          0x020284a8        0x0 /Users/lwy08/Downloads/devkitpro/libnds/lib/libnds9.a(debugprint.o)
 .data          0x020284a8        0x0 /Users/lwy08/Downloads/devkitpro/libnds/lib/libnds9.a(interruptDispatcher.o)
 .data          0x020284a8        0x0 /Users/lwy08/Downloads/devkitpro/libnds/lib/libnds9.a(swiSoftReset.o)
 .data          0x020284a8        0x0 /Users/lwy08/Downloads/devkitpro/libnds/lib/libnds9.a(default_font.bin.o)
 .data          0x020284a8       0x60 /Users/lwy08/Downloads/devkitpro/libnds/lib/libnds9.a(background.o)
                0x020284a8                bgScrollTable
                0x020284c8                bgTransform
                0x020284e8                bgControl
 .data          0x02028508        0x0 /Users/lwy08/Downloads/devkitpro/libnds/lib/libnds9.a(system.o)
 .data          0x02028508        0x0 /Users/lwy08/Downloads/devkitpro/libnds/lib/libnds9.a(trig.o)
 .data          0x02028508        0x0 /Users/lwy08/Downloads/devkitpro/libnds/lib/libnds9.a(video.o)
 .data          0x02028508        0x0 /Users/lwy08/Downloads/devkitpro/devkitARM/bin/../lib/gcc/arm-eabi/4.6.1/thumb/libgcc.a(_udivsi3.o)
 .data          0x02028508        0x0 /Users/lwy08/Downloads/devkitpro/devkitARM/bin/../lib/gcc/arm-eabi/4.6.1/thumb/libgcc.a(_divsi3.o)
 .data          0x02028508        0x0 /Users/lwy08/Downloads/devkitpro/devkitARM/bin/../lib/gcc/arm-eabi/4.6.1/thumb/libgcc.a(_dvmd_tls.o)
 .data          0x02028508        0x0 /Users/lwy08/Downloads/devkitpro/devkitARM/bin/../lib/gcc/arm-eabi/4.6.1/thumb/libgcc.a(_muldi3.o)
 .data          0x02028508        0x0 /Users/lwy08/Downloads/devkitpro/devkitARM/bin/../lib/gcc/arm-eabi/4.6.1/../../../../arm-eabi/lib/thumb/libg.a(lib_a-bsearch.o)
 .data          0x02028508        0x4 /Users/lwy08/Downloads/devkitpro/devkitARM/bin/../lib/gcc/arm-eabi/4.6.1/../../../../arm-eabi/lib/thumb/libg.a(lib_a-ctype_.o)
                0x02028508                __ctype_ptr__
 .data          0x0202850c        0x0 /Users/lwy08/Downloads/devkitpro/devkitARM/bin/../lib/gcc/arm-eabi/4.6.1/../../../../arm-eabi/lib/thumb/libg.a(lib_a-fclose.o)
 .data          0x0202850c        0x0 /Users/lwy08/Downloads/devkitpro/devkitARM/bin/../lib/gcc/arm-eabi/4.6.1/../../../../arm-eabi/lib/thumb/libg.a(lib_a-fflush.o)
 .data          0x0202850c        0x0 /Users/lwy08/Downloads/devkitpro/devkitARM/bin/../lib/gcc/arm-eabi/4.6.1/../../../../arm-eabi/lib/thumb/libg.a(lib_a-findfp.o)
 .data          0x0202850c        0x0 /Users/lwy08/Downloads/devkitpro/devkitARM/bin/../lib/gcc/arm-eabi/4.6.1/../../../../arm-eabi/lib/thumb/libg.a(lib_a-fopen.o)
 .data          0x0202850c        0x0 /Users/lwy08/Downloads/devkitpro/devkitARM/bin/../lib/gcc/arm-eabi/4.6.1/../../../../arm-eabi/lib/thumb/libg.a(lib_a-fread.o)
 .data          0x0202850c        0x0 /Users/lwy08/Downloads/devkitpro/devkitARM/bin/../lib/gcc/arm-eabi/4.6.1/../../../../arm-eabi/lib/thumb/libg.a(lib_a-freer.o)
 .data          0x0202850c        0x0 /Users/lwy08/Downloads/devkitpro/devkitARM/bin/../lib/gcc/arm-eabi/4.6.1/../../../../arm-eabi/lib/thumb/libg.a(lib_a-fseek.o)
 .data          0x0202850c        0x0 /Users/lwy08/Downloads/devkitpro/devkitARM/bin/../lib/gcc/arm-eabi/4.6.1/../../../../arm-eabi/lib/thumb/libg.a(lib_a-ftell.o)
 .data          0x0202850c        0x0 /Users/lwy08/Downloads/devkitpro/devkitARM/bin/../lib/gcc/arm-eabi/4.6.1/../../../../arm-eabi/lib/thumb/libg.a(lib_a-fwalk.o)
 *fill*         0x0202850c        0x4 ff
 .data          0x02028510      0x430 /Users/lwy08/Downloads/devkitpro/devkitARM/bin/../lib/gcc/arm-eabi/4.6.1/../../../../arm-eabi/lib/thumb/libg.a(lib_a-impure.o)
                0x02028510                _impure_ptr
 .data          0x02028940        0x0 /Users/lwy08/Downloads/devkitpro/devkitARM/bin/../lib/gcc/arm-eabi/4.6.1/../../../../arm-eabi/lib/thumb/libg.a(lib_a-init.o)
 .data          0x02028940        0x0 /Users/lwy08/Downloads/devkitpro/devkitARM/bin/../lib/gcc/arm-eabi/4.6.1/../../../../arm-eabi/lib/thumb/libg.a(lib_a-iprintf.o)
 .data          0x02028940        0x0 /Users/lwy08/Downloads/devkitpro/devkitARM/bin/../lib/gcc/arm-eabi/4.6.1/../../../../arm-eabi/lib/thumb/libg.a(lib_a-lcltime_r.o)
 .data          0x02028940      0x17c /Users/lwy08/Downloads/devkitpro/devkitARM/bin/../lib/gcc/arm-eabi/4.6.1/../../../../arm-eabi/lib/thumb/libg.a(lib_a-locale.o)
                0x02028940                __default_locale
                0x02028a60                __mb_cur_max
 .data          0x02028abc        0x0 /Users/lwy08/Downloads/devkitpro/devkitARM/bin/../lib/gcc/arm-eabi/4.6.1/../../../../arm-eabi/lib/thumb/libg.a(lib_a-makebuf.o)
 .data          0x02028abc        0x0 /Users/lwy08/Downloads/devkitpro/devkitARM/bin/../lib/gcc/arm-eabi/4.6.1/../../../../arm-eabi/lib/thumb/libg.a(lib_a-malloc.o)
 .data          0x02028abc      0x410 /Users/lwy08/Downloads/devkitpro/devkitARM/bin/../lib/gcc/arm-eabi/4.6.1/../../../../arm-eabi/lib/thumb/libg.a(lib_a-mallocr.o)
                0x02028abc                __malloc_av_
                0x02028ec4                __malloc_sbrk_base
                0x02028ec8                __malloc_trim_threshold
 .data          0x02028ecc        0x0 /Users/lwy08/Downloads/devkitpro/devkitARM/bin/../lib/gcc/arm-eabi/4.6.1/../../../../arm-eabi/lib/thumb/libg.a(lib_a-mbrtowc.o)
 .data          0x02028ecc        0x0 /Users/lwy08/Downloads/devkitpro/devkitARM/bin/../lib/gcc/arm-eabi/4.6.1/../../../../arm-eabi/lib/thumb/libg.a(lib_a-mbsrtowcs.o)
 .data          0x02028ecc        0x4 /Users/lwy08/Downloads/devkitpro/devkitARM/bin/../lib/gcc/arm-eabi/4.6.1/../../../../arm-eabi/lib/thumb/libg.a(lib_a-mbtowc_r.o)
                0x02028ecc                __mbtowc
 .data          0x02028ed0        0x0 /Users/lwy08/Downloads/devkitpro/devkitARM/bin/../lib/gcc/arm-eabi/4.6.1/../../../../arm-eabi/lib/thumb/libg.a(lib_a-memcmp.o)
 .data          0x02028ed0        0x0 /Users/lwy08/Downloads/devkitpro/devkitARM/bin/../lib/gcc/arm-eabi/4.6.1/../../../../arm-eabi/lib/thumb/libg.a(lib_a-memcpy.o)
 .data          0x02028ed0        0x0 /Users/lwy08/Downloads/devkitpro/devkitARM/bin/../lib/gcc/arm-eabi/4.6.1/../../../../arm-eabi/lib/thumb/libg.a(lib_a-memmove.o)
 .data          0x02028ed0        0x0 /Users/lwy08/Downloads/devkitpro/devkitARM/bin/../lib/gcc/arm-eabi/4.6.1/../../../../arm-eabi/lib/thumb/libg.a(lib_a-memset.o)
 .data          0x02028ed0        0x0 /Users/lwy08/Downloads/devkitpro/devkitARM/bin/../lib/gcc/arm-eabi/4.6.1/../../../../arm-eabi/lib/thumb/libg.a(lib_a-mktime.o)
 .data          0x02028ed0        0x0 /Users/lwy08/Downloads/devkitpro/devkitARM/bin/../lib/gcc/arm-eabi/4.6.1/../../../../arm-eabi/lib/thumb/libg.a(lib_a-mktm_r.o)
 .data          0x02028ed0        0x0 /Users/lwy08/Downloads/devkitpro/devkitARM/bin/../lib/gcc/arm-eabi/4.6.1/../../../../arm-eabi/lib/thumb/libg.a(lib_a-mlock.o)
 .data          0x02028ed0        0x0 /Users/lwy08/Downloads/devkitpro/devkitARM/bin/../lib/gcc/arm-eabi/4.6.1/../../../../arm-eabi/lib/thumb/libg.a(lib_a-printf.o)
 .data          0x02028ed0        0x0 /Users/lwy08/Downloads/devkitpro/devkitARM/bin/../lib/gcc/arm-eabi/4.6.1/../../../../arm-eabi/lib/thumb/libg.a(lib_a-puts.o)
 .data          0x02028ed0        0x0 /Users/lwy08/Downloads/devkitpro/devkitARM/bin/../lib/gcc/arm-eabi/4.6.1/../../../../arm-eabi/lib/thumb/libg.a(lib_a-refill.o)
 .data          0x02028ed0        0x0 /Users/lwy08/Downloads/devkitpro/devkitARM/bin/../lib/gcc/arm-eabi/4.6.1/../../../../arm-eabi/lib/thumb/libg.a(lib_a-setvbuf.o)
 .data          0x02028ed0        0x0 /Users/lwy08/Downloads/devkitpro/devkitARM/bin/../lib/gcc/arm-eabi/4.6.1/../../../../arm-eabi/lib/thumb/libg.a(lib_a-siscanf.o)
 .data          0x02028ed0        0x0 /Users/lwy08/Downloads/devkitpro/devkitARM/bin/../lib/gcc/arm-eabi/4.6.1/../../../../arm-eabi/lib/thumb/libg.a(lib_a-sprintf.o)
 .data          0x02028ed0        0x0 /Users/lwy08/Downloads/devkitpro/devkitARM/bin/../lib/gcc/arm-eabi/4.6.1/../../../../arm-eabi/lib/thumb/libg.a(lib_a-stdio.o)
 .data          0x02028ed0        0x0 /Users/lwy08/Downloads/devkitpro/devkitARM/bin/../lib/gcc/arm-eabi/4.6.1/../../../../arm-eabi/lib/thumb/libg.a(lib_a-strcasecmp.o)
 .data          0x02028ed0        0x0 /Users/lwy08/Downloads/devkitpro/devkitARM/bin/../lib/gcc/arm-eabi/4.6.1/../../../../arm-eabi/lib/thumb/libg.a(lib_a-strcat.o)
 .data          0x02028ed0        0x0 /Users/lwy08/Downloads/devkitpro/devkitARM/bin/../lib/gcc/arm-eabi/4.6.1/../../../../arm-eabi/lib/thumb/libg.a(lib_a-strchr.o)
 .data          0x02028ed0        0x0 /Users/lwy08/Downloads/devkitpro/devkitARM/bin/../lib/gcc/arm-eabi/4.6.1/../../../../arm-eabi/lib/thumb/libg.a(lib_a-strcmp.o)
 .data          0x02028ed0        0x0 /Users/lwy08/Downloads/devkitpro/devkitARM/bin/../lib/gcc/arm-eabi/4.6.1/../../../../arm-eabi/lib/thumb/libg.a(lib_a-strcpy.o)
 .data          0x02028ed0        0x0 /Users/lwy08/Downloads/devkitpro/devkitARM/bin/../lib/gcc/arm-eabi/4.6.1/../../../../arm-eabi/lib/thumb/libg.a(lib_a-strlcpy.o)
 .data          0x02028ed0        0x0 /Users/lwy08/Downloads/devkitpro/devkitARM/bin/../lib/gcc/arm-eabi/4.6.1/../../../../arm-eabi/lib/thumb/libg.a(lib_a-strlen.o)
 .data          0x02028ed0        0x0 /Users/lwy08/Downloads/devkitpro/devkitARM/bin/../lib/gcc/arm-eabi/4.6.1/../../../../arm-eabi/lib/thumb/libg.a(lib_a-strncasecmp.o)
 .data          0x02028ed0        0x0 /Users/lwy08/Downloads/devkitpro/devkitARM/bin/../lib/gcc/arm-eabi/4.6.1/../../../../arm-eabi/lib/thumb/libg.a(lib_a-strncmp.o)
 .data          0x02028ed0        0x0 /Users/lwy08/Downloads/devkitpro/devkitARM/bin/../lib/gcc/arm-eabi/4.6.1/../../../../arm-eabi/lib/thumb/libg.a(lib_a-strncpy.o)
 .data          0x02028ed0        0x0 /Users/lwy08/Downloads/devkitpro/devkitARM/bin/../lib/gcc/arm-eabi/4.6.1/../../../../arm-eabi/lib/thumb/libg.a(lib_a-strnlen.o)
 .data          0x02028ed0        0x0 /Users/lwy08/Downloads/devkitpro/devkitARM/bin/../lib/gcc/arm-eabi/4.6.1/../../../../arm-eabi/lib/thumb/libg.a(lib_a-strpbrk.o)
 .data          0x02028ed0        0x0 /Users/lwy08/Downloads/devkitpro/devkitARM/bin/../lib/gcc/arm-eabi/4.6.1/../../../../arm-eabi/lib/thumb/libg.a(lib_a-strrchr.o)
 .data          0x02028ed0        0x0 /Users/lwy08/Downloads/devkitpro/devkitARM/bin/../lib/gcc/arm-eabi/4.6.1/../../../../arm-eabi/lib/thumb/libg.a(lib_a-strtol.o)
 .data          0x02028ed0        0x0 /Users/lwy08/Downloads/devkitpro/devkitARM/bin/../lib/gcc/arm-eabi/4.6.1/../../../../arm-eabi/lib/thumb/libg.a(lib_a-svfiscanf.o)
 .data          0x02028ed0        0x0 /Users/lwy08/Downloads/devkitpro/devkitARM/bin/../lib/gcc/arm-eabi/4.6.1/../../../../arm-eabi/lib/thumb/libg.a(lib_a-svfprintf.o)
 .data          0x02028ed0        0x0 /Users/lwy08/Downloads/devkitpro/devkitARM/bin/../lib/gcc/arm-eabi/4.6.1/../../../../arm-eabi/lib/thumb/libg.a(lib_a-sysclose.o)
 .data          0x02028ed0        0x0 /Users/lwy08/Downloads/devkitpro/devkitARM/bin/../lib/gcc/arm-eabi/4.6.1/../../../../arm-eabi/lib/thumb/libg.a(lib_a-syslseek.o)
 .data          0x02028ed0        0x0 /Users/lwy08/Downloads/devkitpro/devkitARM/bin/../lib/gcc/arm-eabi/4.6.1/../../../../arm-eabi/lib/thumb/libg.a(lib_a-sysopen.o)
 .data          0x02028ed0        0x0 /Users/lwy08/Downloads/devkitpro/devkitARM/bin/../lib/gcc/arm-eabi/4.6.1/../../../../arm-eabi/lib/thumb/libg.a(lib_a-sysread.o)
 .data          0x02028ed0        0x0 /Users/lwy08/Downloads/devkitpro/devkitARM/bin/../lib/gcc/arm-eabi/4.6.1/../../../../arm-eabi/lib/thumb/libg.a(lib_a-time.o)
 .data          0x02028ed0        0x0 /Users/lwy08/Downloads/devkitpro/devkitARM/bin/../lib/gcc/arm-eabi/4.6.1/../../../../arm-eabi/lib/thumb/libg.a(lib_a-towlower.o)
 .data          0x02028ed0        0x0 /Users/lwy08/Downloads/devkitpro/devkitARM/bin/../lib/gcc/arm-eabi/4.6.1/../../../../arm-eabi/lib/thumb/libg.a(lib_a-towupper.o)
 .data          0x02028ed0        0x0 /Users/lwy08/Downloads/devkitpro/devkitARM/bin/../lib/gcc/arm-eabi/4.6.1/../../../../arm-eabi/lib/thumb/libg.a(lib_a-tzlock.o)
 .data          0x02028ed0        0x8 /Users/lwy08/Downloads/devkitpro/devkitARM/bin/../lib/gcc/arm-eabi/4.6.1/../../../../arm-eabi/lib/thumb/libg.a(lib_a-tzvars.o)
                0x02028ed0                _tzname
 .data          0x02028ed8        0x0 /Users/lwy08/Downloads/devkitpro/devkitARM/bin/../lib/gcc/arm-eabi/4.6.1/../../../../arm-eabi/lib/thumb/libg.a(lib_a-ungetc.o)
 .data          0x02028ed8        0x0 /Users/lwy08/Downloads/devkitpro/devkitARM/bin/../lib/gcc/arm-eabi/4.6.1/../../../../arm-eabi/lib/thumb/libg.a(lib_a-vfiprintf.o)
 .data          0x02028ed8        0x0 /Users/lwy08/Downloads/devkitpro/devkitARM/bin/../lib/gcc/arm-eabi/4.6.1/../../../../arm-eabi/lib/thumb/libg.a(lib_a-vfprintf.o)
 .data          0x02028ed8        0x0 /Users/lwy08/Downloads/devkitpro/devkitARM/bin/../lib/gcc/arm-eabi/4.6.1/../../../../arm-eabi/lib/thumb/libg.a(lib_a-wcrtomb.o)
 .data          0x02028ed8        0x0 /Users/lwy08/Downloads/devkitpro/devkitARM/bin/../lib/gcc/arm-eabi/4.6.1/../../../../arm-eabi/lib/thumb/libg.a(lib_a-wcsrtombs.o)
 .data          0x02028ed8        0x0 /Users/lwy08/Downloads/devkitpro/devkitARM/bin/../lib/gcc/arm-eabi/4.6.1/../../../../arm-eabi/lib/thumb/libg.a(lib_a-wctob.o)
 .data          0x02028ed8        0x4 /Users/lwy08/Downloads/devkitpro/devkitARM/bin/../lib/gcc/arm-eabi/4.6.1/../../../../arm-eabi/lib/thumb/libg.a(lib_a-wctomb_r.o)
                0x02028ed8                __wctomb
 .data          0x02028edc        0x0 /Users/lwy08/Downloads/devkitpro/devkitARM/bin/../lib/gcc/arm-eabi/4.6.1/../../../../arm-eabi/lib/thumb/libg.a(lib_a-wsetup.o)
 .data          0x02028edc        0x0 /Users/lwy08/Downloads/devkitpro/devkitARM/bin/../lib/gcc/arm-eabi/4.6.1/../../../../arm-eabi/lib/thumb/libg.a(lib_a-div.o)
 .data          0x02028edc        0x0 /Users/lwy08/Downloads/devkitpro/devkitARM/bin/../lib/gcc/arm-eabi/4.6.1/../../../../arm-eabi/lib/thumb/libg.a(lib_a-dtoa.o)
 .data          0x02028edc        0x0 /Users/lwy08/Downloads/devkitpro/devkitARM/bin/../lib/gcc/arm-eabi/4.6.1/../../../../arm-eabi/lib/thumb/libg.a(lib_a-flags.o)
 .data          0x02028edc        0x0 /Users/lwy08/Downloads/devkitpro/devkitARM/bin/../lib/gcc/arm-eabi/4.6.1/../../../../arm-eabi/lib/thumb/libg.a(lib_a-fputwc.o)
 .data          0x02028edc        0x0 /Users/lwy08/Downloads/devkitpro/devkitARM/bin/../lib/gcc/arm-eabi/4.6.1/../../../../arm-eabi/lib/thumb/libg.a(lib_a-fvwrite.o)
 .data          0x02028edc        0x0 /Users/lwy08/Downloads/devkitpro/devkitARM/bin/../lib/gcc/arm-eabi/4.6.1/../../../../arm-eabi/lib/thumb/libg.a(lib_a-getenv_r.o)
 .data          0x02028edc       0x40 /Users/lwy08/Downloads/devkitpro/devkitARM/bin/../lib/gcc/arm-eabi/4.6.1/../../../../arm-eabi/lib/thumb/libg.a(lib_a-gettzinfo.o)
 .data          0x02028f1c        0x0 /Users/lwy08/Downloads/devkitpro/devkitARM/bin/../lib/gcc/arm-eabi/4.6.1/../../../../arm-eabi/lib/thumb/libg.a(lib_a-iswspace.o)
 .data          0x02028f1c        0x0 /Users/lwy08/Downloads/devkitpro/devkitARM/bin/../lib/gcc/arm-eabi/4.6.1/../../../../arm-eabi/lib/thumb/libg.a(lib_a-jp2uc.o)
 .data          0x02028f1c        0x0 /Users/lwy08/Downloads/devkitpro/devkitARM/bin/../lib/gcc/arm-eabi/4.6.1/../../../../arm-eabi/lib/thumb/libg.a(lib_a-mbsnrtowcs.o)
 .data          0x02028f1c        0x0 /Users/lwy08/Downloads/devkitpro/devkitARM/bin/../lib/gcc/arm-eabi/4.6.1/../../../../arm-eabi/lib/thumb/libg.a(lib_a-memchr.o)
 .data          0x02028f1c        0x0 /Users/lwy08/Downloads/devkitpro/devkitARM/bin/../lib/gcc/arm-eabi/4.6.1/../../../../arm-eabi/lib/thumb/libg.a(lib_a-mprec.o)
 .data          0x02028f1c        0x0 /Users/lwy08/Downloads/devkitpro/devkitARM/bin/../lib/gcc/arm-eabi/4.6.1/../../../../arm-eabi/lib/thumb/libg.a(lib_a-reallocr.o)
 .data          0x02028f1c        0x0 /Users/lwy08/Downloads/devkitpro/devkitARM/bin/../lib/gcc/arm-eabi/4.6.1/../../../../arm-eabi/lib/thumb/libg.a(lib_a-s_fpclassify.o)
 .data          0x02028f1c        0x0 /Users/lwy08/Downloads/devkitpro/devkitARM/bin/../lib/gcc/arm-eabi/4.6.1/../../../../arm-eabi/lib/thumb/libg.a(lib_a-sccl.o)
 .data          0x02028f1c        0x0 /Users/lwy08/Downloads/devkitpro/devkitARM/bin/../lib/gcc/arm-eabi/4.6.1/../../../../arm-eabi/lib/thumb/libg.a(lib_a-strtoll_r.o)
 .data          0x02028f1c        0x0 /Users/lwy08/Downloads/devkitpro/devkitARM/bin/../lib/gcc/arm-eabi/4.6.1/../../../../arm-eabi/lib/thumb/libg.a(lib_a-strtoul.o)
 .data          0x02028f1c        0x0 /Users/lwy08/Downloads/devkitpro/devkitARM/bin/../lib/gcc/arm-eabi/4.6.1/../../../../arm-eabi/lib/thumb/libg.a(lib_a-strtoull_r.o)
 .data          0x02028f1c        0x0 /Users/lwy08/Downloads/devkitpro/devkitARM/bin/../lib/gcc/arm-eabi/4.6.1/../../../../arm-eabi/lib/thumb/libg.a(lib_a-svfiprintf.o)
 .data          0x02028f1c        0x0 /Users/lwy08/Downloads/devkitpro/devkitARM/bin/../lib/gcc/arm-eabi/4.6.1/../../../../arm-eabi/lib/thumb/libg.a(lib_a-wbuf.o)
 .data          0x02028f1c        0x0 /Users/lwy08/Downloads/devkitpro/devkitARM/bin/../lib/gcc/arm-eabi/4.6.1/../../../../arm-eabi/lib/thumb/libg.a(lib_a-wcsnrtombs.o)
 .data          0x02028f1c        0x0 /Users/lwy08/Downloads/devkitpro/devkitARM/bin/../lib/gcc/arm-eabi/4.6.1/../../../../arm-eabi/lib/thumb/libg.a(lib_a-callocr.o)
 .data          0x02028f1c        0x4 /Users/lwy08/Downloads/devkitpro/devkitARM/bin/../lib/gcc/arm-eabi/4.6.1/../../../../arm-eabi/lib/thumb/libg.a(lib_a-environ.o)
                0x02028f1c                environ
 .data          0x02028f20        0x0 /Users/lwy08/Downloads/devkitpro/devkitARM/bin/../lib/gcc/arm-eabi/4.6.1/../../../../arm-eabi/lib/thumb/libg.a(lib_a-envlock.o)
 .data          0x02028f20       0x44 /Users/lwy08/Downloads/devkitpro/devkitARM/bin/../lib/gcc/arm-eabi/4.6.1/../../../../arm-eabi/lib/thumb/libsysbase.a(iosupport.o)
                0x02028f24                devoptab_list
 .data          0x02028f64        0x0 /Users/lwy08/Downloads/devkitpro/devkitARM/bin/../lib/gcc/arm-eabi/4.6.1/../../../../arm-eabi/lib/thumb/libsysbase.a(close.o)
 .data          0x02028f64        0x0 /Users/lwy08/Downloads/devkitpro/devkitARM/bin/../lib/gcc/arm-eabi/4.6.1/../../../../arm-eabi/lib/thumb/libsysbase.a(fstat.o)
 .data          0x02028f64        0x0 /Users/lwy08/Downloads/devkitpro/devkitARM/bin/../lib/gcc/arm-eabi/4.6.1/../../../../arm-eabi/lib/thumb/libsysbase.a(isatty.o)
 .data          0x02028f64        0x0 /Users/lwy08/Downloads/devkitpro/devkitARM/bin/../lib/gcc/arm-eabi/4.6.1/../../../../arm-eabi/lib/thumb/libsysbase.a(lseek.o)
 .data          0x02028f64        0x0 /Users/lwy08/Downloads/devkitpro/devkitARM/bin/../lib/gcc/arm-eabi/4.6.1/../../../../arm-eabi/lib/thumb/libsysbase.a(open.o)
 .data          0x02028f64        0x0 /Users/lwy08/Downloads/devkitpro/devkitARM/bin/../lib/gcc/arm-eabi/4.6.1/../../../../arm-eabi/lib/thumb/libsysbase.a(read.o)
 .data          0x02028f64        0x0 /Users/lwy08/Downloads/devkitpro/devkitARM/bin/../lib/gcc/arm-eabi/4.6.1/../../../../arm-eabi/lib/thumb/libsysbase.a(sbrk.o)
 .data          0x02028f64        0x0 /Users/lwy08/Downloads/devkitpro/devkitARM/bin/../lib/gcc/arm-eabi/4.6.1/../../../../arm-eabi/lib/thumb/libsysbase.a(times.o)
 .data          0x02028f64        0x0 /Users/lwy08/Downloads/devkitpro/devkitARM/bin/../lib/gcc/arm-eabi/4.6.1/../../../../arm-eabi/lib/thumb/libsysbase.a(write.o)
 .data          0x02028f64        0x0 /Users/lwy08/Downloads/devkitpro/devkitARM/bin/../lib/gcc/arm-eabi/4.6.1/../../../../arm-eabi/lib/thumb/libsysbase.a(malloc_vars.o)
 .data          0x02028f64      0x400 /Users/lwy08/Downloads/devkitpro/devkitARM/bin/../lib/gcc/arm-eabi/4.6.1/../../../../arm-eabi/lib/thumb/libsysbase.a(chdir.o)
 .data          0x02029364        0x0 /Users/lwy08/Downloads/devkitpro/devkitARM/bin/../lib/gcc/arm-eabi/4.6.1/../../../../arm-eabi/lib/thumb/libsysbase.a(build_argv.o)
 .data          0x02029364        0x0 /Users/lwy08/Downloads/devkitpro/devkitARM/bin/../lib/gcc/arm-eabi/4.6.1/../../../../arm-eabi/lib/thumb/libsysbase.a(syscall_support.o)
 .data          0x02029364        0x0 /Users/lwy08/Downloads/devkitpro/devkitARM/bin/../lib/gcc/arm-eabi/4.6.1/../../../../arm-eabi/lib/thumb/libsysbase.a(handle_manager.o)
 .data          0x02029364        0x0 /Users/lwy08/Downloads/devkitpro/devkitARM/bin/../lib/gcc/arm-eabi/4.6.1/../../../../arm-eabi/lib/thumb/libsysbase.a(dirent.o)
 .data          0x02029364        0x0 /Users/lwy08/Downloads/devkitpro/devkitARM/bin/../lib/gcc/arm-eabi/4.6.1/thumb/libgcc.a(_arm_addsubdf3.o)
 .data          0x02029364        0x0 /Users/lwy08/Downloads/devkitpro/devkitARM/bin/../lib/gcc/arm-eabi/4.6.1/thumb/libgcc.a(_arm_muldivdf3.o)